Copyright 1986-2018 Xilinx, Inc. All Rights Reserved.
---------------------------------------------------------------------------------------------------
| Tool Version : Vivado v.2018.3 (lin64) Build 2405991 Thu Dec  6 23:36:41 MST 2018
| Date         : Wed Dec  9 11:24:25 2020
| Host         : mercury006.pp.rl.ac.uk running 64-bit CentOS Linux release 7.9.2009 (Core)
| Command      : report_drc -file top_drc_routed.rpt -pb top_drc_routed.pb -rpx top_drc_routed.rpx
| Design       : top
| Device       : xczu9eg-ffvb1156-2-e
| Speed File   : -2
| Design State : Fully Routed
---------------------------------------------------------------------------------------------------

Report DRC

Table of Contents
-----------------
1. REPORT SUMMARY
2. REPORT DETAILS

1. REPORT SUMMARY
-----------------
            Netlist: netlist
          Floorplan: design_1
      Design limits: <entire design considered>
           Ruledeck: default
             Max violations: <unlimited>
             Violations found: 150
+-----------+----------+-------------------------------------------------+------------+
| Rule      | Severity | Description                                     | Violations |
+-----------+----------+-------------------------------------------------+------------+
| DPIP-2    | Warning  | Input pipelining                                | 80         |
| PDRC-153  | Warning  | Gated clock check                               | 4          |
| RTSTAT-10 | Warning  | No routable loads                               | 1          |
| REQP-1669 | Advisory | enum_AREG_0_connects_CEA1_GND_connects_CEA2_GND | 48         |
| REQP-1671 | Advisory | enum_AREG_1_connects_CEA1_GND                   | 8          |
| REQP-1675 | Advisory | enum_BREG_1_connects_CEB1_GND                   | 8          |
| REQP-1857 | Advisory | RAMB18E2_writefirst_collision_advisory          | 1          |
+-----------+----------+-------------------------------------------------+------------+

2. REPORT DETAILS
-----------------
DPIP-2#1 Warning
Input pipelining  
DSP payload/sgen[0].hitFinder/singleChain_inst/g_fir.FIR_inst/gen_fir.fir_ssr/FIR32_v0_inst/s_add_l0_reg[10] input payload/sgen[0].hitFinder/singleChain_inst/g_fir.FIR_inst/gen_fir.fir_ssr/FIR32_v0_inst/s_add_l0_reg[10]/A[29:0] is not pipelined. Pipelining DSP48 input will improve performance.
Related violations: <none>

DPIP-2#2 Warning
Input pipelining  
DSP payload/sgen[0].hitFinder/singleChain_inst/g_fir.FIR_inst/gen_fir.fir_ssr/FIR32_v0_inst/s_add_l0_reg[5] input payload/sgen[0].hitFinder/singleChain_inst/g_fir.FIR_inst/gen_fir.fir_ssr/FIR32_v0_inst/s_add_l0_reg[5]/A[29:0] is not pipelined. Pipelining DSP48 input will improve performance.
Related violations: <none>

DPIP-2#3 Warning
Input pipelining  
DSP payload/sgen[0].hitFinder/singleChain_inst/g_fir.FIR_inst/gen_fir.fir_ssr/FIR32_v0_inst/s_add_l0_reg[6] input payload/sgen[0].hitFinder/singleChain_inst/g_fir.FIR_inst/gen_fir.fir_ssr/FIR32_v0_inst/s_add_l0_reg[6]/A[29:0] is not pipelined. Pipelining DSP48 input will improve performance.
Related violations: <none>

DPIP-2#4 Warning
Input pipelining  
DSP payload/sgen[0].hitFinder/singleChain_inst/g_fir.FIR_inst/gen_fir.fir_ssr/FIR32_v0_inst/s_add_l0_reg[7] input payload/sgen[0].hitFinder/singleChain_inst/g_fir.FIR_inst/gen_fir.fir_ssr/FIR32_v0_inst/s_add_l0_reg[7]/A[29:0] is not pipelined. Pipelining DSP48 input will improve performance.
Related violations: <none>

DPIP-2#5 Warning
Input pipelining  
DSP payload/sgen[0].hitFinder/singleChain_inst/g_fir.FIR_inst/gen_fir.fir_ssr/FIR32_v0_inst/s_add_l0_reg[8] input payload/sgen[0].hitFinder/singleChain_inst/g_fir.FIR_inst/gen_fir.fir_ssr/FIR32_v0_inst/s_add_l0_reg[8]/A[29:0] is not pipelined. Pipelining DSP48 input will improve performance.
Related violations: <none>

DPIP-2#6 Warning
Input pipelining  
DSP payload/sgen[0].hitFinder/singleChain_inst/g_fir.FIR_inst/gen_fir.fir_ssr/FIR32_v0_inst/s_add_l0_reg[9] input payload/sgen[0].hitFinder/singleChain_inst/g_fir.FIR_inst/gen_fir.fir_ssr/FIR32_v0_inst/s_add_l0_reg[9]/A[29:0] is not pipelined. Pipelining DSP48 input will improve performance.
Related violations: <none>

DPIP-2#7 Warning
Input pipelining  
DSP payload/sgen[0].hitFinder/singleChain_inst/g_fir.FIR_inst/gen_fir.fir_ssr/FIR32_v0_inst/s_add_l1_reg[2] input payload/sgen[0].hitFinder/singleChain_inst/g_fir.FIR_inst/gen_fir.fir_ssr/FIR32_v0_inst/s_add_l1_reg[2]/A[29:0] is not pipelined. Pipelining DSP48 input will improve performance.
Related violations: <none>

DPIP-2#8 Warning
Input pipelining  
DSP payload/sgen[0].hitFinder/singleChain_inst/g_fir.FIR_inst/gen_fir.fir_ssr/FIR32_v0_inst/s_add_l1_reg[2] input payload/sgen[0].hitFinder/singleChain_inst/g_fir.FIR_inst/gen_fir.fir_ssr/FIR32_v0_inst/s_add_l1_reg[2]/B[17:0] is not pipelined. Pipelining DSP48 input will improve performance.
Related violations: <none>

DPIP-2#9 Warning
Input pipelining  
DSP payload/sgen[0].hitFinder/singleChain_inst/g_fir.FIR_inst/gen_fir.fir_ssr/FIR32_v0_inst/s_add_l1_reg[3] input payload/sgen[0].hitFinder/singleChain_inst/g_fir.FIR_inst/gen_fir.fir_ssr/FIR32_v0_inst/s_add_l1_reg[3]/A[29:0] is not pipelined. Pipelining DSP48 input will improve performance.
Related violations: <none>

DPIP-2#10 Warning
Input pipelining  
DSP payload/sgen[0].hitFinder/singleChain_inst/g_fir.FIR_inst/gen_fir.fir_ssr/FIR32_v0_inst/s_add_l1_reg[3] input payload/sgen[0].hitFinder/singleChain_inst/g_fir.FIR_inst/gen_fir.fir_ssr/FIR32_v0_inst/s_add_l1_reg[3]/B[17:0] is not pipelined. Pipelining DSP48 input will improve performance.
Related violations: <none>

DPIP-2#11 Warning
Input pipelining  
DSP payload/sgen[0].hitFinder/singleChain_inst/g_fir.FIR_inst/gen_fir.fir_ssr/FIR32_v0_inst/s_add_l1_reg[4] input payload/sgen[0].hitFinder/singleChain_inst/g_fir.FIR_inst/gen_fir.fir_ssr/FIR32_v0_inst/s_add_l1_reg[4]/A[29:0] is not pipelined. Pipelining DSP48 input will improve performance.
Related violations: <none>

DPIP-2#12 Warning
Input pipelining  
DSP payload/sgen[0].hitFinder/singleChain_inst/g_fir.FIR_inst/gen_fir.fir_ssr/FIR32_v0_inst/s_add_l1_reg[4] input payload/sgen[0].hitFinder/singleChain_inst/g_fir.FIR_inst/gen_fir.fir_ssr/FIR32_v0_inst/s_add_l1_reg[4]/B[17:0] is not pipelined. Pipelining DSP48 input will improve performance.
Related violations: <none>

DPIP-2#13 Warning
Input pipelining  
DSP payload/sgen[0].hitFinder/singleChain_inst/g_fir.FIR_inst/gen_fir.fir_ssr/FIR32_v0_inst/s_add_l1_reg[5] input payload/sgen[0].hitFinder/singleChain_inst/g_fir.FIR_inst/gen_fir.fir_ssr/FIR32_v0_inst/s_add_l1_reg[5]/A[29:0] is not pipelined. Pipelining DSP48 input will improve performance.
Related violations: <none>

DPIP-2#14 Warning
Input pipelining  
DSP payload/sgen[0].hitFinder/singleChain_inst/g_fir.FIR_inst/gen_fir.fir_ssr/FIR32_v0_inst/s_add_l1_reg[5] input payload/sgen[0].hitFinder/singleChain_inst/g_fir.FIR_inst/gen_fir.fir_ssr/FIR32_v0_inst/s_add_l1_reg[5]/B[17:0] is not pipelined. Pipelining DSP48 input will improve performance.
Related violations: <none>

DPIP-2#15 Warning
Input pipelining  
DSP payload/sgen[0].hitFinder/singleChain_inst/g_fir.FIR_inst/gen_fir.fir_ssr/FIR32_v0_inst/s_mult_reg[10] input payload/sgen[0].hitFinder/singleChain_inst/g_fir.FIR_inst/gen_fir.fir_ssr/FIR32_v0_inst/s_mult_reg[10]/A[29:0] is not pipelined. Pipelining DSP48 input will improve performance.
Related violations: <none>

DPIP-2#16 Warning
Input pipelining  
DSP payload/sgen[0].hitFinder/singleChain_inst/g_fir.FIR_inst/gen_fir.fir_ssr/FIR32_v0_inst/s_mult_reg[12] input payload/sgen[0].hitFinder/singleChain_inst/g_fir.FIR_inst/gen_fir.fir_ssr/FIR32_v0_inst/s_mult_reg[12]/A[29:0] is not pipelined. Pipelining DSP48 input will improve performance.
Related violations: <none>

DPIP-2#17 Warning
Input pipelining  
DSP payload/sgen[0].hitFinder/singleChain_inst/g_fir.FIR_inst/gen_fir.fir_ssr/FIR32_v0_inst/s_mult_reg[14] input payload/sgen[0].hitFinder/singleChain_inst/g_fir.FIR_inst/gen_fir.fir_ssr/FIR32_v0_inst/s_mult_reg[14]/A[29:0] is not pipelined. Pipelining DSP48 input will improve performance.
Related violations: <none>

DPIP-2#18 Warning
Input pipelining  
DSP payload/sgen[0].hitFinder/singleChain_inst/g_fir.FIR_inst/gen_fir.fir_ssr/FIR32_v0_inst/s_mult_reg[16] input payload/sgen[0].hitFinder/singleChain_inst/g_fir.FIR_inst/gen_fir.fir_ssr/FIR32_v0_inst/s_mult_reg[16]/A[29:0] is not pipelined. Pipelining DSP48 input will improve performance.
Related violations: <none>

DPIP-2#19 Warning
Input pipelining  
DSP payload/sgen[0].hitFinder/singleChain_inst/g_fir.FIR_inst/gen_fir.fir_ssr/FIR32_v0_inst/s_mult_reg[18] input payload/sgen[0].hitFinder/singleChain_inst/g_fir.FIR_inst/gen_fir.fir_ssr/FIR32_v0_inst/s_mult_reg[18]/A[29:0] is not pipelined. Pipelining DSP48 input will improve performance.
Related violations: <none>

DPIP-2#20 Warning
Input pipelining  
DSP payload/sgen[0].hitFinder/singleChain_inst/g_fir.FIR_inst/gen_fir.fir_ssr/FIR32_v0_inst/s_mult_reg[20] input payload/sgen[0].hitFinder/singleChain_inst/g_fir.FIR_inst/gen_fir.fir_ssr/FIR32_v0_inst/s_mult_reg[20]/A[29:0] is not pipelined. Pipelining DSP48 input will improve performance.
Related violations: <none>

DPIP-2#21 Warning
Input pipelining  
DSP payload/sgen[1].hitFinder/singleChain_inst/g_fir.FIR_inst/gen_fir.fir_ssr/FIR32_v0_inst/s_add_l0_reg[10] input payload/sgen[1].hitFinder/singleChain_inst/g_fir.FIR_inst/gen_fir.fir_ssr/FIR32_v0_inst/s_add_l0_reg[10]/A[29:0] is not pipelined. Pipelining DSP48 input will improve performance.
Related violations: <none>

DPIP-2#22 Warning
Input pipelining  
DSP payload/sgen[1].hitFinder/singleChain_inst/g_fir.FIR_inst/gen_fir.fir_ssr/FIR32_v0_inst/s_add_l0_reg[5] input payload/sgen[1].hitFinder/singleChain_inst/g_fir.FIR_inst/gen_fir.fir_ssr/FIR32_v0_inst/s_add_l0_reg[5]/A[29:0] is not pipelined. Pipelining DSP48 input will improve performance.
Related violations: <none>

DPIP-2#23 Warning
Input pipelining  
DSP payload/sgen[1].hitFinder/singleChain_inst/g_fir.FIR_inst/gen_fir.fir_ssr/FIR32_v0_inst/s_add_l0_reg[6] input payload/sgen[1].hitFinder/singleChain_inst/g_fir.FIR_inst/gen_fir.fir_ssr/FIR32_v0_inst/s_add_l0_reg[6]/A[29:0] is not pipelined. Pipelining DSP48 input will improve performance.
Related violations: <none>

DPIP-2#24 Warning
Input pipelining  
DSP payload/sgen[1].hitFinder/singleChain_inst/g_fir.FIR_inst/gen_fir.fir_ssr/FIR32_v0_inst/s_add_l0_reg[7] input payload/sgen[1].hitFinder/singleChain_inst/g_fir.FIR_inst/gen_fir.fir_ssr/FIR32_v0_inst/s_add_l0_reg[7]/A[29:0] is not pipelined. Pipelining DSP48 input will improve performance.
Related violations: <none>

DPIP-2#25 Warning
Input pipelining  
DSP payload/sgen[1].hitFinder/singleChain_inst/g_fir.FIR_inst/gen_fir.fir_ssr/FIR32_v0_inst/s_add_l0_reg[8] input payload/sgen[1].hitFinder/singleChain_inst/g_fir.FIR_inst/gen_fir.fir_ssr/FIR32_v0_inst/s_add_l0_reg[8]/A[29:0] is not pipelined. Pipelining DSP48 input will improve performance.
Related violations: <none>

DPIP-2#26 Warning
Input pipelining  
DSP payload/sgen[1].hitFinder/singleChain_inst/g_fir.FIR_inst/gen_fir.fir_ssr/FIR32_v0_inst/s_add_l0_reg[9] input payload/sgen[1].hitFinder/singleChain_inst/g_fir.FIR_inst/gen_fir.fir_ssr/FIR32_v0_inst/s_add_l0_reg[9]/A[29:0] is not pipelined. Pipelining DSP48 input will improve performance.
Related violations: <none>

DPIP-2#27 Warning
Input pipelining  
DSP payload/sgen[1].hitFinder/singleChain_inst/g_fir.FIR_inst/gen_fir.fir_ssr/FIR32_v0_inst/s_add_l1_reg[2] input payload/sgen[1].hitFinder/singleChain_inst/g_fir.FIR_inst/gen_fir.fir_ssr/FIR32_v0_inst/s_add_l1_reg[2]/A[29:0] is not pipelined. Pipelining DSP48 input will improve performance.
Related violations: <none>

DPIP-2#28 Warning
Input pipelining  
DSP payload/sgen[1].hitFinder/singleChain_inst/g_fir.FIR_inst/gen_fir.fir_ssr/FIR32_v0_inst/s_add_l1_reg[2] input payload/sgen[1].hitFinder/singleChain_inst/g_fir.FIR_inst/gen_fir.fir_ssr/FIR32_v0_inst/s_add_l1_reg[2]/B[17:0] is not pipelined. Pipelining DSP48 input will improve performance.
Related violations: <none>

DPIP-2#29 Warning
Input pipelining  
DSP payload/sgen[1].hitFinder/singleChain_inst/g_fir.FIR_inst/gen_fir.fir_ssr/FIR32_v0_inst/s_add_l1_reg[3] input payload/sgen[1].hitFinder/singleChain_inst/g_fir.FIR_inst/gen_fir.fir_ssr/FIR32_v0_inst/s_add_l1_reg[3]/A[29:0] is not pipelined. Pipelining DSP48 input will improve performance.
Related violations: <none>

DPIP-2#30 Warning
Input pipelining  
DSP payload/sgen[1].hitFinder/singleChain_inst/g_fir.FIR_inst/gen_fir.fir_ssr/FIR32_v0_inst/s_add_l1_reg[3] input payload/sgen[1].hitFinder/singleChain_inst/g_fir.FIR_inst/gen_fir.fir_ssr/FIR32_v0_inst/s_add_l1_reg[3]/B[17:0] is not pipelined. Pipelining DSP48 input will improve performance.
Related violations: <none>

DPIP-2#31 Warning
Input pipelining  
DSP payload/sgen[1].hitFinder/singleChain_inst/g_fir.FIR_inst/gen_fir.fir_ssr/FIR32_v0_inst/s_add_l1_reg[4] input payload/sgen[1].hitFinder/singleChain_inst/g_fir.FIR_inst/gen_fir.fir_ssr/FIR32_v0_inst/s_add_l1_reg[4]/A[29:0] is not pipelined. Pipelining DSP48 input will improve performance.
Related violations: <none>

DPIP-2#32 Warning
Input pipelining  
DSP payload/sgen[1].hitFinder/singleChain_inst/g_fir.FIR_inst/gen_fir.fir_ssr/FIR32_v0_inst/s_add_l1_reg[4] input payload/sgen[1].hitFinder/singleChain_inst/g_fir.FIR_inst/gen_fir.fir_ssr/FIR32_v0_inst/s_add_l1_reg[4]/B[17:0] is not pipelined. Pipelining DSP48 input will improve performance.
Related violations: <none>

DPIP-2#33 Warning
Input pipelining  
DSP payload/sgen[1].hitFinder/singleChain_inst/g_fir.FIR_inst/gen_fir.fir_ssr/FIR32_v0_inst/s_add_l1_reg[5] input payload/sgen[1].hitFinder/singleChain_inst/g_fir.FIR_inst/gen_fir.fir_ssr/FIR32_v0_inst/s_add_l1_reg[5]/A[29:0] is not pipelined. Pipelining DSP48 input will improve performance.
Related violations: <none>

DPIP-2#34 Warning
Input pipelining  
DSP payload/sgen[1].hitFinder/singleChain_inst/g_fir.FIR_inst/gen_fir.fir_ssr/FIR32_v0_inst/s_add_l1_reg[5] input payload/sgen[1].hitFinder/singleChain_inst/g_fir.FIR_inst/gen_fir.fir_ssr/FIR32_v0_inst/s_add_l1_reg[5]/B[17:0] is not pipelined. Pipelining DSP48 input will improve performance.
Related violations: <none>

DPIP-2#35 Warning
Input pipelining  
DSP payload/sgen[1].hitFinder/singleChain_inst/g_fir.FIR_inst/gen_fir.fir_ssr/FIR32_v0_inst/s_mult_reg[10] input payload/sgen[1].hitFinder/singleChain_inst/g_fir.FIR_inst/gen_fir.fir_ssr/FIR32_v0_inst/s_mult_reg[10]/A[29:0] is not pipelined. Pipelining DSP48 input will improve performance.
Related violations: <none>

DPIP-2#36 Warning
Input pipelining  
DSP payload/sgen[1].hitFinder/singleChain_inst/g_fir.FIR_inst/gen_fir.fir_ssr/FIR32_v0_inst/s_mult_reg[12] input payload/sgen[1].hitFinder/singleChain_inst/g_fir.FIR_inst/gen_fir.fir_ssr/FIR32_v0_inst/s_mult_reg[12]/A[29:0] is not pipelined. Pipelining DSP48 input will improve performance.
Related violations: <none>

DPIP-2#37 Warning
Input pipelining  
DSP payload/sgen[1].hitFinder/singleChain_inst/g_fir.FIR_inst/gen_fir.fir_ssr/FIR32_v0_inst/s_mult_reg[14] input payload/sgen[1].hitFinder/singleChain_inst/g_fir.FIR_inst/gen_fir.fir_ssr/FIR32_v0_inst/s_mult_reg[14]/A[29:0] is not pipelined. Pipelining DSP48 input will improve performance.
Related violations: <none>

DPIP-2#38 Warning
Input pipelining  
DSP payload/sgen[1].hitFinder/singleChain_inst/g_fir.FIR_inst/gen_fir.fir_ssr/FIR32_v0_inst/s_mult_reg[16] input payload/sgen[1].hitFinder/singleChain_inst/g_fir.FIR_inst/gen_fir.fir_ssr/FIR32_v0_inst/s_mult_reg[16]/A[29:0] is not pipelined. Pipelining DSP48 input will improve performance.
Related violations: <none>

DPIP-2#39 Warning
Input pipelining  
DSP payload/sgen[1].hitFinder/singleChain_inst/g_fir.FIR_inst/gen_fir.fir_ssr/FIR32_v0_inst/s_mult_reg[18] input payload/sgen[1].hitFinder/singleChain_inst/g_fir.FIR_inst/gen_fir.fir_ssr/FIR32_v0_inst/s_mult_reg[18]/A[29:0] is not pipelined. Pipelining DSP48 input will improve performance.
Related violations: <none>

DPIP-2#40 Warning
Input pipelining  
DSP payload/sgen[1].hitFinder/singleChain_inst/g_fir.FIR_inst/gen_fir.fir_ssr/FIR32_v0_inst/s_mult_reg[20] input payload/sgen[1].hitFinder/singleChain_inst/g_fir.FIR_inst/gen_fir.fir_ssr/FIR32_v0_inst/s_mult_reg[20]/A[29:0] is not pipelined. Pipelining DSP48 input will improve performance.
Related violations: <none>

DPIP-2#41 Warning
Input pipelining  
DSP payload/sgen[2].hitFinder/singleChain_inst/g_fir.FIR_inst/gen_fir.fir_ssr/FIR32_v0_inst/s_add_l0_reg[10] input payload/sgen[2].hitFinder/singleChain_inst/g_fir.FIR_inst/gen_fir.fir_ssr/FIR32_v0_inst/s_add_l0_reg[10]/A[29:0] is not pipelined. Pipelining DSP48 input will improve performance.
Related violations: <none>

DPIP-2#42 Warning
Input pipelining  
DSP payload/sgen[2].hitFinder/singleChain_inst/g_fir.FIR_inst/gen_fir.fir_ssr/FIR32_v0_inst/s_add_l0_reg[5] input payload/sgen[2].hitFinder/singleChain_inst/g_fir.FIR_inst/gen_fir.fir_ssr/FIR32_v0_inst/s_add_l0_reg[5]/A[29:0] is not pipelined. Pipelining DSP48 input will improve performance.
Related violations: <none>

DPIP-2#43 Warning
Input pipelining  
DSP payload/sgen[2].hitFinder/singleChain_inst/g_fir.FIR_inst/gen_fir.fir_ssr/FIR32_v0_inst/s_add_l0_reg[6] input payload/sgen[2].hitFinder/singleChain_inst/g_fir.FIR_inst/gen_fir.fir_ssr/FIR32_v0_inst/s_add_l0_reg[6]/A[29:0] is not pipelined. Pipelining DSP48 input will improve performance.
Related violations: <none>

DPIP-2#44 Warning
Input pipelining  
DSP payload/sgen[2].hitFinder/singleChain_inst/g_fir.FIR_inst/gen_fir.fir_ssr/FIR32_v0_inst/s_add_l0_reg[7] input payload/sgen[2].hitFinder/singleChain_inst/g_fir.FIR_inst/gen_fir.fir_ssr/FIR32_v0_inst/s_add_l0_reg[7]/A[29:0] is not pipelined. Pipelining DSP48 input will improve performance.
Related violations: <none>

DPIP-2#45 Warning
Input pipelining  
DSP payload/sgen[2].hitFinder/singleChain_inst/g_fir.FIR_inst/gen_fir.fir_ssr/FIR32_v0_inst/s_add_l0_reg[8] input payload/sgen[2].hitFinder/singleChain_inst/g_fir.FIR_inst/gen_fir.fir_ssr/FIR32_v0_inst/s_add_l0_reg[8]/A[29:0] is not pipelined. Pipelining DSP48 input will improve performance.
Related violations: <none>

DPIP-2#46 Warning
Input pipelining  
DSP payload/sgen[2].hitFinder/singleChain_inst/g_fir.FIR_inst/gen_fir.fir_ssr/FIR32_v0_inst/s_add_l0_reg[9] input payload/sgen[2].hitFinder/singleChain_inst/g_fir.FIR_inst/gen_fir.fir_ssr/FIR32_v0_inst/s_add_l0_reg[9]/A[29:0] is not pipelined. Pipelining DSP48 input will improve performance.
Related violations: <none>

DPIP-2#47 Warning
Input pipelining  
DSP payload/sgen[2].hitFinder/singleChain_inst/g_fir.FIR_inst/gen_fir.fir_ssr/FIR32_v0_inst/s_add_l1_reg[2] input payload/sgen[2].hitFinder/singleChain_inst/g_fir.FIR_inst/gen_fir.fir_ssr/FIR32_v0_inst/s_add_l1_reg[2]/A[29:0] is not pipelined. Pipelining DSP48 input will improve performance.
Related violations: <none>

DPIP-2#48 Warning
Input pipelining  
DSP payload/sgen[2].hitFinder/singleChain_inst/g_fir.FIR_inst/gen_fir.fir_ssr/FIR32_v0_inst/s_add_l1_reg[2] input payload/sgen[2].hitFinder/singleChain_inst/g_fir.FIR_inst/gen_fir.fir_ssr/FIR32_v0_inst/s_add_l1_reg[2]/B[17:0] is not pipelined. Pipelining DSP48 input will improve performance.
Related violations: <none>

DPIP-2#49 Warning
Input pipelining  
DSP payload/sgen[2].hitFinder/singleChain_inst/g_fir.FIR_inst/gen_fir.fir_ssr/FIR32_v0_inst/s_add_l1_reg[3] input payload/sgen[2].hitFinder/singleChain_inst/g_fir.FIR_inst/gen_fir.fir_ssr/FIR32_v0_inst/s_add_l1_reg[3]/A[29:0] is not pipelined. Pipelining DSP48 input will improve performance.
Related violations: <none>

DPIP-2#50 Warning
Input pipelining  
DSP payload/sgen[2].hitFinder/singleChain_inst/g_fir.FIR_inst/gen_fir.fir_ssr/FIR32_v0_inst/s_add_l1_reg[3] input payload/sgen[2].hitFinder/singleChain_inst/g_fir.FIR_inst/gen_fir.fir_ssr/FIR32_v0_inst/s_add_l1_reg[3]/B[17:0] is not pipelined. Pipelining DSP48 input will improve performance.
Related violations: <none>

DPIP-2#51 Warning
Input pipelining  
DSP payload/sgen[2].hitFinder/singleChain_inst/g_fir.FIR_inst/gen_fir.fir_ssr/FIR32_v0_inst/s_add_l1_reg[4] input payload/sgen[2].hitFinder/singleChain_inst/g_fir.FIR_inst/gen_fir.fir_ssr/FIR32_v0_inst/s_add_l1_reg[4]/A[29:0] is not pipelined. Pipelining DSP48 input will improve performance.
Related violations: <none>

DPIP-2#52 Warning
Input pipelining  
DSP payload/sgen[2].hitFinder/singleChain_inst/g_fir.FIR_inst/gen_fir.fir_ssr/FIR32_v0_inst/s_add_l1_reg[4] input payload/sgen[2].hitFinder/singleChain_inst/g_fir.FIR_inst/gen_fir.fir_ssr/FIR32_v0_inst/s_add_l1_reg[4]/B[17:0] is not pipelined. Pipelining DSP48 input will improve performance.
Related violations: <none>

DPIP-2#53 Warning
Input pipelining  
DSP payload/sgen[2].hitFinder/singleChain_inst/g_fir.FIR_inst/gen_fir.fir_ssr/FIR32_v0_inst/s_add_l1_reg[5] input payload/sgen[2].hitFinder/singleChain_inst/g_fir.FIR_inst/gen_fir.fir_ssr/FIR32_v0_inst/s_add_l1_reg[5]/A[29:0] is not pipelined. Pipelining DSP48 input will improve performance.
Related violations: <none>

DPIP-2#54 Warning
Input pipelining  
DSP payload/sgen[2].hitFinder/singleChain_inst/g_fir.FIR_inst/gen_fir.fir_ssr/FIR32_v0_inst/s_add_l1_reg[5] input payload/sgen[2].hitFinder/singleChain_inst/g_fir.FIR_inst/gen_fir.fir_ssr/FIR32_v0_inst/s_add_l1_reg[5]/B[17:0] is not pipelined. Pipelining DSP48 input will improve performance.
Related violations: <none>

DPIP-2#55 Warning
Input pipelining  
DSP payload/sgen[2].hitFinder/singleChain_inst/g_fir.FIR_inst/gen_fir.fir_ssr/FIR32_v0_inst/s_mult_reg[10] input payload/sgen[2].hitFinder/singleChain_inst/g_fir.FIR_inst/gen_fir.fir_ssr/FIR32_v0_inst/s_mult_reg[10]/A[29:0] is not pipelined. Pipelining DSP48 input will improve performance.
Related violations: <none>

DPIP-2#56 Warning
Input pipelining  
DSP payload/sgen[2].hitFinder/singleChain_inst/g_fir.FIR_inst/gen_fir.fir_ssr/FIR32_v0_inst/s_mult_reg[12] input payload/sgen[2].hitFinder/singleChain_inst/g_fir.FIR_inst/gen_fir.fir_ssr/FIR32_v0_inst/s_mult_reg[12]/A[29:0] is not pipelined. Pipelining DSP48 input will improve performance.
Related violations: <none>

DPIP-2#57 Warning
Input pipelining  
DSP payload/sgen[2].hitFinder/singleChain_inst/g_fir.FIR_inst/gen_fir.fir_ssr/FIR32_v0_inst/s_mult_reg[14] input payload/sgen[2].hitFinder/singleChain_inst/g_fir.FIR_inst/gen_fir.fir_ssr/FIR32_v0_inst/s_mult_reg[14]/A[29:0] is not pipelined. Pipelining DSP48 input will improve performance.
Related violations: <none>

DPIP-2#58 Warning
Input pipelining  
DSP payload/sgen[2].hitFinder/singleChain_inst/g_fir.FIR_inst/gen_fir.fir_ssr/FIR32_v0_inst/s_mult_reg[16] input payload/sgen[2].hitFinder/singleChain_inst/g_fir.FIR_inst/gen_fir.fir_ssr/FIR32_v0_inst/s_mult_reg[16]/A[29:0] is not pipelined. Pipelining DSP48 input will improve performance.
Related violations: <none>

DPIP-2#59 Warning
Input pipelining  
DSP payload/sgen[2].hitFinder/singleChain_inst/g_fir.FIR_inst/gen_fir.fir_ssr/FIR32_v0_inst/s_mult_reg[18] input payload/sgen[2].hitFinder/singleChain_inst/g_fir.FIR_inst/gen_fir.fir_ssr/FIR32_v0_inst/s_mult_reg[18]/A[29:0] is not pipelined. Pipelining DSP48 input will improve performance.
Related violations: <none>

DPIP-2#60 Warning
Input pipelining  
DSP payload/sgen[2].hitFinder/singleChain_inst/g_fir.FIR_inst/gen_fir.fir_ssr/FIR32_v0_inst/s_mult_reg[20] input payload/sgen[2].hitFinder/singleChain_inst/g_fir.FIR_inst/gen_fir.fir_ssr/FIR32_v0_inst/s_mult_reg[20]/A[29:0] is not pipelined. Pipelining DSP48 input will improve performance.
Related violations: <none>

DPIP-2#61 Warning
Input pipelining  
DSP payload/sgen[3].hitFinder/singleChain_inst/g_fir.FIR_inst/gen_fir.fir_ssr/FIR32_v0_inst/s_add_l0_reg[10] input payload/sgen[3].hitFinder/singleChain_inst/g_fir.FIR_inst/gen_fir.fir_ssr/FIR32_v0_inst/s_add_l0_reg[10]/A[29:0] is not pipelined. Pipelining DSP48 input will improve performance.
Related violations: <none>

DPIP-2#62 Warning
Input pipelining  
DSP payload/sgen[3].hitFinder/singleChain_inst/g_fir.FIR_inst/gen_fir.fir_ssr/FIR32_v0_inst/s_add_l0_reg[5] input payload/sgen[3].hitFinder/singleChain_inst/g_fir.FIR_inst/gen_fir.fir_ssr/FIR32_v0_inst/s_add_l0_reg[5]/A[29:0] is not pipelined. Pipelining DSP48 input will improve performance.
Related violations: <none>

DPIP-2#63 Warning
Input pipelining  
DSP payload/sgen[3].hitFinder/singleChain_inst/g_fir.FIR_inst/gen_fir.fir_ssr/FIR32_v0_inst/s_add_l0_reg[6] input payload/sgen[3].hitFinder/singleChain_inst/g_fir.FIR_inst/gen_fir.fir_ssr/FIR32_v0_inst/s_add_l0_reg[6]/A[29:0] is not pipelined. Pipelining DSP48 input will improve performance.
Related violations: <none>

DPIP-2#64 Warning
Input pipelining  
DSP payload/sgen[3].hitFinder/singleChain_inst/g_fir.FIR_inst/gen_fir.fir_ssr/FIR32_v0_inst/s_add_l0_reg[7] input payload/sgen[3].hitFinder/singleChain_inst/g_fir.FIR_inst/gen_fir.fir_ssr/FIR32_v0_inst/s_add_l0_reg[7]/A[29:0] is not pipelined. Pipelining DSP48 input will improve performance.
Related violations: <none>

DPIP-2#65 Warning
Input pipelining  
DSP payload/sgen[3].hitFinder/singleChain_inst/g_fir.FIR_inst/gen_fir.fir_ssr/FIR32_v0_inst/s_add_l0_reg[8] input payload/sgen[3].hitFinder/singleChain_inst/g_fir.FIR_inst/gen_fir.fir_ssr/FIR32_v0_inst/s_add_l0_reg[8]/A[29:0] is not pipelined. Pipelining DSP48 input will improve performance.
Related violations: <none>

DPIP-2#66 Warning
Input pipelining  
DSP payload/sgen[3].hitFinder/singleChain_inst/g_fir.FIR_inst/gen_fir.fir_ssr/FIR32_v0_inst/s_add_l0_reg[9] input payload/sgen[3].hitFinder/singleChain_inst/g_fir.FIR_inst/gen_fir.fir_ssr/FIR32_v0_inst/s_add_l0_reg[9]/A[29:0] is not pipelined. Pipelining DSP48 input will improve performance.
Related violations: <none>

DPIP-2#67 Warning
Input pipelining  
DSP payload/sgen[3].hitFinder/singleChain_inst/g_fir.FIR_inst/gen_fir.fir_ssr/FIR32_v0_inst/s_add_l1_reg[2] input payload/sgen[3].hitFinder/singleChain_inst/g_fir.FIR_inst/gen_fir.fir_ssr/FIR32_v0_inst/s_add_l1_reg[2]/A[29:0] is not pipelined. Pipelining DSP48 input will improve performance.
Related violations: <none>

DPIP-2#68 Warning
Input pipelining  
DSP payload/sgen[3].hitFinder/singleChain_inst/g_fir.FIR_inst/gen_fir.fir_ssr/FIR32_v0_inst/s_add_l1_reg[2] input payload/sgen[3].hitFinder/singleChain_inst/g_fir.FIR_inst/gen_fir.fir_ssr/FIR32_v0_inst/s_add_l1_reg[2]/B[17:0] is not pipelined. Pipelining DSP48 input will improve performance.
Related violations: <none>

DPIP-2#69 Warning
Input pipelining  
DSP payload/sgen[3].hitFinder/singleChain_inst/g_fir.FIR_inst/gen_fir.fir_ssr/FIR32_v0_inst/s_add_l1_reg[3] input payload/sgen[3].hitFinder/singleChain_inst/g_fir.FIR_inst/gen_fir.fir_ssr/FIR32_v0_inst/s_add_l1_reg[3]/A[29:0] is not pipelined. Pipelining DSP48 input will improve performance.
Related violations: <none>

DPIP-2#70 Warning
Input pipelining  
DSP payload/sgen[3].hitFinder/singleChain_inst/g_fir.FIR_inst/gen_fir.fir_ssr/FIR32_v0_inst/s_add_l1_reg[3] input payload/sgen[3].hitFinder/singleChain_inst/g_fir.FIR_inst/gen_fir.fir_ssr/FIR32_v0_inst/s_add_l1_reg[3]/B[17:0] is not pipelined. Pipelining DSP48 input will improve performance.
Related violations: <none>

DPIP-2#71 Warning
Input pipelining  
DSP payload/sgen[3].hitFinder/singleChain_inst/g_fir.FIR_inst/gen_fir.fir_ssr/FIR32_v0_inst/s_add_l1_reg[4] input payload/sgen[3].hitFinder/singleChain_inst/g_fir.FIR_inst/gen_fir.fir_ssr/FIR32_v0_inst/s_add_l1_reg[4]/A[29:0] is not pipelined. Pipelining DSP48 input will improve performance.
Related violations: <none>

DPIP-2#72 Warning
Input pipelining  
DSP payload/sgen[3].hitFinder/singleChain_inst/g_fir.FIR_inst/gen_fir.fir_ssr/FIR32_v0_inst/s_add_l1_reg[4] input payload/sgen[3].hitFinder/singleChain_inst/g_fir.FIR_inst/gen_fir.fir_ssr/FIR32_v0_inst/s_add_l1_reg[4]/B[17:0] is not pipelined. Pipelining DSP48 input will improve performance.
Related violations: <none>

DPIP-2#73 Warning
Input pipelining  
DSP payload/sgen[3].hitFinder/singleChain_inst/g_fir.FIR_inst/gen_fir.fir_ssr/FIR32_v0_inst/s_add_l1_reg[5] input payload/sgen[3].hitFinder/singleChain_inst/g_fir.FIR_inst/gen_fir.fir_ssr/FIR32_v0_inst/s_add_l1_reg[5]/A[29:0] is not pipelined. Pipelining DSP48 input will improve performance.
Related violations: <none>

DPIP-2#74 Warning
Input pipelining  
DSP payload/sgen[3].hitFinder/singleChain_inst/g_fir.FIR_inst/gen_fir.fir_ssr/FIR32_v0_inst/s_add_l1_reg[5] input payload/sgen[3].hitFinder/singleChain_inst/g_fir.FIR_inst/gen_fir.fir_ssr/FIR32_v0_inst/s_add_l1_reg[5]/B[17:0] is not pipelined. Pipelining DSP48 input will improve performance.
Related violations: <none>

DPIP-2#75 Warning
Input pipelining  
DSP payload/sgen[3].hitFinder/singleChain_inst/g_fir.FIR_inst/gen_fir.fir_ssr/FIR32_v0_inst/s_mult_reg[10] input payload/sgen[3].hitFinder/singleChain_inst/g_fir.FIR_inst/gen_fir.fir_ssr/FIR32_v0_inst/s_mult_reg[10]/A[29:0] is not pipelined. Pipelining DSP48 input will improve performance.
Related violations: <none>

DPIP-2#76 Warning
Input pipelining  
DSP payload/sgen[3].hitFinder/singleChain_inst/g_fir.FIR_inst/gen_fir.fir_ssr/FIR32_v0_inst/s_mult_reg[12] input payload/sgen[3].hitFinder/singleChain_inst/g_fir.FIR_inst/gen_fir.fir_ssr/FIR32_v0_inst/s_mult_reg[12]/A[29:0] is not pipelined. Pipelining DSP48 input will improve performance.
Related violations: <none>

DPIP-2#77 Warning
Input pipelining  
DSP payload/sgen[3].hitFinder/singleChain_inst/g_fir.FIR_inst/gen_fir.fir_ssr/FIR32_v0_inst/s_mult_reg[14] input payload/sgen[3].hitFinder/singleChain_inst/g_fir.FIR_inst/gen_fir.fir_ssr/FIR32_v0_inst/s_mult_reg[14]/A[29:0] is not pipelined. Pipelining DSP48 input will improve performance.
Related violations: <none>

DPIP-2#78 Warning
Input pipelining  
DSP payload/sgen[3].hitFinder/singleChain_inst/g_fir.FIR_inst/gen_fir.fir_ssr/FIR32_v0_inst/s_mult_reg[16] input payload/sgen[3].hitFinder/singleChain_inst/g_fir.FIR_inst/gen_fir.fir_ssr/FIR32_v0_inst/s_mult_reg[16]/A[29:0] is not pipelined. Pipelining DSP48 input will improve performance.
Related violations: <none>

DPIP-2#79 Warning
Input pipelining  
DSP payload/sgen[3].hitFinder/singleChain_inst/g_fir.FIR_inst/gen_fir.fir_ssr/FIR32_v0_inst/s_mult_reg[18] input payload/sgen[3].hitFinder/singleChain_inst/g_fir.FIR_inst/gen_fir.fir_ssr/FIR32_v0_inst/s_mult_reg[18]/A[29:0] is not pipelined. Pipelining DSP48 input will improve performance.
Related violations: <none>

DPIP-2#80 Warning
Input pipelining  
DSP payload/sgen[3].hitFinder/singleChain_inst/g_fir.FIR_inst/gen_fir.fir_ssr/FIR32_v0_inst/s_mult_reg[20] input payload/sgen[3].hitFinder/singleChain_inst/g_fir.FIR_inst/gen_fir.fir_ssr/FIR32_v0_inst/s_mult_reg[20]/A[29:0] is not pipelined. Pipelining DSP48 input will improve performance.
Related violations: <none>

PDRC-153#1 Warning
Gated clock check  
Net payload/sgen[0].sink/RST is a gated clock net sourced by a combinational pin payload/sgen[0].sink/fifo_i_2/O, cell payload/sgen[0].sink/fifo_i_2. This is not good design practice and will likely impact performance. For SLICE registers, for example, use the CE pin to control the loading of data.
Related violations: <none>

PDRC-153#2 Warning
Gated clock check  
Net payload/sgen[1].sink/RST is a gated clock net sourced by a combinational pin payload/sgen[1].sink/fifo_i_2/O, cell payload/sgen[1].sink/fifo_i_2. This is not good design practice and will likely impact performance. For SLICE registers, for example, use the CE pin to control the loading of data.
Related violations: <none>

PDRC-153#3 Warning
Gated clock check  
Net payload/sgen[2].sink/RST is a gated clock net sourced by a combinational pin payload/sgen[2].sink/fifo_i_2/O, cell payload/sgen[2].sink/fifo_i_2. This is not good design practice and will likely impact performance. For SLICE registers, for example, use the CE pin to control the loading of data.
Related violations: <none>

PDRC-153#4 Warning
Gated clock check  
Net payload/sgen[3].sink/RST is a gated clock net sourced by a combinational pin payload/sgen[3].sink/fifo_i_2/O, cell payload/sgen[3].sink/fifo_i_2. This is not good design practice and will likely impact performance. For SLICE registers, for example, use the CE pin to control the loading of data.
Related violations: <none>

RTSTAT-10#1 Warning
No routable loads  
65 net(s) have no routable loads. The problem bus(es) and/or net(s) are dbg_hub/inst/BSCANID.u_xsdbm_id/CORE_XSDB.UUT_MASTER/U_ICON_INTERFACE/U_CMD6_RD/U_RD_FIFO/SUBCORE_FIFO.xsdbm_v3_0_0_rdfifo_inst/inst_fifo_gen/gconvfifo.rf/grf.rf/gntv_or_sync_fifo.gl0.rd/gr1.gr1_int.rfwft/aempty_fwft_i, payload/cr_int/crif_fifo/fifo/U0/inst_fifo_gen/gaxis_fifo.gaxisf.axisf/grf.rf/gntv_or_sync_fifo.gl0.rd/gr1.gr1_int.rfwft/aempty_fwft_i, dbg_hub/inst/BSCANID.u_xsdbm_id/CORE_XSDB.UUT_MASTER/U_ICON_INTERFACE/U_CMD7_CTL/ctl_reg[2:0], dbg_hub/inst/BSCANID.u_xsdbm_id/CORE_XSDB.UUT_MASTER/U_ICON_INTERFACE/U_CMD1/ctl_reg_en_2[1], dbg_hub/inst/BSCANID.u_xsdbm_id/CORE_XSDB.UUT_MASTER/U_ICON_INTERFACE/U_CMD7_CTL/ctl_reg_en_2[1], dbg_hub/inst/BSCANID.u_xsdbm_id/SWITCH_N_EXT_BSCAN.bscan_switch/m_bscan_capture[0], dbg_hub/inst/BSCANID.u_xsdbm_id/SWITCH_N_EXT_BSCAN.bscan_switch/m_bscan_drck[0], dbg_hub/inst/BSCANID.u_xsdbm_id/SWITCH_N_EXT_BSCAN.bscan_switch/m_bscan_runtest[0], dbg_hub/inst/BSCANID.u_xsdbm_id/CORE_XSDB.UUT_MASTER/U_ICON_INTERFACE/U_CMD6_RD/U_RD_FIFO/SUBCORE_FIFO.xsdbm_v3_0_0_rdfifo_inst/inst_fifo_gen/gconvfifo.rf/grf.rf/gntv_or_sync_fifo.gl0.wr/gwhf.whf/overflow, dbg_hub/inst/BSCANID.u_xsdbm_id/CORE_XSDB.UUT_MASTER/U_ICON_INTERFACE/U_CMD6_WR/U_WR_FIFO/SUBCORE_FIFO.xsdbm_v3_0_0_wrfifo_inst/inst_fifo_gen/gconvfifo.rf/grf.rf/gntv_or_sync_fifo.gl0.wr/gwhf.whf/overflow, mgt/mgt/fmc0_8chan_9g6_vio_0_inst/inst/PROBE_OUT_ALL_INST/G_PROBE_OUT[3].PROBE_OUT0_INST/probe_out3[0], payload/cr_int/crif_fifo/fifo/U0/inst_fifo_gen/gaxis_fifo.gaxisf.axisf/grf.rf/gntv_or_sync_fifo.gl0.wr/gwss.wsts/ram_afull_i, dbg_hub/inst/BSCANID.u_xsdbm_id/CORE_XSDB.UUT_MASTER/U_ICON_INTERFACE/U_CMD6_RD/U_RD_FIFO/SUBCORE_FIFO.xsdbm_v3_0_0_rdfifo_inst/inst_fifo_gen/gconvfifo.rf/grf.rf/gntv_or_sync_fifo.gl0.rd/gras.rsts/ram_empty_i, payload/cr_int/crif_fifo/fifo/U0/inst_fifo_gen/gaxis_fifo.gaxisf.axisf/grf.rf/gntv_or_sync_fifo.gl0.rd/grss.rsts/ram_empty_i, dbg_hub/inst/BSCANID.u_xsdbm_id/CORE_XSDB.UUT_MASTER/U_ICON_INTERFACE/U_CMD6_WR/U_WR_FIFO/SUBCORE_FIFO.xsdbm_v3_0_0_wrfifo_inst/inst_fifo_gen/gconvfifo.rf/grf.rf/gntv_or_sync_fifo.gl0.wr/gwas.wsts/ram_full_i (the first 15 of 32 listed).
Related violations: <none>

REQP-1669#1 Advisory
enum_AREG_0_connects_CEA1_GND_connects_CEA2_GND  
payload/sgen[0].hitFinder/singleChain_inst/g_fir.FIR_inst/gen_fir.fir_ssr/FIR32_v0_inst/s_add_l0_reg[10]: When DSP48E2 attribute AREG is set to 0, the CEA1 and CEA2 pins should be tied to GND to save power.
Related violations: <none>

REQP-1669#2 Advisory
enum_AREG_0_connects_CEA1_GND_connects_CEA2_GND  
payload/sgen[0].hitFinder/singleChain_inst/g_fir.FIR_inst/gen_fir.fir_ssr/FIR32_v0_inst/s_add_l0_reg[5]: When DSP48E2 attribute AREG is set to 0, the CEA1 and CEA2 pins should be tied to GND to save power.
Related violations: <none>

REQP-1669#3 Advisory
enum_AREG_0_connects_CEA1_GND_connects_CEA2_GND  
payload/sgen[0].hitFinder/singleChain_inst/g_fir.FIR_inst/gen_fir.fir_ssr/FIR32_v0_inst/s_add_l0_reg[6]: When DSP48E2 attribute AREG is set to 0, the CEA1 and CEA2 pins should be tied to GND to save power.
Related violations: <none>

REQP-1669#4 Advisory
enum_AREG_0_connects_CEA1_GND_connects_CEA2_GND  
payload/sgen[0].hitFinder/singleChain_inst/g_fir.FIR_inst/gen_fir.fir_ssr/FIR32_v0_inst/s_add_l0_reg[7]: When DSP48E2 attribute AREG is set to 0, the CEA1 and CEA2 pins should be tied to GND to save power.
Related violations: <none>

REQP-1669#5 Advisory
enum_AREG_0_connects_CEA1_GND_connects_CEA2_GND  
payload/sgen[0].hitFinder/singleChain_inst/g_fir.FIR_inst/gen_fir.fir_ssr/FIR32_v0_inst/s_add_l0_reg[8]: When DSP48E2 attribute AREG is set to 0, the CEA1 and CEA2 pins should be tied to GND to save power.
Related violations: <none>

REQP-1669#6 Advisory
enum_AREG_0_connects_CEA1_GND_connects_CEA2_GND  
payload/sgen[0].hitFinder/singleChain_inst/g_fir.FIR_inst/gen_fir.fir_ssr/FIR32_v0_inst/s_add_l0_reg[9]: When DSP48E2 attribute AREG is set to 0, the CEA1 and CEA2 pins should be tied to GND to save power.
Related violations: <none>

REQP-1669#7 Advisory
enum_AREG_0_connects_CEA1_GND_connects_CEA2_GND  
payload/sgen[0].hitFinder/singleChain_inst/g_fir.FIR_inst/gen_fir.fir_ssr/FIR32_v0_inst/s_mult_reg[10]: When DSP48E2 attribute AREG is set to 0, the CEA1 and CEA2 pins should be tied to GND to save power.
Related violations: <none>

REQP-1669#8 Advisory
enum_AREG_0_connects_CEA1_GND_connects_CEA2_GND  
payload/sgen[0].hitFinder/singleChain_inst/g_fir.FIR_inst/gen_fir.fir_ssr/FIR32_v0_inst/s_mult_reg[12]: When DSP48E2 attribute AREG is set to 0, the CEA1 and CEA2 pins should be tied to GND to save power.
Related violations: <none>

REQP-1669#9 Advisory
enum_AREG_0_connects_CEA1_GND_connects_CEA2_GND  
payload/sgen[0].hitFinder/singleChain_inst/g_fir.FIR_inst/gen_fir.fir_ssr/FIR32_v0_inst/s_mult_reg[14]: When DSP48E2 attribute AREG is set to 0, the CEA1 and CEA2 pins should be tied to GND to save power.
Related violations: <none>

REQP-1669#10 Advisory
enum_AREG_0_connects_CEA1_GND_connects_CEA2_GND  
payload/sgen[0].hitFinder/singleChain_inst/g_fir.FIR_inst/gen_fir.fir_ssr/FIR32_v0_inst/s_mult_reg[16]: When DSP48E2 attribute AREG is set to 0, the CEA1 and CEA2 pins should be tied to GND to save power.
Related violations: <none>

REQP-1669#11 Advisory
enum_AREG_0_connects_CEA1_GND_connects_CEA2_GND  
payload/sgen[0].hitFinder/singleChain_inst/g_fir.FIR_inst/gen_fir.fir_ssr/FIR32_v0_inst/s_mult_reg[18]: When DSP48E2 attribute AREG is set to 0, the CEA1 and CEA2 pins should be tied to GND to save power.
Related violations: <none>

REQP-1669#12 Advisory
enum_AREG_0_connects_CEA1_GND_connects_CEA2_GND  
payload/sgen[0].hitFinder/singleChain_inst/g_fir.FIR_inst/gen_fir.fir_ssr/FIR32_v0_inst/s_mult_reg[20]: When DSP48E2 attribute AREG is set to 0, the CEA1 and CEA2 pins should be tied to GND to save power.
Related violations: <none>

REQP-1669#13 Advisory
enum_AREG_0_connects_CEA1_GND_connects_CEA2_GND  
payload/sgen[1].hitFinder/singleChain_inst/g_fir.FIR_inst/gen_fir.fir_ssr/FIR32_v0_inst/s_add_l0_reg[10]: When DSP48E2 attribute AREG is set to 0, the CEA1 and CEA2 pins should be tied to GND to save power.
Related violations: <none>

REQP-1669#14 Advisory
enum_AREG_0_connects_CEA1_GND_connects_CEA2_GND  
payload/sgen[1].hitFinder/singleChain_inst/g_fir.FIR_inst/gen_fir.fir_ssr/FIR32_v0_inst/s_add_l0_reg[5]: When DSP48E2 attribute AREG is set to 0, the CEA1 and CEA2 pins should be tied to GND to save power.
Related violations: <none>

REQP-1669#15 Advisory
enum_AREG_0_connects_CEA1_GND_connects_CEA2_GND  
payload/sgen[1].hitFinder/singleChain_inst/g_fir.FIR_inst/gen_fir.fir_ssr/FIR32_v0_inst/s_add_l0_reg[6]: When DSP48E2 attribute AREG is set to 0, the CEA1 and CEA2 pins should be tied to GND to save power.
Related violations: <none>

REQP-1669#16 Advisory
enum_AREG_0_connects_CEA1_GND_connects_CEA2_GND  
payload/sgen[1].hitFinder/singleChain_inst/g_fir.FIR_inst/gen_fir.fir_ssr/FIR32_v0_inst/s_add_l0_reg[7]: When DSP48E2 attribute AREG is set to 0, the CEA1 and CEA2 pins should be tied to GND to save power.
Related violations: <none>

REQP-1669#17 Advisory
enum_AREG_0_connects_CEA1_GND_connects_CEA2_GND  
payload/sgen[1].hitFinder/singleChain_inst/g_fir.FIR_inst/gen_fir.fir_ssr/FIR32_v0_inst/s_add_l0_reg[8]: When DSP48E2 attribute AREG is set to 0, the CEA1 and CEA2 pins should be tied to GND to save power.
Related violations: <none>

REQP-1669#18 Advisory
enum_AREG_0_connects_CEA1_GND_connects_CEA2_GND  
payload/sgen[1].hitFinder/singleChain_inst/g_fir.FIR_inst/gen_fir.fir_ssr/FIR32_v0_inst/s_add_l0_reg[9]: When DSP48E2 attribute AREG is set to 0, the CEA1 and CEA2 pins should be tied to GND to save power.
Related violations: <none>

REQP-1669#19 Advisory
enum_AREG_0_connects_CEA1_GND_connects_CEA2_GND  
payload/sgen[1].hitFinder/singleChain_inst/g_fir.FIR_inst/gen_fir.fir_ssr/FIR32_v0_inst/s_mult_reg[10]: When DSP48E2 attribute AREG is set to 0, the CEA1 and CEA2 pins should be tied to GND to save power.
Related violations: <none>

REQP-1669#20 Advisory
enum_AREG_0_connects_CEA1_GND_connects_CEA2_GND  
payload/sgen[1].hitFinder/singleChain_inst/g_fir.FIR_inst/gen_fir.fir_ssr/FIR32_v0_inst/s_mult_reg[12]: When DSP48E2 attribute AREG is set to 0, the CEA1 and CEA2 pins should be tied to GND to save power.
Related violations: <none>

REQP-1669#21 Advisory
enum_AREG_0_connects_CEA1_GND_connects_CEA2_GND  
payload/sgen[1].hitFinder/singleChain_inst/g_fir.FIR_inst/gen_fir.fir_ssr/FIR32_v0_inst/s_mult_reg[14]: When DSP48E2 attribute AREG is set to 0, the CEA1 and CEA2 pins should be tied to GND to save power.
Related violations: <none>

REQP-1669#22 Advisory
enum_AREG_0_connects_CEA1_GND_connects_CEA2_GND  
payload/sgen[1].hitFinder/singleChain_inst/g_fir.FIR_inst/gen_fir.fir_ssr/FIR32_v0_inst/s_mult_reg[16]: When DSP48E2 attribute AREG is set to 0, the CEA1 and CEA2 pins should be tied to GND to save power.
Related violations: <none>

REQP-1669#23 Advisory
enum_AREG_0_connects_CEA1_GND_connects_CEA2_GND  
payload/sgen[1].hitFinder/singleChain_inst/g_fir.FIR_inst/gen_fir.fir_ssr/FIR32_v0_inst/s_mult_reg[18]: When DSP48E2 attribute AREG is set to 0, the CEA1 and CEA2 pins should be tied to GND to save power.
Related violations: <none>

REQP-1669#24 Advisory
enum_AREG_0_connects_CEA1_GND_connects_CEA2_GND  
payload/sgen[1].hitFinder/singleChain_inst/g_fir.FIR_inst/gen_fir.fir_ssr/FIR32_v0_inst/s_mult_reg[20]: When DSP48E2 attribute AREG is set to 0, the CEA1 and CEA2 pins should be tied to GND to save power.
Related violations: <none>

REQP-1669#25 Advisory
enum_AREG_0_connects_CEA1_GND_connects_CEA2_GND  
payload/sgen[2].hitFinder/singleChain_inst/g_fir.FIR_inst/gen_fir.fir_ssr/FIR32_v0_inst/s_add_l0_reg[10]: When DSP48E2 attribute AREG is set to 0, the CEA1 and CEA2 pins should be tied to GND to save power.
Related violations: <none>

REQP-1669#26 Advisory
enum_AREG_0_connects_CEA1_GND_connects_CEA2_GND  
payload/sgen[2].hitFinder/singleChain_inst/g_fir.FIR_inst/gen_fir.fir_ssr/FIR32_v0_inst/s_add_l0_reg[5]: When DSP48E2 attribute AREG is set to 0, the CEA1 and CEA2 pins should be tied to GND to save power.
Related violations: <none>

REQP-1669#27 Advisory
enum_AREG_0_connects_CEA1_GND_connects_CEA2_GND  
payload/sgen[2].hitFinder/singleChain_inst/g_fir.FIR_inst/gen_fir.fir_ssr/FIR32_v0_inst/s_add_l0_reg[6]: When DSP48E2 attribute AREG is set to 0, the CEA1 and CEA2 pins should be tied to GND to save power.
Related violations: <none>

REQP-1669#28 Advisory
enum_AREG_0_connects_CEA1_GND_connects_CEA2_GND  
payload/sgen[2].hitFinder/singleChain_inst/g_fir.FIR_inst/gen_fir.fir_ssr/FIR32_v0_inst/s_add_l0_reg[7]: When DSP48E2 attribute AREG is set to 0, the CEA1 and CEA2 pins should be tied to GND to save power.
Related violations: <none>

REQP-1669#29 Advisory
enum_AREG_0_connects_CEA1_GND_connects_CEA2_GND  
payload/sgen[2].hitFinder/singleChain_inst/g_fir.FIR_inst/gen_fir.fir_ssr/FIR32_v0_inst/s_add_l0_reg[8]: When DSP48E2 attribute AREG is set to 0, the CEA1 and CEA2 pins should be tied to GND to save power.
Related violations: <none>

REQP-1669#30 Advisory
enum_AREG_0_connects_CEA1_GND_connects_CEA2_GND  
payload/sgen[2].hitFinder/singleChain_inst/g_fir.FIR_inst/gen_fir.fir_ssr/FIR32_v0_inst/s_add_l0_reg[9]: When DSP48E2 attribute AREG is set to 0, the CEA1 and CEA2 pins should be tied to GND to save power.
Related violations: <none>

REQP-1669#31 Advisory
enum_AREG_0_connects_CEA1_GND_connects_CEA2_GND  
payload/sgen[2].hitFinder/singleChain_inst/g_fir.FIR_inst/gen_fir.fir_ssr/FIR32_v0_inst/s_mult_reg[10]: When DSP48E2 attribute AREG is set to 0, the CEA1 and CEA2 pins should be tied to GND to save power.
Related violations: <none>

REQP-1669#32 Advisory
enum_AREG_0_connects_CEA1_GND_connects_CEA2_GND  
payload/sgen[2].hitFinder/singleChain_inst/g_fir.FIR_inst/gen_fir.fir_ssr/FIR32_v0_inst/s_mult_reg[12]: When DSP48E2 attribute AREG is set to 0, the CEA1 and CEA2 pins should be tied to GND to save power.
Related violations: <none>

REQP-1669#33 Advisory
enum_AREG_0_connects_CEA1_GND_connects_CEA2_GND  
payload/sgen[2].hitFinder/singleChain_inst/g_fir.FIR_inst/gen_fir.fir_ssr/FIR32_v0_inst/s_mult_reg[14]: When DSP48E2 attribute AREG is set to 0, the CEA1 and CEA2 pins should be tied to GND to save power.
Related violations: <none>

REQP-1669#34 Advisory
enum_AREG_0_connects_CEA1_GND_connects_CEA2_GND  
payload/sgen[2].hitFinder/singleChain_inst/g_fir.FIR_inst/gen_fir.fir_ssr/FIR32_v0_inst/s_mult_reg[16]: When DSP48E2 attribute AREG is set to 0, the CEA1 and CEA2 pins should be tied to GND to save power.
Related violations: <none>

REQP-1669#35 Advisory
enum_AREG_0_connects_CEA1_GND_connects_CEA2_GND  
payload/sgen[2].hitFinder/singleChain_inst/g_fir.FIR_inst/gen_fir.fir_ssr/FIR32_v0_inst/s_mult_reg[18]: When DSP48E2 attribute AREG is set to 0, the CEA1 and CEA2 pins should be tied to GND to save power.
Related violations: <none>

REQP-1669#36 Advisory
enum_AREG_0_connects_CEA1_GND_connects_CEA2_GND  
payload/sgen[2].hitFinder/singleChain_inst/g_fir.FIR_inst/gen_fir.fir_ssr/FIR32_v0_inst/s_mult_reg[20]: When DSP48E2 attribute AREG is set to 0, the CEA1 and CEA2 pins should be tied to GND to save power.
Related violations: <none>

REQP-1669#37 Advisory
enum_AREG_0_connects_CEA1_GND_connects_CEA2_GND  
payload/sgen[3].hitFinder/singleChain_inst/g_fir.FIR_inst/gen_fir.fir_ssr/FIR32_v0_inst/s_add_l0_reg[10]: When DSP48E2 attribute AREG is set to 0, the CEA1 and CEA2 pins should be tied to GND to save power.
Related violations: <none>

REQP-1669#38 Advisory
enum_AREG_0_connects_CEA1_GND_connects_CEA2_GND  
payload/sgen[3].hitFinder/singleChain_inst/g_fir.FIR_inst/gen_fir.fir_ssr/FIR32_v0_inst/s_add_l0_reg[5]: When DSP48E2 attribute AREG is set to 0, the CEA1 and CEA2 pins should be tied to GND to save power.
Related violations: <none>

REQP-1669#39 Advisory
enum_AREG_0_connects_CEA1_GND_connects_CEA2_GND  
payload/sgen[3].hitFinder/singleChain_inst/g_fir.FIR_inst/gen_fir.fir_ssr/FIR32_v0_inst/s_add_l0_reg[6]: When DSP48E2 attribute AREG is set to 0, the CEA1 and CEA2 pins should be tied to GND to save power.
Related violations: <none>

REQP-1669#40 Advisory
enum_AREG_0_connects_CEA1_GND_connects_CEA2_GND  
payload/sgen[3].hitFinder/singleChain_inst/g_fir.FIR_inst/gen_fir.fir_ssr/FIR32_v0_inst/s_add_l0_reg[7]: When DSP48E2 attribute AREG is set to 0, the CEA1 and CEA2 pins should be tied to GND to save power.
Related violations: <none>

REQP-1669#41 Advisory
enum_AREG_0_connects_CEA1_GND_connects_CEA2_GND  
payload/sgen[3].hitFinder/singleChain_inst/g_fir.FIR_inst/gen_fir.fir_ssr/FIR32_v0_inst/s_add_l0_reg[8]: When DSP48E2 attribute AREG is set to 0, the CEA1 and CEA2 pins should be tied to GND to save power.
Related violations: <none>

REQP-1669#42 Advisory
enum_AREG_0_connects_CEA1_GND_connects_CEA2_GND  
payload/sgen[3].hitFinder/singleChain_inst/g_fir.FIR_inst/gen_fir.fir_ssr/FIR32_v0_inst/s_add_l0_reg[9]: When DSP48E2 attribute AREG is set to 0, the CEA1 and CEA2 pins should be tied to GND to save power.
Related violations: <none>

REQP-1669#43 Advisory
enum_AREG_0_connects_CEA1_GND_connects_CEA2_GND  
payload/sgen[3].hitFinder/singleChain_inst/g_fir.FIR_inst/gen_fir.fir_ssr/FIR32_v0_inst/s_mult_reg[10]: When DSP48E2 attribute AREG is set to 0, the CEA1 and CEA2 pins should be tied to GND to save power.
Related violations: <none>

REQP-1669#44 Advisory
enum_AREG_0_connects_CEA1_GND_connects_CEA2_GND  
payload/sgen[3].hitFinder/singleChain_inst/g_fir.FIR_inst/gen_fir.fir_ssr/FIR32_v0_inst/s_mult_reg[12]: When DSP48E2 attribute AREG is set to 0, the CEA1 and CEA2 pins should be tied to GND to save power.
Related violations: <none>

REQP-1669#45 Advisory
enum_AREG_0_connects_CEA1_GND_connects_CEA2_GND  
payload/sgen[3].hitFinder/singleChain_inst/g_fir.FIR_inst/gen_fir.fir_ssr/FIR32_v0_inst/s_mult_reg[14]: When DSP48E2 attribute AREG is set to 0, the CEA1 and CEA2 pins should be tied to GND to save power.
Related violations: <none>

REQP-1669#46 Advisory
enum_AREG_0_connects_CEA1_GND_connects_CEA2_GND  
payload/sgen[3].hitFinder/singleChain_inst/g_fir.FIR_inst/gen_fir.fir_ssr/FIR32_v0_inst/s_mult_reg[16]: When DSP48E2 attribute AREG is set to 0, the CEA1 and CEA2 pins should be tied to GND to save power.
Related violations: <none>

REQP-1669#47 Advisory
enum_AREG_0_connects_CEA1_GND_connects_CEA2_GND  
payload/sgen[3].hitFinder/singleChain_inst/g_fir.FIR_inst/gen_fir.fir_ssr/FIR32_v0_inst/s_mult_reg[18]: When DSP48E2 attribute AREG is set to 0, the CEA1 and CEA2 pins should be tied to GND to save power.
Related violations: <none>

REQP-1669#48 Advisory
enum_AREG_0_connects_CEA1_GND_connects_CEA2_GND  
payload/sgen[3].hitFinder/singleChain_inst/g_fir.FIR_inst/gen_fir.fir_ssr/FIR32_v0_inst/s_mult_reg[20]: When DSP48E2 attribute AREG is set to 0, the CEA1 and CEA2 pins should be tied to GND to save power.
Related violations: <none>

REQP-1671#1 Advisory
enum_AREG_1_connects_CEA1_GND  
payload/sgen[0].hitFinder/singleChain_inst/g_fir.FIR_inst/gen_fir.fir_ssr/FIR32_v0_inst/s_add_l0_reg[11]: When the DSP48E2 AREG attribute is set to 1, the CEA1 input pin is preferred to be tied to GND to save power when OPMODE0 and OPMODE1 are 1.
Related violations: <none>

REQP-1671#2 Advisory
enum_AREG_1_connects_CEA1_GND  
payload/sgen[0].hitFinder/singleChain_inst/g_fir.FIR_inst/gen_fir.fir_ssr/FIR32_v0_inst/s_add_l0_reg[4]: When the DSP48E2 AREG attribute is set to 1, the CEA1 input pin is preferred to be tied to GND to save power when OPMODE0 and OPMODE1 are 1.
Related violations: <none>

REQP-1671#3 Advisory
enum_AREG_1_connects_CEA1_GND  
payload/sgen[1].hitFinder/singleChain_inst/g_fir.FIR_inst/gen_fir.fir_ssr/FIR32_v0_inst/s_add_l0_reg[11]: When the DSP48E2 AREG attribute is set to 1, the CEA1 input pin is preferred to be tied to GND to save power when OPMODE0 and OPMODE1 are 1.
Related violations: <none>

REQP-1671#4 Advisory
enum_AREG_1_connects_CEA1_GND  
payload/sgen[1].hitFinder/singleChain_inst/g_fir.FIR_inst/gen_fir.fir_ssr/FIR32_v0_inst/s_add_l0_reg[4]: When the DSP48E2 AREG attribute is set to 1, the CEA1 input pin is preferred to be tied to GND to save power when OPMODE0 and OPMODE1 are 1.
Related violations: <none>

REQP-1671#5 Advisory
enum_AREG_1_connects_CEA1_GND  
payload/sgen[2].hitFinder/singleChain_inst/g_fir.FIR_inst/gen_fir.fir_ssr/FIR32_v0_inst/s_add_l0_reg[11]: When the DSP48E2 AREG attribute is set to 1, the CEA1 input pin is preferred to be tied to GND to save power when OPMODE0 and OPMODE1 are 1.
Related violations: <none>

REQP-1671#6 Advisory
enum_AREG_1_connects_CEA1_GND  
payload/sgen[2].hitFinder/singleChain_inst/g_fir.FIR_inst/gen_fir.fir_ssr/FIR32_v0_inst/s_add_l0_reg[4]: When the DSP48E2 AREG attribute is set to 1, the CEA1 input pin is preferred to be tied to GND to save power when OPMODE0 and OPMODE1 are 1.
Related violations: <none>

REQP-1671#7 Advisory
enum_AREG_1_connects_CEA1_GND  
payload/sgen[3].hitFinder/singleChain_inst/g_fir.FIR_inst/gen_fir.fir_ssr/FIR32_v0_inst/s_add_l0_reg[11]: When the DSP48E2 AREG attribute is set to 1, the CEA1 input pin is preferred to be tied to GND to save power when OPMODE0 and OPMODE1 are 1.
Related violations: <none>

REQP-1671#8 Advisory
enum_AREG_1_connects_CEA1_GND  
payload/sgen[3].hitFinder/singleChain_inst/g_fir.FIR_inst/gen_fir.fir_ssr/FIR32_v0_inst/s_add_l0_reg[4]: When the DSP48E2 AREG attribute is set to 1, the CEA1 input pin is preferred to be tied to GND to save power when OPMODE0 and OPMODE1 are 1.
Related violations: <none>

REQP-1675#1 Advisory
enum_BREG_1_connects_CEB1_GND  
payload/sgen[0].hitFinder/singleChain_inst/g_fir.FIR_inst/gen_fir.fir_ssr/FIR32_v0_inst/s_add_l0_reg[11]: When the DSP48E2 BREG attribute is set to 1, the CEB1 input pin is preferred to be tied to GND to save power when OPMODE0 and OPMODE1 are 1.
Related violations: <none>

REQP-1675#2 Advisory
enum_BREG_1_connects_CEB1_GND  
payload/sgen[0].hitFinder/singleChain_inst/g_fir.FIR_inst/gen_fir.fir_ssr/FIR32_v0_inst/s_add_l0_reg[4]: When the DSP48E2 BREG attribute is set to 1, the CEB1 input pin is preferred to be tied to GND to save power when OPMODE0 and OPMODE1 are 1.
Related violations: <none>

REQP-1675#3 Advisory
enum_BREG_1_connects_CEB1_GND  
payload/sgen[1].hitFinder/singleChain_inst/g_fir.FIR_inst/gen_fir.fir_ssr/FIR32_v0_inst/s_add_l0_reg[11]: When the DSP48E2 BREG attribute is set to 1, the CEB1 input pin is preferred to be tied to GND to save power when OPMODE0 and OPMODE1 are 1.
Related violations: <none>

REQP-1675#4 Advisory
enum_BREG_1_connects_CEB1_GND  
payload/sgen[1].hitFinder/singleChain_inst/g_fir.FIR_inst/gen_fir.fir_ssr/FIR32_v0_inst/s_add_l0_reg[4]: When the DSP48E2 BREG attribute is set to 1, the CEB1 input pin is preferred to be tied to GND to save power when OPMODE0 and OPMODE1 are 1.
Related violations: <none>

REQP-1675#5 Advisory
enum_BREG_1_connects_CEB1_GND  
payload/sgen[2].hitFinder/singleChain_inst/g_fir.FIR_inst/gen_fir.fir_ssr/FIR32_v0_inst/s_add_l0_reg[11]: When the DSP48E2 BREG attribute is set to 1, the CEB1 input pin is preferred to be tied to GND to save power when OPMODE0 and OPMODE1 are 1.
Related violations: <none>

REQP-1675#6 Advisory
enum_BREG_1_connects_CEB1_GND  
payload/sgen[2].hitFinder/singleChain_inst/g_fir.FIR_inst/gen_fir.fir_ssr/FIR32_v0_inst/s_add_l0_reg[4]: When the DSP48E2 BREG attribute is set to 1, the CEB1 input pin is preferred to be tied to GND to save power when OPMODE0 and OPMODE1 are 1.
Related violations: <none>

REQP-1675#7 Advisory
enum_BREG_1_connects_CEB1_GND  
payload/sgen[3].hitFinder/singleChain_inst/g_fir.FIR_inst/gen_fir.fir_ssr/FIR32_v0_inst/s_add_l0_reg[11]: When the DSP48E2 BREG attribute is set to 1, the CEB1 input pin is preferred to be tied to GND to save power when OPMODE0 and OPMODE1 are 1.
Related violations: <none>

REQP-1675#8 Advisory
enum_BREG_1_connects_CEB1_GND  
payload/sgen[3].hitFinder/singleChain_inst/g_fir.FIR_inst/gen_fir.fir_ssr/FIR32_v0_inst/s_add_l0_reg[4]: When the DSP48E2 BREG attribute is set to 1, the CEB1 input pin is preferred to be tied to GND to save power when OPMODE0 and OPMODE1 are 1.
Related violations: <none>

REQP-1857#1 Advisory
RAMB18E2_writefirst_collision_advisory  
Synchronous clocking is detected for BRAM (payload/cr_int/crif_fifo/fifo/U0/inst_fifo_gen/gaxis_fifo.gaxisf.axisf/grf.rf/gntv_or_sync_fifo.mem/gbm.gbmg.gbmga.ngecc.bmg/inst_blk_mem_gen/gnbram.gnativebmg.native_blk_mem_gen/valid.cstr/ramloop[0].ram.r/prim_noinit.ram/DEVICE_8SERIES.NO_BMM_INFO.SDP.WIDE_PRIM18.ram) in SDP mode with WRITE_FIRST write-mode. It is strongly suggested to change this mode to NO_CHANGE for best power characteristics. However, both WRITE_FIRST and NO_CHANGE may exhibit address collisions if the same address appears on both read and write ports resulting in unknown or corrupted read data. It is suggested to confirm via simulation that an address collision never occurs and if so it is suggested to try and avoid this situation. If address collisions cannot be avoided, the write-mode may be set to READ_FIRST which guarantees that the read data is the prior contents of the memory at the cost of additional power in the design. See the FPGA Memory Resources User Guide for additional information.
Related violations: <none>


