Copyright 1986-2018 Xilinx, Inc. All Rights Reserved.
------------------------------------------------------------------------------------------------
| Tool Version : Vivado v.2018.3 (lin64) Build 2405991 Thu Dec  6 23:36:41 MST 2018
| Date         : Wed Dec  9 11:18:28 2020
| Host         : mercury006.pp.rl.ac.uk running 64-bit CentOS Linux release 7.9.2009 (Core)
| Command      : report_drc -file top_drc_opted.rpt -pb top_drc_opted.pb -rpx top_drc_opted.rpx
| Design       : top
| Device       : xczu9eg-ffvb1156-2-e
| Speed File   : -2
| Design State : Synthesized
------------------------------------------------------------------------------------------------

Report DRC

Table of Contents
-----------------
1. REPORT SUMMARY
2. REPORT DETAILS

1. REPORT SUMMARY
-----------------
            Netlist: netlist
          Floorplan: design_1
      Design limits: <entire design considered>
           Ruledeck: default
             Max violations: <unlimited>
             Violations found: 33
+-----------+----------+----------------------------------------+------------+
| Rule      | Severity | Description                            | Violations |
+-----------+----------+----------------------------------------+------------+
| DPIP-2    | Warning  | Input pipelining                       | 32         |
| REQP-1857 | Advisory | RAMB18E2_writefirst_collision_advisory | 1          |
+-----------+----------+----------------------------------------+------------+

2. REPORT DETAILS
-----------------
DPIP-2#1 Warning
Input pipelining  
DSP payload/sgen[0].hitFinder/singleChain_inst/g_fir.FIR_inst/gen_fir.fir_ssr/FIR32_v0_inst/s_add_l1_reg[2] input payload/sgen[0].hitFinder/singleChain_inst/g_fir.FIR_inst/gen_fir.fir_ssr/FIR32_v0_inst/s_add_l1_reg[2]/A[29:0] is not pipelined. Pipelining DSP48 input will improve performance.
Related violations: <none>

DPIP-2#2 Warning
Input pipelining  
DSP payload/sgen[0].hitFinder/singleChain_inst/g_fir.FIR_inst/gen_fir.fir_ssr/FIR32_v0_inst/s_add_l1_reg[2] input payload/sgen[0].hitFinder/singleChain_inst/g_fir.FIR_inst/gen_fir.fir_ssr/FIR32_v0_inst/s_add_l1_reg[2]/B[17:0] is not pipelined. Pipelining DSP48 input will improve performance.
Related violations: <none>

DPIP-2#3 Warning
Input pipelining  
DSP payload/sgen[0].hitFinder/singleChain_inst/g_fir.FIR_inst/gen_fir.fir_ssr/FIR32_v0_inst/s_add_l1_reg[3] input payload/sgen[0].hitFinder/singleChain_inst/g_fir.FIR_inst/gen_fir.fir_ssr/FIR32_v0_inst/s_add_l1_reg[3]/A[29:0] is not pipelined. Pipelining DSP48 input will improve performance.
Related violations: <none>

DPIP-2#4 Warning
Input pipelining  
DSP payload/sgen[0].hitFinder/singleChain_inst/g_fir.FIR_inst/gen_fir.fir_ssr/FIR32_v0_inst/s_add_l1_reg[3] input payload/sgen[0].hitFinder/singleChain_inst/g_fir.FIR_inst/gen_fir.fir_ssr/FIR32_v0_inst/s_add_l1_reg[3]/B[17:0] is not pipelined. Pipelining DSP48 input will improve performance.
Related violations: <none>

DPIP-2#5 Warning
Input pipelining  
DSP payload/sgen[0].hitFinder/singleChain_inst/g_fir.FIR_inst/gen_fir.fir_ssr/FIR32_v0_inst/s_add_l1_reg[4] input payload/sgen[0].hitFinder/singleChain_inst/g_fir.FIR_inst/gen_fir.fir_ssr/FIR32_v0_inst/s_add_l1_reg[4]/A[29:0] is not pipelined. Pipelining DSP48 input will improve performance.
Related violations: <none>

DPIP-2#6 Warning
Input pipelining  
DSP payload/sgen[0].hitFinder/singleChain_inst/g_fir.FIR_inst/gen_fir.fir_ssr/FIR32_v0_inst/s_add_l1_reg[4] input payload/sgen[0].hitFinder/singleChain_inst/g_fir.FIR_inst/gen_fir.fir_ssr/FIR32_v0_inst/s_add_l1_reg[4]/B[17:0] is not pipelined. Pipelining DSP48 input will improve performance.
Related violations: <none>

DPIP-2#7 Warning
Input pipelining  
DSP payload/sgen[0].hitFinder/singleChain_inst/g_fir.FIR_inst/gen_fir.fir_ssr/FIR32_v0_inst/s_add_l1_reg[5] input payload/sgen[0].hitFinder/singleChain_inst/g_fir.FIR_inst/gen_fir.fir_ssr/FIR32_v0_inst/s_add_l1_reg[5]/A[29:0] is not pipelined. Pipelining DSP48 input will improve performance.
Related violations: <none>

DPIP-2#8 Warning
Input pipelining  
DSP payload/sgen[0].hitFinder/singleChain_inst/g_fir.FIR_inst/gen_fir.fir_ssr/FIR32_v0_inst/s_add_l1_reg[5] input payload/sgen[0].hitFinder/singleChain_inst/g_fir.FIR_inst/gen_fir.fir_ssr/FIR32_v0_inst/s_add_l1_reg[5]/B[17:0] is not pipelined. Pipelining DSP48 input will improve performance.
Related violations: <none>

DPIP-2#9 Warning
Input pipelining  
DSP payload/sgen[1].hitFinder/singleChain_inst/g_fir.FIR_inst/gen_fir.fir_ssr/FIR32_v0_inst/s_add_l1_reg[2] input payload/sgen[1].hitFinder/singleChain_inst/g_fir.FIR_inst/gen_fir.fir_ssr/FIR32_v0_inst/s_add_l1_reg[2]/A[29:0] is not pipelined. Pipelining DSP48 input will improve performance.
Related violations: <none>

DPIP-2#10 Warning
Input pipelining  
DSP payload/sgen[1].hitFinder/singleChain_inst/g_fir.FIR_inst/gen_fir.fir_ssr/FIR32_v0_inst/s_add_l1_reg[2] input payload/sgen[1].hitFinder/singleChain_inst/g_fir.FIR_inst/gen_fir.fir_ssr/FIR32_v0_inst/s_add_l1_reg[2]/B[17:0] is not pipelined. Pipelining DSP48 input will improve performance.
Related violations: <none>

DPIP-2#11 Warning
Input pipelining  
DSP payload/sgen[1].hitFinder/singleChain_inst/g_fir.FIR_inst/gen_fir.fir_ssr/FIR32_v0_inst/s_add_l1_reg[3] input payload/sgen[1].hitFinder/singleChain_inst/g_fir.FIR_inst/gen_fir.fir_ssr/FIR32_v0_inst/s_add_l1_reg[3]/A[29:0] is not pipelined. Pipelining DSP48 input will improve performance.
Related violations: <none>

DPIP-2#12 Warning
Input pipelining  
DSP payload/sgen[1].hitFinder/singleChain_inst/g_fir.FIR_inst/gen_fir.fir_ssr/FIR32_v0_inst/s_add_l1_reg[3] input payload/sgen[1].hitFinder/singleChain_inst/g_fir.FIR_inst/gen_fir.fir_ssr/FIR32_v0_inst/s_add_l1_reg[3]/B[17:0] is not pipelined. Pipelining DSP48 input will improve performance.
Related violations: <none>

DPIP-2#13 Warning
Input pipelining  
DSP payload/sgen[1].hitFinder/singleChain_inst/g_fir.FIR_inst/gen_fir.fir_ssr/FIR32_v0_inst/s_add_l1_reg[4] input payload/sgen[1].hitFinder/singleChain_inst/g_fir.FIR_inst/gen_fir.fir_ssr/FIR32_v0_inst/s_add_l1_reg[4]/A[29:0] is not pipelined. Pipelining DSP48 input will improve performance.
Related violations: <none>

DPIP-2#14 Warning
Input pipelining  
DSP payload/sgen[1].hitFinder/singleChain_inst/g_fir.FIR_inst/gen_fir.fir_ssr/FIR32_v0_inst/s_add_l1_reg[4] input payload/sgen[1].hitFinder/singleChain_inst/g_fir.FIR_inst/gen_fir.fir_ssr/FIR32_v0_inst/s_add_l1_reg[4]/B[17:0] is not pipelined. Pipelining DSP48 input will improve performance.
Related violations: <none>

DPIP-2#15 Warning
Input pipelining  
DSP payload/sgen[1].hitFinder/singleChain_inst/g_fir.FIR_inst/gen_fir.fir_ssr/FIR32_v0_inst/s_add_l1_reg[5] input payload/sgen[1].hitFinder/singleChain_inst/g_fir.FIR_inst/gen_fir.fir_ssr/FIR32_v0_inst/s_add_l1_reg[5]/A[29:0] is not pipelined. Pipelining DSP48 input will improve performance.
Related violations: <none>

DPIP-2#16 Warning
Input pipelining  
DSP payload/sgen[1].hitFinder/singleChain_inst/g_fir.FIR_inst/gen_fir.fir_ssr/FIR32_v0_inst/s_add_l1_reg[5] input payload/sgen[1].hitFinder/singleChain_inst/g_fir.FIR_inst/gen_fir.fir_ssr/FIR32_v0_inst/s_add_l1_reg[5]/B[17:0] is not pipelined. Pipelining DSP48 input will improve performance.
Related violations: <none>

DPIP-2#17 Warning
Input pipelining  
DSP payload/sgen[2].hitFinder/singleChain_inst/g_fir.FIR_inst/gen_fir.fir_ssr/FIR32_v0_inst/s_add_l1_reg[2] input payload/sgen[2].hitFinder/singleChain_inst/g_fir.FIR_inst/gen_fir.fir_ssr/FIR32_v0_inst/s_add_l1_reg[2]/A[29:0] is not pipelined. Pipelining DSP48 input will improve performance.
Related violations: <none>

DPIP-2#18 Warning
Input pipelining  
DSP payload/sgen[2].hitFinder/singleChain_inst/g_fir.FIR_inst/gen_fir.fir_ssr/FIR32_v0_inst/s_add_l1_reg[2] input payload/sgen[2].hitFinder/singleChain_inst/g_fir.FIR_inst/gen_fir.fir_ssr/FIR32_v0_inst/s_add_l1_reg[2]/B[17:0] is not pipelined. Pipelining DSP48 input will improve performance.
Related violations: <none>

DPIP-2#19 Warning
Input pipelining  
DSP payload/sgen[2].hitFinder/singleChain_inst/g_fir.FIR_inst/gen_fir.fir_ssr/FIR32_v0_inst/s_add_l1_reg[3] input payload/sgen[2].hitFinder/singleChain_inst/g_fir.FIR_inst/gen_fir.fir_ssr/FIR32_v0_inst/s_add_l1_reg[3]/A[29:0] is not pipelined. Pipelining DSP48 input will improve performance.
Related violations: <none>

DPIP-2#20 Warning
Input pipelining  
DSP payload/sgen[2].hitFinder/singleChain_inst/g_fir.FIR_inst/gen_fir.fir_ssr/FIR32_v0_inst/s_add_l1_reg[3] input payload/sgen[2].hitFinder/singleChain_inst/g_fir.FIR_inst/gen_fir.fir_ssr/FIR32_v0_inst/s_add_l1_reg[3]/B[17:0] is not pipelined. Pipelining DSP48 input will improve performance.
Related violations: <none>

DPIP-2#21 Warning
Input pipelining  
DSP payload/sgen[2].hitFinder/singleChain_inst/g_fir.FIR_inst/gen_fir.fir_ssr/FIR32_v0_inst/s_add_l1_reg[4] input payload/sgen[2].hitFinder/singleChain_inst/g_fir.FIR_inst/gen_fir.fir_ssr/FIR32_v0_inst/s_add_l1_reg[4]/A[29:0] is not pipelined. Pipelining DSP48 input will improve performance.
Related violations: <none>

DPIP-2#22 Warning
Input pipelining  
DSP payload/sgen[2].hitFinder/singleChain_inst/g_fir.FIR_inst/gen_fir.fir_ssr/FIR32_v0_inst/s_add_l1_reg[4] input payload/sgen[2].hitFinder/singleChain_inst/g_fir.FIR_inst/gen_fir.fir_ssr/FIR32_v0_inst/s_add_l1_reg[4]/B[17:0] is not pipelined. Pipelining DSP48 input will improve performance.
Related violations: <none>

DPIP-2#23 Warning
Input pipelining  
DSP payload/sgen[2].hitFinder/singleChain_inst/g_fir.FIR_inst/gen_fir.fir_ssr/FIR32_v0_inst/s_add_l1_reg[5] input payload/sgen[2].hitFinder/singleChain_inst/g_fir.FIR_inst/gen_fir.fir_ssr/FIR32_v0_inst/s_add_l1_reg[5]/A[29:0] is not pipelined. Pipelining DSP48 input will improve performance.
Related violations: <none>

DPIP-2#24 Warning
Input pipelining  
DSP payload/sgen[2].hitFinder/singleChain_inst/g_fir.FIR_inst/gen_fir.fir_ssr/FIR32_v0_inst/s_add_l1_reg[5] input payload/sgen[2].hitFinder/singleChain_inst/g_fir.FIR_inst/gen_fir.fir_ssr/FIR32_v0_inst/s_add_l1_reg[5]/B[17:0] is not pipelined. Pipelining DSP48 input will improve performance.
Related violations: <none>

DPIP-2#25 Warning
Input pipelining  
DSP payload/sgen[3].hitFinder/singleChain_inst/g_fir.FIR_inst/gen_fir.fir_ssr/FIR32_v0_inst/s_add_l1_reg[2] input payload/sgen[3].hitFinder/singleChain_inst/g_fir.FIR_inst/gen_fir.fir_ssr/FIR32_v0_inst/s_add_l1_reg[2]/A[29:0] is not pipelined. Pipelining DSP48 input will improve performance.
Related violations: <none>

DPIP-2#26 Warning
Input pipelining  
DSP payload/sgen[3].hitFinder/singleChain_inst/g_fir.FIR_inst/gen_fir.fir_ssr/FIR32_v0_inst/s_add_l1_reg[2] input payload/sgen[3].hitFinder/singleChain_inst/g_fir.FIR_inst/gen_fir.fir_ssr/FIR32_v0_inst/s_add_l1_reg[2]/B[17:0] is not pipelined. Pipelining DSP48 input will improve performance.
Related violations: <none>

DPIP-2#27 Warning
Input pipelining  
DSP payload/sgen[3].hitFinder/singleChain_inst/g_fir.FIR_inst/gen_fir.fir_ssr/FIR32_v0_inst/s_add_l1_reg[3] input payload/sgen[3].hitFinder/singleChain_inst/g_fir.FIR_inst/gen_fir.fir_ssr/FIR32_v0_inst/s_add_l1_reg[3]/A[29:0] is not pipelined. Pipelining DSP48 input will improve performance.
Related violations: <none>

DPIP-2#28 Warning
Input pipelining  
DSP payload/sgen[3].hitFinder/singleChain_inst/g_fir.FIR_inst/gen_fir.fir_ssr/FIR32_v0_inst/s_add_l1_reg[3] input payload/sgen[3].hitFinder/singleChain_inst/g_fir.FIR_inst/gen_fir.fir_ssr/FIR32_v0_inst/s_add_l1_reg[3]/B[17:0] is not pipelined. Pipelining DSP48 input will improve performance.
Related violations: <none>

DPIP-2#29 Warning
Input pipelining  
DSP payload/sgen[3].hitFinder/singleChain_inst/g_fir.FIR_inst/gen_fir.fir_ssr/FIR32_v0_inst/s_add_l1_reg[4] input payload/sgen[3].hitFinder/singleChain_inst/g_fir.FIR_inst/gen_fir.fir_ssr/FIR32_v0_inst/s_add_l1_reg[4]/A[29:0] is not pipelined. Pipelining DSP48 input will improve performance.
Related violations: <none>

DPIP-2#30 Warning
Input pipelining  
DSP payload/sgen[3].hitFinder/singleChain_inst/g_fir.FIR_inst/gen_fir.fir_ssr/FIR32_v0_inst/s_add_l1_reg[4] input payload/sgen[3].hitFinder/singleChain_inst/g_fir.FIR_inst/gen_fir.fir_ssr/FIR32_v0_inst/s_add_l1_reg[4]/B[17:0] is not pipelined. Pipelining DSP48 input will improve performance.
Related violations: <none>

DPIP-2#31 Warning
Input pipelining  
DSP payload/sgen[3].hitFinder/singleChain_inst/g_fir.FIR_inst/gen_fir.fir_ssr/FIR32_v0_inst/s_add_l1_reg[5] input payload/sgen[3].hitFinder/singleChain_inst/g_fir.FIR_inst/gen_fir.fir_ssr/FIR32_v0_inst/s_add_l1_reg[5]/A[29:0] is not pipelined. Pipelining DSP48 input will improve performance.
Related violations: <none>

DPIP-2#32 Warning
Input pipelining  
DSP payload/sgen[3].hitFinder/singleChain_inst/g_fir.FIR_inst/gen_fir.fir_ssr/FIR32_v0_inst/s_add_l1_reg[5] input payload/sgen[3].hitFinder/singleChain_inst/g_fir.FIR_inst/gen_fir.fir_ssr/FIR32_v0_inst/s_add_l1_reg[5]/B[17:0] is not pipelined. Pipelining DSP48 input will improve performance.
Related violations: <none>

REQP-1857#1 Advisory
RAMB18E2_writefirst_collision_advisory  
Synchronous clocking is detected for BRAM (payload/cr_int/crif_fifo/fifo/U0/inst_fifo_gen/gaxis_fifo.gaxisf.axisf/grf.rf/gntv_or_sync_fifo.mem/gbm.gbmg.gbmga.ngecc.bmg/inst_blk_mem_gen/gnbram.gnativebmg.native_blk_mem_gen/valid.cstr/ramloop[0].ram.r/prim_noinit.ram/DEVICE_8SERIES.NO_BMM_INFO.SDP.WIDE_PRIM18.ram) in SDP mode with WRITE_FIRST write-mode. It is strongly suggested to change this mode to NO_CHANGE for best power characteristics. However, both WRITE_FIRST and NO_CHANGE may exhibit address collisions if the same address appears on both read and write ports resulting in unknown or corrupted read data. It is suggested to confirm via simulation that an address collision never occurs and if so it is suggested to try and avoid this situation. If address collisions cannot be avoided, the write-mode may be set to READ_FIRST which guarantees that the read data is the prior contents of the memory at the cost of additional power in the design. See the FPGA Memory Resources User Guide for additional information.
Related violations: <none>


