Copyright 1986-2018 Xilinx, Inc. All Rights Reserved.
---------------------------------------------------------------------------------------------------
| Tool Version : Vivado v.2018.3 (lin64) Build 2405991 Thu Dec  6 23:36:41 MST 2018
| Date         : Tue Dec 15 11:43:55 2020
| Host         : heplnw061.pp.rl.ac.uk running 64-bit CentOS Linux release 7.9.2009 (Core)
| Command      : report_utilization -file top_utilization_placed.rpt -pb top_utilization_placed.pb
| Design       : top
| Device       : xczu9egffvb1156-2
| Design State : Fully Placed
---------------------------------------------------------------------------------------------------

Utilization Design Information

Table of Contents
-----------------
1. CLB Logic
1.1 Summary of Registers by Type
2. CLB Logic Distribution
3. BLOCKRAM
4. ARITHMETIC
5. I/O
6. CLOCK
7. ADVANCED
8. CONFIGURATION
9. Primitives
10. Black Boxes
11. Instantiated Netlists

1. CLB Logic
------------

+----------------------------+-------+-------+-----------+-------+
|          Site Type         |  Used | Fixed | Available | Util% |
+----------------------------+-------+-------+-----------+-------+
| CLB LUTs                   |  9954 |     0 |    274080 |  3.63 |
|   LUT as Logic             |  9632 |     0 |    274080 |  3.51 |
|   LUT as Memory            |   322 |     0 |    144000 |  0.22 |
|     LUT as Distributed RAM |   192 |     0 |           |       |
|     LUT as Shift Register  |   130 |     0 |           |       |
| CLB Registers              | 17637 |     0 |    548160 |  3.22 |
|   Register as Flip Flop    | 17633 |     0 |    548160 |  3.22 |
|   Register as Latch        |     4 |     0 |    548160 | <0.01 |
| CARRY8                     |   213 |     0 |     34260 |  0.62 |
| F7 Muxes                   |    38 |     0 |    137040 |  0.03 |
| F8 Muxes                   |     9 |     0 |     68520 |  0.01 |
| F9 Muxes                   |     0 |     0 |     34260 |  0.00 |
+----------------------------+-------+-------+-----------+-------+


1.1 Summary of Registers by Type
--------------------------------

+-------+--------------+-------------+--------------+
| Total | Clock Enable | Synchronous | Asynchronous |
+-------+--------------+-------------+--------------+
| 0     |            _ |           - |            - |
| 0     |            _ |           - |          Set |
| 0     |            _ |           - |        Reset |
| 0     |            _ |         Set |            - |
| 0     |            _ |       Reset |            - |
| 0     |          Yes |           - |            - |
| 311   |          Yes |           - |          Set |
| 816   |          Yes |           - |        Reset |
| 985   |          Yes |         Set |            - |
| 15525 |          Yes |       Reset |            - |
+-------+--------------+-------------+--------------+


2. CLB Logic Distribution
-------------------------

+--------------------------------------------+-------+-------+-----------+-------+
|                  Site Type                 |  Used | Fixed | Available | Util% |
+--------------------------------------------+-------+-------+-----------+-------+
| CLB                                        |  2517 |     0 |     34260 |  7.35 |
|   CLBL                                     |  1196 |     0 |           |       |
|   CLBM                                     |  1321 |     0 |           |       |
| LUT as Logic                               |  9632 |     0 |    274080 |  3.51 |
|   using O5 output only                     |   312 |       |           |       |
|   using O6 output only                     |  6393 |       |           |       |
|   using O5 and O6                          |  2927 |       |           |       |
| LUT as Memory                              |   322 |     0 |    144000 |  0.22 |
|   LUT as Distributed RAM                   |   192 |     0 |           |       |
|     using O5 output only                   |     0 |       |           |       |
|     using O6 output only                   |   144 |       |           |       |
|     using O5 and O6                        |    48 |       |           |       |
|   LUT as Shift Register                    |   130 |     0 |           |       |
|     using O5 output only                   |     0 |       |           |       |
|     using O6 output only                   |    98 |       |           |       |
|     using O5 and O6                        |    32 |       |           |       |
| CLB Registers                              | 17637 |     0 |    548160 |  3.22 |
|   Register driven from within the CLB      |  8570 |       |           |       |
|   Register driven from outside the CLB     |  9067 |       |           |       |
|     LUT in front of the register is unused |  6699 |       |           |       |
|     LUT in front of the register is used   |  2368 |       |           |       |
| Unique Control Sets                        |   943 |       |     68520 |  1.38 |
+--------------------------------------------+-------+-------+-----------+-------+
* Note: Available Control Sets calculated as CLB Registers / 8, Review the Control Sets Report for more information regarding control sets.


3. BLOCKRAM
-----------

+-------------------+------+-------+-----------+-------+
|     Site Type     | Used | Fixed | Available | Util% |
+-------------------+------+-------+-----------+-------+
| Block RAM Tile    | 42.5 |     0 |       912 |  4.66 |
|   RAMB36/FIFO*    |   38 |     0 |       912 |  4.17 |
|     RAMB36E2 only |   38 |       |           |       |
|   RAMB18          |    9 |     0 |      1824 |  0.49 |
|     FIFO18E2 only |    4 |       |           |       |
|     RAMB18E2 only |    5 |       |           |       |
+-------------------+------+-------+-----------+-------+
* Note: Each Block RAM Tile only has one FIFO logic available and therefore can accommodate only one FIFO36E2 or one FIFO18E2. However, if a FIFO18E2 occupies a Block RAM Tile, that tile can still accommodate a RAMB18E2


4. ARITHMETIC
-------------

+----------------+------+-------+-----------+-------+
|    Site Type   | Used | Fixed | Available | Util% |
+----------------+------+-------+-----------+-------+
| DSPs           |   72 |     0 |      2520 |  2.86 |
|   DSP48E2 only |   72 |       |           |       |
+----------------+------+-------+-----------+-------+


5. I/O
------

+------------------+------+-------+-----------+-------+
|     Site Type    | Used | Fixed | Available | Util% |
+------------------+------+-------+-----------+-------+
| Bonded IOB       |   15 |    15 |       328 |  4.57 |
| HPIOB_M          |    0 |     0 |        96 |  0.00 |
| HPIOB_S          |    0 |     0 |        96 |  0.00 |
| HDIOB_M          |    7 |     7 |        60 | 11.67 |
|   INPUT          |    3 |       |           |       |
|   OUTPUT         |    4 |       |           |       |
|   BIDIR          |    0 |       |           |       |
| HDIOB_S          |    8 |     8 |        60 | 13.33 |
|   INPUT          |    3 |       |           |       |
|   OUTPUT         |    5 |       |           |       |
|   BIDIR          |    0 |       |           |       |
| HPIOB_SNGL       |    0 |     0 |        16 |  0.00 |
| HPIOBDIFFINBUF   |    0 |     0 |        96 |  0.00 |
| HPIOBDIFFOUTBUF  |    0 |     0 |        96 |  0.00 |
| HDIOBDIFFINBUF   |    1 |     1 |        60 |  1.67 |
|   DIFFINBUF      |    1 |     1 |           |       |
| BITSLICE_CONTROL |    0 |     0 |        32 |  0.00 |
| BITSLICE_RX_TX   |    0 |     0 |       208 |  0.00 |
| BITSLICE_TX      |    0 |     0 |        32 |  0.00 |
| RIU_OR           |    0 |     0 |        16 |  0.00 |
+------------------+------+-------+-----------+-------+


6. CLOCK
--------

+----------------------+------+-------+-----------+-------+
|       Site Type      | Used | Fixed | Available | Util% |
+----------------------+------+-------+-----------+-------+
| GLOBAL CLOCK BUFFERs |    9 |     0 |       404 |  2.23 |
|   BUFGCE             |    4 |     0 |       116 |  3.45 |
|   BUFGCE_DIV         |    0 |     0 |        16 |  0.00 |
|   BUFG_GT            |    5 |     0 |       168 |  2.98 |
|   BUFG_PS            |    0 |     0 |        72 |  0.00 |
|   BUFGCTRL*          |    0 |     0 |        32 |  0.00 |
| PLL                  |    0 |     0 |         8 |  0.00 |
| MMCM                 |    1 |     0 |         4 | 25.00 |
+----------------------+------+-------+-----------+-------+
* Note: Each used BUFGCTRL counts as two global buffer resources. This table does not include global clocking resources, only buffer cell usage. See the Clock Utilization Report (report_clock_utilization) for detailed accounting of global clocking resource availability.


7. ADVANCED
-----------

+-----------------+------+-------+-----------+-------+
|    Site Type    | Used | Fixed | Available | Util% |
+-----------------+------+-------+-----------+-------+
| GTHE4_CHANNEL   |    9 |     9 |        24 | 37.50 |
| GTHE4_COMMON    |    2 |     0 |         6 | 33.33 |
| OBUFDS_GTE4     |    0 |     0 |        12 |  0.00 |
| OBUFDS_GTE4_ADV |    0 |     0 |        12 |  0.00 |
| PS8             |    0 |     0 |         1 |  0.00 |
| SYSMONE4        |    0 |     0 |         1 |  0.00 |
+-----------------+------+-------+-----------+-------+


8. CONFIGURATION
----------------

+-------------+------+-------+-----------+-------+
|  Site Type  | Used | Fixed | Available | Util% |
+-------------+------+-------+-----------+-------+
| BSCANE2     |    1 |     0 |         4 | 25.00 |
| DNA_PORTE2  |    0 |     0 |         1 |  0.00 |
| EFUSE_USR   |    0 |     0 |         1 |  0.00 |
| FRAME_ECCE4 |    0 |     0 |         1 |  0.00 |
| ICAPE3      |    0 |     0 |         2 |  0.00 |
| MASTER_JTAG |    0 |     0 |         1 |  0.00 |
| STARTUPE3   |    0 |     0 |         1 |  0.00 |
+-------------+------+-------+-----------+-------+


9. Primitives
-------------

+---------------+-------+---------------------+
|    Ref Name   |  Used | Functional Category |
+---------------+-------+---------------------+
| FDRE          | 15525 |            Register |
| LUT6          |  3155 |                 CLB |
| LUT3          |  3100 |                 CLB |
| LUT2          |  2338 |                 CLB |
| LUT5          |  1967 |                 CLB |
| LUT4          |  1714 |                 CLB |
| FDSE          |   985 |            Register |
| FDCE          |   816 |            Register |
| FDPE          |   307 |            Register |
| LUT1          |   285 |                 CLB |
| CARRY8        |   213 |                 CLB |
| SRL16E        |   159 |                 CLB |
| RAMD64E       |   144 |                 CLB |
| RAMD32        |    84 |                 CLB |
| DSP48E2       |    72 |          Arithmetic |
| RAMB36E2      |    38 |           Block Ram |
| MUXF7         |    38 |                 CLB |
| RAMS32        |    12 |                 CLB |
| OBUF          |     9 |                 I/O |
| MUXF8         |     9 |                 CLB |
| GTHE4_CHANNEL |     9 |            Advanced |
| RAMB18E2      |     5 |           Block Ram |
| IBUFCTRL      |     5 |              Others |
| BUFG_GT       |     5 |               Clock |
| LDPE          |     4 |            Register |
| INBUF         |     4 |                 I/O |
| FIFO18E2      |     4 |           Block Ram |
| BUFGCE        |     4 |               Clock |
| SRLC32E       |     3 |                 CLB |
| BUFG_GT_SYNC  |     3 |               Clock |
| IBUFDS_GTE4   |     2 |                 I/O |
| GTHE4_COMMON  |     2 |            Advanced |
| MMCME4_ADV    |     1 |               Clock |
| DIFFINBUF     |     1 |                 I/O |
| BSCANE2       |     1 |       Configuration |
+---------------+-------+---------------------+


10. Black Boxes
---------------

+----------+------+
| Ref Name | Used |
+----------+------+


11. Instantiated Netlists
-------------------------

+-----------------------------------+------+
|              Ref Name             | Used |
+-----------------------------------+------+
| thFMch_input_fifo                 |    8 |
| distRAM_64x12                     |    4 |
| RAM_2048x12                       |    4 |
| Median_distRAM_64x12              |    4 |
| temac_gbe_v9_0                    |    1 |
| gig_ethernet_pcs_pma_basex_156_25 |    1 |
| fmc0_8chan_9g6_vio_0              |    1 |
| fmc0_8chan_9g6                    |    1 |
| dbg_hub                           |    1 |
| crif_fifo                         |    1 |
| address_LUT                       |    1 |
+-----------------------------------+------+


