Copyright 1986-2018 Xilinx, Inc. All Rights Reserved.
-------------------------------------------------------------------------------------------------------------------------------
| Tool Version     : Vivado v.2018.3 (lin64) Build 2405991 Thu Dec  6 23:36:41 MST 2018
| Date             : Wed Dec  9 11:25:00 2020
| Host             : mercury006.pp.rl.ac.uk running 64-bit CentOS Linux release 7.9.2009 (Core)
| Command          : report_power -file top_power_routed.rpt -pb top_power_summary_routed.pb -rpx top_power_routed.rpx
| Design           : top
| Device           : xczu9eg-ffvb1156-2-e
| Design State     : routed
| Grade            : extended
| Process          : typical
| Characterization : Production
-------------------------------------------------------------------------------------------------------------------------------

Power Report

Table of Contents
-----------------
1. Summary
1.1 On-Chip Components
1.2 Power Supply Summary
1.3 Confidence Level
2. Settings
2.1 Environment
2.2 Clock Constraints
3. Detailed Reports
3.1 By Hierarchy

1. Summary
----------

+--------------------------+--------------+
| Total On-Chip Power (W)  | 2.259        |
| Design Power Budget (W)  | Unspecified* |
| Power Budget Margin (W)  | NA           |
| Dynamic (W)              | 1.558        |
| Device Static (W)        | 0.701        |
| Effective TJA (C/W)      | 1.0          |
| Max Ambient (C)          | 97.8         |
| Junction Temperature (C) | 27.2         |
| Confidence Level         | Medium       |
| Setting File             | ---          |
| Simulation Activity File | ---          |
| Design Nets Matched      | NA           |
+--------------------------+--------------+
* Specify Design Power Budget using, set_operating_conditions -design_power_budget <value in Watts>


1.1 On-Chip Components
----------------------

+--------------------------+-----------+----------+-----------+-----------------+
| On-Chip                  | Power (W) | Used     | Available | Utilization (%) |
+--------------------------+-----------+----------+-----------+-----------------+
| Clocks                   |     0.069 |       11 |       --- |             --- |
| CLB Logic                |     0.019 |    32078 |       --- |             --- |
|   LUT as Logic           |     0.015 |     9690 |    274080 |            3.54 |
|   Register               |     0.002 |    17831 |    548160 |            3.25 |
|   CARRY8                 |    <0.001 |      213 |     34260 |            0.62 |
|   LUT as Shift Register  |    <0.001 |      130 |    144000 |            0.09 |
|   LUT as Distributed RAM |    <0.001 |      192 |    144000 |            0.13 |
|   BUFG                   |    <0.001 |        2 |        32 |            6.25 |
|   Others                 |     0.000 |      968 |       --- |             --- |
|   F7/F8 Muxes            |     0.000 |       47 |    274080 |            0.02 |
| Signals                  |     0.021 |    27689 |       --- |             --- |
| Block RAM                |     0.049 |     42.5 |       912 |            4.66 |
| MMCM                     |     0.087 |        0 |       --- |             --- |
| DSPs                     |     0.021 |       72 |      2520 |            2.86 |
| I/O                      |     0.015 |       15 |       328 |            4.57 |
| GTH                      |     1.277 |        9 |        24 |           37.50 |
| Static Power             |     0.701 |          |           |                 |
| Total                    |     2.259 |          |           |                 |
+--------------------------+-----------+----------+-----------+-----------------+


1.2 Power Supply Summary
------------------------

+-----------------+-------------+-----------+-------------+------------+
| Source          | Voltage (V) | Total (A) | Dynamic (A) | Static (A) |
+-----------------+-------------+-----------+-------------+------------+
| Vccint          |       0.850 |     0.414 |       0.224 |      0.190 |
| Vccint_io       |       0.850 |     0.037 |       0.002 |      0.036 |
| Vccbram         |       0.850 |     0.006 |       0.003 |      0.003 |
| Vccaux          |       1.800 |     0.242 |       0.048 |      0.194 |
| Vccaux_io       |       1.800 |     0.039 |       0.006 |      0.033 |
| Vcco33          |       3.300 |     0.009 |       0.000 |      0.009 |
| Vcco25          |       2.500 |     0.009 |       0.000 |      0.009 |
| Vcco18          |       1.800 |     0.000 |       0.000 |      0.000 |
| Vcco15          |       1.500 |     0.000 |       0.000 |      0.000 |
| Vcco135         |       1.350 |     0.000 |       0.000 |      0.000 |
| Vcco12          |       1.200 |     0.000 |       0.000 |      0.000 |
| Vcco10          |       1.000 |     0.000 |       0.000 |      0.000 |
| Vccadc          |       1.800 |     0.008 |       0.000 |      0.008 |
| VCC_PSINTFP     |       0.850 |     0.000 |       0.000 |      0.000 |
| VCC_PSINTLP     |       0.850 |     0.005 |       0.000 |      0.005 |
| VPS_MGTRAVCC    |       0.850 |     0.000 |       0.000 |      0.000 |
| VCC_PSINTFP_DDR |       0.850 |     0.000 |       0.000 |      0.000 |
| VCC_PSPLL       |       1.200 |     0.002 |       0.000 |      0.002 |
| VPS_MGTRAVTT    |       1.800 |     0.000 |       0.000 |      0.000 |
| VCCO_PSDDR_504  |       1.200 |     0.000 |       0.000 |      0.000 |
| VCC_PSAUX       |       1.800 |     0.002 |       0.000 |      0.002 |
| VCC_PSBATT      |       1.200 |     0.000 |       0.000 |      0.000 |
| VCC_PSDDR_PLL   |       1.800 |     0.000 |       0.000 |      0.000 |
| VCCO_PSIO0_500  |       3.300 |     0.000 |       0.000 |      0.000 |
| VCCO_PSIO1_501  |       3.300 |     0.000 |       0.000 |      0.000 |
| VCCO_PSIO2_502  |       3.300 |     0.000 |       0.000 |      0.000 |
| VCCO_PSIO3_503  |       3.300 |     0.000 |       0.000 |      0.000 |
| VCC_PSADC       |       1.800 |     0.002 |       0.000 |      0.002 |
| MGTAVcc         |       0.900 |     0.220 |       0.213 |      0.006 |
| MGTAVtt         |       1.200 |     0.870 |       0.857 |      0.014 |
| MGTVccaux       |       1.800 |     0.024 |       0.024 |      0.000 |
+-----------------+-------------+-----------+-------------+------------+


1.3 Confidence Level
--------------------

+-----------------------------+------------+-------------------------------------------------------+--------------------------------------------------------------------------------------------------------------------+
| User Input Data             | Confidence | Details                                               | Action                                                                                                             |
+-----------------------------+------------+-------------------------------------------------------+--------------------------------------------------------------------------------------------------------------------+
| Design implementation state | High       | Design is routed                                      |                                                                                                                    |
| Clock nodes activity        | Medium     | More than 5% of clocks are missing user specification | Provide missing clock activity with a constraint file, simulation results or by editing the "By Clock Domain" view |
| I/O nodes activity          | Medium     | More than 5% of inputs are missing user specification | Provide missing input activity with simulation results or by editing the "By Resource Type -> I/Os" view           |
| Internal nodes activity     | Medium     | User specified less than 25% of internal nodes        | Provide missing internal nodes activity with simulation results or by editing the "By Resource Type" views         |
| Device models               | High       | Device models are Production                          |                                                                                                                    |
|                             |            |                                                       |                                                                                                                    |
| Overall confidence level    | Medium     |                                                       |                                                                                                                    |
+-----------------------------+------------+-------------------------------------------------------+--------------------------------------------------------------------------------------------------------------------+


2. Settings
-----------

2.1 Environment
---------------

+-----------------------+--------------------------+
| Ambient Temp (C)      | 25.0                     |
| ThetaJA (C/W)         | 1.0                      |
| Airflow (LFM)         | 250                      |
| Heat Sink             | medium (Medium Profile)  |
| ThetaSA (C/W)         | 1.5                      |
| Board Selection       | medium (10"x10")         |
| # of Board Layers     | 12to15 (12 to 15 Layers) |
| Board Temperature (C) | 25.0                     |
+-----------------------+--------------------------+


2.2 Clock Constraints
---------------------

+-------------------------------------------------------------------------------------------------------------------------------------------------------------------------------------------------------------------------------------------------------------------------------------------------------------------------------------------------------------------------------------+----------------------------------------------------------------------------------------------------------------------------------------------------------------------------------------------------------------------------------------------------------------------------------------------------------------------------------------------------------------------+-----------------+
| Clock                                                                                                                                                                                                                                                                                                                                                                               | Domain                                                                                                                                                                                                                                                                                                                                                               | Constraint (ns) |
+-------------------------------------------------------------------------------------------------------------------------------------------------------------------------------------------------------------------------------------------------------------------------------------------------------------------------------------------------------------------------------------+----------------------------------------------------------------------------------------------------------------------------------------------------------------------------------------------------------------------------------------------------------------------------------------------------------------------------------------------------------------------+-----------------+
| clk_aux                                                                                                                                                                                                                                                                                                                                                                             | infra/clocks/clk_aux_i                                                                                                                                                                                                                                                                                                                                               |             4.0 |
| dbg_hub/inst/BSCANID.u_xsdbm_id/SWITCH_N_EXT_BSCAN.bscan_inst/SERIES7_BSCAN.bscan_inst/INTERNAL_TCK                                                                                                                                                                                                                                                                                 | dbg_hub/inst/BSCANID.u_xsdbm_id/SWITCH_N_EXT_BSCAN.bscan_inst/in0                                                                                                                                                                                                                                                                                                    |            50.0 |
| eth_refclk                                                                                                                                                                                                                                                                                                                                                                          | eth_clk_p                                                                                                                                                                                                                                                                                                                                                            |             6.4 |
| infra/eth/phy/U0/pcs_pma_block_i/transceiver_inst/gig_ethernet_pcs_pma_basex_156_25_gt_i/inst/gen_gtwizard_gthe4_top.gig_ethernet_pcs_pma_basex_156_25_gt_gtwizard_gthe4_inst/gen_gtwizard_gthe4.gen_cpll_cal_gthe4.gen_cpll_cal_inst[0].gen_inst_cpll_cal.gtwizard_ultrascale_v1_7_5_gthe4_cpll_cal_inst/gtwizard_ultrascale_v1_7_5_gthe4_cpll_cal_tx_i/bufg_gt_txoutclkmon_inst/O | infra/eth/phy/U0/pcs_pma_block_i/transceiver_inst/gig_ethernet_pcs_pma_basex_156_25_gt_i/inst/gen_gtwizard_gthe4_top.gig_ethernet_pcs_pma_basex_156_25_gt_gtwizard_gthe4_inst/gen_gtwizard_gthe4.gen_cpll_cal_gthe4.gen_cpll_cal_inst[0].gen_inst_cpll_cal.gtwizard_ultrascale_v1_7_5_gthe4_cpll_cal_inst/gtwizard_ultrascale_v1_7_5_gthe4_cpll_cal_tx_i/txoutclkmon |             8.0 |
| ipbus_clk                                                                                                                                                                                                                                                                                                                                                                           | infra/clocks/I                                                                                                                                                                                                                                                                                                                                                       |            32.0 |
| rxoutclkpcs_out[0]                                                                                                                                                                                                                                                                                                                                                                  | infra/eth/phy/U0/pcs_pma_block_i/transceiver_inst/gig_ethernet_pcs_pma_basex_156_25_gt_i/inst/gen_gtwizard_gthe4_top.gig_ethernet_pcs_pma_basex_156_25_gt_gtwizard_gthe4_inst/gen_gtwizard_gthe4.gen_channel_container[1].gen_enabled_channel.gthe4_channel_wrapper_inst/channel_inst/rxoutclkpcs_out[0]                                                             |            16.0 |
| sysclk                                                                                                                                                                                                                                                                                                                                                                              | sysclk_p                                                                                                                                                                                                                                                                                                                                                             |             8.0 |
| txoutclk_out[0]                                                                                                                                                                                                                                                                                                                                                                     | infra/eth/phy/U0/pcs_pma_block_i/transceiver_inst/gig_ethernet_pcs_pma_basex_156_25_gt_i/inst/gen_gtwizard_gthe4_top.gig_ethernet_pcs_pma_basex_156_25_gt_gtwizard_gthe4_inst/gen_gtwizard_gthe4.gen_channel_container[1].gen_enabled_channel.gthe4_channel_wrapper_inst/channel_inst/txoutclk_out[0]                                                                |             8.0 |
| userclk_out                                                                                                                                                                                                                                                                                                                                                                         | infra/eth/phy/U0/core_clocking_i/userclk                                                                                                                                                                                                                                                                                                                             |            16.0 |
+-------------------------------------------------------------------------------------------------------------------------------------------------------------------------------------------------------------------------------------------------------------------------------------------------------------------------------------------------------------------------------------+----------------------------------------------------------------------------------------------------------------------------------------------------------------------------------------------------------------------------------------------------------------------------------------------------------------------------------------------------------------------+-----------------+


3. Detailed Reports
-------------------

3.1 By Hierarchy
----------------

+----------------------------+-----------+
| Name                       | Power (W) |
+----------------------------+-----------+
| top                        |     1.558 |
|   dbg_hub                  |     0.001 |
|     inst                   |     0.001 |
|       BSCANID.u_xsdbm_id   |     0.001 |
|   infra                    |     0.279 |
|     clocks                 |     0.089 |
|       clkdiv               |     0.001 |
|     eth                    |     0.161 |
|       mac                  |     0.003 |
|       phy                  |     0.158 |
|     ibuf                   |     0.001 |
|     ipbus                  |     0.027 |
|       trans                |     0.002 |
|       udp_if               |     0.025 |
|   mgt                      |     1.155 |
|     g_fifo[0].fifo0        |     0.007 |
|       U0                   |     0.007 |
|     g_fifo[1].fifo0        |     0.001 |
|       U0                   |     0.001 |
|     g_fifo[2].fifo0        |     0.001 |
|       U0                   |     0.001 |
|     g_fifo[3].fifo0        |     0.001 |
|       U0                   |     0.001 |
|     g_fifo[4].fifo0        |     0.002 |
|       U0                   |     0.002 |
|     g_fifo[5].fifo0        |     0.002 |
|       U0                   |     0.002 |
|     g_fifo[6].fifo0        |     0.002 |
|       U0                   |     0.002 |
|     g_fifo[7].fifo0        |     0.002 |
|       U0                   |     0.002 |
|     mgt                    |     1.138 |
|       example_wrapper_inst |     1.131 |
|   payload                  |     0.121 |
|     cr_if_fifo             |     0.001 |
|       xpm_fifo_axis_inst   |     0.001 |
|     cr_int                 |     0.004 |
|       crif_fifo            |     0.001 |
|       hpf                  |     0.001 |
|     data_router            |     0.038 |
|       cmp_dpr              |     0.028 |
|       cmp_unpacker         |     0.002 |
|       data_receiver        |     0.009 |
|     sgen[0].hitFinder      |     0.017 |
|       singleChain_inst     |     0.016 |
|     sgen[0].sink           |     0.002 |
|     sgen[1].hitFinder      |     0.015 |
|       singleChain_inst     |     0.014 |
|     sgen[1].sink           |     0.002 |
|     sgen[2].hitFinder      |     0.016 |
|       singleChain_inst     |     0.014 |
|     sgen[2].sink           |     0.001 |
|     sgen[3].hitFinder      |     0.016 |
|       singleChain_inst     |     0.014 |
|     sgen[3].sink           |     0.002 |
+----------------------------+-----------+


