

================================================================
== Vivado HLS Report for 'ped_alg'
================================================================
* Date:           Fri Oct 30 15:56:42 2020

* Version:        2020.1 (Build 2897737 on Wed May 27 20:21:37 MDT 2020)
* Project:        ped_sub_prj
* Solution:       individual_latency
* Product family: zynquplus
* Target device:  xczu9eg-ffvb1156-2-e


================================================================
== Performance Estimates
================================================================
+ Timing: 
    * Summary: 
    +--------+---------+----------+------------+
    |  Clock |  Target | Estimated| Uncertainty|
    +--------+---------+----------+------------+
    |ap_clk  | 4.00 ns | 3.131 ns |   0.50 ns  |
    +--------+---------+----------+------------+

+ Latency: 
    * Summary: 
    +---------+---------+-----------+-----------+-----+-----+---------+
    |  Latency (cycles) |   Latency (absolute)  |  Interval | Pipeline|
    |   min   |   max   |    min    |    max    | min | max |   Type  |
    +---------+---------+-----------+-----------+-----+-----+---------+
    |        3|        3| 12.000 ns | 12.000 ns |    3|    3|   none  |
    +---------+---------+-----------+-----------+-----+-----+---------+

    + Detail: 
        * Instance: 
        N/A

        * Loop: 
        N/A



================================================================
== Utilization Estimates
================================================================
* Summary: 
+-----------------+---------+-------+--------+--------+-----+
|       Name      | BRAM_18K| DSP48E|   FF   |   LUT  | URAM|
+-----------------+---------+-------+--------+--------+-----+
|DSP              |        -|      -|       -|       -|    -|
|Expression       |        -|      -|       0|     359|    -|
|FIFO             |        -|      -|       -|       -|    -|
|Instance         |        -|      -|       -|       -|    -|
|Memory           |        -|      -|       -|       -|    -|
|Multiplexer      |        -|      -|       -|      84|    -|
|Register         |        -|      -|     101|       -|    -|
+-----------------+---------+-------+--------+--------+-----+
|Total            |        0|      0|     101|     443|    0|
+-----------------+---------+-------+--------+--------+-----+
|Available        |     1824|   2520|  548160|  274080|    0|
+-----------------+---------+-------+--------+--------+-----+
|Utilization (%)  |        0|      0|   ~0   |   ~0   |    0|
+-----------------+---------+-------+--------+--------+-----+

+ Detail: 
    * Instance: 
    N/A

    * DSP48E: 
    N/A

    * Memory: 
    N/A

    * FIFO: 
    N/A

    * Expression: 
    +-----------------------+----------+-------+---+----+------------+------------+
    |     Variable Name     | Operation| DSP48E| FF| LUT| Bitwidth P0| Bitwidth P1|
    +-----------------------+----------+-------+---+----+------------+------------+
    |add_ln18_fu_131_p2     |     +    |      0|  0|  39|          32|           1|
    |add_ln22_fu_143_p2     |     +    |      0|  0|  39|          32|           2|
    |add_ln28_fu_190_p2     |     +    |      0|  0|  39|          32|           1|
    |add_ln34_fu_183_p2     |     +    |      0|  0|  39|          32|           2|
    |ADC_o                  |     -    |      0|  0|  39|          32|          32|
    |icmp_ln17_1_fu_157_p2  |   icmp   |      0|  0|  20|          32|          32|
    |icmp_ln17_fu_125_p2    |   icmp   |      0|  0|  20|          32|          32|
    |icmp_ln21_fu_137_p2    |   icmp   |      0|  0|  20|          32|          32|
    |icmp_ln27_fu_171_p2    |   icmp   |      0|  0|  20|          32|           4|
    |icmp_ln33_fu_177_p2    |   icmp   |      0|  0|  20|          32|           5|
    |select_ln17_fu_163_p3  |  select  |      0|  0|  32|           1|          32|
    |select_ln21_fu_149_p3  |  select  |      0|  0|  32|           1|          32|
    +-----------------------+----------+-------+---+----+------------+------------+
    |Total                  |          |      0|  0| 359|         322|         207|
    +-----------------------+----------+-------+---+----+------------+------------+

    * Multiplexer: 
    +------------------------+----+-----------+-----+-----------+
    |          Name          | LUT| Input Size| Bits| Total Bits|
    +------------------------+----+-----------+-----+-----------+
    |accum_flag_2_reg_85     |   9|          2|    1|          2|
    |accum_new_2_reg_99      |   9|          2|   32|         64|
    |accum_o                 |   9|          2|   32|         64|
    |ap_NS_fsm               |  27|          5|    1|          5|
    |ped_val_load_3_reg_114  |  15|          3|   32|         96|
    |ped_val_o               |  15|          3|   32|         96|
    +------------------------+----+-----------+-----+-----------+
    |Total                   |  84|         17|  130|        327|
    +------------------------+----+-----------+-----+-----------+

    * Register: 
    +------------------------+----+----+-----+-----------+
    |          Name          | FF | LUT| Bits| Const Bits|
    +------------------------+----+----+-----+-----------+
    |ADC_read_reg_203        |  32|   0|   32|          0|
    |accum_flag_2_reg_85     |   1|   0|    1|          0|
    |accum_new_2_reg_99      |  32|   0|   32|          0|
    |ap_CS_fsm               |   4|   0|    4|          0|
    |ped_val_load_3_reg_114  |  32|   0|   32|          0|
    +------------------------+----+----+-----+-----------+
    |Total                   | 101|   0|  101|          0|
    +------------------------+----+----+-----+-----------+



================================================================
== Interface
================================================================
* Summary: 
+------------------+-----+-----+------------+--------------+--------------+
|     RTL Ports    | Dir | Bits|  Protocol  | Source Object|    C Type    |
+------------------+-----+-----+------------+--------------+--------------+
|ap_clk            |  in |    1| ap_ctrl_hs |    ped_alg   | return value |
|ap_rst            |  in |    1| ap_ctrl_hs |    ped_alg   | return value |
|ap_start          |  in |    1| ap_ctrl_hs |    ped_alg   | return value |
|ap_done           | out |    1| ap_ctrl_hs |    ped_alg   | return value |
|ap_idle           | out |    1| ap_ctrl_hs |    ped_alg   | return value |
|ap_ready          | out |    1| ap_ctrl_hs |    ped_alg   | return value |
|ped_val_i         |  in |   32|   ap_ovld  |    ped_val   |    pointer   |
|ped_val_o         | out |   32|   ap_ovld  |    ped_val   |    pointer   |
|ped_val_o_ap_vld  | out |    1|   ap_ovld  |    ped_val   |    pointer   |
|accum_i           |  in |   32|   ap_ovld  |     accum    |    pointer   |
|accum_o           | out |   32|   ap_ovld  |     accum    |    pointer   |
|accum_o_ap_vld    | out |    1|   ap_ovld  |     accum    |    pointer   |
|ADC_i             |  in |   32|   ap_ovld  |      ADC     |    pointer   |
|ADC_o             | out |   32|   ap_ovld  |      ADC     |    pointer   |
|ADC_o_ap_vld      | out |    1|   ap_ovld  |      ADC     |    pointer   |
+------------------+-----+-----+------------+--------------+--------------+

============================================================
+ Verbose Summary: Synthesis Manager
============================================================
InlineROM: 1
ExposeGlobal: 0
============================================================
+ Verbose Summary: CDFG Model
============================================================
IsTopModel: 1
ResetActiveHigh: 1
IsCombinational: 2
IsDatapathOnly: 2
HasWiredReturn: 1
HasMFsm: 0
HasVarLatency: 1
IsPipeline: 0
IsRtlPipelined: 0
IsInstanceOverlapped: 0
IsDontTouch: 0
HasImplIP: 0
IsGatedGlobalClock: 0


============================================================
+ Verbose Summary: Schedule
============================================================
* Number of FSM states : 4
* Pipeline : 0
* Dataflow Pipeline: 0

* FSM state transitions: 
1 --> 2 
2 --> 3 
3 --> 4 
4 --> 

* FSM state operations: 

State 1 <SV = 0> <Delay = 0.00>
ST_1 : Operation 5 [1/1] (0.00ns)   --->   "%tmp = call i32 (...)* @_ssdm_op_SpecRegionBegin([22 x i8]* @p_str) nounwind" [functions.cpp:16]   --->   Operation 5 'specregionbegin' 'tmp' <Predicate = true> <Delay = 0.00>

State 2 <SV = 1> <Delay = 0.00>
ST_2 : Operation 6 [1/1] (0.00ns)   --->   "%tmp_1 = call i32 (...)* @_ssdm_op_SpecRegionBegin([19 x i8]* @p_str2) nounwind" [functions.cpp:26]   --->   Operation 6 'specregionbegin' 'tmp_1' <Predicate = true> <Delay = 0.00>

State 3 <SV = 2> <Delay = 3.13>
ST_3 : Operation 7 [1/1] (0.00ns)   --->   "call void (...)* @_ssdm_op_SpecBitsMap(i32* %ped_val) nounwind, !map !30"   --->   Operation 7 'specbitsmap' <Predicate = true> <Delay = 0.00>
ST_3 : Operation 8 [1/1] (0.00ns)   --->   "call void (...)* @_ssdm_op_SpecBitsMap(i32* %accum) nounwind, !map !34"   --->   Operation 8 'specbitsmap' <Predicate = true> <Delay = 0.00>
ST_3 : Operation 9 [1/1] (0.00ns)   --->   "call void (...)* @_ssdm_op_SpecBitsMap(i32* %ADC) nounwind, !map !38"   --->   Operation 9 'specbitsmap' <Predicate = true> <Delay = 0.00>
ST_3 : Operation 10 [1/1] (0.00ns)   --->   "call void (...)* @_ssdm_op_SpecTopModule([8 x i8]* @ped_alg_str) nounwind"   --->   Operation 10 'spectopmodule' <Predicate = true> <Delay = 0.00>
ST_3 : Operation 11 [1/1] (0.00ns)   --->   "call void (...)* @_ssdm_op_SpecLatency(i32 2, i32 65535, [1 x i8]* @p_str1) nounwind" [functions.cpp:17]   --->   Operation 11 'speclatency' <Predicate = true> <Delay = 0.00>
ST_3 : Operation 12 [1/1] (0.00ns)   --->   "%ADC_read = call i32 @_ssdm_op_Read.ap_auto.i32P(i32* %ADC) nounwind" [functions.cpp:17]   --->   Operation 12 'read' 'ADC_read' <Predicate = true> <Delay = 0.00>
ST_3 : Operation 13 [1/1] (0.00ns)   --->   "%ped_val_read = call i32 @_ssdm_op_Read.ap_auto.i32P(i32* %ped_val) nounwind" [functions.cpp:17]   --->   Operation 13 'read' 'ped_val_read' <Predicate = true> <Delay = 0.00>
ST_3 : Operation 14 [1/1] (0.99ns)   --->   "%icmp_ln17 = icmp sgt i32 %ADC_read, %ped_val_read" [functions.cpp:17]   --->   Operation 14 'icmp' 'icmp_ln17' <Predicate = true> <Delay = 0.99> <Core = "Cmp">   --->   Core 25 'Cmp' <Latency = 0> <II = 1> <Delay = 0.99> <FuncUnit> <Opcode : 'icmp'> <InPorts = 2> <OutPorts = 1>
ST_3 : Operation 15 [1/1] (0.00ns)   --->   "%accum_read = call i32 @_ssdm_op_Read.ap_auto.i32P(i32* %accum) nounwind" [functions.cpp:18]   --->   Operation 15 'read' 'accum_read' <Predicate = true> <Delay = 0.00>
ST_3 : Operation 16 [1/1] (1.01ns)   --->   "%add_ln18 = add nsw i32 %accum_read, 1" [functions.cpp:18]   --->   Operation 16 'add' 'add_ln18' <Predicate = true> <Delay = 1.01> <Core = "AddSub">   --->   Core 14 'AddSub' <Latency = 0> <II = 1> <Delay = 1.01> <FuncUnit> <Opcode : 'add' 'sub'> <InPorts = 2> <OutPorts = 1>
ST_3 : Operation 17 [1/1] (0.99ns)   --->   "%icmp_ln21 = icmp slt i32 %ADC_read, %ped_val_read" [functions.cpp:21]   --->   Operation 17 'icmp' 'icmp_ln21' <Predicate = true> <Delay = 0.99> <Core = "Cmp">   --->   Core 25 'Cmp' <Latency = 0> <II = 1> <Delay = 0.99> <FuncUnit> <Opcode : 'icmp'> <InPorts = 2> <OutPorts = 1>
ST_3 : Operation 18 [1/1] (1.01ns)   --->   "%add_ln22 = add nsw i32 %accum_read, -1" [functions.cpp:22]   --->   Operation 18 'add' 'add_ln22' <Predicate = true> <Delay = 1.01> <Core = "AddSub">   --->   Core 14 'AddSub' <Latency = 0> <II = 1> <Delay = 1.01> <FuncUnit> <Opcode : 'add' 'sub'> <InPorts = 2> <OutPorts = 1>
ST_3 : Operation 19 [1/1] (0.00ns) (grouped into LUT with out node select_ln17)   --->   "%select_ln21 = select i1 %icmp_ln21, i32 %add_ln22, i32 %accum_read" [functions.cpp:21]   --->   Operation 19 'select' 'select_ln21' <Predicate = true> <Delay = 0.00> <Core = "Sel">   --->   Core 26 'Sel' <Latency = 0> <II = 1> <Delay = 0.44> <FuncUnit> <Opcode : 'select'> <InPorts = 3> <OutPorts = 1>
ST_3 : Operation 20 [1/1] (0.99ns)   --->   "%icmp_ln17_1 = icmp ne i32 %ADC_read, %ped_val_read" [functions.cpp:17]   --->   Operation 20 'icmp' 'icmp_ln17_1' <Predicate = true> <Delay = 0.99> <Core = "Cmp">   --->   Core 25 'Cmp' <Latency = 0> <II = 1> <Delay = 0.99> <FuncUnit> <Opcode : 'icmp'> <InPorts = 2> <OutPorts = 1>
ST_3 : Operation 21 [1/1] (0.44ns) (out node of the LUT)   --->   "%select_ln17 = select i1 %icmp_ln17, i32 %add_ln18, i32 %select_ln21" [functions.cpp:17]   --->   Operation 21 'select' 'select_ln17' <Predicate = true> <Delay = 0.44> <Core = "Sel">   --->   Core 26 'Sel' <Latency = 0> <II = 1> <Delay = 0.44> <FuncUnit> <Opcode : 'select'> <InPorts = 3> <OutPorts = 1>
ST_3 : Operation 22 [1/1] (0.00ns)   --->   "%empty = call i32 (...)* @_ssdm_op_SpecRegionEnd([22 x i8]* @p_str, i32 %tmp) nounwind" [functions.cpp:24]   --->   Operation 22 'specregionend' 'empty' <Predicate = true> <Delay = 0.00>
ST_3 : Operation 23 [1/1] (0.00ns)   --->   "call void (...)* @_ssdm_op_SpecLatency(i32 2, i32 65535, [1 x i8]* @p_str1) nounwind" [functions.cpp:27]   --->   Operation 23 'speclatency' <Predicate = true> <Delay = 0.00>
ST_3 : Operation 24 [1/1] (0.99ns)   --->   "%icmp_ln27 = icmp sgt i32 %select_ln17, 9" [functions.cpp:27]   --->   Operation 24 'icmp' 'icmp_ln27' <Predicate = true> <Delay = 0.99> <Core = "Cmp">   --->   Core 25 'Cmp' <Latency = 0> <II = 1> <Delay = 0.99> <FuncUnit> <Opcode : 'icmp'> <InPorts = 2> <OutPorts = 1>
ST_3 : Operation 25 [1/1] (0.00ns)   --->   "br i1 %icmp_ln27, label %0, label %1" [functions.cpp:27]   --->   Operation 25 'br' <Predicate = true> <Delay = 0.00>
ST_3 : Operation 26 [1/1] (0.99ns)   --->   "%icmp_ln33 = icmp slt i32 %select_ln17, -9" [functions.cpp:33]   --->   Operation 26 'icmp' 'icmp_ln33' <Predicate = (!icmp_ln27)> <Delay = 0.99> <Core = "Cmp">   --->   Core 25 'Cmp' <Latency = 0> <II = 1> <Delay = 0.99> <FuncUnit> <Opcode : 'icmp'> <InPorts = 2> <OutPorts = 1>
ST_3 : Operation 27 [1/1] (0.67ns)   --->   "br i1 %icmp_ln33, label %2, label %ped_sub_begin" [functions.cpp:33]   --->   Operation 27 'br' <Predicate = (!icmp_ln27)> <Delay = 0.67>
ST_3 : Operation 28 [1/1] (1.01ns)   --->   "%add_ln34 = add nsw i32 %ped_val_read, -1" [functions.cpp:34]   --->   Operation 28 'add' 'add_ln34' <Predicate = (!icmp_ln27 & icmp_ln33)> <Delay = 1.01> <Core = "AddSub">   --->   Core 14 'AddSub' <Latency = 0> <II = 1> <Delay = 1.01> <FuncUnit> <Opcode : 'add' 'sub'> <InPorts = 2> <OutPorts = 1>
ST_3 : Operation 29 [1/1] (0.00ns)   --->   "call void @_ssdm_op_Write.ap_auto.i32P(i32* %ped_val, i32 %add_ln34) nounwind" [functions.cpp:34]   --->   Operation 29 'write' <Predicate = (!icmp_ln27 & icmp_ln33)> <Delay = 0.00>
ST_3 : Operation 30 [1/1] (0.67ns)   --->   "br label %ped_sub_begin" [functions.cpp:36]   --->   Operation 30 'br' <Predicate = (!icmp_ln27 & icmp_ln33)> <Delay = 0.67>
ST_3 : Operation 31 [1/1] (1.01ns)   --->   "%add_ln28 = add nsw i32 %ped_val_read, 1" [functions.cpp:28]   --->   Operation 31 'add' 'add_ln28' <Predicate = (icmp_ln27)> <Delay = 1.01> <Core = "AddSub">   --->   Core 14 'AddSub' <Latency = 0> <II = 1> <Delay = 1.01> <FuncUnit> <Opcode : 'add' 'sub'> <InPorts = 2> <OutPorts = 1>
ST_3 : Operation 32 [1/1] (0.00ns)   --->   "call void @_ssdm_op_Write.ap_auto.i32P(i32* %ped_val, i32 %add_ln28) nounwind" [functions.cpp:28]   --->   Operation 32 'write' <Predicate = (icmp_ln27)> <Delay = 0.00>
ST_3 : Operation 33 [1/1] (0.67ns)   --->   "br label %ped_sub_begin" [functions.cpp:30]   --->   Operation 33 'br' <Predicate = (icmp_ln27)> <Delay = 0.67>
ST_3 : Operation 34 [1/1] (0.00ns)   --->   "%tmp_2 = call i32 (...)* @_ssdm_op_SpecRegionBegin([8 x i8]* @p_str3) nounwind" [functions.cpp:39]   --->   Operation 34 'specregionbegin' 'tmp_2' <Predicate = true> <Delay = 0.00>

State 4 <SV = 3> <Delay = 1.01>
ST_4 : Operation 35 [1/1] (0.00ns)   --->   "%accum_flag_2 = phi i1 [ true, %0 ], [ true, %2 ], [ %icmp_ln17_1, %1 ]" [functions.cpp:17]   --->   Operation 35 'phi' 'accum_flag_2' <Predicate = true> <Delay = 0.00>
ST_4 : Operation 36 [1/1] (0.00ns)   --->   "%accum_new_2 = phi i32 [ 0, %0 ], [ 0, %2 ], [ %select_ln17, %1 ]" [functions.cpp:17]   --->   Operation 36 'phi' 'accum_new_2' <Predicate = true> <Delay = 0.00>
ST_4 : Operation 37 [1/1] (0.00ns)   --->   "%ped_val_load_3 = phi i32 [ %add_ln28, %0 ], [ %add_ln34, %2 ], [ %ped_val_read, %1 ]" [functions.cpp:28]   --->   Operation 37 'phi' 'ped_val_load_3' <Predicate = true> <Delay = 0.00>
ST_4 : Operation 38 [1/1] (0.00ns)   --->   "%empty_2 = call i32 (...)* @_ssdm_op_SpecRegionEnd([19 x i8]* @p_str2, i32 %tmp_1) nounwind" [functions.cpp:37]   --->   Operation 38 'specregionend' 'empty_2' <Predicate = true> <Delay = 0.00>
ST_4 : Operation 39 [1/1] (0.00ns)   --->   "call void (...)* @_ssdm_op_SpecLatency(i32 1, i32 65535, [1 x i8]* @p_str1) nounwind" [functions.cpp:40]   --->   Operation 39 'speclatency' <Predicate = true> <Delay = 0.00>
ST_4 : Operation 40 [1/1] (1.01ns)   --->   "%sub_ln40 = sub nsw i32 %ADC_read, %ped_val_load_3" [functions.cpp:40]   --->   Operation 40 'sub' 'sub_ln40' <Predicate = true> <Delay = 1.01> <Core = "AddSub">   --->   Core 14 'AddSub' <Latency = 0> <II = 1> <Delay = 1.01> <FuncUnit> <Opcode : 'add' 'sub'> <InPorts = 2> <OutPorts = 1>
ST_4 : Operation 41 [1/1] (0.00ns)   --->   "call void @_ssdm_op_Write.ap_auto.i32P(i32* %ADC, i32 %sub_ln40) nounwind" [functions.cpp:40]   --->   Operation 41 'write' <Predicate = true> <Delay = 0.00>
ST_4 : Operation 42 [1/1] (0.00ns)   --->   "%empty_3 = call i32 (...)* @_ssdm_op_SpecRegionEnd([8 x i8]* @p_str3, i32 %tmp_2) nounwind" [functions.cpp:41]   --->   Operation 42 'specregionend' 'empty_3' <Predicate = true> <Delay = 0.00>
ST_4 : Operation 43 [1/1] (0.00ns)   --->   "br i1 %accum_flag_2, label %mergeST, label %._crit_edge1.new" [functions.cpp:17]   --->   Operation 43 'br' <Predicate = true> <Delay = 0.00>
ST_4 : Operation 44 [1/1] (0.00ns)   --->   "call void @_ssdm_op_Write.ap_auto.i32P(i32* %accum, i32 %accum_new_2) nounwind" [functions.cpp:18]   --->   Operation 44 'write' <Predicate = (accum_flag_2)> <Delay = 0.00>
ST_4 : Operation 45 [1/1] (0.00ns)   --->   "br label %._crit_edge1.new"   --->   Operation 45 'br' <Predicate = (accum_flag_2)> <Delay = 0.00>
ST_4 : Operation 46 [1/1] (0.00ns)   --->   "ret void" [functions.cpp:42]   --->   Operation 46 'ret' <Predicate = true> <Delay = 0.00>


============================================================
+ Verbose Summary: Binding
============================================================
STG Binding: 
---------------- STG Properties BEGIN ----------------
- Is combinational: 0
- Is one-state seq: 0
- Is datapath-only: 0
- Is pipelined: 0
- Is top level: 1
Port [ Return ] is wired: 1; IO mode=ap_ctrl_hs:ce=0
Port [ ped_val]:  wired=1; compound=0; hidden=0; nouse=0; global=0; static=0; extern=0; dir=2; type=0; pingpong=0; private_global=0; IO mode=ap_ovld:ce=0
Port [ accum]:  wired=1; compound=0; hidden=0; nouse=0; global=0; static=0; extern=0; dir=2; type=0; pingpong=0; private_global=0; IO mode=ap_ovld:ce=0
Port [ ADC]:  wired=1; compound=0; hidden=0; nouse=0; global=0; static=0; extern=0; dir=2; type=0; pingpong=0; private_global=0; IO mode=ap_ovld:ce=0
---------------- STG Properties END ------------------

---------------- Datapath Model BEGIN ----------------

<LifeTime>
<method=bitvector/>
tmp               (specregionbegin) [ 00110]
tmp_1             (specregionbegin) [ 00011]
specbitsmap_ln0   (specbitsmap    ) [ 00000]
specbitsmap_ln0   (specbitsmap    ) [ 00000]
specbitsmap_ln0   (specbitsmap    ) [ 00000]
spectopmodule_ln0 (spectopmodule  ) [ 00000]
speclatency_ln17  (speclatency    ) [ 00000]
ADC_read          (read           ) [ 00001]
ped_val_read      (read           ) [ 00011]
icmp_ln17         (icmp           ) [ 00000]
accum_read        (read           ) [ 00000]
add_ln18          (add            ) [ 00000]
icmp_ln21         (icmp           ) [ 00000]
add_ln22          (add            ) [ 00000]
select_ln21       (select         ) [ 00000]
icmp_ln17_1       (icmp           ) [ 00011]
select_ln17       (select         ) [ 00011]
empty             (specregionend  ) [ 00000]
speclatency_ln27  (speclatency    ) [ 00000]
icmp_ln27         (icmp           ) [ 00010]
br_ln27           (br             ) [ 00000]
icmp_ln33         (icmp           ) [ 00010]
br_ln33           (br             ) [ 00011]
add_ln34          (add            ) [ 00011]
write_ln34        (write          ) [ 00000]
br_ln36           (br             ) [ 00011]
add_ln28          (add            ) [ 00011]
write_ln28        (write          ) [ 00000]
br_ln30           (br             ) [ 00011]
tmp_2             (specregionbegin) [ 00001]
accum_flag_2      (phi            ) [ 00001]
accum_new_2       (phi            ) [ 00001]
ped_val_load_3    (phi            ) [ 00001]
empty_2           (specregionend  ) [ 00000]
speclatency_ln40  (speclatency    ) [ 00000]
sub_ln40          (sub            ) [ 00000]
write_ln40        (write          ) [ 00000]
empty_3           (specregionend  ) [ 00000]
br_ln17           (br             ) [ 00000]
write_ln18        (write          ) [ 00000]
br_ln0            (br             ) [ 00000]
ret_ln42          (ret            ) [ 00000]
</LifeTime>

<model>

<comp_list>
<comp id="0" class="1000" name="ped_val">
<pin_list>
<pin id="1" dir="1" index="0" bw="1" slack="0"/>
</pin_list>
<bind>
<StgValue><ssdm name="ped_val"/></StgValue>
</bind>
</comp>

<comp id="2" class="1000" name="accum">
<pin_list>
<pin id="3" dir="1" index="0" bw="1" slack="0"/>
</pin_list>
<bind>
<StgValue><ssdm name="accum"/></StgValue>
</bind>
</comp>

<comp id="4" class="1000" name="ADC">
<pin_list>
<pin id="5" dir="1" index="0" bw="1" slack="0"/>
</pin_list>
<bind>
<StgValue><ssdm name="ADC"/></StgValue>
</bind>
</comp>

<comp id="6" class="1001" name="const_6">
<pin_list>
<pin id="7" dir="1" index="0" bw="1" slack="2147483647"/>
</pin_list>
<bind>
<StgValue><ssdm name="_ssdm_op_SpecRegionBegin"/></StgValue>
</bind>
</comp>

<comp id="8" class="1001" name="const_8">
<pin_list>
<pin id="9" dir="1" index="0" bw="1" slack="2147483647"/>
</pin_list>
<bind>
<StgValue><ssdm name="p_str"/></StgValue>
</bind>
</comp>

<comp id="10" class="1001" name="const_10">
<pin_list>
<pin id="11" dir="1" index="0" bw="1" slack="2147483647"/>
</pin_list>
<bind>
<StgValue><ssdm name="p_str2"/></StgValue>
</bind>
</comp>

<comp id="12" class="1001" name="const_12">
<pin_list>
<pin id="13" dir="1" index="0" bw="1" slack="2147483647"/>
</pin_list>
<bind>
<StgValue><ssdm name="_ssdm_op_SpecBitsMap"/></StgValue>
</bind>
</comp>

<comp id="14" class="1001" name="const_14">
<pin_list>
<pin id="15" dir="1" index="0" bw="1" slack="2147483647"/>
</pin_list>
<bind>
<StgValue><ssdm name="_ssdm_op_SpecTopModule"/></StgValue>
</bind>
</comp>

<comp id="16" class="1001" name="const_16">
<pin_list>
<pin id="17" dir="1" index="0" bw="1" slack="2147483647"/>
</pin_list>
<bind>
<StgValue><ssdm name="ped_alg_str"/></StgValue>
</bind>
</comp>

<comp id="18" class="1001" name="const_18">
<pin_list>
<pin id="19" dir="1" index="0" bw="1" slack="2147483647"/>
</pin_list>
<bind>
<StgValue><ssdm name="_ssdm_op_SpecLatency"/></StgValue>
</bind>
</comp>

<comp id="20" class="1001" name="const_20">
<pin_list>
<pin id="21" dir="1" index="0" bw="1" slack="2147483647"/>
</pin_list>
<bind>
<StgValue><ssdm name=""/></StgValue>
</bind>
</comp>

<comp id="22" class="1001" name="const_22">
<pin_list>
<pin id="23" dir="1" index="0" bw="1" slack="2147483647"/>
</pin_list>
<bind>
<StgValue><ssdm name=""/></StgValue>
</bind>
</comp>

<comp id="24" class="1001" name="const_24">
<pin_list>
<pin id="25" dir="1" index="0" bw="1" slack="2147483647"/>
</pin_list>
<bind>
<StgValue><ssdm name="p_str1"/></StgValue>
</bind>
</comp>

<comp id="26" class="1001" name="const_26">
<pin_list>
<pin id="27" dir="1" index="0" bw="1" slack="0"/>
</pin_list>
<bind>
<StgValue><ssdm name="_ssdm_op_Read.ap_auto.i32P"/></StgValue>
</bind>
</comp>

<comp id="28" class="1001" name="const_28">
<pin_list>
<pin id="29" dir="1" index="0" bw="1" slack="0"/>
</pin_list>
<bind>
<StgValue><ssdm name=""/></StgValue>
</bind>
</comp>

<comp id="30" class="1001" name="const_30">
<pin_list>
<pin id="31" dir="1" index="0" bw="1" slack="0"/>
</pin_list>
<bind>
<StgValue><ssdm name=""/></StgValue>
</bind>
</comp>

<comp id="32" class="1001" name="const_32">
<pin_list>
<pin id="33" dir="1" index="0" bw="1" slack="2147483647"/>
</pin_list>
<bind>
<StgValue><ssdm name="_ssdm_op_SpecRegionEnd"/></StgValue>
</bind>
</comp>

<comp id="34" class="1001" name="const_34">
<pin_list>
<pin id="35" dir="1" index="0" bw="1" slack="0"/>
</pin_list>
<bind>
<StgValue><ssdm name=""/></StgValue>
</bind>
</comp>

<comp id="36" class="1001" name="const_36">
<pin_list>
<pin id="37" dir="1" index="0" bw="1" slack="0"/>
</pin_list>
<bind>
<StgValue><ssdm name=""/></StgValue>
</bind>
</comp>

<comp id="38" class="1001" name="const_38">
<pin_list>
<pin id="39" dir="1" index="0" bw="1" slack="0"/>
</pin_list>
<bind>
<StgValue><ssdm name="_ssdm_op_Write.ap_auto.i32P"/></StgValue>
</bind>
</comp>

<comp id="40" class="1001" name="const_40">
<pin_list>
<pin id="41" dir="1" index="0" bw="1" slack="2147483647"/>
</pin_list>
<bind>
<StgValue><ssdm name="p_str3"/></StgValue>
</bind>
</comp>

<comp id="42" class="1001" name="const_42">
<pin_list>
<pin id="43" dir="1" index="0" bw="1" slack="1"/>
</pin_list>
<bind>
<StgValue><ssdm name=""/></StgValue>
</bind>
</comp>

<comp id="44" class="1001" name="const_44">
<pin_list>
<pin id="45" dir="1" index="0" bw="1" slack="1"/>
</pin_list>
<bind>
<StgValue><ssdm name=""/></StgValue>
</bind>
</comp>

<comp id="46" class="1004" name="ADC_read_read_fu_46">
<pin_list>
<pin id="47" dir="0" index="0" bw="32" slack="0"/>
<pin id="48" dir="0" index="1" bw="32" slack="0"/>
<pin id="49" dir="1" index="2" bw="32" slack="0"/>
</pin_list>
<bind>
<opcode="read(1150) " fcode="read"/>
<opset="ADC_read/3 "/>
</bind>
</comp>

<comp id="52" class="1004" name="ped_val_read_read_fu_52">
<pin_list>
<pin id="53" dir="0" index="0" bw="32" slack="0"/>
<pin id="54" dir="0" index="1" bw="32" slack="0"/>
<pin id="55" dir="1" index="2" bw="32" slack="0"/>
</pin_list>
<bind>
<opcode="read(1150) " fcode="read"/>
<opset="ped_val_read/3 "/>
</bind>
</comp>

<comp id="58" class="1004" name="accum_read_read_fu_58">
<pin_list>
<pin id="59" dir="0" index="0" bw="32" slack="0"/>
<pin id="60" dir="0" index="1" bw="32" slack="0"/>
<pin id="61" dir="1" index="2" bw="32" slack="0"/>
</pin_list>
<bind>
<opcode="read(1150) " fcode="read"/>
<opset="accum_read/3 "/>
</bind>
</comp>

<comp id="64" class="1004" name="grp_write_fu_64">
<pin_list>
<pin id="65" dir="0" index="0" bw="0" slack="0"/>
<pin id="66" dir="0" index="1" bw="32" slack="0"/>
<pin id="67" dir="0" index="2" bw="32" slack="0"/>
<pin id="68" dir="1" index="3" bw="0" slack="2147483647"/>
</pin_list>
<bind>
<opcode="write(1151) " fcode="write"/>
<opset="write_ln34/3 write_ln28/3 "/>
</bind>
</comp>

<comp id="71" class="1004" name="write_ln40_write_fu_71">
<pin_list>
<pin id="72" dir="0" index="0" bw="0" slack="0"/>
<pin id="73" dir="0" index="1" bw="32" slack="0"/>
<pin id="74" dir="0" index="2" bw="32" slack="0"/>
<pin id="75" dir="1" index="3" bw="0" slack="2147483647"/>
</pin_list>
<bind>
<opcode="write(1151) " fcode="write"/>
<opset="write_ln40/4 "/>
</bind>
</comp>

<comp id="78" class="1004" name="write_ln18_write_fu_78">
<pin_list>
<pin id="79" dir="0" index="0" bw="0" slack="0"/>
<pin id="80" dir="0" index="1" bw="32" slack="0"/>
<pin id="81" dir="0" index="2" bw="32" slack="0"/>
<pin id="82" dir="1" index="3" bw="0" slack="2147483647"/>
</pin_list>
<bind>
<opcode="write(1151) " fcode="write"/>
<opset="write_ln18/4 "/>
</bind>
</comp>

<comp id="85" class="1005" name="accum_flag_2_reg_85">
<pin_list>
<pin id="86" dir="0" index="0" bw="1" slack="1"/>
<pin id="87" dir="1" index="1" bw="1" slack="1"/>
</pin_list>
<bind>
<opset="accum_flag_2 (phireg) "/>
</bind>
</comp>

<comp id="89" class="1004" name="accum_flag_2_phi_fu_89">
<pin_list>
<pin id="90" dir="0" index="0" bw="1" slack="1"/>
<pin id="91" dir="0" index="1" bw="0" slack="2147483647"/>
<pin id="92" dir="0" index="2" bw="1" slack="1"/>
<pin id="93" dir="0" index="3" bw="0" slack="2147483647"/>
<pin id="94" dir="0" index="4" bw="1" slack="1"/>
<pin id="95" dir="0" index="5" bw="0" slack="2147483647"/>
<pin id="96" dir="1" index="6" bw="1" slack="2147483647"/>
</pin_list>
<bind>
<opcode="phi(47) " fcode="phi"/>
<opset="accum_flag_2/4 "/>
</bind>
</comp>

<comp id="99" class="1005" name="accum_new_2_reg_99">
<pin_list>
<pin id="100" dir="0" index="0" bw="32" slack="1"/>
<pin id="101" dir="1" index="1" bw="32" slack="1"/>
</pin_list>
<bind>
<opset="accum_new_2 (phireg) "/>
</bind>
</comp>

<comp id="103" class="1004" name="accum_new_2_phi_fu_103">
<pin_list>
<pin id="104" dir="0" index="0" bw="1" slack="1"/>
<pin id="105" dir="0" index="1" bw="0" slack="2147483647"/>
<pin id="106" dir="0" index="2" bw="1" slack="1"/>
<pin id="107" dir="0" index="3" bw="0" slack="2147483647"/>
<pin id="108" dir="0" index="4" bw="32" slack="1"/>
<pin id="109" dir="0" index="5" bw="0" slack="2147483647"/>
<pin id="110" dir="1" index="6" bw="32" slack="0"/>
</pin_list>
<bind>
<opcode="phi(47) " fcode="phi"/>
<opset="accum_new_2/4 "/>
</bind>
</comp>

<comp id="114" class="1005" name="ped_val_load_3_reg_114">
<pin_list>
<pin id="115" dir="0" index="0" bw="32" slack="2147483647"/>
<pin id="116" dir="1" index="1" bw="32" slack="2147483647"/>
</pin_list>
<bind>
<opset="ped_val_load_3 (phireg) "/>
</bind>
</comp>

<comp id="117" class="1004" name="ped_val_load_3_phi_fu_117">
<pin_list>
<pin id="118" dir="0" index="0" bw="32" slack="1"/>
<pin id="119" dir="0" index="1" bw="0" slack="2147483647"/>
<pin id="120" dir="0" index="2" bw="32" slack="1"/>
<pin id="121" dir="0" index="3" bw="0" slack="2147483647"/>
<pin id="122" dir="0" index="4" bw="32" slack="1"/>
<pin id="123" dir="0" index="5" bw="0" slack="2147483647"/>
<pin id="124" dir="1" index="6" bw="32" slack="0"/>
</pin_list>
<bind>
<opcode="phi(47) " fcode="phi"/>
<opset="ped_val_load_3/4 "/>
</bind>
</comp>

<comp id="125" class="1004" name="icmp_ln17_fu_125">
<pin_list>
<pin id="126" dir="0" index="0" bw="32" slack="0"/>
<pin id="127" dir="0" index="1" bw="32" slack="0"/>
<pin id="128" dir="1" index="2" bw="1" slack="0"/>
</pin_list>
<bind>
<opcode="icmp(45) " fcode="icmp"/>
<opset="icmp_ln17/3 "/>
</bind>
</comp>

<comp id="131" class="1004" name="add_ln18_fu_131">
<pin_list>
<pin id="132" dir="0" index="0" bw="32" slack="0"/>
<pin id="133" dir="0" index="1" bw="1" slack="0"/>
<pin id="134" dir="1" index="2" bw="32" slack="0"/>
</pin_list>
<bind>
<opcode="add(8) " fcode="add"/>
<opset="add_ln18/3 "/>
</bind>
</comp>

<comp id="137" class="1004" name="icmp_ln21_fu_137">
<pin_list>
<pin id="138" dir="0" index="0" bw="32" slack="0"/>
<pin id="139" dir="0" index="1" bw="32" slack="0"/>
<pin id="140" dir="1" index="2" bw="1" slack="0"/>
</pin_list>
<bind>
<opcode="icmp(45) " fcode="icmp"/>
<opset="icmp_ln21/3 "/>
</bind>
</comp>

<comp id="143" class="1004" name="add_ln22_fu_143">
<pin_list>
<pin id="144" dir="0" index="0" bw="32" slack="0"/>
<pin id="145" dir="0" index="1" bw="1" slack="0"/>
<pin id="146" dir="1" index="2" bw="32" slack="0"/>
</pin_list>
<bind>
<opcode="add(8) " fcode="add"/>
<opset="add_ln22/3 "/>
</bind>
</comp>

<comp id="149" class="1004" name="select_ln21_fu_149">
<pin_list>
<pin id="150" dir="0" index="0" bw="1" slack="0"/>
<pin id="151" dir="0" index="1" bw="32" slack="0"/>
<pin id="152" dir="0" index="2" bw="32" slack="0"/>
<pin id="153" dir="1" index="3" bw="32" slack="0"/>
</pin_list>
<bind>
<opcode="select(49) " fcode="select"/>
<opset="select_ln21/3 "/>
</bind>
</comp>

<comp id="157" class="1004" name="icmp_ln17_1_fu_157">
<pin_list>
<pin id="158" dir="0" index="0" bw="32" slack="0"/>
<pin id="159" dir="0" index="1" bw="32" slack="0"/>
<pin id="160" dir="1" index="2" bw="1" slack="1"/>
</pin_list>
<bind>
<opcode="icmp(45) " fcode="icmp"/>
<opset="icmp_ln17_1/3 "/>
</bind>
</comp>

<comp id="163" class="1004" name="select_ln17_fu_163">
<pin_list>
<pin id="164" dir="0" index="0" bw="1" slack="0"/>
<pin id="165" dir="0" index="1" bw="32" slack="0"/>
<pin id="166" dir="0" index="2" bw="32" slack="0"/>
<pin id="167" dir="1" index="3" bw="32" slack="0"/>
</pin_list>
<bind>
<opcode="select(49) " fcode="select"/>
<opset="select_ln17/3 "/>
</bind>
</comp>

<comp id="171" class="1004" name="icmp_ln27_fu_171">
<pin_list>
<pin id="172" dir="0" index="0" bw="32" slack="0"/>
<pin id="173" dir="0" index="1" bw="32" slack="0"/>
<pin id="174" dir="1" index="2" bw="1" slack="2147483647"/>
</pin_list>
<bind>
<opcode="icmp(45) " fcode="icmp"/>
<opset="icmp_ln27/3 "/>
</bind>
</comp>

<comp id="177" class="1004" name="icmp_ln33_fu_177">
<pin_list>
<pin id="178" dir="0" index="0" bw="32" slack="0"/>
<pin id="179" dir="0" index="1" bw="32" slack="0"/>
<pin id="180" dir="1" index="2" bw="1" slack="2147483647"/>
</pin_list>
<bind>
<opcode="icmp(45) " fcode="icmp"/>
<opset="icmp_ln33/3 "/>
</bind>
</comp>

<comp id="183" class="1004" name="add_ln34_fu_183">
<pin_list>
<pin id="184" dir="0" index="0" bw="32" slack="0"/>
<pin id="185" dir="0" index="1" bw="1" slack="0"/>
<pin id="186" dir="1" index="2" bw="32" slack="0"/>
</pin_list>
<bind>
<opcode="add(8) " fcode="add"/>
<opset="add_ln34/3 "/>
</bind>
</comp>

<comp id="190" class="1004" name="add_ln28_fu_190">
<pin_list>
<pin id="191" dir="0" index="0" bw="32" slack="0"/>
<pin id="192" dir="0" index="1" bw="1" slack="0"/>
<pin id="193" dir="1" index="2" bw="32" slack="0"/>
</pin_list>
<bind>
<opcode="add(8) " fcode="add"/>
<opset="add_ln28/3 "/>
</bind>
</comp>

<comp id="197" class="1004" name="sub_ln40_fu_197">
<pin_list>
<pin id="198" dir="0" index="0" bw="32" slack="1"/>
<pin id="199" dir="0" index="1" bw="32" slack="0"/>
<pin id="200" dir="1" index="2" bw="32" slack="0"/>
</pin_list>
<bind>
<opcode="sub(10) " fcode="sub"/>
<opset="sub_ln40/4 "/>
</bind>
</comp>

<comp id="203" class="1005" name="ADC_read_reg_203">
<pin_list>
<pin id="204" dir="0" index="0" bw="32" slack="1"/>
<pin id="205" dir="1" index="1" bw="32" slack="1"/>
</pin_list>
<bind>
<opset="ADC_read "/>
</bind>
</comp>

<comp id="208" class="1005" name="ped_val_read_reg_208">
<pin_list>
<pin id="209" dir="0" index="0" bw="32" slack="1"/>
<pin id="210" dir="1" index="1" bw="32" slack="1"/>
</pin_list>
<bind>
<opset="ped_val_read "/>
</bind>
</comp>

<comp id="213" class="1005" name="icmp_ln17_1_reg_213">
<pin_list>
<pin id="214" dir="0" index="0" bw="1" slack="1"/>
<pin id="215" dir="1" index="1" bw="1" slack="1"/>
</pin_list>
<bind>
<opset="icmp_ln17_1 "/>
</bind>
</comp>

<comp id="218" class="1005" name="select_ln17_reg_218">
<pin_list>
<pin id="219" dir="0" index="0" bw="32" slack="1"/>
<pin id="220" dir="1" index="1" bw="32" slack="1"/>
</pin_list>
<bind>
<opset="select_ln17 "/>
</bind>
</comp>

<comp id="229" class="1005" name="add_ln34_reg_229">
<pin_list>
<pin id="230" dir="0" index="0" bw="32" slack="1"/>
<pin id="231" dir="1" index="1" bw="32" slack="1"/>
</pin_list>
<bind>
<opset="add_ln34 "/>
</bind>
</comp>

<comp id="234" class="1005" name="add_ln28_reg_234">
<pin_list>
<pin id="235" dir="0" index="0" bw="32" slack="1"/>
<pin id="236" dir="1" index="1" bw="32" slack="1"/>
</pin_list>
<bind>
<opset="add_ln28 "/>
</bind>
</comp>

</comp_list>

<net_list>
<net id="50"><net_src comp="26" pin="0"/><net_sink comp="46" pin=0"/></net>

<net id="51"><net_src comp="4" pin="0"/><net_sink comp="46" pin=1"/></net>

<net id="56"><net_src comp="26" pin="0"/><net_sink comp="52" pin=0"/></net>

<net id="57"><net_src comp="0" pin="0"/><net_sink comp="52" pin=1"/></net>

<net id="62"><net_src comp="26" pin="0"/><net_sink comp="58" pin=0"/></net>

<net id="63"><net_src comp="2" pin="0"/><net_sink comp="58" pin=1"/></net>

<net id="69"><net_src comp="38" pin="0"/><net_sink comp="64" pin=0"/></net>

<net id="70"><net_src comp="0" pin="0"/><net_sink comp="64" pin=1"/></net>

<net id="76"><net_src comp="38" pin="0"/><net_sink comp="71" pin=0"/></net>

<net id="77"><net_src comp="4" pin="0"/><net_sink comp="71" pin=1"/></net>

<net id="83"><net_src comp="38" pin="0"/><net_sink comp="78" pin=0"/></net>

<net id="84"><net_src comp="2" pin="0"/><net_sink comp="78" pin=1"/></net>

<net id="88"><net_src comp="42" pin="0"/><net_sink comp="85" pin=0"/></net>

<net id="97"><net_src comp="85" pin="1"/><net_sink comp="89" pin=0"/></net>

<net id="98"><net_src comp="85" pin="1"/><net_sink comp="89" pin=2"/></net>

<net id="102"><net_src comp="44" pin="0"/><net_sink comp="99" pin=0"/></net>

<net id="111"><net_src comp="99" pin="1"/><net_sink comp="103" pin=0"/></net>

<net id="112"><net_src comp="99" pin="1"/><net_sink comp="103" pin=2"/></net>

<net id="113"><net_src comp="103" pin="6"/><net_sink comp="78" pin=2"/></net>

<net id="129"><net_src comp="46" pin="2"/><net_sink comp="125" pin=0"/></net>

<net id="130"><net_src comp="52" pin="2"/><net_sink comp="125" pin=1"/></net>

<net id="135"><net_src comp="58" pin="2"/><net_sink comp="131" pin=0"/></net>

<net id="136"><net_src comp="28" pin="0"/><net_sink comp="131" pin=1"/></net>

<net id="141"><net_src comp="46" pin="2"/><net_sink comp="137" pin=0"/></net>

<net id="142"><net_src comp="52" pin="2"/><net_sink comp="137" pin=1"/></net>

<net id="147"><net_src comp="58" pin="2"/><net_sink comp="143" pin=0"/></net>

<net id="148"><net_src comp="30" pin="0"/><net_sink comp="143" pin=1"/></net>

<net id="154"><net_src comp="137" pin="2"/><net_sink comp="149" pin=0"/></net>

<net id="155"><net_src comp="143" pin="2"/><net_sink comp="149" pin=1"/></net>

<net id="156"><net_src comp="58" pin="2"/><net_sink comp="149" pin=2"/></net>

<net id="161"><net_src comp="46" pin="2"/><net_sink comp="157" pin=0"/></net>

<net id="162"><net_src comp="52" pin="2"/><net_sink comp="157" pin=1"/></net>

<net id="168"><net_src comp="125" pin="2"/><net_sink comp="163" pin=0"/></net>

<net id="169"><net_src comp="131" pin="2"/><net_sink comp="163" pin=1"/></net>

<net id="170"><net_src comp="149" pin="3"/><net_sink comp="163" pin=2"/></net>

<net id="175"><net_src comp="163" pin="3"/><net_sink comp="171" pin=0"/></net>

<net id="176"><net_src comp="34" pin="0"/><net_sink comp="171" pin=1"/></net>

<net id="181"><net_src comp="163" pin="3"/><net_sink comp="177" pin=0"/></net>

<net id="182"><net_src comp="36" pin="0"/><net_sink comp="177" pin=1"/></net>

<net id="187"><net_src comp="52" pin="2"/><net_sink comp="183" pin=0"/></net>

<net id="188"><net_src comp="30" pin="0"/><net_sink comp="183" pin=1"/></net>

<net id="189"><net_src comp="183" pin="2"/><net_sink comp="64" pin=2"/></net>

<net id="194"><net_src comp="52" pin="2"/><net_sink comp="190" pin=0"/></net>

<net id="195"><net_src comp="28" pin="0"/><net_sink comp="190" pin=1"/></net>

<net id="196"><net_src comp="190" pin="2"/><net_sink comp="64" pin=2"/></net>

<net id="201"><net_src comp="117" pin="6"/><net_sink comp="197" pin=1"/></net>

<net id="202"><net_src comp="197" pin="2"/><net_sink comp="71" pin=2"/></net>

<net id="206"><net_src comp="46" pin="2"/><net_sink comp="203" pin=0"/></net>

<net id="207"><net_src comp="203" pin="1"/><net_sink comp="197" pin=0"/></net>

<net id="211"><net_src comp="52" pin="2"/><net_sink comp="208" pin=0"/></net>

<net id="212"><net_src comp="208" pin="1"/><net_sink comp="117" pin=4"/></net>

<net id="216"><net_src comp="157" pin="2"/><net_sink comp="213" pin=0"/></net>

<net id="217"><net_src comp="213" pin="1"/><net_sink comp="89" pin=4"/></net>

<net id="221"><net_src comp="163" pin="3"/><net_sink comp="218" pin=0"/></net>

<net id="222"><net_src comp="218" pin="1"/><net_sink comp="103" pin=4"/></net>

<net id="232"><net_src comp="183" pin="2"/><net_sink comp="229" pin=0"/></net>

<net id="233"><net_src comp="229" pin="1"/><net_sink comp="117" pin=2"/></net>

<net id="237"><net_src comp="190" pin="2"/><net_sink comp="234" pin=0"/></net>

<net id="238"><net_src comp="234" pin="1"/><net_sink comp="117" pin=0"/></net>

</net_list>

</model> 
---------------- Datapath Model END ------------------

* FSMD analyzer results:
  - Output states:
	Port: ped_val | {3 }
	Port: accum | {4 }
	Port: ADC | {4 }
 - Input state : 
	Port: ped_alg : ped_val | {3 }
	Port: ped_alg : accum | {3 }
	Port: ped_alg : ADC | {3 }
  - Chain level:
	State 1
	State 2
	State 3
		select_ln21 : 1
		select_ln17 : 2
		icmp_ln27 : 3
		br_ln27 : 4
		icmp_ln33 : 3
		br_ln33 : 4
		write_ln34 : 1
		write_ln28 : 1
	State 4
		sub_ln40 : 1
		write_ln40 : 2
		br_ln17 : 1
		write_ln18 : 1


============================================================
+ Verbose Summary: Datapath Resource usage 
============================================================

* Functional unit list:
|----------|-------------------------|---------|---------|
| Operation|     Functional Unit     |    FF   |   LUT   |
|----------|-------------------------|---------|---------|
|          |     add_ln18_fu_131     |    0    |    39   |
|    add   |     add_ln22_fu_143     |    0    |    39   |
|          |     add_ln34_fu_183     |    0    |    39   |
|          |     add_ln28_fu_190     |    0    |    39   |
|----------|-------------------------|---------|---------|
|          |     icmp_ln17_fu_125    |    0    |    20   |
|          |     icmp_ln21_fu_137    |    0    |    20   |
|   icmp   |    icmp_ln17_1_fu_157   |    0    |    20   |
|          |     icmp_ln27_fu_171    |    0    |    20   |
|          |     icmp_ln33_fu_177    |    0    |    20   |
|----------|-------------------------|---------|---------|
|  select  |    select_ln21_fu_149   |    0    |    32   |
|          |    select_ln17_fu_163   |    0    |    32   |
|----------|-------------------------|---------|---------|
|    sub   |     sub_ln40_fu_197     |    0    |    39   |
|----------|-------------------------|---------|---------|
|          |   ADC_read_read_fu_46   |    0    |    0    |
|   read   | ped_val_read_read_fu_52 |    0    |    0    |
|          |  accum_read_read_fu_58  |    0    |    0    |
|----------|-------------------------|---------|---------|
|          |     grp_write_fu_64     |    0    |    0    |
|   write  |  write_ln40_write_fu_71 |    0    |    0    |
|          |  write_ln18_write_fu_78 |    0    |    0    |
|----------|-------------------------|---------|---------|
|   Total  |                         |    0    |   359   |
|----------|-------------------------|---------|---------|

Memories:
N/A

* Register list:
+----------------------+--------+
|                      |   FF   |
+----------------------+--------+
|   ADC_read_reg_203   |   32   |
|  accum_flag_2_reg_85 |    1   |
|  accum_new_2_reg_99  |   32   |
|   add_ln28_reg_234   |   32   |
|   add_ln34_reg_229   |   32   |
|  icmp_ln17_1_reg_213 |    1   |
|ped_val_load_3_reg_114|   32   |
| ped_val_read_reg_208 |   32   |
|  select_ln17_reg_218 |   32   |
+----------------------+--------+
|         Total        |   226  |
+----------------------+--------+

* Multiplexer (MUX) list: 
|-----------------|------|------|------|--------||---------||---------|
|       Comp      |  Pin | Size |  BW  | S x BW ||  Delay  ||   LUT   |
|-----------------|------|------|------|--------||---------||---------|
| grp_write_fu_64 |  p2  |   2  |  32  |   64   ||    9    |
|-----------------|------|------|------|--------||---------||---------|
|      Total      |      |      |      |   64   ||  0.656  ||    9    |
|-----------------|------|------|------|--------||---------||---------|



* Summary:
+-----------+--------+--------+--------+
|           |  Delay |   FF   |   LUT  |
+-----------+--------+--------+--------+
|  Function |    -   |    0   |   359  |
|   Memory  |    -   |    -   |    -   |
|Multiplexer|    0   |    -   |    9   |
|  Register |    -   |   226  |    -   |
+-----------+--------+--------+--------+
|   Total   |    0   |   226  |   368  |
+-----------+--------+--------+--------+
