
*** Running vivado
    with args -log distRAM_64x12.vds -m64 -product Vivado -mode batch -messageDb vivado.pb -notrace -source distRAM_64x12.tcl


****** Vivado v2018.3 (64-bit)
  **** SW Build 2405991 on Thu Dec  6 23:36:41 MST 2018
  **** IP Build 2404404 on Fri Dec  7 01:43:56 MST 2018
    ** Copyright 1986-2018 Xilinx, Inc. All Rights Reserved.

source distRAM_64x12.tcl -notrace
Command: synth_design -top distRAM_64x12 -part xczu9eg-ffvb1156-2-e -mode out_of_context
Starting synth_design
Attempting to get a license for feature 'Synthesis' and/or device 'xczu9eg'
INFO: [Common 17-349] Got license for feature 'Synthesis' and/or device 'xczu9eg'
INFO: Launching helper process for spawning children vivado processes
INFO: Helper process launched with PID 1601 
---------------------------------------------------------------------------------
Starting RTL Elaboration : Time (s): cpu = 00:00:02 ; elapsed = 00:00:03 . Memory (MB): peak = 1561.980 ; gain = 69.996 ; free physical = 91820 ; free virtual = 110709
---------------------------------------------------------------------------------
INFO: [Synth 8-638] synthesizing module 'distRAM_64x12' [/net/home/ppd/hmo31799/Documents/dune_project/ped_sub/tpg_core/proj/dataflowZCU102/dataflowZCU102/dataflowZCU102.srcs/sources_1/ip/distRAM_64x12/synth/distRAM_64x12.vhd:71]
	Parameter C_FAMILY bound to: zynquplus - type: string 
	Parameter C_ADDR_WIDTH bound to: 6 - type: integer 
	Parameter C_DEFAULT_DATA bound to: 0 - type: string 
	Parameter C_DEPTH bound to: 64 - type: integer 
	Parameter C_HAS_CLK bound to: 1 - type: integer 
	Parameter C_HAS_D bound to: 1 - type: integer 
	Parameter C_HAS_DPO bound to: 0 - type: integer 
	Parameter C_HAS_DPRA bound to: 1 - type: integer 
	Parameter C_HAS_I_CE bound to: 0 - type: integer 
	Parameter C_HAS_QDPO bound to: 1 - type: integer 
	Parameter C_HAS_QDPO_CE bound to: 0 - type: integer 
	Parameter C_HAS_QDPO_CLK bound to: 0 - type: integer 
	Parameter C_HAS_QDPO_RST bound to: 0 - type: integer 
	Parameter C_HAS_QDPO_SRST bound to: 1 - type: integer 
	Parameter C_HAS_QSPO bound to: 0 - type: integer 
	Parameter C_HAS_QSPO_CE bound to: 0 - type: integer 
	Parameter C_HAS_QSPO_RST bound to: 0 - type: integer 
	Parameter C_HAS_QSPO_SRST bound to: 0 - type: integer 
	Parameter C_HAS_SPO bound to: 0 - type: integer 
	Parameter C_HAS_WE bound to: 1 - type: integer 
	Parameter C_MEM_INIT_FILE bound to: no_coe_file_loaded - type: string 
	Parameter C_ELABORATION_DIR bound to: ./ - type: string 
	Parameter C_MEM_TYPE bound to: 4 - type: integer 
	Parameter C_PIPELINE_STAGES bound to: 0 - type: integer 
	Parameter C_QCE_JOINED bound to: 0 - type: integer 
	Parameter C_QUALIFY_WE bound to: 0 - type: integer 
	Parameter C_READ_MIF bound to: 0 - type: integer 
	Parameter C_REG_A_D_INPUTS bound to: 0 - type: integer 
	Parameter C_REG_DPRA_INPUT bound to: 0 - type: integer 
	Parameter C_SYNC_ENABLE bound to: 1 - type: integer 
	Parameter C_WIDTH bound to: 12 - type: integer 
	Parameter C_PARSER_TYPE bound to: 1 - type: integer 
INFO: [Synth 8-3491] module 'dist_mem_gen_v8_0_12' declared at '/net/home/ppd/hmo31799/Documents/dune_project/ped_sub/tpg_core/proj/dataflowZCU102/dataflowZCU102/dataflowZCU102.srcs/sources_1/ip/distRAM_64x12/hdl/dist_mem_gen_v8_0_vhsyn_rfs.vhd:3237' bound to instance 'U0' of component 'dist_mem_gen_v8_0_12' [/net/home/ppd/hmo31799/Documents/dune_project/ped_sub/tpg_core/proj/dataflowZCU102/dataflowZCU102/dataflowZCU102.srcs/sources_1/ip/distRAM_64x12/synth/distRAM_64x12.vhd:137]
INFO: [Synth 8-256] done synthesizing module 'distRAM_64x12' (4#1) [/net/home/ppd/hmo31799/Documents/dune_project/ped_sub/tpg_core/proj/dataflowZCU102/dataflowZCU102/dataflowZCU102.srcs/sources_1/ip/distRAM_64x12/synth/distRAM_64x12.vhd:71]
WARNING: [Synth 8-3331] design sdpram has unconnected port sdpo[11]
WARNING: [Synth 8-3331] design sdpram has unconnected port sdpo[10]
WARNING: [Synth 8-3331] design sdpram has unconnected port sdpo[9]
WARNING: [Synth 8-3331] design sdpram has unconnected port sdpo[8]
WARNING: [Synth 8-3331] design sdpram has unconnected port sdpo[7]
WARNING: [Synth 8-3331] design sdpram has unconnected port sdpo[6]
WARNING: [Synth 8-3331] design sdpram has unconnected port sdpo[5]
WARNING: [Synth 8-3331] design sdpram has unconnected port sdpo[4]
WARNING: [Synth 8-3331] design sdpram has unconnected port sdpo[3]
WARNING: [Synth 8-3331] design sdpram has unconnected port sdpo[2]
WARNING: [Synth 8-3331] design sdpram has unconnected port sdpo[1]
WARNING: [Synth 8-3331] design sdpram has unconnected port sdpo[0]
WARNING: [Synth 8-3331] design sdpram has unconnected port i_ce
WARNING: [Synth 8-3331] design sdpram has unconnected port qsdpo_clk
WARNING: [Synth 8-3331] design sdpram has unconnected port qsdpo_ce
WARNING: [Synth 8-3331] design sdpram has unconnected port qsdpo_rst
WARNING: [Synth 8-3331] design dist_mem_gen_v8_0_12_synth has unconnected port spo[11]
WARNING: [Synth 8-3331] design dist_mem_gen_v8_0_12_synth has unconnected port spo[10]
WARNING: [Synth 8-3331] design dist_mem_gen_v8_0_12_synth has unconnected port spo[9]
WARNING: [Synth 8-3331] design dist_mem_gen_v8_0_12_synth has unconnected port spo[8]
WARNING: [Synth 8-3331] design dist_mem_gen_v8_0_12_synth has unconnected port spo[7]
WARNING: [Synth 8-3331] design dist_mem_gen_v8_0_12_synth has unconnected port spo[6]
WARNING: [Synth 8-3331] design dist_mem_gen_v8_0_12_synth has unconnected port spo[5]
WARNING: [Synth 8-3331] design dist_mem_gen_v8_0_12_synth has unconnected port spo[4]
WARNING: [Synth 8-3331] design dist_mem_gen_v8_0_12_synth has unconnected port spo[3]
WARNING: [Synth 8-3331] design dist_mem_gen_v8_0_12_synth has unconnected port spo[2]
WARNING: [Synth 8-3331] design dist_mem_gen_v8_0_12_synth has unconnected port spo[1]
WARNING: [Synth 8-3331] design dist_mem_gen_v8_0_12_synth has unconnected port spo[0]
WARNING: [Synth 8-3331] design dist_mem_gen_v8_0_12_synth has unconnected port qspo[11]
WARNING: [Synth 8-3331] design dist_mem_gen_v8_0_12_synth has unconnected port qspo[10]
WARNING: [Synth 8-3331] design dist_mem_gen_v8_0_12_synth has unconnected port qspo[9]
WARNING: [Synth 8-3331] design dist_mem_gen_v8_0_12_synth has unconnected port qspo[8]
WARNING: [Synth 8-3331] design dist_mem_gen_v8_0_12_synth has unconnected port qspo[7]
WARNING: [Synth 8-3331] design dist_mem_gen_v8_0_12_synth has unconnected port qspo[6]
WARNING: [Synth 8-3331] design dist_mem_gen_v8_0_12_synth has unconnected port qspo[5]
WARNING: [Synth 8-3331] design dist_mem_gen_v8_0_12_synth has unconnected port qspo[4]
WARNING: [Synth 8-3331] design dist_mem_gen_v8_0_12_synth has unconnected port qspo[3]
WARNING: [Synth 8-3331] design dist_mem_gen_v8_0_12_synth has unconnected port qspo[2]
WARNING: [Synth 8-3331] design dist_mem_gen_v8_0_12_synth has unconnected port qspo[1]
WARNING: [Synth 8-3331] design dist_mem_gen_v8_0_12_synth has unconnected port qspo[0]
WARNING: [Synth 8-3331] design dist_mem_gen_v8_0_12_synth has unconnected port qspo_ce
WARNING: [Synth 8-3331] design dist_mem_gen_v8_0_12_synth has unconnected port qspo_rst
WARNING: [Synth 8-3331] design dist_mem_gen_v8_0_12_synth has unconnected port qspo_srst
WARNING: [Synth 8-3331] design dist_mem_gen_v8_0_12 has unconnected port i_ce
WARNING: [Synth 8-3331] design dist_mem_gen_v8_0_12 has unconnected port qspo_ce
WARNING: [Synth 8-3331] design dist_mem_gen_v8_0_12 has unconnected port qdpo_ce
WARNING: [Synth 8-3331] design dist_mem_gen_v8_0_12 has unconnected port qdpo_clk
WARNING: [Synth 8-3331] design dist_mem_gen_v8_0_12 has unconnected port qspo_rst
WARNING: [Synth 8-3331] design dist_mem_gen_v8_0_12 has unconnected port qdpo_rst
WARNING: [Synth 8-3331] design dist_mem_gen_v8_0_12 has unconnected port qspo_srst
---------------------------------------------------------------------------------
Finished RTL Elaboration : Time (s): cpu = 00:00:03 ; elapsed = 00:00:06 . Memory (MB): peak = 1607.742 ; gain = 115.758 ; free physical = 91746 ; free virtual = 110635
---------------------------------------------------------------------------------

Report Check Netlist: 
+------+------------------+-------+---------+-------+------------------+
|      |Item              |Errors |Warnings |Status |Description       |
+------+------------------+-------+---------+-------+------------------+
|1     |multi_driven_nets |      0|        0|Passed |Multi driven nets |
+------+------------------+-------+---------+-------+------------------+
---------------------------------------------------------------------------------
Start Handling Custom Attributes
---------------------------------------------------------------------------------
---------------------------------------------------------------------------------
Finished Handling Custom Attributes : Time (s): cpu = 00:00:03 ; elapsed = 00:00:06 . Memory (MB): peak = 1607.742 ; gain = 115.758 ; free physical = 91726 ; free virtual = 110616
---------------------------------------------------------------------------------
---------------------------------------------------------------------------------
Finished RTL Optimization Phase 1 : Time (s): cpu = 00:00:03 ; elapsed = 00:00:06 . Memory (MB): peak = 1607.742 ; gain = 115.758 ; free physical = 91726 ; free virtual = 110616
---------------------------------------------------------------------------------
INFO: [Device 21-403] Loading part xczu9eg-ffvb1156-2-e
INFO: [Project 1-570] Preparing netlist for logic optimization

Processing XDC Constraints
Initializing timing engine
Parsing XDC File [/net/home/ppd/hmo31799/Documents/dune_project/ped_sub/tpg_core/proj/dataflowZCU102/dataflowZCU102/dataflowZCU102.srcs/sources_1/ip/distRAM_64x12/distRAM_64x12_ooc.xdc] for cell 'U0'
Finished Parsing XDC File [/net/home/ppd/hmo31799/Documents/dune_project/ped_sub/tpg_core/proj/dataflowZCU102/dataflowZCU102/dataflowZCU102.srcs/sources_1/ip/distRAM_64x12/distRAM_64x12_ooc.xdc] for cell 'U0'
Parsing XDC File [/net/home/ppd/hmo31799/Documents/dune_project/ped_sub/tpg_core/proj/dataflowZCU102/dataflowZCU102/dataflowZCU102.runs/distRAM_64x12_synth_1/dont_touch.xdc]
Finished Parsing XDC File [/net/home/ppd/hmo31799/Documents/dune_project/ped_sub/tpg_core/proj/dataflowZCU102/dataflowZCU102/dataflowZCU102.runs/distRAM_64x12_synth_1/dont_touch.xdc]
Completed Processing XDC Constraints

Netlist sorting complete. Time (s): cpu = 00:00:00 ; elapsed = 00:00:00 . Memory (MB): peak = 2583.809 ; gain = 0.000 ; free physical = 90285 ; free virtual = 109180
INFO: [Project 1-111] Unisim Transformation Summary:
No Unisim elements were transformed.

Netlist sorting complete. Time (s): cpu = 00:00:00 ; elapsed = 00:00:00 . Memory (MB): peak = 2583.812 ; gain = 0.000 ; free physical = 90289 ; free virtual = 109180
Constraint Validation Runtime : Time (s): cpu = 00:00:00.03 ; elapsed = 00:00:00.37 . Memory (MB): peak = 2583.812 ; gain = 0.004 ; free physical = 90298 ; free virtual = 109186
---------------------------------------------------------------------------------
Finished Constraint Validation : Time (s): cpu = 00:00:19 ; elapsed = 00:00:57 . Memory (MB): peak = 2583.812 ; gain = 1091.828 ; free physical = 91831 ; free virtual = 110719
---------------------------------------------------------------------------------
---------------------------------------------------------------------------------
Start Loading Part and Timing Information
---------------------------------------------------------------------------------
Loading part: xczu9eg-ffvb1156-2-e
INFO: [Synth 8-6742] Reading net delay rules and data
---------------------------------------------------------------------------------
Finished Loading Part and Timing Information : Time (s): cpu = 00:00:19 ; elapsed = 00:00:57 . Memory (MB): peak = 2583.812 ; gain = 1091.828 ; free physical = 91830 ; free virtual = 110718
---------------------------------------------------------------------------------
---------------------------------------------------------------------------------
Start Applying 'set_property' XDC Constraints
---------------------------------------------------------------------------------
Applied set_property DONT_TOUCH = true for U0. (constraint file  /net/home/ppd/hmo31799/Documents/dune_project/ped_sub/tpg_core/proj/dataflowZCU102/dataflowZCU102/dataflowZCU102.runs/distRAM_64x12_synth_1/dont_touch.xdc, line 9).
---------------------------------------------------------------------------------
Finished applying 'set_property' XDC Constraints : Time (s): cpu = 00:00:19 ; elapsed = 00:00:57 . Memory (MB): peak = 2583.812 ; gain = 1091.828 ; free physical = 91829 ; free virtual = 110717
---------------------------------------------------------------------------------
---------------------------------------------------------------------------------
Finished RTL Optimization Phase 2 : Time (s): cpu = 00:00:19 ; elapsed = 00:00:58 . Memory (MB): peak = 2583.812 ; gain = 1091.828 ; free physical = 91807 ; free virtual = 110695
---------------------------------------------------------------------------------

Report RTL Partitions: 
+-+--------------+------------+----------+
| |RTL Partition |Replication |Instances |
+-+--------------+------------+----------+
+-+--------------+------------+----------+
---------------------------------------------------------------------------------
Start RTL Component Statistics 
---------------------------------------------------------------------------------
Detailed RTL Component Info : 
+---Registers : 
	               12 Bit    Registers := 1     
---------------------------------------------------------------------------------
Finished RTL Component Statistics 
---------------------------------------------------------------------------------
---------------------------------------------------------------------------------
Start RTL Hierarchical Component Statistics 
---------------------------------------------------------------------------------
Hierarchical RTL Component report 
Module sdpram 
Detailed RTL Component Info : 
+---Registers : 
	               12 Bit    Registers := 1     
---------------------------------------------------------------------------------
Finished RTL Hierarchical Component Statistics
---------------------------------------------------------------------------------
---------------------------------------------------------------------------------
Start Part Resource Summary
---------------------------------------------------------------------------------
Part Resources:
DSPs: 2520 (col length:168)
BRAMs: 1824 (col length: RAMB18 168 RAMB36 84)
---------------------------------------------------------------------------------
Finished Part Resource Summary
---------------------------------------------------------------------------------
---------------------------------------------------------------------------------
Start Cross Boundary and Area Optimization
---------------------------------------------------------------------------------
Warning: Parallel synthesis criteria is not met 
WARNING: [Synth 8-3331] design dist_mem_gen_v8_0_12 has unconnected port spo[11]
WARNING: [Synth 8-3331] design dist_mem_gen_v8_0_12 has unconnected port spo[10]
WARNING: [Synth 8-3331] design dist_mem_gen_v8_0_12 has unconnected port spo[9]
WARNING: [Synth 8-3331] design dist_mem_gen_v8_0_12 has unconnected port spo[8]
WARNING: [Synth 8-3331] design dist_mem_gen_v8_0_12 has unconnected port spo[7]
WARNING: [Synth 8-3331] design dist_mem_gen_v8_0_12 has unconnected port spo[6]
WARNING: [Synth 8-3331] design dist_mem_gen_v8_0_12 has unconnected port spo[5]
WARNING: [Synth 8-3331] design dist_mem_gen_v8_0_12 has unconnected port spo[4]
WARNING: [Synth 8-3331] design dist_mem_gen_v8_0_12 has unconnected port spo[3]
WARNING: [Synth 8-3331] design dist_mem_gen_v8_0_12 has unconnected port spo[2]
WARNING: [Synth 8-3331] design dist_mem_gen_v8_0_12 has unconnected port spo[1]
WARNING: [Synth 8-3331] design dist_mem_gen_v8_0_12 has unconnected port spo[0]
WARNING: [Synth 8-3331] design dist_mem_gen_v8_0_12 has unconnected port dpo[11]
WARNING: [Synth 8-3331] design dist_mem_gen_v8_0_12 has unconnected port dpo[10]
WARNING: [Synth 8-3331] design dist_mem_gen_v8_0_12 has unconnected port dpo[9]
WARNING: [Synth 8-3331] design dist_mem_gen_v8_0_12 has unconnected port dpo[8]
WARNING: [Synth 8-3331] design dist_mem_gen_v8_0_12 has unconnected port dpo[7]
WARNING: [Synth 8-3331] design dist_mem_gen_v8_0_12 has unconnected port dpo[6]
WARNING: [Synth 8-3331] design dist_mem_gen_v8_0_12 has unconnected port dpo[5]
WARNING: [Synth 8-3331] design dist_mem_gen_v8_0_12 has unconnected port dpo[4]
WARNING: [Synth 8-3331] design dist_mem_gen_v8_0_12 has unconnected port dpo[3]
WARNING: [Synth 8-3331] design dist_mem_gen_v8_0_12 has unconnected port dpo[2]
WARNING: [Synth 8-3331] design dist_mem_gen_v8_0_12 has unconnected port dpo[1]
WARNING: [Synth 8-3331] design dist_mem_gen_v8_0_12 has unconnected port dpo[0]
WARNING: [Synth 8-3331] design dist_mem_gen_v8_0_12 has unconnected port qspo[11]
WARNING: [Synth 8-3331] design dist_mem_gen_v8_0_12 has unconnected port qspo[10]
WARNING: [Synth 8-3331] design dist_mem_gen_v8_0_12 has unconnected port qspo[9]
WARNING: [Synth 8-3331] design dist_mem_gen_v8_0_12 has unconnected port qspo[8]
WARNING: [Synth 8-3331] design dist_mem_gen_v8_0_12 has unconnected port qspo[7]
WARNING: [Synth 8-3331] design dist_mem_gen_v8_0_12 has unconnected port qspo[6]
WARNING: [Synth 8-3331] design dist_mem_gen_v8_0_12 has unconnected port qspo[5]
WARNING: [Synth 8-3331] design dist_mem_gen_v8_0_12 has unconnected port qspo[4]
WARNING: [Synth 8-3331] design dist_mem_gen_v8_0_12 has unconnected port qspo[3]
WARNING: [Synth 8-3331] design dist_mem_gen_v8_0_12 has unconnected port qspo[2]
WARNING: [Synth 8-3331] design dist_mem_gen_v8_0_12 has unconnected port qspo[1]
WARNING: [Synth 8-3331] design dist_mem_gen_v8_0_12 has unconnected port qspo[0]
WARNING: [Synth 8-3331] design dist_mem_gen_v8_0_12 has unconnected port i_ce
WARNING: [Synth 8-3331] design dist_mem_gen_v8_0_12 has unconnected port qspo_ce
WARNING: [Synth 8-3331] design dist_mem_gen_v8_0_12 has unconnected port qdpo_ce
WARNING: [Synth 8-3331] design dist_mem_gen_v8_0_12 has unconnected port qdpo_clk
WARNING: [Synth 8-3331] design dist_mem_gen_v8_0_12 has unconnected port qspo_rst
WARNING: [Synth 8-3331] design dist_mem_gen_v8_0_12 has unconnected port qdpo_rst
WARNING: [Synth 8-3331] design dist_mem_gen_v8_0_12 has unconnected port qspo_srst
---------------------------------------------------------------------------------
Finished Cross Boundary and Area Optimization : Time (s): cpu = 00:00:19 ; elapsed = 00:00:59 . Memory (MB): peak = 2583.812 ; gain = 1091.828 ; free physical = 91737 ; free virtual = 110627
---------------------------------------------------------------------------------
---------------------------------------------------------------------------------
Start ROM, RAM, DSP and Shift Register Reporting
---------------------------------------------------------------------------------

Distributed RAM: Preliminary Mapping  Report (see note below)
+------------+-------------------------------------------------------------+----------------+----------------------+---------------+
|Module Name | RTL Object                                                  | Inference      | Size (Depth x Width) | Primitives    | 
+------------+-------------------------------------------------------------+----------------+----------------------+---------------+
|U0          | synth_options.dist_mem_inst/gen_sdp_ram.sdpram_inst/ram_reg | User Attribute | 64 x 12              | RAM64M8 x 2   | 
+------------+-------------------------------------------------------------+----------------+----------------------+---------------+

Note: The table above is a preliminary report that shows the Distributed RAMs at the current stage of the synthesis flow. Some Distributed RAMs may be reimplemented as non Distributed RAM primitives later in the synthesis flow. Multiple instantiated RAMs are reported only once.
---------------------------------------------------------------------------------
Finished ROM, RAM, DSP and Shift Register Reporting
---------------------------------------------------------------------------------

Report RTL Partitions: 
+-+--------------+------------+----------+
| |RTL Partition |Replication |Instances |
+-+--------------+------------+----------+
+-+--------------+------------+----------+
---------------------------------------------------------------------------------
Start Applying XDC Timing Constraints
---------------------------------------------------------------------------------
---------------------------------------------------------------------------------
Finished Applying XDC Timing Constraints : Time (s): cpu = 00:00:46 ; elapsed = 00:02:30 . Memory (MB): peak = 2810.477 ; gain = 1318.492 ; free physical = 88938 ; free virtual = 107837
---------------------------------------------------------------------------------
---------------------------------------------------------------------------------
Start Timing Optimization
---------------------------------------------------------------------------------
---------------------------------------------------------------------------------
Finished Timing Optimization : Time (s): cpu = 00:00:46 ; elapsed = 00:02:30 . Memory (MB): peak = 2810.477 ; gain = 1318.492 ; free physical = 88938 ; free virtual = 107837
---------------------------------------------------------------------------------
---------------------------------------------------------------------------------
Start ROM, RAM, DSP and Shift Register Reporting
---------------------------------------------------------------------------------

Distributed RAM: Final Mapping  Report
+------------+-------------------------------------------------------------+----------------+----------------------+---------------+
|Module Name | RTL Object                                                  | Inference      | Size (Depth x Width) | Primitives    | 
+------------+-------------------------------------------------------------+----------------+----------------------+---------------+
|U0          | synth_options.dist_mem_inst/gen_sdp_ram.sdpram_inst/ram_reg | User Attribute | 64 x 12              | RAM64M8 x 2   | 
+------------+-------------------------------------------------------------+----------------+----------------------+---------------+

---------------------------------------------------------------------------------
Finished ROM, RAM, DSP and Shift Register Reporting
---------------------------------------------------------------------------------

Report RTL Partitions: 
+-+--------------+------------+----------+
| |RTL Partition |Replication |Instances |
+-+--------------+------------+----------+
+-+--------------+------------+----------+
---------------------------------------------------------------------------------
Start Technology Mapping
---------------------------------------------------------------------------------
---------------------------------------------------------------------------------
Finished Technology Mapping : Time (s): cpu = 00:00:46 ; elapsed = 00:02:30 . Memory (MB): peak = 2820.484 ; gain = 1328.500 ; free physical = 88929 ; free virtual = 107827
---------------------------------------------------------------------------------

Report RTL Partitions: 
+-+--------------+------------+----------+
| |RTL Partition |Replication |Instances |
+-+--------------+------------+----------+
+-+--------------+------------+----------+
---------------------------------------------------------------------------------
Start IO Insertion
---------------------------------------------------------------------------------
---------------------------------------------------------------------------------
Start Flattening Before IO Insertion
---------------------------------------------------------------------------------
---------------------------------------------------------------------------------
Finished Flattening Before IO Insertion
---------------------------------------------------------------------------------
---------------------------------------------------------------------------------
Start Final Netlist Cleanup
---------------------------------------------------------------------------------
---------------------------------------------------------------------------------
Finished Final Netlist Cleanup
---------------------------------------------------------------------------------
---------------------------------------------------------------------------------
Finished IO Insertion : Time (s): cpu = 00:00:47 ; elapsed = 00:02:30 . Memory (MB): peak = 2820.488 ; gain = 1328.504 ; free physical = 88924 ; free virtual = 107823
---------------------------------------------------------------------------------

Report Check Netlist: 
+------+------------------+-------+---------+-------+------------------+
|      |Item              |Errors |Warnings |Status |Description       |
+------+------------------+-------+---------+-------+------------------+
|1     |multi_driven_nets |      0|        0|Passed |Multi driven nets |
+------+------------------+-------+---------+-------+------------------+
---------------------------------------------------------------------------------
Start Renaming Generated Instances
---------------------------------------------------------------------------------
---------------------------------------------------------------------------------
Finished Renaming Generated Instances : Time (s): cpu = 00:00:47 ; elapsed = 00:02:30 . Memory (MB): peak = 2820.488 ; gain = 1328.504 ; free physical = 88924 ; free virtual = 107823
---------------------------------------------------------------------------------

Report RTL Partitions: 
+-+--------------+------------+----------+
| |RTL Partition |Replication |Instances |
+-+--------------+------------+----------+
+-+--------------+------------+----------+
---------------------------------------------------------------------------------
Start Rebuilding User Hierarchy
---------------------------------------------------------------------------------
---------------------------------------------------------------------------------
Finished Rebuilding User Hierarchy : Time (s): cpu = 00:00:47 ; elapsed = 00:02:30 . Memory (MB): peak = 2820.488 ; gain = 1328.504 ; free physical = 88924 ; free virtual = 107823
---------------------------------------------------------------------------------
---------------------------------------------------------------------------------
Start Renaming Generated Ports
---------------------------------------------------------------------------------
---------------------------------------------------------------------------------
Finished Renaming Generated Ports : Time (s): cpu = 00:00:47 ; elapsed = 00:02:30 . Memory (MB): peak = 2820.488 ; gain = 1328.504 ; free physical = 88924 ; free virtual = 107823
---------------------------------------------------------------------------------
---------------------------------------------------------------------------------
Start Handling Custom Attributes
---------------------------------------------------------------------------------
---------------------------------------------------------------------------------
Finished Handling Custom Attributes : Time (s): cpu = 00:00:47 ; elapsed = 00:02:30 . Memory (MB): peak = 2820.488 ; gain = 1328.504 ; free physical = 88924 ; free virtual = 107823
---------------------------------------------------------------------------------
---------------------------------------------------------------------------------
Start Renaming Generated Nets
---------------------------------------------------------------------------------
---------------------------------------------------------------------------------
Finished Renaming Generated Nets : Time (s): cpu = 00:00:47 ; elapsed = 00:02:30 . Memory (MB): peak = 2820.488 ; gain = 1328.504 ; free physical = 88924 ; free virtual = 107823
---------------------------------------------------------------------------------
---------------------------------------------------------------------------------
Start Writing Synthesis Report
---------------------------------------------------------------------------------

Report BlackBoxes: 
+-+--------------+----------+
| |BlackBox name |Instances |
+-+--------------+----------+
+-+--------------+----------+

Report Cell Usage: 
+------+--------+------+
|      |Cell    |Count |
+------+--------+------+
|1     |RAM64M8 |     2|
|2     |FDRE    |    12|
+------+--------+------+

Report Instance Areas: 
+------+----------------------------------+---------------------------+------+
|      |Instance                          |Module                     |Cells |
+------+----------------------------------+---------------------------+------+
|1     |top                               |                           |    14|
|2     |  U0                              |dist_mem_gen_v8_0_12       |    14|
|3     |    \synth_options.dist_mem_inst  |dist_mem_gen_v8_0_12_synth |    14|
|4     |      \gen_sdp_ram.sdpram_inst    |sdpram                     |    14|
+------+----------------------------------+---------------------------+------+
---------------------------------------------------------------------------------
Finished Writing Synthesis Report : Time (s): cpu = 00:00:47 ; elapsed = 00:02:30 . Memory (MB): peak = 2820.488 ; gain = 1328.504 ; free physical = 88924 ; free virtual = 107823
---------------------------------------------------------------------------------
Synthesis finished with 0 errors, 0 critical warnings and 43 warnings.
Synthesis Optimization Runtime : Time (s): cpu = 00:00:33 ; elapsed = 00:01:43 . Memory (MB): peak = 2820.488 ; gain = 352.434 ; free physical = 88961 ; free virtual = 107860
Synthesis Optimization Complete : Time (s): cpu = 00:00:47 ; elapsed = 00:02:30 . Memory (MB): peak = 2820.492 ; gain = 1328.504 ; free physical = 88971 ; free virtual = 107870
INFO: [Project 1-571] Translating synthesized netlist
INFO: [Netlist 29-17] Analyzing 2 Unisim elements for replacement
INFO: [Netlist 29-28] Unisim Transformation completed in 0 CPU seconds
INFO: [Project 1-570] Preparing netlist for logic optimization
INFO: [Opt 31-138] Pushed 0 inverter(s) to 0 load pin(s).
Netlist sorting complete. Time (s): cpu = 00:00:00 ; elapsed = 00:00:00 . Memory (MB): peak = 2859.484 ; gain = 0.000 ; free physical = 88868 ; free virtual = 107767
INFO: [Project 1-111] Unisim Transformation Summary:
  A total of 2 instances were transformed.
  RAM64M8 => RAM64M8 (RAMD64E, RAMD64E, RAMD64E, RAMD64E, RAMD64E, RAMD64E, RAMD64E, RAMD64E): 2 instances

INFO: [Common 17-83] Releasing license: Synthesis
15 Infos, 93 Warnings, 0 Critical Warnings and 0 Errors encountered.
synth_design completed successfully
synth_design: Time (s): cpu = 00:00:49 ; elapsed = 00:02:33 . Memory (MB): peak = 2859.484 ; gain = 1379.633 ; free physical = 88915 ; free virtual = 107813
Netlist sorting complete. Time (s): cpu = 00:00:00 ; elapsed = 00:00:00 . Memory (MB): peak = 2859.484 ; gain = 0.000 ; free physical = 88914 ; free virtual = 107813
WARNING: [Constraints 18-5210] No constraints selected for write.
Resolution: This message can indicate that there are no constraints for the design, or it can indicate that the used_in flags are set such that the constraints are ignored. This later case is used when running synth_design to not write synthesis constraints to the resulting checkpoint. Instead, project constraints are read when the synthesized design is opened.
INFO: [Common 17-1381] The checkpoint '/net/home/ppd/hmo31799/Documents/dune_project/ped_sub/tpg_core/proj/dataflowZCU102/dataflowZCU102/dataflowZCU102.runs/distRAM_64x12_synth_1/distRAM_64x12.dcp' has been generated.
INFO: [Coretcl 2-1648] Added synthesis output to IP cache for IP distRAM_64x12, cache-ID = a34a8f0057087456
INFO: [Coretcl 2-1174] Renamed 3 cell refs.
Netlist sorting complete. Time (s): cpu = 00:00:00 ; elapsed = 00:00:00 . Memory (MB): peak = 2863.492 ; gain = 0.000 ; free physical = 88894 ; free virtual = 107793
WARNING: [Constraints 18-5210] No constraints selected for write.
Resolution: This message can indicate that there are no constraints for the design, or it can indicate that the used_in flags are set such that the constraints are ignored. This later case is used when running synth_design to not write synthesis constraints to the resulting checkpoint. Instead, project constraints are read when the synthesized design is opened.
INFO: [Common 17-1381] The checkpoint '/net/home/ppd/hmo31799/Documents/dune_project/ped_sub/tpg_core/proj/dataflowZCU102/dataflowZCU102/dataflowZCU102.runs/distRAM_64x12_synth_1/distRAM_64x12.dcp' has been generated.
INFO: [runtcl-4] Executing : report_utilization -file distRAM_64x12_utilization_synth.rpt -pb distRAM_64x12_utilization_synth.pb
INFO: [Common 17-206] Exiting Vivado at Wed Dec  9 10:15:10 2020...
