#-----------------------------------------------------------
# Vivado v2018.3 (64-bit)
# SW Build 2405991 on Thu Dec  6 23:36:41 MST 2018
# IP Build 2404404 on Fri Dec  7 01:43:56 MST 2018
# Start of session at: Tue Dec 15 14:52:44 2020
# Process ID: 2310
# Current directory: /net/home/ppd/hmo31799/Documents/dune_project/ped_sub/tpg_core/proj/dataflow-tb-sim
# Command line: vivado
# Log file: /net/home/ppd/hmo31799/Documents/dune_project/ped_sub/tpg_core/proj/dataflow-tb-sim/vivado.log
# Journal file: /net/home/ppd/hmo31799/Documents/dune_project/ped_sub/tpg_core/proj/dataflow-tb-sim/vivado.jou
#-----------------------------------------------------------
start_gui
open_project /net/home/ppd/hmo31799/Documents/dune_project/ped_sub/tpg_core/proj/dataflowZCU102/dataflowZCU102/dataflowZCU102.xpr
Scanning sources...
Finished scanning sources
INFO: [IP_Flow 19-234] Refreshing IP repositories
INFO: [IP_Flow 19-1704] No user IP repositories specified
INFO: [IP_Flow 19-2313] Loaded Vivado IP repository '/opt/ppd/tools/xilinx/Vivado/2018.3/data/ip'.
open_project: Time (s): cpu = 00:00:39 ; elapsed = 00:00:39 . Memory (MB): peak = 6873.148 ; gain = 241.320 ; free physical = 5664 ; free virtual = 83844
WARNING: [IP_Flow 19-3899] Cannot get the environment domain name variable for the component vendor name. Setting the vendor name to 'user.org'.
exit
INFO: [Common 17-206] Exiting Vivado at Tue Dec 15 15:33:43 2020...
