#-----------------------------------------------------------
# Vivado v2018.3 (64-bit)
# SW Build 2405991 on Thu Dec  6 23:36:41 MST 2018
# IP Build 2404404 on Fri Dec  7 01:43:56 MST 2018
# Start of session at: Mon Dec 14 13:44:08 2020
# Process ID: 22343
# Current directory: /net/home/ppd/hmo31799/Documents/dune_project/ped_sub/tpg_core/proj/dataflow-tb-sim
# Command line: vivado -mode tcl -log vivado_ipcores.log -journal vivado_ipcores.jou
# Log file: /net/home/ppd/hmo31799/Documents/dune_project/ped_sub/tpg_core/proj/dataflow-tb-sim/vivado_ipcores.log
# Journal file: /net/home/ppd/hmo31799/Documents/dune_project/ped_sub/tpg_core/proj/dataflow-tb-sim/vivado_ipcores.jou
#-----------------------------------------------------------
# Autogenerated project build script
# Mon Dec 14 13:44:20 2020
create_project ipcores_proj /net/home/ppd/hmo31799/Documents/dune_project/ped_sub/tpg_core/proj/dataflow-tb-sim/ipcores_proj -part xczu9eg-ffvb1156-2-e -force
create_project: Time (s): cpu = 00:00:02 ; elapsed = 00:00:06 . Memory (MB): peak = 1436.301 ; gain = 2.020 ; free physical = 3063 ; free virtual = 82950
ipcores_proj
set_property ip_repo_paths {} [current_project]
set_property "default_lib" "xil_defaultlib" [current_project]
set_property "simulator_language" "Mixed" [current_project]
set_property "source_mgmt_mode" "DisplayOnly" [current_project]
set_property "target_language" "VHDL" [current_project]
set_property target_simulator questa [current_project]
set_property compxlib.questa_compiled_library_dir /home/ppd/hmo31799/.xilinx_sim_libs/2018.3/questasim_10.6c_3 [current_project]
import_files -norecurse -fileset sources_1 /net/home/ppd/hmo31799/Documents/dune_project/ped_sub/tpg_core/src/dataflow-firmware/components/processing/firmware/cgn/fir_compiler_0.xci
INFO: [IP_Flow 19-234] Refreshing IP repositories
INFO: [IP_Flow 19-1704] No user IP repositories specified
INFO: [IP_Flow 19-2313] Loaded Vivado IP repository '/opt/ppd/tools/xilinx/Vivado/2018.3/data/ip'.
WARNING: [IP_Flow 19-2162] IP 'fir_compiler_0' is locked:
* Current project part 'xczu9eg-ffvb1156-2-e' and the part 'xcku115-flvf1924-2-e' used to customize the IP 'fir_compiler_0' do not match.
Please select 'Report IP Status' from the 'Tools/Report' menu or run Tcl command 'report_ip_status' for more information.
import_files: Time (s): cpu = 00:00:07 ; elapsed = 00:00:17 . Memory (MB): peak = 1526.879 ; gain = 90.578 ; free physical = 3006 ; free virtual = 82893
/net/home/ppd/hmo31799/Documents/dune_project/ped_sub/tpg_core/proj/dataflow-tb-sim/ipcores_proj/ipcores_proj.srcs/sources_1/ip/fir_compiler_0/fir_compiler_0.xci
import_files -norecurse -fileset sources_1 /net/home/ppd/hmo31799/Documents/dune_project/ped_sub/tpg_core/src/dataflow-firmware/components/processing/firmware/cgn/Median_distRAM_64x12.xci
/net/home/ppd/hmo31799/Documents/dune_project/ped_sub/tpg_core/proj/dataflow-tb-sim/ipcores_proj/ipcores_proj.srcs/sources_1/ip/Median_distRAM_64x12/Median_distRAM_64x12.xci
import_files -norecurse -fileset sources_1 /net/home/ppd/hmo31799/Documents/dune_project/ped_sub/tpg_core/src/dataflow-firmware/components/processing/firmware/cgn/distRAM_64x12.xci
/net/home/ppd/hmo31799/Documents/dune_project/ped_sub/tpg_core/proj/dataflow-tb-sim/ipcores_proj/ipcores_proj.srcs/sources_1/ip/distRAM_64x12/distRAM_64x12.xci
import_files -norecurse -fileset sources_1 /net/home/ppd/hmo31799/Documents/dune_project/ped_sub/tpg_core/src/dataflow-firmware/components/processing/firmware/cgn/RAM_2048x12.xci
INFO: [Device 21-403] Loading part xczu9eg-ffvb1156-2-e
import_files: Time (s): cpu = 00:00:17 ; elapsed = 00:00:55 . Memory (MB): peak = 2464.902 ; gain = 934.023 ; free physical = 2352 ; free virtual = 82239
/net/home/ppd/hmo31799/Documents/dune_project/ped_sub/tpg_core/proj/dataflow-tb-sim/ipcores_proj/ipcores_proj.srcs/sources_1/ip/RAM_2048x12/RAM_2048x12.xci
import_files -norecurse -fileset sources_1 /net/home/ppd/hmo31799/Documents/dune_project/ped_sub/tpg_core/src/dataflow-firmware/components/stream_blocks/firmware/cgn/axis_register_slice_fr.xci
WARNING: [IP_Flow 19-2162] IP 'axis_register_slice_fr' is locked:
* Current project part 'xczu9eg-ffvb1156-2-e' and the part 'xcku040-ffva1156-2-e' used to customize the IP 'axis_register_slice_fr' do not match.
Please select 'Report IP Status' from the 'Tools/Report' menu or run Tcl command 'report_ip_status' for more information.
/net/home/ppd/hmo31799/Documents/dune_project/ped_sub/tpg_core/proj/dataflow-tb-sim/ipcores_proj/ipcores_proj.srcs/sources_1/ip/axis_register_slice_fr/axis_register_slice_fr.xci
upgrade_ip [get_ips fir_compiler_0 Median_distRAM_64x12 distRAM_64x12 RAM_2048x12 axis_register_slice_fr]
Upgrading 'axis_register_slice_fr'
INFO: [IP_Flow 19-3420] Updated axis_register_slice_fr to use current project options
INFO: [IP_Flow 19-1686] Generating 'Instantiation Template' target for IP 'axis_register_slice_fr'...
Upgrading 'fir_compiler_0'
INFO: [IP_Flow 19-3420] Updated fir_compiler_0 to use current project options
INFO: [IP_Flow 19-1686] Generating 'Instantiation Template' target for IP 'fir_compiler_0'...
/net/home/ppd/hmo31799/Documents/dune_project/ped_sub/tpg_core/proj/dataflow-tb-sim/ipcores_proj/ipcores_proj.srcs/sources_1/ip/axis_register_slice_fr/axis_register_slice_fr.xci /net/home/ppd/hmo31799/Documents/dune_project/ped_sub/tpg_core/proj/dataflow-tb-sim/ipcores_proj/ipcores_proj.srcs/sources_1/ip/fir_compiler_0/fir_compiler_0.xci
generate_target simulation [get_files fir_compiler_0.xci]
INFO: [IP_Flow 19-1686] Generating 'Simulation' target for IP 'fir_compiler_0'...
generate_target simulation [get_files Median_distRAM_64x12.xci]
INFO: [IP_Flow 19-1686] Generating 'Simulation' target for IP 'Median_distRAM_64x12'...
generate_target simulation [get_files distRAM_64x12.xci]
INFO: [IP_Flow 19-1686] Generating 'Simulation' target for IP 'distRAM_64x12'...
generate_target simulation [get_files RAM_2048x12.xci]
INFO: [IP_Flow 19-1686] Generating 'Simulation' target for IP 'RAM_2048x12'...
generate_target simulation [get_files axis_register_slice_fr.xci]
INFO: [IP_Flow 19-1686] Generating 'Simulation' target for IP 'axis_register_slice_fr'...
set_property top top [get_filesets sim_1]
export_simulation -force -simulator questa -directory ipcores_sim -lib_map_path /home/ppd/hmo31799/.xilinx_sim_libs/2018.3/questasim_10.6c_3
INFO: [exportsim-Tcl-35] Exporting simulation files for "QUESTA" (Mentor Graphics Questa Advanced Simulator)...
INFO: [exportsim-Tcl-29] Script generated: '/net/home/ppd/hmo31799/Documents/dune_project/ped_sub/tpg_core/proj/dataflow-tb-sim/ipcores_sim/questa/top.sh'
INFO: [SIM-utils-44] Exported '/net/home/ppd/hmo31799/Documents/dune_project/ped_sub/tpg_core/proj/dataflow-tb-sim/ipcores_sim/questa/fir_compiler_0.mif'
quit
INFO: [Common 17-206] Exiting Vivado at Mon Dec 14 13:45:44 2020...
