

================================================================
== Vivado HLS Report for 'ped_alg'
================================================================
* Date:           Fri Nov 20 17:00:55 2020

* Version:        2020.1 (Build 2897737 on Wed May 27 20:21:37 MDT 2020)
* Project:        ped_sub_prj
* Solution:       array_memory_allocation
* Product family: zynquplus
* Target device:  xczu9eg-ffvb1156-2-e


================================================================
== Performance Estimates
================================================================
+ Timing: 
    * Summary: 
    +--------+---------+----------+------------+
    |  Clock |  Target | Estimated| Uncertainty|
    +--------+---------+----------+------------+
    |ap_clk  | 4.00 ns | 3.019 ns |   0.50 ns  |
    +--------+---------+----------+------------+

+ Latency: 
    * Summary: 
    +---------+---------+----------+-----------+-----+-----+---------+
    |  Latency (cycles) |  Latency (absolute)  |  Interval | Pipeline|
    |   min   |   max   |    min   |    max    | min | max |   Type  |
    +---------+---------+----------+-----------+-----+-----+---------+
    |        1|        4| 4.000 ns | 16.000 ns |    1|    4|   none  |
    +---------+---------+----------+-----------+-----+-----+---------+

    + Detail: 
        * Instance: 
        N/A

        * Loop: 
        N/A



================================================================
== Utilization Estimates
================================================================
* Summary: 
+-----------------+---------+-------+--------+--------+-----+
|       Name      | BRAM_18K| DSP48E|   FF   |   LUT  | URAM|
+-----------------+---------+-------+--------+--------+-----+
|DSP              |        -|      -|       -|       -|    -|
|Expression       |        -|      -|       0|     190|    -|
|FIFO             |        -|      -|       -|       -|    -|
|Instance         |        -|      -|       -|       -|    -|
|Memory           |        -|      -|       -|       -|    -|
|Multiplexer      |        -|      -|       -|      90|    -|
|Register         |        -|      -|      55|       -|    -|
+-----------------+---------+-------+--------+--------+-----+
|Total            |        0|      0|      55|     280|    0|
+-----------------+---------+-------+--------+--------+-----+
|Available        |     1824|   2520|  548160|  274080|    0|
+-----------------+---------+-------+--------+--------+-----+
|Utilization (%)  |        0|      0|   ~0   |   ~0   |    0|
+-----------------+---------+-------+--------+--------+-----+

+ Detail: 
    * Instance: 
    N/A

    * DSP48E: 
    N/A

    * Memory: 
    N/A

    * FIFO: 
    N/A

    * Expression: 
    +-----------------------+----------+-------+---+----+------------+------------+
    |     Variable Name     | Operation| DSP48E| FF| LUT| Bitwidth P0| Bitwidth P1|
    +-----------------------+----------+-------+---+----+------------+------------+
    |add_ln41_fu_234_p2     |     +    |      0|  0|  15|           1|           8|
    |add_ln45_fu_246_p2     |     +    |      0|  0|  15|           2|           8|
    |add_ln51_fu_293_p2     |     +    |      0|  0|  23|          16|           1|
    |add_ln56_fu_286_p2     |     +    |      0|  0|  23|          16|           2|
    |ADC                    |     -    |      0|  0|  23|          16|          16|
    |icmp_ln40_1_fu_260_p2  |   icmp   |      0|  0|  13|          16|          16|
    |icmp_ln40_fu_228_p2    |   icmp   |      0|  0|  13|          16|          16|
    |icmp_ln44_fu_240_p2    |   icmp   |      0|  0|  13|          16|          16|
    |icmp_ln50_fu_274_p2    |   icmp   |      0|  0|  11|           8|           4|
    |icmp_ln55_fu_280_p2    |   icmp   |      0|  0|  11|           8|           5|
    |or_ln29_1_fu_203_p2    |    or    |      0|  0|   2|           1|           1|
    |or_ln29_2_fu_209_p2    |    or    |      0|  0|   2|           1|           1|
    |or_ln29_3_fu_215_p2    |    or    |      0|  0|   2|           1|           1|
    |or_ln29_fu_197_p2      |    or    |      0|  0|   2|           1|           1|
    |select_ln40_fu_266_p3  |  select  |      0|  0|   8|           1|           8|
    |select_ln44_fu_252_p3  |  select  |      0|  0|   8|           1|           8|
    |xor_ln29_1_fu_185_p2   |    xor   |      0|  0|   2|           1|           2|
    |xor_ln29_2_fu_191_p2   |    xor   |      0|  0|   2|           1|           2|
    |xor_ln29_fu_179_p2     |    xor   |      0|  0|   2|           1|           2|
    +-----------------------+----------+-------+---+----+------------+------------+
    |Total                  |          |      0|  0| 190|         124|         118|
    +-----------------------+----------+-------+---+----+------------+------------+

    * Multiplexer: 
    +------------------------+----+-----------+-----+-----------+
    |          Name          | LUT| Input Size| Bits| Total Bits|
    +------------------------+----+-----------+-----+-----------+
    |accum_flag_2_reg_150    |   9|          2|    1|          2|
    |accum_new_2_reg_164     |   9|          2|    8|         16|
    |accum_o                 |   9|          2|    8|         16|
    |ap_NS_fsm               |  33|          6|    1|          6|
    |ped_val_load_3_reg_139  |  15|          3|   16|         48|
    |ped_val_o               |  15|          3|   16|         48|
    +------------------------+----+-----------+-----+-----------+
    |Total                   |  90|         18|   50|        136|
    +------------------------+----+-----------+-----+-----------+

    * Register: 
    +------------------------+----+----+-----+-----------+
    |          Name          | FF | LUT| Bits| Const Bits|
    +------------------------+----+----+-----+-----------+
    |accum_flag_2_reg_150    |   1|   0|    1|          0|
    |accum_new_2_reg_164     |   8|   0|    8|          0|
    |ap_CS_fsm               |   5|   0|    5|          0|
    |or_ln29_3_reg_306       |   1|   0|    1|          0|
    |ped_val_load_3_reg_139  |  16|   0|   16|          0|
    |trunc_reg_310           |  12|   0|   12|          0|
    |zext_ln34_reg_315       |  12|   0|   16|          4|
    +------------------------+----+----+-----+-----------+
    |Total                   |  55|   0|   59|          4|
    +------------------------+----+----+-----+-----------+



================================================================
== Interface
================================================================
* Summary: 
+------------------+-----+-----+------------+--------------+--------------+
|     RTL Ports    | Dir | Bits|  Protocol  | Source Object|    C Type    |
+------------------+-----+-----+------------+--------------+--------------+
|ap_clk            |  in |    1| ap_ctrl_hs |    ped_alg   | return value |
|ap_rst            |  in |    1| ap_ctrl_hs |    ped_alg   | return value |
|ap_start          |  in |    1| ap_ctrl_hs |    ped_alg   | return value |
|ap_done           | out |    1| ap_ctrl_hs |    ped_alg   | return value |
|ap_idle           | out |    1| ap_ctrl_hs |    ped_alg   | return value |
|ap_ready          | out |    1| ap_ctrl_hs |    ped_alg   | return value |
|ped_val_i         |  in |   16|   ap_ovld  |    ped_val   |    pointer   |
|ped_val_o         | out |   16|   ap_ovld  |    ped_val   |    pointer   |
|ped_val_o_ap_vld  | out |    1|   ap_ovld  |    ped_val   |    pointer   |
|accum_i           |  in |    8|   ap_ovld  |     accum    |    pointer   |
|accum_o           | out |    8|   ap_ovld  |     accum    |    pointer   |
|accum_o_ap_vld    | out |    1|   ap_ovld  |     accum    |    pointer   |
|ADC               | out |   16|   ap_vld   |      ADC     |    pointer   |
|ADC_ap_vld        | out |    1|   ap_vld   |      ADC     |    pointer   |
|tdata             |  in |   16|   ap_none  |     tdata    |    scalar    |
|tvalid            |  in |    1|   ap_none  |    tvalid    |    scalar    |
|tkeep0            |  in |    1|   ap_none  |    tkeep0    |    scalar    |
|tkeep1            |  in |    1|   ap_none  |    tkeep1    |    scalar    |
|tready            |  in |    1|   ap_none  |    tready    |    scalar    |
|treset            |  in |    1|   ap_none  |    treset    |    scalar    |
+------------------+-----+-----+------------+--------------+--------------+

