
*** Running vivado
    with args -log top.vds -m64 -product Vivado -mode batch -messageDb vivado.pb -notrace -source top.tcl


****** Vivado v2018.3 (64-bit)
  **** SW Build 2405991 on Thu Dec  6 23:36:41 MST 2018
  **** IP Build 2404404 on Fri Dec  7 01:43:56 MST 2018
    ** Copyright 1986-2018 Xilinx, Inc. All Rights Reserved.

source top.tcl -notrace
Command: synth_design -top top -part xczu9eg-ffvb1156-2-e -flatten_hierarchy none
Starting synth_design
Attempting to get a license for feature 'Synthesis' and/or device 'xczu9eg'
INFO: [Common 17-349] Got license for feature 'Synthesis' and/or device 'xczu9eg'
INFO: Launching helper process for spawning children vivado processes
INFO: Helper process launched with PID 12964 
---------------------------------------------------------------------------------
Starting RTL Elaboration : Time (s): cpu = 00:00:02 ; elapsed = 00:00:04 . Memory (MB): peak = 1590.977 ; gain = 89.969 ; free physical = 95081 ; free virtual = 113122
---------------------------------------------------------------------------------
ERROR: [Synth 8-2029] formal threshold has no actual or default value [/net/home/ppd/hmo31799/Documents/dune_project/ped_sub/tpg_core/src/dataflow-firmware/projects/tpgen-1fibre/firmware/hdl/payload.vhd:245]
INFO: [Synth 8-994] threshold is declared here [/net/home/ppd/hmo31799/Documents/dune_project/ped_sub/tpg_core/src/dataflow-firmware/components/processing/firmware/hdl/dtpc_tpg.vhd:50]
INFO: [Synth 8-2810] unit rtl ignored due to previous errors [/net/home/ppd/hmo31799/Documents/dune_project/ped_sub/tpg_core/src/dataflow-firmware/projects/tpgen-1fibre/firmware/hdl/payload.vhd:58]
---------------------------------------------------------------------------------
Finished RTL Elaboration : Time (s): cpu = 00:00:03 ; elapsed = 00:00:05 . Memory (MB): peak = 1642.727 ; gain = 141.719 ; free physical = 95093 ; free virtual = 113134
---------------------------------------------------------------------------------
RTL Elaboration failed
INFO: [Common 17-83] Releasing license: Synthesis
4 Infos, 0 Warnings, 0 Critical Warnings and 2 Errors encountered.
synth_design failed
ERROR: [Common 17-69] Command failed: Synthesis failed - please see the console or run log file for details
INFO: [Common 17-206] Exiting Vivado at Wed Dec  9 10:35:27 2020...
