Copyright 1986-2018 Xilinx, Inc. All Rights Reserved.
-------------------------------------------------------------------------------------------------
| Tool Version : Vivado v.2018.3 (lin64) Build 2405991 Thu Dec  6 23:36:41 MST 2018
| Date         : Tue Dec 15 11:24:52 2020
| Host         : heplnw061.pp.rl.ac.uk running 64-bit CentOS Linux release 7.9.2009 (Core)
| Command      : report_utilization -file top_utilization_synth.rpt -pb top_utilization_synth.pb
| Design       : top
| Device       : xczu9egffvb1156-2
| Design State : Synthesized
-------------------------------------------------------------------------------------------------

Utilization Design Information

Table of Contents
-----------------
1. CLB Logic
1.1 Summary of Registers by Type
2. BLOCKRAM
3. ARITHMETIC
4. I/O
5. CLOCK
6. ADVANCED
7. CONFIGURATION
8. Primitives
9. Black Boxes
10. Instantiated Netlists

1. CLB Logic
------------

+----------------------------+-------+-------+-----------+-------+
|          Site Type         |  Used | Fixed | Available | Util% |
+----------------------------+-------+-------+-----------+-------+
| CLB LUTs*                  |  7750 |     0 |    274080 |  2.83 |
|   LUT as Logic             |  7593 |     0 |    274080 |  2.77 |
|   LUT as Memory            |   157 |     0 |    144000 |  0.11 |
|     LUT as Distributed RAM |    16 |     0 |           |       |
|     LUT as Shift Register  |   141 |     0 |           |       |
| CLB Registers              | 12949 |     0 |    548160 |  2.36 |
|   Register as Flip Flop    | 12945 |     0 |    548160 |  2.36 |
|   Register as Latch        |     4 |     0 |    548160 | <0.01 |
| CARRY8                     |   175 |     0 |     34260 |  0.51 |
| F7 Muxes                   |    38 |     0 |    137040 |  0.03 |
| F8 Muxes                   |     9 |     0 |     68520 |  0.01 |
| F9 Muxes                   |     0 |     0 |     34260 |  0.00 |
+----------------------------+-------+-------+-----------+-------+
* Warning! The Final LUT count, after physical optimizations and full implementation, is typically lower. Run opt_design after synthesis, if not already completed, for a more realistic count.


1.1 Summary of Registers by Type
--------------------------------

+-------+--------------+-------------+--------------+
| Total | Clock Enable | Synchronous | Asynchronous |
+-------+--------------+-------------+--------------+
| 0     |            _ |           - |            - |
| 0     |            _ |           - |          Set |
| 0     |            _ |           - |        Reset |
| 0     |            _ |         Set |            - |
| 0     |            _ |       Reset |            - |
| 0     |          Yes |           - |            - |
| 111   |          Yes |           - |          Set |
| 269   |          Yes |           - |        Reset |
| 901   |          Yes |         Set |            - |
| 11668 |          Yes |       Reset |            - |
+-------+--------------+-------------+--------------+


2. BLOCKRAM
-----------

+-------------------+------+-------+-----------+-------+
|     Site Type     | Used | Fixed | Available | Util% |
+-------------------+------+-------+-----------+-------+
| Block RAM Tile    |   37 |     0 |       912 |  4.06 |
|   RAMB36/FIFO*    |   34 |     0 |       912 |  3.73 |
|     RAMB36E2 only |   34 |       |           |       |
|   RAMB18          |    6 |     0 |      1824 |  0.33 |
|     FIFO18E2 only |    4 |       |           |       |
|     RAMB18E2 only |    2 |       |           |       |
+-------------------+------+-------+-----------+-------+
* Note: Each Block RAM Tile only has one FIFO logic available and therefore can accommodate only one FIFO36E2 or one FIFO18E2. However, if a FIFO18E2 occupies a Block RAM Tile, that tile can still accommodate a RAMB18E2


3. ARITHMETIC
-------------

+----------------+------+-------+-----------+-------+
|    Site Type   | Used | Fixed | Available | Util% |
+----------------+------+-------+-----------+-------+
| DSPs           |   72 |     0 |      2520 |  2.86 |
|   DSP48E2 only |   72 |       |           |       |
+----------------+------+-------+-----------+-------+


4. I/O
------

+------------+------+-------+-----------+-------+
|  Site Type | Used | Fixed | Available | Util% |
+------------+------+-------+-----------+-------+
| Bonded IOB |   15 |     0 |       328 |  4.57 |
+------------+------+-------+-----------+-------+


5. CLOCK
--------

+----------------------+------+-------+-----------+-------+
|       Site Type      | Used | Fixed | Available | Util% |
+----------------------+------+-------+-----------+-------+
| GLOBAL CLOCK BUFFERs |    7 |     0 |       404 |  1.73 |
|   BUFGCE             |    5 |     0 |       116 |  4.31 |
|   BUFGCE_DIV         |    0 |     0 |        16 |  0.00 |
|   BUFG_GT            |    2 |     0 |       168 |  1.19 |
|   BUFG_PS            |    0 |     0 |        72 |  0.00 |
|   BUFGCTRL*          |    0 |     0 |        32 |  0.00 |
| PLL                  |    0 |     0 |         8 |  0.00 |
| MMCM                 |    1 |     0 |         4 | 25.00 |
+----------------------+------+-------+-----------+-------+
* Note: Each used BUFGCTRL counts as two global buffer resources. This table does not include global clocking resources, only buffer cell usage. See the Clock Utilization Report (report_clock_utilization) for detailed accounting of global clocking resource availability.


6. ADVANCED
-----------

+-----------------+------+-------+-----------+-------+
|    Site Type    | Used | Fixed | Available | Util% |
+-----------------+------+-------+-----------+-------+
| GTHE4_CHANNEL   |    0 |     0 |        24 |  0.00 |
| GTHE4_COMMON    |    0 |     0 |         6 |  0.00 |
| OBUFDS_GTE4     |    0 |     0 |        12 |  0.00 |
| OBUFDS_GTE4_ADV |    0 |     0 |        12 |  0.00 |
| PS8             |    0 |     0 |         1 |  0.00 |
| SYSMONE4        |    0 |     0 |         1 |  0.00 |
+-----------------+------+-------+-----------+-------+


7. CONFIGURATION
----------------

+-------------+------+-------+-----------+-------+
|  Site Type  | Used | Fixed | Available | Util% |
+-------------+------+-------+-----------+-------+
| BSCANE2     |    0 |     0 |         4 |  0.00 |
| DNA_PORTE2  |    0 |     0 |         1 |  0.00 |
| EFUSE_USR   |    0 |     0 |         1 |  0.00 |
| FRAME_ECCE4 |    0 |     0 |         1 |  0.00 |
| ICAPE3      |    0 |     0 |         2 |  0.00 |
| MASTER_JTAG |    0 |     0 |         1 |  0.00 |
| STARTUPE3   |    0 |     0 |         1 |  0.00 |
+-------------+------+-------+-----------+-------+


8. Primitives
-------------

+-------------+-------+---------------------+
|   Ref Name  |  Used | Functional Category |
+-------------+-------+---------------------+
| FDRE        | 11668 |            Register |
| LUT3        |  2663 |                 CLB |
| LUT6        |  2549 |                 CLB |
| LUT2        |  2058 |                 CLB |
| LUT5        |  1515 |                 CLB |
| LUT4        |  1213 |                 CLB |
| FDSE        |   901 |            Register |
| FDCE        |   269 |            Register |
| LUT1        |   191 |                 CLB |
| CARRY8      |   175 |                 CLB |
| SRL16E      |   137 |                 CLB |
| FDPE        |   107 |            Register |
| DSP48E2     |    72 |          Arithmetic |
| MUXF7       |    38 |                 CLB |
| RAMB36E2    |    34 |           Block Ram |
| RAMD32      |    28 |                 CLB |
| OBUF        |     9 |                 I/O |
| MUXF8       |     9 |                 CLB |
| IBUFCTRL    |     5 |              Others |
| BUFGCE      |     5 |               Clock |
| SRLC32E     |     4 |                 CLB |
| RAMS32      |     4 |                 CLB |
| LDPE        |     4 |            Register |
| INBUF       |     4 |                 I/O |
| FIFO18E2    |     4 |           Block Ram |
| RAMB18E2    |     2 |           Block Ram |
| BUFG_GT     |     2 |               Clock |
| MMCME4_ADV  |     1 |               Clock |
| IBUFDS_GTE4 |     1 |                 I/O |
| DIFFINBUF   |     1 |                 I/O |
+-------------+-------+---------------------+


9. Black Boxes
--------------

+-----------------------------------+------+
|              Ref Name             | Used |
+-----------------------------------+------+
| thFMch_input_fifo                 |    8 |
| distRAM_64x12                     |    4 |
| RAM_2048x12                       |    4 |
| Median_distRAM_64x12              |    4 |
| temac_gbe_v9_0                    |    1 |
| gig_ethernet_pcs_pma_basex_156_25 |    1 |
| fmc0_8chan_9g6_vio_0              |    1 |
| fmc0_8chan_9g6                    |    1 |
| crif_fifo                         |    1 |
| address_LUT                       |    1 |
+-----------------------------------+------+


10. Instantiated Netlists
-------------------------

+----------+------+
| Ref Name | Used |
+----------+------+


