New ADC value for index 0 is: 263
New ADC value for index 1 is: 135
New ADC value for index 2 is: 303
New ADC value for index 3 is: 351
New ADC value for index 4 is: 272
New ADC value for index 5 is: 67
New ADC value for index 6 is: 270
New ADC value for index 7 is: 244
New ADC value for index 8 is: 144
New ADC value for index 9 is: 153
New ADC value for index 10 is: 192
New ADC value for index 11 is: 381
New ADC value for index 12 is: 361
New ADC value for index 13 is: 240
New ADC value for index 14 is: 47
New ADC value for index 15 is: 126
New ADC value for index 16 is: 123
New ADC value for index 17 is: 351
New ADC value for index 18 is: 298
New ADC value for index 19 is: 386
New ADC value for index 20 is: 265
New ADC value for index 21 is: 99
New ADC value for index 22 is: 140
New ADC value for index 23 is: 241
New ADC value for index 24 is: 336
New ADC value for index 25 is: 344
New ADC value for index 26 is: 172
New ADC value for index 27 is: 246
New ADC value for index 28 is: 380
New ADC value for index 29 is: 58
New ADC value for index 30 is: 55
New ADC value for index 31 is: 325
New ADC value for index 32 is: 8
New ADC value for index 33 is: 55
New ADC value for index 34 is: 177
New ADC value for index 35 is: 125
New ADC value for index 36 is: 289
New ADC value for index 37 is: 354
New ADC value for index 38 is: 170
New ADC value for index 39 is: 99
New ADC value for index 40 is: 39
New ADC value for index 41 is: 284
New ADC value for index 42 is: 397
New ADC value for index 43 is: 60
New ADC value for index 44 is: 404
New ADC value for index 45 is: 47
New ADC value for index 46 is: 377
New ADC value for index 47 is: 228
New ADC value for index 48 is: 21
New ADC value for index 49 is: 20
New ADC value for index 50 is: 23
New ADC value for index 51 is: 398
New ADC value for index 52 is: 263
New ADC value for index 53 is: 317
New ADC value for index 54 is: 343
New ADC value for index 55 is: 27
New ADC value for index 56 is: 285
New ADC value for index 57 is: 80
New ADC value for index 58 is: 392
New ADC value for index 59 is: 19
New ADC value for index 60 is: 291
New ADC value for index 61 is: 321
New ADC value for index 62 is: 354
New ADC value for index 63 is: 253

Initial pedestal value: 390
Final accumulator value for ADC packet is: 4
Final pedestal value for ADC packet is: 396

Expected pedestal change: 6
R_MIN: 400  R_MAX: 800  N_SAMPLES: 64

Pedestal estimate input < ADC range - N_SAMPLES/10 
therefore pedestal should have increased by floor(N_SAMPLES/10) and the 
accumulator should be equal to N_SAMPLES % 10:

Conditions satisfied, test passed!
INFO: [XSIM 43-3496] Using init file passed via -initfile option "/tools/Xilinx/Vivado/2019.2/data/xsim/ip/xsim_ip.ini".
Vivado Simulator 2019.2
Copyright 1986-1999, 2001-2019 Xilinx, Inc. All Rights Reserved.
Running: /tools/Xilinx/Vivado/2019.2/bin/unwrapped/lnx64.o/xelab xil_defaultlib.apatb_ped_alg_top glbl -prj ped_alg.prj -L smartconnect_v1_0 -L axi_protocol_checker_v1_1_12 -L axi_protocol_checker_v1_1_13 -L axis_protocol_checker_v1_1_11 -L axis_protocol_checker_v1_1_12 -L xil_defaultlib -L unisims -L unisims_ver -L xpm --initfile /tools/Xilinx/Vivado/2019.2/data/xsim/ip/xsim_ip.ini --lib ieee_proposed=./ieee_proposed -s ped_alg 
Multi-threading is on. Using 4 slave threads.
Determining compilation order of HDL files.
WARNING: [XSIM 43-3431] One or more environment variables have been detected which affect the operation of the C compiler. These are typically not set in standard installations and are not tested by Xilinx, however they may be appropriate for your system, so the flow will attempt to continue.  If errors occur, try running xelab with the "-mt off -v 1" switches to see more information from the C compiler. The following environment variables have been detected:
    LIBRARY_PATH
INFO: [VRFC 10-2263] Analyzing SystemVerilog file "/home/joshhorswill10/Documents/dune_project/ped_sub/ped_sub_prj/individual_latency/sim/vhdl/glbl.v" into library work
INFO: [VRFC 10-311] analyzing module glbl
INFO: [VRFC 10-163] Analyzing VHDL file "/home/joshhorswill10/Documents/dune_project/ped_sub/ped_sub_prj/individual_latency/sim/vhdl/AESL_sim_pkg.vhd" into library xil_defaultlib
INFO: [VRFC 10-163] Analyzing VHDL file "/home/joshhorswill10/Documents/dune_project/ped_sub/ped_sub_prj/individual_latency/sim/vhdl/ped_alg.vhd" into library xil_defaultlib
INFO: [VRFC 10-3107] analyzing entity 'ped_alg'
INFO: [VRFC 10-163] Analyzing VHDL file "/home/joshhorswill10/Documents/dune_project/ped_sub/ped_sub_prj/individual_latency/sim/vhdl/ped_alg.autotb.vhd" into library xil_defaultlib
INFO: [VRFC 10-3107] analyzing entity 'apatb_ped_alg_top'
Starting static elaboration
Pass Through NonSizing Optimizer
Completed static elaboration
ERROR: [XSIM 43-3316] Signal SIGSEGV received.
Printing stacktrace...

[0] /tools/Xilinx/Vivado/2019.2/lib/lnx64.o/Ubuntu/libstdc++.so.6(std::_Rb_tree_increment(std::_Rb_tree_node_base const*)+0x13) [0x7fe154db7b73]
[1] /tools/Xilinx/Vivado/2019.2/bin/unwrapped/lnx64.o/xelab() [0x773ab8]
[2] /tools/Xilinx/Vivado/2019.2/bin/unwrapped/lnx64.o/xelab() [0x734aa2]
[3] /tools/Xilinx/Vivado/2019.2/bin/unwrapped/lnx64.o/xelab() [0x73502e]
[4] /tools/Xilinx/Vivado/2019.2/bin/unwrapped/lnx64.o/xelab() [0x6e1e34]
[5] /tools/Xilinx/Vivado/2019.2/bin/unwrapped/lnx64.o/xelab() [0x476697]
[6] /tools/Xilinx/Vivado/2019.2/bin/unwrapped/lnx64.o/xelab() [0x480253]
[7] /tools/Xilinx/Vivado/2019.2/bin/unwrapped/lnx64.o/xelab() [0x45241d]
[8] /usr/lib/x86_64-linux-gnu/libc.so.6(__libc_start_main+0xf3) [0x7fe1547e00b3]
[9] /tools/Xilinx/Vivado/2019.2/bin/unwrapped/lnx64.o/xelab() [0x46a3d0]

Done
ERROR: Please check the snapshot name which is created during 'xelab',the current snapshot name "xsim.dir/ped_alg/xsimk" does not exist 
