INFO: [XSIM 43-3496] Using init file passed via -initfile option "/opt/ppd/tools/xilinx/Vivado/2020.1/data/xsim/ip/xsim_ip.ini".
Vivado Simulator 2020.1
Copyright 1986-1999, 2001-2020 Xilinx, Inc. All Rights Reserved.
Running: /opt/ppd/tools/xilinx/Vivado/2020.1/bin/unwrapped/lnx64.o/xelab xil_defaultlib.apatb_ped_alg_top glbl -prj ped_alg.prj -L smartconnect_v1_0 -L axi_protocol_checker_v1_1_12 -L axi_protocol_checker_v1_1_13 -L axis_protocol_checker_v1_1_11 -L axis_protocol_checker_v1_1_12 -L xil_defaultlib -L unisims -L unisims_ver -L xpm --initfile /opt/ppd/tools/xilinx/Vivado/2020.1/data/xsim/ip/xsim_ip.ini --lib ieee_proposed=./ieee_proposed -s ped_alg 
Multi-threading is on. Using 34 slave threads.
Determining compilation order of HDL files.
INFO: [VRFC 10-2263] Analyzing SystemVerilog file "/net/home/ppd/hmo31799/Documents/dune_project/ped_sub/ped_sub_prj/individual_latency/sim/vhdl/glbl.v" into library work
INFO: [VRFC 10-311] analyzing module glbl
INFO: [VRFC 10-163] Analyzing VHDL file "/net/home/ppd/hmo31799/Documents/dune_project/ped_sub/ped_sub_prj/individual_latency/sim/vhdl/AESL_sim_pkg.vhd" into library xil_defaultlib
INFO: [VRFC 10-163] Analyzing VHDL file "/net/home/ppd/hmo31799/Documents/dune_project/ped_sub/ped_sub_prj/individual_latency/sim/vhdl/ped_alg.autotb.vhd" into library xil_defaultlib
INFO: [VRFC 10-3107] analyzing entity 'apatb_ped_alg_top'
INFO: [VRFC 10-163] Analyzing VHDL file "/net/home/ppd/hmo31799/Documents/dune_project/ped_sub/ped_sub_prj/individual_latency/sim/vhdl/ped_alg.vhd" into library xil_defaultlib
INFO: [VRFC 10-3107] analyzing entity 'ped_alg'
Starting static elaboration
Pass Through NonSizing Optimizer
Completed static elaboration
Starting simulation data flow analysis
Completed simulation data flow analysis
Time Resolution for simulation is 1ps
Compiling package std.standard
Compiling package std.textio
Compiling package ieee.std_logic_1164
Compiling package ieee.std_logic_arith
Compiling package ieee.std_logic_unsigned
Compiling package ieee.numeric_std
Compiling package ieee.std_logic_textio
Compiling module work.glbl
Compiling architecture behav of entity xil_defaultlib.ped_alg [ped_alg_default]
Compiling architecture behav of entity xil_defaultlib.apatb_ped_alg_top
Built simulation snapshot ped_alg
