#-----------------------------------------------------------
# xsim v2020.1 (64-bit)
# SW Build 2902540 on Wed May 27 19:54:35 MDT 2020
# IP Build 2902112 on Wed May 27 22:43:36 MDT 2020
# Start of session at: Fri Oct 30 15:58:32 2020
# Process ID: 16270
# Current directory: /data/hmo31799/ped_sub/ped_sub_prj/individual_latency/sim/vhdl
# Command line: xsim -mode tcl -source {xsim.dir/ped_alg/xsim_script.tcl}
# Log file: /data/hmo31799/ped_sub/ped_sub_prj/individual_latency/sim/vhdl/xsim.log
# Journal file: /data/hmo31799/ped_sub/ped_sub_prj/individual_latency/sim/vhdl/xsim.jou
#-----------------------------------------------------------
source xsim.dir/ped_alg/xsim_script.tcl
# xsim {ped_alg} -autoloadwcfg -tclbatch {ped_alg.tcl}
Vivado Simulator 2020.1
Time resolution is 1 ps
source ped_alg.tcl
## run all
Note: simulation done!
Time: 1154 ns  Iteration: 1  Process: /apatb_ped_alg_top/generate_sim_done_proc  File: /data/hmo31799/ped_sub/ped_sub_prj/individual_latency/sim/vhdl/ped_alg.autotb.vhd
Failure: NORMAL EXIT (note: failure is to force the simulator to stop)
Time: 1154 ns  Iteration: 1  Process: /apatb_ped_alg_top/generate_sim_done_proc  File: /data/hmo31799/ped_sub/ped_sub_prj/individual_latency/sim/vhdl/ped_alg.autotb.vhd
$finish called at time : 1154 ns
## quit
INFO: [Common 17-206] Exiting xsim at Fri Oct 30 15:58:52 2020...
