INFO: [SIM 2] *************** CSIM start ***************
INFO: [SIM 4] CSIM will launch GCC as the compiler.
   Compiling ../../../../functions.cpp in debug mode
   Generating csim.exe

Before assigning values: 
tvalid | tkeep0 | tkeep1 | tuser | tlast | tready : 
145 | 144 | 212 | 0 | 0 | 176

Before scanning: 
tvalid | tkeep0 | tkeep1 | tuser | tlast | tready : 
1 | 1 | 1 | 0 | 0 | 0

Signals at start of loop 0:
tvalid | tkeep0 | tkeep1 | tuser | tlast | tready : 
1 | 1 | 1 | 0 | 0 | 0

Signals at end of loop 1:
tvalid | tkeep0 | tkeep1 | tuser | tlast | tready : 
1 | 1 | 1 | 0 | 0 | 0


Signals at start of loop 1:
tvalid | tkeep0 | tkeep1 | tuser | tlast | tready : 
1 | 1 | 1 | 0 | 0 | 0

Signals at end of loop 2:
tvalid | tkeep0 | tkeep1 | tuser | tlast | tready : 
1 | 1 | 1 | 0 | 0 | 0


Signals at start of loop 2:
tvalid | tkeep0 | tkeep1 | tuser | tlast | tready : 
1 | 1 | 1 | 0 | 0 | 0

Signals at end of loop 3:
tvalid | tkeep0 | tkeep1 | tuser | tlast | tready : 
1 | 1 | 1 | 0 | 0 | 0


Signals at start of loop 3:
tvalid | tkeep0 | tkeep1 | tuser | tlast | tready : 
1 | 1 | 1 | 0 | 0 | 0

Signals at end of loop 4:
tvalid | tkeep0 | tkeep1 | tuser | tlast | tready : 
1 | 1 | 1 | 0 | 0 | 0


Signals at start of loop 4:
tvalid | tkeep0 | tkeep1 | tuser | tlast | tready : 
1 | 1 | 1 | 0 | 0 | 0

Signals at end of loop 5:
tvalid | tkeep0 | tkeep1 | tuser | tlast | tready : 
1 | 1 | 1 | 0 | 0 | 0


Signals at start of loop 5:
tvalid | tkeep0 | tkeep1 | tuser | tlast | tready : 
1 | 1 | 1 | 0 | 0 | 0

Signals at end of loop 6:
tvalid | tkeep0 | tkeep1 | tuser | tlast | tready : 
1 | 1 | 1 | 0 | 0 | 0


Signals at start of loop 6:
tvalid | tkeep0 | tkeep1 | tuser | tlast | tready : 
1 | 1 | 1 | 0 | 0 | 0

Signals at end of loop 7:
tvalid | tkeep0 | tkeep1 | tuser | tlast | tready : 
1 | 1 | 1 | 0 | 0 | 0


Signals at start of loop 7:
tvalid | tkeep0 | tkeep1 | tuser | tlast | tready : 
1 | 1 | 1 | 0 | 0 | 0

Signals at end of loop 8:
tvalid | tkeep0 | tkeep1 | tuser | tlast | tready : 
1 | 1 | 1 | 0 | 0 | 0


Signals at start of loop 8:
tvalid | tkeep0 | tkeep1 | tuser | tlast | tready : 
1 | 1 | 1 | 0 | 0 | 0

Signals at end of loop 9:
tvalid | tkeep0 | tkeep1 | tuser | tlast | tready : 
1 | 1 | 1 | 0 | 0 | 0


Signals at start of loop 9:
tvalid | tkeep0 | tkeep1 | tuser | tlast | tready : 
1 | 1 | 1 | 0 | 0 | 0

Signals at end of loop 10:
tvalid | tkeep0 | tkeep1 | tuser | tlast | tready : 
1 | 1 | 1 | 0 | 0 | 0


Signals at start of loop 10:
tvalid | tkeep0 | tkeep1 | tuser | tlast | tready : 
1 | 1 | 1 | 0 | 0 | 0

Signals at end of loop 11:
tvalid | tkeep0 | tkeep1 | tuser | tlast | tready : 
1 | 1 | 1 | 0 | 0 | 0


Signals at start of loop 11:
tvalid | tkeep0 | tkeep1 | tuser | tlast | tready : 
1 | 1 | 1 | 0 | 0 | 0

Signals at end of loop 12:
tvalid | tkeep0 | tkeep1 | tuser | tlast | tready : 
1 | 1 | 1 | 0 | 0 | 0


Signals at start of loop 12:
tvalid | tkeep0 | tkeep1 | tuser | tlast | tready : 
1 | 1 | 1 | 0 | 0 | 0

Signals at end of loop 13:
tvalid | tkeep0 | tkeep1 | tuser | tlast | tready : 
1 | 1 | 1 | 0 | 0 | 0


Signals at start of loop 13:
tvalid | tkeep0 | tkeep1 | tuser | tlast | tready : 
1 | 1 | 1 | 0 | 0 | 0

Signals at end of loop 14:
tvalid | tkeep0 | tkeep1 | tuser | tlast | tready : 
1 | 1 | 1 | 0 | 0 | 0


Signals at start of loop 14:
tvalid | tkeep0 | tkeep1 | tuser | tlast | tready : 
1 | 1 | 1 | 0 | 0 | 0

Signals at end of loop 15:
tvalid | tkeep0 | tkeep1 | tuser | tlast | tready : 
1 | 1 | 1 | 0 | 0 | 0


Signals at start of loop 15:
tvalid | tkeep0 | tkeep1 | tuser | tlast | tready : 
1 | 1 | 1 | 0 | 0 | 0

Signals at end of loop 16:
tvalid | tkeep0 | tkeep1 | tuser | tlast | tready : 
1 | 1 | 1 | 0 | 0 | 0


Signals at start of loop 16:
tvalid | tkeep0 | tkeep1 | tuser | tlast | tready : 
1 | 1 | 1 | 0 | 0 | 0

Signals at end of loop 17:
tvalid | tkeep0 | tkeep1 | tuser | tlast | tready : 
1 | 1 | 1 | 0 | 0 | 0


Signals at start of loop 17:
tvalid | tkeep0 | tkeep1 | tuser | tlast | tready : 
1 | 1 | 1 | 0 | 0 | 0

Signals at end of loop 18:
tvalid | tkeep0 | tkeep1 | tuser | tlast | tready : 
1 | 1 | 1 | 0 | 0 | 0


Signals at start of loop 18:
tvalid | tkeep0 | tkeep1 | tuser | tlast | tready : 
1 | 1 | 1 | 0 | 0 | 0

Signals at end of loop 19:
tvalid | tkeep0 | tkeep1 | tuser | tlast | tready : 
1 | 1 | 1 | 0 | 0 | 0


Signals at start of loop 19:
tvalid | tkeep0 | tkeep1 | tuser | tlast | tready : 
1 | 1 | 1 | 0 | 0 | 0

Signals at end of loop 20:
tvalid | tkeep0 | tkeep1 | tuser | tlast | tready : 
1 | 1 | 1 | 0 | 0 | 0


Signals at start of loop 20:
tvalid | tkeep0 | tkeep1 | tuser | tlast | tready : 
1 | 1 | 1 | 0 | 0 | 0

Signals at end of loop 21:
tvalid | tkeep0 | tkeep1 | tuser | tlast | tready : 
1 | 1 | 1 | 0 | 0 | 0


Signals at start of loop 21:
tvalid | tkeep0 | tkeep1 | tuser | tlast | tready : 
1 | 1 | 1 | 0 | 0 | 0

Signals at end of loop 22:
tvalid | tkeep0 | tkeep1 | tuser | tlast | tready : 
1 | 1 | 1 | 0 | 0 | 0


Signals at start of loop 22:
tvalid | tkeep0 | tkeep1 | tuser | tlast | tready : 
1 | 1 | 1 | 0 | 0 | 0

Signals at end of loop 23:
tvalid | tkeep0 | tkeep1 | tuser | tlast | tready : 
1 | 1 | 1 | 0 | 0 | 0


Signals at start of loop 23:
tvalid | tkeep0 | tkeep1 | tuser | tlast | tready : 
1 | 1 | 1 | 0 | 0 | 0

Signals at end of loop 24:
tvalid | tkeep0 | tkeep1 | tuser | tlast | tready : 
1 | 1 | 1 | 0 | 0 | 0


Signals at start of loop 24:
tvalid | tkeep0 | tkeep1 | tuser | tlast | tready : 
1 | 1 | 1 | 0 | 0 | 0

Signals at end of loop 25:
tvalid | tkeep0 | tkeep1 | tuser | tlast | tready : 
1 | 1 | 1 | 0 | 0 | 0


Signals at start of loop 25:
tvalid | tkeep0 | tkeep1 | tuser | tlast | tready : 
1 | 1 | 1 | 0 | 0 | 0

Signals at end of loop 26:
tvalid | tkeep0 | tkeep1 | tuser | tlast | tready : 
1 | 1 | 1 | 0 | 0 | 0


Signals at start of loop 26:
tvalid | tkeep0 | tkeep1 | tuser | tlast | tready : 
1 | 1 | 1 | 0 | 0 | 0

Signals at end of loop 27:
tvalid | tkeep0 | tkeep1 | tuser | tlast | tready : 
1 | 1 | 1 | 0 | 0 | 0


Signals at start of loop 27:
tvalid | tkeep0 | tkeep1 | tuser | tlast | tready : 
1 | 1 | 1 | 0 | 0 | 0

Signals at end of loop 28:
tvalid | tkeep0 | tkeep1 | tuser | tlast | tready : 
1 | 1 | 1 | 0 | 0 | 0


Signals at start of loop 28:
tvalid | tkeep0 | tkeep1 | tuser | tlast | tready : 
1 | 1 | 1 | 0 | 0 | 0

Signals at end of loop 29:
tvalid | tkeep0 | tkeep1 | tuser | tlast | tready : 
1 | 1 | 1 | 0 | 0 | 0


Signals at start of loop 29:
tvalid | tkeep0 | tkeep1 | tuser | tlast | tready : 
1 | 1 | 1 | 0 | 0 | 0

Signals at end of loop 30:
tvalid | tkeep0 | tkeep1 | tuser | tlast | tready : 
1 | 1 | 1 | 0 | 0 | 0


Signals at start of loop 30:
tvalid | tkeep0 | tkeep1 | tuser | tlast | tready : 
1 | 1 | 1 | 0 | 0 | 0

Signals at end of loop 31:
tvalid | tkeep0 | tkeep1 | tuser | tlast | tready : 
1 | 1 | 1 | 0 | 0 | 0


Signals at start of loop 31:
tvalid | tkeep0 | tkeep1 | tuser | tlast | tready : 
1 | 1 | 1 | 0 | 0 | 0

Signals at end of loop 32:
tvalid | tkeep0 | tkeep1 | tuser | tlast | tready : 
1 | 1 | 1 | 0 | 0 | 0


Signals at start of loop 32:
tvalid | tkeep0 | tkeep1 | tuser | tlast | tready : 
1 | 1 | 1 | 0 | 0 | 0

Signals at end of loop 33:
tvalid | tkeep0 | tkeep1 | tuser | tlast | tready : 
1 | 1 | 1 | 0 | 0 | 0


Signals at start of loop 33:
tvalid | tkeep0 | tkeep1 | tuser | tlast | tready : 
1 | 1 | 1 | 0 | 0 | 0

Signals at end of loop 34:
tvalid | tkeep0 | tkeep1 | tuser | tlast | tready : 
1 | 1 | 1 | 0 | 0 | 0


Signals at start of loop 34:
tvalid | tkeep0 | tkeep1 | tuser | tlast | tready : 
1 | 1 | 1 | 0 | 0 | 0

Signals at end of loop 35:
tvalid | tkeep0 | tkeep1 | tuser | tlast | tready : 
1 | 1 | 1 | 0 | 0 | 0


Signals at start of loop 35:
tvalid | tkeep0 | tkeep1 | tuser | tlast | tready : 
1 | 1 | 1 | 0 | 0 | 0

Signals at end of loop 36:
tvalid | tkeep0 | tkeep1 | tuser | tlast | tready : 
1 | 1 | 1 | 0 | 0 | 0


Signals at start of loop 36:
tvalid | tkeep0 | tkeep1 | tuser | tlast | tready : 
1 | 1 | 1 | 0 | 0 | 0

Signals at end of loop 37:
tvalid | tkeep0 | tkeep1 | tuser | tlast | tready : 
1 | 1 | 1 | 0 | 0 | 0


Signals at start of loop 37:
tvalid | tkeep0 | tkeep1 | tuser | tlast | tready : 
1 | 1 | 1 | 0 | 0 | 0

Signals at end of loop 38:
tvalid | tkeep0 | tkeep1 | tuser | tlast | tready : 
1 | 1 | 1 | 0 | 0 | 0


Signals at start of loop 38:
tvalid | tkeep0 | tkeep1 | tuser | tlast | tready : 
1 | 1 | 1 | 0 | 0 | 0

Signals at end of loop 39:
tvalid | tkeep0 | tkeep1 | tuser | tlast | tready : 
1 | 1 | 1 | 0 | 0 | 0


Signals at start of loop 39:
tvalid | tkeep0 | tkeep1 | tuser | tlast | tready : 
1 | 1 | 1 | 0 | 0 | 0

Signals at end of loop 40:
tvalid | tkeep0 | tkeep1 | tuser | tlast | tready : 
1 | 1 | 1 | 0 | 0 | 0


Signals at start of loop 40:
tvalid | tkeep0 | tkeep1 | tuser | tlast | tready : 
1 | 1 | 1 | 0 | 0 | 0

Signals at end of loop 41:
tvalid | tkeep0 | tkeep1 | tuser | tlast | tready : 
1 | 1 | 1 | 0 | 0 | 0


Signals at start of loop 41:
tvalid | tkeep0 | tkeep1 | tuser | tlast | tready : 
1 | 1 | 1 | 0 | 0 | 0

Signals at end of loop 42:
tvalid | tkeep0 | tkeep1 | tuser | tlast | tready : 
1 | 1 | 1 | 0 | 0 | 0


Signals at start of loop 42:
tvalid | tkeep0 | tkeep1 | tuser | tlast | tready : 
1 | 1 | 1 | 0 | 0 | 0

Signals at end of loop 43:
tvalid | tkeep0 | tkeep1 | tuser | tlast | tready : 
1 | 1 | 1 | 0 | 0 | 0


Signals at start of loop 43:
tvalid | tkeep0 | tkeep1 | tuser | tlast | tready : 
1 | 1 | 1 | 0 | 0 | 0

Signals at end of loop 44:
tvalid | tkeep0 | tkeep1 | tuser | tlast | tready : 
1 | 1 | 1 | 0 | 0 | 0


Signals at start of loop 44:
tvalid | tkeep0 | tkeep1 | tuser | tlast | tready : 
1 | 1 | 1 | 0 | 0 | 0

Signals at end of loop 45:
tvalid | tkeep0 | tkeep1 | tuser | tlast | tready : 
1 | 1 | 1 | 0 | 0 | 0


Signals at start of loop 45:
tvalid | tkeep0 | tkeep1 | tuser | tlast | tready : 
1 | 1 | 1 | 0 | 0 | 0

Signals at end of loop 46:
tvalid | tkeep0 | tkeep1 | tuser | tlast | tready : 
1 | 1 | 1 | 0 | 0 | 0


Signals at start of loop 46:
tvalid | tkeep0 | tkeep1 | tuser | tlast | tready : 
1 | 1 | 1 | 0 | 0 | 0

Signals at end of loop 47:
tvalid | tkeep0 | tkeep1 | tuser | tlast | tready : 
1 | 1 | 1 | 0 | 0 | 0


Signals at start of loop 47:
tvalid | tkeep0 | tkeep1 | tuser | tlast | tready : 
1 | 1 | 1 | 0 | 0 | 0

Signals at end of loop 48:
tvalid | tkeep0 | tkeep1 | tuser | tlast | tready : 
1 | 1 | 1 | 0 | 0 | 0


Signals at start of loop 48:
tvalid | tkeep0 | tkeep1 | tuser | tlast | tready : 
1 | 1 | 1 | 0 | 0 | 0

Signals at end of loop 49:
tvalid | tkeep0 | tkeep1 | tuser | tlast | tready : 
1 | 1 | 1 | 0 | 0 | 0


Signals at start of loop 49:
tvalid | tkeep0 | tkeep1 | tuser | tlast | tready : 
1 | 1 | 1 | 0 | 0 | 0

Signals at end of loop 50:
tvalid | tkeep0 | tkeep1 | tuser | tlast | tready : 
1 | 1 | 1 | 0 | 0 | 0


Signals at start of loop 50:
tvalid | tkeep0 | tkeep1 | tuser | tlast | tready : 
1 | 1 | 1 | 0 | 0 | 0

Signals at end of loop 51:
tvalid | tkeep0 | tkeep1 | tuser | tlast | tready : 
1 | 1 | 1 | 0 | 0 | 0


Signals at start of loop 51:
tvalid | tkeep0 | tkeep1 | tuser | tlast | tready : 
1 | 1 | 1 | 0 | 0 | 0

Signals at end of loop 52:
tvalid | tkeep0 | tkeep1 | tuser | tlast | tready : 
1 | 1 | 1 | 0 | 0 | 0


Signals at start of loop 52:
tvalid | tkeep0 | tkeep1 | tuser | tlast | tready : 
1 | 1 | 1 | 0 | 0 | 0

Signals at end of loop 53:
tvalid | tkeep0 | tkeep1 | tuser | tlast | tready : 
1 | 1 | 1 | 0 | 0 | 0


Signals at start of loop 53:
tvalid | tkeep0 | tkeep1 | tuser | tlast | tready : 
1 | 1 | 1 | 0 | 0 | 0

Signals at end of loop 54:
tvalid | tkeep0 | tkeep1 | tuser | tlast | tready : 
1 | 1 | 1 | 0 | 0 | 0


Signals at start of loop 54:
tvalid | tkeep0 | tkeep1 | tuser | tlast | tready : 
1 | 1 | 1 | 0 | 0 | 0

Signals at end of loop 55:
tvalid | tkeep0 | tkeep1 | tuser | tlast | tready : 
1 | 1 | 1 | 0 | 0 | 0


Signals at start of loop 55:
tvalid | tkeep0 | tkeep1 | tuser | tlast | tready : 
1 | 1 | 1 | 0 | 0 | 0

Signals at end of loop 56:
tvalid | tkeep0 | tkeep1 | tuser | tlast | tready : 
1 | 1 | 1 | 0 | 0 | 0


Signals at start of loop 56:
tvalid | tkeep0 | tkeep1 | tuser | tlast | tready : 
1 | 1 | 1 | 0 | 0 | 0

Signals at end of loop 57:
tvalid | tkeep0 | tkeep1 | tuser | tlast | tready : 
1 | 1 | 1 | 0 | 0 | 0


Signals at start of loop 57:
tvalid | tkeep0 | tkeep1 | tuser | tlast | tready : 
1 | 1 | 1 | 0 | 0 | 0

Signals at end of loop 58:
tvalid | tkeep0 | tkeep1 | tuser | tlast | tready : 
1 | 1 | 1 | 0 | 0 | 0


Signals at start of loop 58:
tvalid | tkeep0 | tkeep1 | tuser | tlast | tready : 
1 | 1 | 1 | 0 | 0 | 0

Signals at end of loop 59:
tvalid | tkeep0 | tkeep1 | tuser | tlast | tready : 
1 | 1 | 1 | 0 | 0 | 0


Signals at start of loop 59:
tvalid | tkeep0 | tkeep1 | tuser | tlast | tready : 
1 | 1 | 1 | 0 | 0 | 0

Signals at end of loop 60:
tvalid | tkeep0 | tkeep1 | tuser | tlast | tready : 
1 | 1 | 1 | 0 | 0 | 0


Signals at start of loop 60:
tvalid | tkeep0 | tkeep1 | tuser | tlast | tready : 
1 | 1 | 1 | 0 | 0 | 0

Signals at end of loop 61:
tvalid | tkeep0 | tkeep1 | tuser | tlast | tready : 
1 | 1 | 1 | 0 | 0 | 0


Signals at start of loop 61:
tvalid | tkeep0 | tkeep1 | tuser | tlast | tready : 
1 | 1 | 1 | 0 | 0 | 0

Signals at end of loop 62:
tvalid | tkeep0 | tkeep1 | tuser | tlast | tready : 
1 | 1 | 1 | 0 | 0 | 0


Signals at start of loop 62:
tvalid | tkeep0 | tkeep1 | tuser | tlast | tready : 
1 | 1 | 1 | 0 | 0 | 0

Signals at end of loop 63:
tvalid | tkeep0 | tkeep1 | tuser | tlast | tready : 
1 | 1 | 1 | 0 | 0 | 0


Signals at start of loop 63:
tvalid | tkeep0 | tkeep1 | tuser | tlast | tready : 
1 | 1 | 1 | 0 | 0 | 0

Signals at end of loop 64:
tvalid | tkeep0 | tkeep1 | tuser | tlast | tready : 
1 | 1 | 1 | 1 | 1 | 0


Signals at the end of the testbench: 
tvalid | tkeep0 | tkeep1 | tuser | tlast | tready : 
1 | 1 | 1 | 0 | 0 | 0

New ADC value for index 0 is: 263
New ADC value for index 1 is: 135
New ADC value for index 2 is: 303
New ADC value for index 3 is: 351
New ADC value for index 4 is: 272
New ADC value for index 5 is: 67
New ADC value for index 6 is: 270
New ADC value for index 7 is: 244
New ADC value for index 8 is: 144
New ADC value for index 9 is: 153
New ADC value for index 10 is: 192
New ADC value for index 11 is: 381
New ADC value for index 12 is: 361
New ADC value for index 13 is: 240
New ADC value for index 14 is: 47
New ADC value for index 15 is: 126
New ADC value for index 16 is: 123
New ADC value for index 17 is: 351
New ADC value for index 18 is: 298
New ADC value for index 19 is: 386
New ADC value for index 20 is: 265
New ADC value for index 21 is: 99
New ADC value for index 22 is: 140
New ADC value for index 23 is: 241
New ADC value for index 24 is: 336
New ADC value for index 25 is: 344
New ADC value for index 26 is: 172
New ADC value for index 27 is: 246
New ADC value for index 28 is: 380
New ADC value for index 29 is: 58
New ADC value for index 30 is: 55
New ADC value for index 31 is: 325
New ADC value for index 32 is: 8
New ADC value for index 33 is: 55
New ADC value for index 34 is: 177
New ADC value for index 35 is: 125
New ADC value for index 36 is: 289
New ADC value for index 37 is: 354
New ADC value for index 38 is: 170
New ADC value for index 39 is: 99
New ADC value for index 40 is: 39
New ADC value for index 41 is: 284
New ADC value for index 42 is: 397
New ADC value for index 43 is: 60
New ADC value for index 44 is: 404
New ADC value for index 45 is: 47
New ADC value for index 46 is: 377
New ADC value for index 47 is: 228
New ADC value for index 48 is: 21
New ADC value for index 49 is: 20
New ADC value for index 50 is: 23
New ADC value for index 51 is: 398
New ADC value for index 52 is: 263
New ADC value for index 53 is: 317
New ADC value for index 54 is: 343
New ADC value for index 55 is: 27
New ADC value for index 56 is: 285
New ADC value for index 57 is: 80
New ADC value for index 58 is: 392
New ADC value for index 59 is: 19
New ADC value for index 60 is: 291
New ADC value for index 61 is: 321
New ADC value for index 62 is: 354
New ADC value for index 63 is: 253

Initial pedestal value: 390
Final accumulator value for ADC packet is: 4
Final pedestal value for ADC packet is: 396

Expected pedestal change: 6
R_MIN: 400  R_MAX: 800  N_SAMPLES: 64

Pedestal estimate input < ADC range - N_SAMPLES/10 
therefore pedestal should have increased by floor(N_SAMPLES/10) and the 
accumulator should be equal to N_SAMPLES % 10:

Conditions satisfied, test passed!
INFO: [SIM 1] CSim done with 0 errors.
INFO: [SIM 3] *************** CSIM finish ***************
