#-----------------------------------------------------------
# Vivado v2018.3 (64-bit)
# SW Build 2405991 on Thu Dec  6 23:36:41 MST 2018
# IP Build 2404404 on Fri Dec  7 01:43:56 MST 2018
# Start of session at: Tue Dec  8 12:24:18 2020
# Process ID: 21217
# Current directory: /net/home/ppd/hmo31799/Documents/dune_project/ped_sub/tpg_core/proj/dataflowZCU102/dataflowZCU102
# Command line: vivado dataflowZCU102.xpr
# Log file: /net/home/ppd/hmo31799/Documents/dune_project/ped_sub/tpg_core/proj/dataflowZCU102/dataflowZCU102/vivado.log
# Journal file: /net/home/ppd/hmo31799/Documents/dune_project/ped_sub/tpg_core/proj/dataflowZCU102/dataflowZCU102/vivado.jou
#-----------------------------------------------------------
start_gui
open_project dataflowZCU102.xpr
Scanning sources...
Finished scanning sources
INFO: [IP_Flow 19-234] Refreshing IP repositories
INFO: [IP_Flow 19-1704] No user IP repositories specified
INFO: [IP_Flow 19-2313] Loaded Vivado IP repository '/opt/ppd/tools/xilinx/Vivado/2018.3/data/ip'.
WARNING: [IP_Flow 19-3664] IP 'thFMch_input_fifo' generated file not found '/net/home/ppd/hmo31799/Documents/dune_project/ped_sub/tpg_core/proj/dataflowZCU102/dataflowZCU102/dataflowZCU102.srcs/sources_1/ip/thFMch_input_fifo/thFMch_input_fifo.dcp'. Please regenerate to continue.
WARNING: [IP_Flow 19-3664] IP 'thFMch_input_fifo' generated file not found '/net/home/ppd/hmo31799/Documents/dune_project/ped_sub/tpg_core/proj/dataflowZCU102/dataflowZCU102/dataflowZCU102.srcs/sources_1/ip/thFMch_input_fifo/thFMch_input_fifo_stub.v'. Please regenerate to continue.
WARNING: [IP_Flow 19-3664] IP 'thFMch_input_fifo' generated file not found '/net/home/ppd/hmo31799/Documents/dune_project/ped_sub/tpg_core/proj/dataflowZCU102/dataflowZCU102/dataflowZCU102.srcs/sources_1/ip/thFMch_input_fifo/thFMch_input_fifo_stub.vhdl'. Please regenerate to continue.
WARNING: [IP_Flow 19-3664] IP 'thFMch_input_fifo' generated file not found '/net/home/ppd/hmo31799/Documents/dune_project/ped_sub/tpg_core/proj/dataflowZCU102/dataflowZCU102/dataflowZCU102.srcs/sources_1/ip/thFMch_input_fifo/thFMch_input_fifo_sim_netlist.v'. Please regenerate to continue.
WARNING: [IP_Flow 19-3664] IP 'thFMch_input_fifo' generated file not found '/net/home/ppd/hmo31799/Documents/dune_project/ped_sub/tpg_core/proj/dataflowZCU102/dataflowZCU102/dataflowZCU102.srcs/sources_1/ip/thFMch_input_fifo/thFMch_input_fifo_sim_netlist.vhdl'. Please regenerate to continue.
WARNING: [IP_Flow 19-3664] IP 'fmc0_8chan_9g6' generated file not found '/net/home/ppd/hmo31799/Documents/dune_project/ped_sub/tpg_core/proj/dataflowZCU102/dataflowZCU102/dataflowZCU102.srcs/sources_1/ip/fmc0_8chan_9g6/fmc0_8chan_9g6.dcp'. Please regenerate to continue.
WARNING: [IP_Flow 19-3664] IP 'fmc0_8chan_9g6' generated file not found '/net/home/ppd/hmo31799/Documents/dune_project/ped_sub/tpg_core/proj/dataflowZCU102/dataflowZCU102/dataflowZCU102.srcs/sources_1/ip/fmc0_8chan_9g6/fmc0_8chan_9g6_stub.v'. Please regenerate to continue.
WARNING: [IP_Flow 19-3664] IP 'fmc0_8chan_9g6' generated file not found '/net/home/ppd/hmo31799/Documents/dune_project/ped_sub/tpg_core/proj/dataflowZCU102/dataflowZCU102/dataflowZCU102.srcs/sources_1/ip/fmc0_8chan_9g6/fmc0_8chan_9g6_stub.vhdl'. Please regenerate to continue.
WARNING: [IP_Flow 19-3664] IP 'fmc0_8chan_9g6' generated file not found '/net/home/ppd/hmo31799/Documents/dune_project/ped_sub/tpg_core/proj/dataflowZCU102/dataflowZCU102/dataflowZCU102.srcs/sources_1/ip/fmc0_8chan_9g6/fmc0_8chan_9g6_sim_netlist.v'. Please regenerate to continue.
WARNING: [IP_Flow 19-3664] IP 'fmc0_8chan_9g6' generated file not found '/net/home/ppd/hmo31799/Documents/dune_project/ped_sub/tpg_core/proj/dataflowZCU102/dataflowZCU102/dataflowZCU102.srcs/sources_1/ip/fmc0_8chan_9g6/fmc0_8chan_9g6_sim_netlist.vhdl'. Please regenerate to continue.
WARNING: [IP_Flow 19-3664] IP 'fmc0_8chan_9g6_vio_0' generated file not found '/net/home/ppd/hmo31799/Documents/dune_project/ped_sub/tpg_core/proj/dataflowZCU102/dataflowZCU102/dataflowZCU102.srcs/sources_1/ip/fmc0_8chan_9g6_vio_0/fmc0_8chan_9g6_vio_0.dcp'. Please regenerate to continue.
WARNING: [IP_Flow 19-3664] IP 'fmc0_8chan_9g6_vio_0' generated file not found '/net/home/ppd/hmo31799/Documents/dune_project/ped_sub/tpg_core/proj/dataflowZCU102/dataflowZCU102/dataflowZCU102.srcs/sources_1/ip/fmc0_8chan_9g6_vio_0/fmc0_8chan_9g6_vio_0_stub.v'. Please regenerate to continue.
WARNING: [IP_Flow 19-3664] IP 'fmc0_8chan_9g6_vio_0' generated file not found '/net/home/ppd/hmo31799/Documents/dune_project/ped_sub/tpg_core/proj/dataflowZCU102/dataflowZCU102/dataflowZCU102.srcs/sources_1/ip/fmc0_8chan_9g6_vio_0/fmc0_8chan_9g6_vio_0_stub.vhdl'. Please regenerate to continue.
WARNING: [IP_Flow 19-3664] IP 'fmc0_8chan_9g6_vio_0' generated file not found '/net/home/ppd/hmo31799/Documents/dune_project/ped_sub/tpg_core/proj/dataflowZCU102/dataflowZCU102/dataflowZCU102.srcs/sources_1/ip/fmc0_8chan_9g6_vio_0/fmc0_8chan_9g6_vio_0_sim_netlist.v'. Please regenerate to continue.
WARNING: [IP_Flow 19-3664] IP 'fmc0_8chan_9g6_vio_0' generated file not found '/net/home/ppd/hmo31799/Documents/dune_project/ped_sub/tpg_core/proj/dataflowZCU102/dataflowZCU102/dataflowZCU102.srcs/sources_1/ip/fmc0_8chan_9g6_vio_0/fmc0_8chan_9g6_vio_0_sim_netlist.vhdl'. Please regenerate to continue.
WARNING: [IP_Flow 19-3664] IP 'crif_fifo' generated file not found '/net/home/ppd/hmo31799/Documents/dune_project/ped_sub/tpg_core/proj/dataflowZCU102/dataflowZCU102/dataflowZCU102.srcs/sources_1/ip/crif_fifo/crif_fifo.dcp'. Please regenerate to continue.
WARNING: [IP_Flow 19-3664] IP 'crif_fifo' generated file not found '/net/home/ppd/hmo31799/Documents/dune_project/ped_sub/tpg_core/proj/dataflowZCU102/dataflowZCU102/dataflowZCU102.srcs/sources_1/ip/crif_fifo/crif_fifo_stub.v'. Please regenerate to continue.
WARNING: [IP_Flow 19-3664] IP 'crif_fifo' generated file not found '/net/home/ppd/hmo31799/Documents/dune_project/ped_sub/tpg_core/proj/dataflowZCU102/dataflowZCU102/dataflowZCU102.srcs/sources_1/ip/crif_fifo/crif_fifo_stub.vhdl'. Please regenerate to continue.
WARNING: [IP_Flow 19-3664] IP 'crif_fifo' generated file not found '/net/home/ppd/hmo31799/Documents/dune_project/ped_sub/tpg_core/proj/dataflowZCU102/dataflowZCU102/dataflowZCU102.srcs/sources_1/ip/crif_fifo/crif_fifo_sim_netlist.v'. Please regenerate to continue.
WARNING: [IP_Flow 19-3664] IP 'crif_fifo' generated file not found '/net/home/ppd/hmo31799/Documents/dune_project/ped_sub/tpg_core/proj/dataflowZCU102/dataflowZCU102/dataflowZCU102.srcs/sources_1/ip/crif_fifo/crif_fifo_sim_netlist.vhdl'. Please regenerate to continue.
WARNING: [IP_Flow 19-3664] IP 'axis_register_slice_fr' generated file not found '/net/home/ppd/hmo31799/Documents/dune_project/ped_sub/tpg_core/proj/dataflowZCU102/dataflowZCU102/dataflowZCU102.srcs/sources_1/ip/axis_register_slice_fr/axis_register_slice_fr.dcp'. Please regenerate to continue.
WARNING: [IP_Flow 19-3664] IP 'axis_register_slice_fr' generated file not found '/net/home/ppd/hmo31799/Documents/dune_project/ped_sub/tpg_core/proj/dataflowZCU102/dataflowZCU102/dataflowZCU102.srcs/sources_1/ip/axis_register_slice_fr/axis_register_slice_fr_stub.v'. Please regenerate to continue.
WARNING: [IP_Flow 19-3664] IP 'axis_register_slice_fr' generated file not found '/net/home/ppd/hmo31799/Documents/dune_project/ped_sub/tpg_core/proj/dataflowZCU102/dataflowZCU102/dataflowZCU102.srcs/sources_1/ip/axis_register_slice_fr/axis_register_slice_fr_stub.vhdl'. Please regenerate to continue.
WARNING: [IP_Flow 19-3664] IP 'axis_register_slice_fr' generated file not found '/net/home/ppd/hmo31799/Documents/dune_project/ped_sub/tpg_core/proj/dataflowZCU102/dataflowZCU102/dataflowZCU102.srcs/sources_1/ip/axis_register_slice_fr/axis_register_slice_fr_sim_netlist.v'. Please regenerate to continue.
WARNING: [IP_Flow 19-3664] IP 'axis_register_slice_fr' generated file not found '/net/home/ppd/hmo31799/Documents/dune_project/ped_sub/tpg_core/proj/dataflowZCU102/dataflowZCU102/dataflowZCU102.srcs/sources_1/ip/axis_register_slice_fr/axis_register_slice_fr_sim_netlist.vhdl'. Please regenerate to continue.
WARNING: [IP_Flow 19-3664] IP 'RAM_2048x12' generated file not found '/net/home/ppd/hmo31799/Documents/dune_project/ped_sub/tpg_core/proj/dataflowZCU102/dataflowZCU102/dataflowZCU102.srcs/sources_1/ip/RAM_2048x12/RAM_2048x12.dcp'. Please regenerate to continue.
WARNING: [IP_Flow 19-3664] IP 'RAM_2048x12' generated file not found '/net/home/ppd/hmo31799/Documents/dune_project/ped_sub/tpg_core/proj/dataflowZCU102/dataflowZCU102/dataflowZCU102.srcs/sources_1/ip/RAM_2048x12/RAM_2048x12_stub.v'. Please regenerate to continue.
WARNING: [IP_Flow 19-3664] IP 'RAM_2048x12' generated file not found '/net/home/ppd/hmo31799/Documents/dune_project/ped_sub/tpg_core/proj/dataflowZCU102/dataflowZCU102/dataflowZCU102.srcs/sources_1/ip/RAM_2048x12/RAM_2048x12_stub.vhdl'. Please regenerate to continue.
WARNING: [IP_Flow 19-3664] IP 'RAM_2048x12' generated file not found '/net/home/ppd/hmo31799/Documents/dune_project/ped_sub/tpg_core/proj/dataflowZCU102/dataflowZCU102/dataflowZCU102.srcs/sources_1/ip/RAM_2048x12/RAM_2048x12_sim_netlist.v'. Please regenerate to continue.
WARNING: [IP_Flow 19-3664] IP 'RAM_2048x12' generated file not found '/net/home/ppd/hmo31799/Documents/dune_project/ped_sub/tpg_core/proj/dataflowZCU102/dataflowZCU102/dataflowZCU102.srcs/sources_1/ip/RAM_2048x12/RAM_2048x12_sim_netlist.vhdl'. Please regenerate to continue.
WARNING: [IP_Flow 19-3664] IP 'distRAM_64x12' generated file not found '/net/home/ppd/hmo31799/Documents/dune_project/ped_sub/tpg_core/proj/dataflowZCU102/dataflowZCU102/dataflowZCU102.srcs/sources_1/ip/distRAM_64x12/distRAM_64x12.dcp'. Please regenerate to continue.
WARNING: [IP_Flow 19-3664] IP 'distRAM_64x12' generated file not found '/net/home/ppd/hmo31799/Documents/dune_project/ped_sub/tpg_core/proj/dataflowZCU102/dataflowZCU102/dataflowZCU102.srcs/sources_1/ip/distRAM_64x12/distRAM_64x12_stub.v'. Please regenerate to continue.
WARNING: [IP_Flow 19-3664] IP 'distRAM_64x12' generated file not found '/net/home/ppd/hmo31799/Documents/dune_project/ped_sub/tpg_core/proj/dataflowZCU102/dataflowZCU102/dataflowZCU102.srcs/sources_1/ip/distRAM_64x12/distRAM_64x12_stub.vhdl'. Please regenerate to continue.
WARNING: [IP_Flow 19-3664] IP 'distRAM_64x12' generated file not found '/net/home/ppd/hmo31799/Documents/dune_project/ped_sub/tpg_core/proj/dataflowZCU102/dataflowZCU102/dataflowZCU102.srcs/sources_1/ip/distRAM_64x12/distRAM_64x12_sim_netlist.v'. Please regenerate to continue.
WARNING: [IP_Flow 19-3664] IP 'distRAM_64x12' generated file not found '/net/home/ppd/hmo31799/Documents/dune_project/ped_sub/tpg_core/proj/dataflowZCU102/dataflowZCU102/dataflowZCU102.srcs/sources_1/ip/distRAM_64x12/distRAM_64x12_sim_netlist.vhdl'. Please regenerate to continue.
WARNING: [IP_Flow 19-3664] IP 'Median_distRAM_64x12' generated file not found '/net/home/ppd/hmo31799/Documents/dune_project/ped_sub/tpg_core/proj/dataflowZCU102/dataflowZCU102/dataflowZCU102.srcs/sources_1/ip/Median_distRAM_64x12/Median_distRAM_64x12.dcp'. Please regenerate to continue.
WARNING: [IP_Flow 19-3664] IP 'Median_distRAM_64x12' generated file not found '/net/home/ppd/hmo31799/Documents/dune_project/ped_sub/tpg_core/proj/dataflowZCU102/dataflowZCU102/dataflowZCU102.srcs/sources_1/ip/Median_distRAM_64x12/Median_distRAM_64x12_stub.v'. Please regenerate to continue.
WARNING: [IP_Flow 19-3664] IP 'Median_distRAM_64x12' generated file not found '/net/home/ppd/hmo31799/Documents/dune_project/ped_sub/tpg_core/proj/dataflowZCU102/dataflowZCU102/dataflowZCU102.srcs/sources_1/ip/Median_distRAM_64x12/Median_distRAM_64x12_stub.vhdl'. Please regenerate to continue.
WARNING: [IP_Flow 19-3664] IP 'Median_distRAM_64x12' generated file not found '/net/home/ppd/hmo31799/Documents/dune_project/ped_sub/tpg_core/proj/dataflowZCU102/dataflowZCU102/dataflowZCU102.srcs/sources_1/ip/Median_distRAM_64x12/Median_distRAM_64x12_sim_netlist.v'. Please regenerate to continue.
WARNING: [IP_Flow 19-3664] IP 'Median_distRAM_64x12' generated file not found '/net/home/ppd/hmo31799/Documents/dune_project/ped_sub/tpg_core/proj/dataflowZCU102/dataflowZCU102/dataflowZCU102.srcs/sources_1/ip/Median_distRAM_64x12/Median_distRAM_64x12_sim_netlist.vhdl'. Please regenerate to continue.
WARNING: [IP_Flow 19-3664] IP 'fir_compiler_0' generated file not found '/net/home/ppd/hmo31799/Documents/dune_project/ped_sub/tpg_core/proj/dataflowZCU102/dataflowZCU102/dataflowZCU102.srcs/sources_1/ip/fir_compiler_0/fir_compiler_0.dcp'. Please regenerate to continue.
WARNING: [IP_Flow 19-3664] IP 'fir_compiler_0' generated file not found '/net/home/ppd/hmo31799/Documents/dune_project/ped_sub/tpg_core/proj/dataflowZCU102/dataflowZCU102/dataflowZCU102.srcs/sources_1/ip/fir_compiler_0/fir_compiler_0_stub.v'. Please regenerate to continue.
WARNING: [IP_Flow 19-3664] IP 'fir_compiler_0' generated file not found '/net/home/ppd/hmo31799/Documents/dune_project/ped_sub/tpg_core/proj/dataflowZCU102/dataflowZCU102/dataflowZCU102.srcs/sources_1/ip/fir_compiler_0/fir_compiler_0_stub.vhdl'. Please regenerate to continue.
WARNING: [IP_Flow 19-3664] IP 'fir_compiler_0' generated file not found '/net/home/ppd/hmo31799/Documents/dune_project/ped_sub/tpg_core/proj/dataflowZCU102/dataflowZCU102/dataflowZCU102.srcs/sources_1/ip/fir_compiler_0/fir_compiler_0_sim_netlist.v'. Please regenerate to continue.
WARNING: [IP_Flow 19-3664] IP 'fir_compiler_0' generated file not found '/net/home/ppd/hmo31799/Documents/dune_project/ped_sub/tpg_core/proj/dataflowZCU102/dataflowZCU102/dataflowZCU102.srcs/sources_1/ip/fir_compiler_0/fir_compiler_0_sim_netlist.vhdl'. Please regenerate to continue.
WARNING: [IP_Flow 19-3664] IP 'axis_data_fifo_0' generated file not found '/net/home/ppd/hmo31799/Documents/dune_project/ped_sub/tpg_core/proj/dataflowZCU102/dataflowZCU102/dataflowZCU102.srcs/sources_1/ip/axis_data_fifo_0/axis_data_fifo_0.dcp'. Please regenerate to continue.
WARNING: [IP_Flow 19-3664] IP 'axis_data_fifo_0' generated file not found '/net/home/ppd/hmo31799/Documents/dune_project/ped_sub/tpg_core/proj/dataflowZCU102/dataflowZCU102/dataflowZCU102.srcs/sources_1/ip/axis_data_fifo_0/axis_data_fifo_0_stub.v'. Please regenerate to continue.
WARNING: [IP_Flow 19-3664] IP 'axis_data_fifo_0' generated file not found '/net/home/ppd/hmo31799/Documents/dune_project/ped_sub/tpg_core/proj/dataflowZCU102/dataflowZCU102/dataflowZCU102.srcs/sources_1/ip/axis_data_fifo_0/axis_data_fifo_0_stub.vhdl'. Please regenerate to continue.
WARNING: [IP_Flow 19-3664] IP 'axis_data_fifo_0' generated file not found '/net/home/ppd/hmo31799/Documents/dune_project/ped_sub/tpg_core/proj/dataflowZCU102/dataflowZCU102/dataflowZCU102.srcs/sources_1/ip/axis_data_fifo_0/axis_data_fifo_0_sim_netlist.v'. Please regenerate to continue.
WARNING: [IP_Flow 19-3664] IP 'axis_data_fifo_0' generated file not found '/net/home/ppd/hmo31799/Documents/dune_project/ped_sub/tpg_core/proj/dataflowZCU102/dataflowZCU102/dataflowZCU102.srcs/sources_1/ip/axis_data_fifo_0/axis_data_fifo_0_sim_netlist.vhdl'. Please regenerate to continue.
WARNING: [IP_Flow 19-3664] IP 'address_LUT' generated file not found '/net/home/ppd/hmo31799/Documents/dune_project/ped_sub/tpg_core/proj/dataflowZCU102/dataflowZCU102/dataflowZCU102.srcs/sources_1/ip/address_LUT/address_LUT.dcp'. Please regenerate to continue.
WARNING: [IP_Flow 19-3664] IP 'address_LUT' generated file not found '/net/home/ppd/hmo31799/Documents/dune_project/ped_sub/tpg_core/proj/dataflowZCU102/dataflowZCU102/dataflowZCU102.srcs/sources_1/ip/address_LUT/address_LUT_stub.v'. Please regenerate to continue.
WARNING: [IP_Flow 19-3664] IP 'address_LUT' generated file not found '/net/home/ppd/hmo31799/Documents/dune_project/ped_sub/tpg_core/proj/dataflowZCU102/dataflowZCU102/dataflowZCU102.srcs/sources_1/ip/address_LUT/address_LUT_stub.vhdl'. Please regenerate to continue.
WARNING: [IP_Flow 19-3664] IP 'address_LUT' generated file not found '/net/home/ppd/hmo31799/Documents/dune_project/ped_sub/tpg_core/proj/dataflowZCU102/dataflowZCU102/dataflowZCU102.srcs/sources_1/ip/address_LUT/address_LUT_sim_netlist.v'. Please regenerate to continue.
WARNING: [IP_Flow 19-3664] IP 'address_LUT' generated file not found '/net/home/ppd/hmo31799/Documents/dune_project/ped_sub/tpg_core/proj/dataflowZCU102/dataflowZCU102/dataflowZCU102.srcs/sources_1/ip/address_LUT/address_LUT_sim_netlist.vhdl'. Please regenerate to continue.
WARNING: [IP_Flow 19-3664] IP 'gig_ethernet_pcs_pma_basex_156_25' generated file not found '/net/home/ppd/hmo31799/Documents/dune_project/ped_sub/tpg_core/proj/dataflowZCU102/dataflowZCU102/dataflowZCU102.srcs/sources_1/ip/gig_ethernet_pcs_pma_basex_156_25/gig_ethernet_pcs_pma_basex_156_25.dcp'. Please regenerate to continue.
WARNING: [IP_Flow 19-3664] IP 'gig_ethernet_pcs_pma_basex_156_25' generated file not found '/net/home/ppd/hmo31799/Documents/dune_project/ped_sub/tpg_core/proj/dataflowZCU102/dataflowZCU102/dataflowZCU102.srcs/sources_1/ip/gig_ethernet_pcs_pma_basex_156_25/gig_ethernet_pcs_pma_basex_156_25_stub.v'. Please regenerate to continue.
WARNING: [IP_Flow 19-3664] IP 'gig_ethernet_pcs_pma_basex_156_25' generated file not found '/net/home/ppd/hmo31799/Documents/dune_project/ped_sub/tpg_core/proj/dataflowZCU102/dataflowZCU102/dataflowZCU102.srcs/sources_1/ip/gig_ethernet_pcs_pma_basex_156_25/gig_ethernet_pcs_pma_basex_156_25_stub.vhdl'. Please regenerate to continue.
WARNING: [IP_Flow 19-3664] IP 'gig_ethernet_pcs_pma_basex_156_25' generated file not found '/net/home/ppd/hmo31799/Documents/dune_project/ped_sub/tpg_core/proj/dataflowZCU102/dataflowZCU102/dataflowZCU102.srcs/sources_1/ip/gig_ethernet_pcs_pma_basex_156_25/gig_ethernet_pcs_pma_basex_156_25_sim_netlist.v'. Please regenerate to continue.
WARNING: [IP_Flow 19-3664] IP 'gig_ethernet_pcs_pma_basex_156_25' generated file not found '/net/home/ppd/hmo31799/Documents/dune_project/ped_sub/tpg_core/proj/dataflowZCU102/dataflowZCU102/dataflowZCU102.srcs/sources_1/ip/gig_ethernet_pcs_pma_basex_156_25/gig_ethernet_pcs_pma_basex_156_25_sim_netlist.vhdl'. Please regenerate to continue.
WARNING: [IP_Flow 19-3664] IP 'temac_gbe_v9_0' generated file not found '/net/home/ppd/hmo31799/Documents/dune_project/ped_sub/tpg_core/proj/dataflowZCU102/dataflowZCU102/dataflowZCU102.srcs/sources_1/ip/temac_gbe_v9_0/temac_gbe_v9_0.dcp'. Please regenerate to continue.
WARNING: [IP_Flow 19-3664] IP 'temac_gbe_v9_0' generated file not found '/net/home/ppd/hmo31799/Documents/dune_project/ped_sub/tpg_core/proj/dataflowZCU102/dataflowZCU102/dataflowZCU102.srcs/sources_1/ip/temac_gbe_v9_0/temac_gbe_v9_0_stub.v'. Please regenerate to continue.
WARNING: [IP_Flow 19-3664] IP 'temac_gbe_v9_0' generated file not found '/net/home/ppd/hmo31799/Documents/dune_project/ped_sub/tpg_core/proj/dataflowZCU102/dataflowZCU102/dataflowZCU102.srcs/sources_1/ip/temac_gbe_v9_0/temac_gbe_v9_0_stub.vhdl'. Please regenerate to continue.
WARNING: [IP_Flow 19-3664] IP 'temac_gbe_v9_0' generated file not found '/net/home/ppd/hmo31799/Documents/dune_project/ped_sub/tpg_core/proj/dataflowZCU102/dataflowZCU102/dataflowZCU102.srcs/sources_1/ip/temac_gbe_v9_0/temac_gbe_v9_0_sim_netlist.v'. Please regenerate to continue.
WARNING: [IP_Flow 19-3664] IP 'temac_gbe_v9_0' generated file not found '/net/home/ppd/hmo31799/Documents/dune_project/ped_sub/tpg_core/proj/dataflowZCU102/dataflowZCU102/dataflowZCU102.srcs/sources_1/ip/temac_gbe_v9_0/temac_gbe_v9_0_sim_netlist.vhdl'. Please regenerate to continue.
INFO: [IP_Flow 19-5177] IP temac_gbe_v9_0 will be generated with higher license level.
open_project: Time (s): cpu = 00:00:25 ; elapsed = 00:01:21 . Memory (MB): peak = 6549.051 ; gain = 204.039 ; free physical = 134 ; free virtual = 4410
reset_run thFMch_input_fifo_synth_1
reset_run fmc0_8chan_9g6_synth_1
reset_run fmc0_8chan_9g6_vio_0_synth_1
reset_run crif_fifo_synth_1
reset_run axis_register_slice_fr_synth_1
reset_run RAM_2048x12_synth_1
reset_run address_LUT_synth_1
reset_run gig_ethernet_pcs_pma_basex_156_25_synth_1
launch_runs synth_1
INFO: [IP_Flow 19-1686] Generating 'Synthesis' target for IP 'temac_gbe_v9_0'...
WARNING: [IP_Flow 19-650] IP license key 'eth_avb_endpoint@2015.04' is enabled with a Design_Linking license.
WARNING: [IP_Flow 19-650] IP license key 'eth_avb_endpoint@2015.04' is enabled with a Design_Linking license.
INFO: [IP_Flow 19-1686] Generating 'Implementation' target for IP 'temac_gbe_v9_0'...
[Tue Dec  8 12:28:20 2020] Launched thFMch_input_fifo_synth_1, fmc0_8chan_9g6_synth_1, fmc0_8chan_9g6_vio_0_synth_1, crif_fifo_synth_1, axis_register_slice_fr_synth_1, RAM_2048x12_synth_1, distRAM_64x12_synth_1, Median_distRAM_64x12_synth_1, fir_compiler_0_synth_1, axis_data_fifo_0_synth_1, address_LUT_synth_1, gig_ethernet_pcs_pma_basex_156_25_synth_1, temac_gbe_v9_0_synth_1...
Run output will be captured here:
thFMch_input_fifo_synth_1: /net/home/ppd/hmo31799/Documents/dune_project/ped_sub/tpg_core/proj/dataflowZCU102/dataflowZCU102/dataflowZCU102.runs/thFMch_input_fifo_synth_1/runme.log
fmc0_8chan_9g6_synth_1: /net/home/ppd/hmo31799/Documents/dune_project/ped_sub/tpg_core/proj/dataflowZCU102/dataflowZCU102/dataflowZCU102.runs/fmc0_8chan_9g6_synth_1/runme.log
fmc0_8chan_9g6_vio_0_synth_1: /net/home/ppd/hmo31799/Documents/dune_project/ped_sub/tpg_core/proj/dataflowZCU102/dataflowZCU102/dataflowZCU102.runs/fmc0_8chan_9g6_vio_0_synth_1/runme.log
crif_fifo_synth_1: /net/home/ppd/hmo31799/Documents/dune_project/ped_sub/tpg_core/proj/dataflowZCU102/dataflowZCU102/dataflowZCU102.runs/crif_fifo_synth_1/runme.log
axis_register_slice_fr_synth_1: /net/home/ppd/hmo31799/Documents/dune_project/ped_sub/tpg_core/proj/dataflowZCU102/dataflowZCU102/dataflowZCU102.runs/axis_register_slice_fr_synth_1/runme.log
RAM_2048x12_synth_1: /net/home/ppd/hmo31799/Documents/dune_project/ped_sub/tpg_core/proj/dataflowZCU102/dataflowZCU102/dataflowZCU102.runs/RAM_2048x12_synth_1/runme.log
distRAM_64x12_synth_1: /net/home/ppd/hmo31799/Documents/dune_project/ped_sub/tpg_core/proj/dataflowZCU102/dataflowZCU102/dataflowZCU102.runs/distRAM_64x12_synth_1/runme.log
Median_distRAM_64x12_synth_1: /net/home/ppd/hmo31799/Documents/dune_project/ped_sub/tpg_core/proj/dataflowZCU102/dataflowZCU102/dataflowZCU102.runs/Median_distRAM_64x12_synth_1/runme.log
fir_compiler_0_synth_1: /net/home/ppd/hmo31799/Documents/dune_project/ped_sub/tpg_core/proj/dataflowZCU102/dataflowZCU102/dataflowZCU102.runs/fir_compiler_0_synth_1/runme.log
axis_data_fifo_0_synth_1: /net/home/ppd/hmo31799/Documents/dune_project/ped_sub/tpg_core/proj/dataflowZCU102/dataflowZCU102/dataflowZCU102.runs/axis_data_fifo_0_synth_1/runme.log
address_LUT_synth_1: /net/home/ppd/hmo31799/Documents/dune_project/ped_sub/tpg_core/proj/dataflowZCU102/dataflowZCU102/dataflowZCU102.runs/address_LUT_synth_1/runme.log
gig_ethernet_pcs_pma_basex_156_25_synth_1: /net/home/ppd/hmo31799/Documents/dune_project/ped_sub/tpg_core/proj/dataflowZCU102/dataflowZCU102/dataflowZCU102.runs/gig_ethernet_pcs_pma_basex_156_25_synth_1/runme.log
temac_gbe_v9_0_synth_1: /net/home/ppd/hmo31799/Documents/dune_project/ped_sub/tpg_core/proj/dataflowZCU102/dataflowZCU102/dataflowZCU102.runs/temac_gbe_v9_0_synth_1/runme.log
[Tue Dec  8 12:28:26 2020] Launched synth_1...
Run output will be captured here: /net/home/ppd/hmo31799/Documents/dune_project/ped_sub/tpg_core/proj/dataflowZCU102/dataflowZCU102/dataflowZCU102.runs/synth_1/runme.log
launch_runs: Time (s): cpu = 00:00:16 ; elapsed = 00:00:34 . Memory (MB): peak = 6688.441 ; gain = 112.047 ; free physical = 545 ; free virtual = 5122
exit
INFO: [Common 17-206] Exiting Vivado at Tue Dec  8 18:21:46 2020...
