#-----------------------------------------------------------
# Vivado v2018.3 (64-bit)
# SW Build 2405991 on Thu Dec  6 23:36:41 MST 2018
# IP Build 2404404 on Fri Dec  7 01:43:56 MST 2018
# Start of session at: Mon Nov 30 13:00:43 2020
# Process ID: 12195
# Current directory: /data/kmanolo/Josh/tpg_core/proj/dataflowZCU102/dataflowZCU102
# Command line: vivado dataflowZCU102.xpr
# Log file: /data/kmanolo/Josh/tpg_core/proj/dataflowZCU102/dataflowZCU102/vivado.log
# Journal file: /data/kmanolo/Josh/tpg_core/proj/dataflowZCU102/dataflowZCU102/vivado.jou
#-----------------------------------------------------------
start_gui
open_project dataflowZCU102.xpr
Scanning sources...
Finished scanning sources
INFO: [IP_Flow 19-234] Refreshing IP repositories
INFO: [IP_Flow 19-1704] No user IP repositories specified
INFO: [IP_Flow 19-2313] Loaded Vivado IP repository '/opt/ppd/tools/xilinx/Vivado/2018.3/data/ip'.
open_project: Time (s): cpu = 00:00:30 ; elapsed = 00:00:23 . Memory (MB): peak = 6718.891 ; gain = 221.992 ; free physical = 8653 ; free virtual = 84776
reset_run synth_1
launch_runs synth_1 -jobs 8
[Mon Nov 30 13:01:57 2020] Launched synth_1...
Run output will be captured here: /data/kmanolo/Josh/tpg_core/proj/dataflowZCU102/dataflowZCU102/dataflowZCU102.runs/synth_1/runme.log
