#-----------------------------------------------------------
# Vivado v2018.3 (64-bit)
# SW Build 2405991 on Thu Dec  6 23:36:41 MST 2018
# IP Build 2404404 on Fri Dec  7 01:43:56 MST 2018
# Start of session at: Thu Jan 21 16:01:21 2021
# Process ID: 35245
# Current directory: /data2/hmo31799/dune_project/ped_sub/tpg_core/proj/dataflowZCU102/dataflowZCU102
# Command line: vivado dataflowZCU102.xpr
# Log file: /data2/hmo31799/dune_project/ped_sub/tpg_core/proj/dataflowZCU102/dataflowZCU102/vivado.log
# Journal file: /data2/hmo31799/dune_project/ped_sub/tpg_core/proj/dataflowZCU102/dataflowZCU102/vivado.jou
#-----------------------------------------------------------
start_gui
open_project dataflowZCU102.xpr
Scanning sources...
Finished scanning sources
INFO: [IP_Flow 19-234] Refreshing IP repositories
INFO: [IP_Flow 19-1704] No user IP repositories specified
INFO: [IP_Flow 19-2313] Loaded Vivado IP repository '/opt/ppd/tools/xilinx/Vivado/2018.3/data/ip'.
INFO: [Device 21-403] Loading part xczu9eg-ffvb1156-2-e
open_project: Time (s): cpu = 00:00:44 ; elapsed = 00:01:13 . Memory (MB): peak = 7555.867 ; gain = 1048.766 ; free physical = 4135 ; free virtual = 91841
WARNING: [IP_Flow 19-3899] Cannot get the environment domain name variable for the component vendor name. Setting the vendor name to 'user.org'.
WARNING: [IP_Flow 19-3899] Cannot get the environment domain name variable for the component vendor name. Setting the vendor name to 'user.org'.
launch_runs synth_1
INFO: [IP_Flow 19-1686] Generating 'Synthesis' target for IP 'thFMch_input_fifo'...
INFO: [IP_Flow 19-1686] Generating 'Synthesis' target for IP 'fmc0_8chan_9g6'...
INFO: [IP_Flow 19-1686] Generating 'Synthesis' target for IP 'fmc0_8chan_9g6_vio_0'...
INFO: [IP_Flow 19-1686] Generating 'Synthesis' target for IP 'crif_fifo'...
INFO: [IP_Flow 19-1686] Generating 'Synthesis' target for IP 'axis_register_slice_fr'...
INFO: [IP_Flow 19-1686] Generating 'Implementation' target for IP 'axis_register_slice_fr'...
INFO: [IP_Flow 19-1686] Generating 'Synthesis' target for IP 'RAM_2048x12'...
INFO: [IP_Flow 19-1686] Generating 'Synthesis' target for IP 'distRAM_64x12'...
INFO: [IP_Flow 19-1686] Generating 'Synthesis' target for IP 'Median_distRAM_64x12'...
INFO: [IP_Flow 19-1686] Generating 'Synthesis' target for IP 'fir_compiler_0'...
INFO: [IP_Flow 19-1686] Generating 'Synthesis' target for IP 'axis_data_fifo_0'...
INFO: [IP_Flow 19-1686] Generating 'Synthesis' target for IP 'address_LUT'...
INFO: [IP_Flow 19-1686] Generating 'Synthesis' target for IP 'gig_ethernet_pcs_pma_basex_156_25'...
INFO: [IP_Flow 19-1686] Generating 'Implementation' target for IP 'gig_ethernet_pcs_pma_basex_156_25'...
INFO: [IP_Flow 19-1686] Generating 'Synthesis' target for IP 'temac_gbe_v9_0'...
WARNING: [IP_Flow 19-650] IP license key 'eth_avb_endpoint@2015.04' is enabled with a Design_Linking license.
WARNING: [IP_Flow 19-650] IP license key 'eth_avb_endpoint@2015.04' is enabled with a Design_Linking license.
INFO: [IP_Flow 19-1686] Generating 'Implementation' target for IP 'temac_gbe_v9_0'...
[Thu Jan 21 16:04:29 2021] Launched thFMch_input_fifo_synth_1, fmc0_8chan_9g6_synth_1, fmc0_8chan_9g6_vio_0_synth_1, crif_fifo_synth_1, axis_register_slice_fr_synth_1, RAM_2048x12_synth_1, distRAM_64x12_synth_1, Median_distRAM_64x12_synth_1, fir_compiler_0_synth_1, axis_data_fifo_0_synth_1, address_LUT_synth_1, gig_ethernet_pcs_pma_basex_156_25_synth_1, temac_gbe_v9_0_synth_1...
Run output will be captured here:
thFMch_input_fifo_synth_1: /data2/hmo31799/dune_project/ped_sub/tpg_core/proj/dataflowZCU102/dataflowZCU102/dataflowZCU102.runs/thFMch_input_fifo_synth_1/runme.log
fmc0_8chan_9g6_synth_1: /data2/hmo31799/dune_project/ped_sub/tpg_core/proj/dataflowZCU102/dataflowZCU102/dataflowZCU102.runs/fmc0_8chan_9g6_synth_1/runme.log
fmc0_8chan_9g6_vio_0_synth_1: /data2/hmo31799/dune_project/ped_sub/tpg_core/proj/dataflowZCU102/dataflowZCU102/dataflowZCU102.runs/fmc0_8chan_9g6_vio_0_synth_1/runme.log
crif_fifo_synth_1: /data2/hmo31799/dune_project/ped_sub/tpg_core/proj/dataflowZCU102/dataflowZCU102/dataflowZCU102.runs/crif_fifo_synth_1/runme.log
axis_register_slice_fr_synth_1: /data2/hmo31799/dune_project/ped_sub/tpg_core/proj/dataflowZCU102/dataflowZCU102/dataflowZCU102.runs/axis_register_slice_fr_synth_1/runme.log
RAM_2048x12_synth_1: /data2/hmo31799/dune_project/ped_sub/tpg_core/proj/dataflowZCU102/dataflowZCU102/dataflowZCU102.runs/RAM_2048x12_synth_1/runme.log
distRAM_64x12_synth_1: /data2/hmo31799/dune_project/ped_sub/tpg_core/proj/dataflowZCU102/dataflowZCU102/dataflowZCU102.runs/distRAM_64x12_synth_1/runme.log
Median_distRAM_64x12_synth_1: /data2/hmo31799/dune_project/ped_sub/tpg_core/proj/dataflowZCU102/dataflowZCU102/dataflowZCU102.runs/Median_distRAM_64x12_synth_1/runme.log
fir_compiler_0_synth_1: /data2/hmo31799/dune_project/ped_sub/tpg_core/proj/dataflowZCU102/dataflowZCU102/dataflowZCU102.runs/fir_compiler_0_synth_1/runme.log
axis_data_fifo_0_synth_1: /data2/hmo31799/dune_project/ped_sub/tpg_core/proj/dataflowZCU102/dataflowZCU102/dataflowZCU102.runs/axis_data_fifo_0_synth_1/runme.log
address_LUT_synth_1: /data2/hmo31799/dune_project/ped_sub/tpg_core/proj/dataflowZCU102/dataflowZCU102/dataflowZCU102.runs/address_LUT_synth_1/runme.log
gig_ethernet_pcs_pma_basex_156_25_synth_1: /data2/hmo31799/dune_project/ped_sub/tpg_core/proj/dataflowZCU102/dataflowZCU102/dataflowZCU102.runs/gig_ethernet_pcs_pma_basex_156_25_synth_1/runme.log
temac_gbe_v9_0_synth_1: /data2/hmo31799/dune_project/ped_sub/tpg_core/proj/dataflowZCU102/dataflowZCU102/dataflowZCU102.runs/temac_gbe_v9_0_synth_1/runme.log
[Thu Jan 21 16:04:31 2021] Launched synth_1...
Run output will be captured here: /data2/hmo31799/dune_project/ped_sub/tpg_core/proj/dataflowZCU102/dataflowZCU102/dataflowZCU102.runs/synth_1/runme.log
launch_runs: Time (s): cpu = 00:00:33 ; elapsed = 00:00:22 . Memory (MB): peak = 7817.723 ; gain = 27.750 ; free physical = 3937 ; free virtual = 91765
reset_run synth_1
reset_run axis_data_fifo_0_synth_1
reset_run address_LUT_synth_1
reset_run gig_ethernet_pcs_pma_basex_156_25_synth_1
reset_run temac_gbe_v9_0_synth_1
reset_run fir_compiler_0_synth_1
WARNING: [Vivado 12-1017] Problems encountered:
1. Attempt to kill process failed

exit
INFO: [Common 17-206] Exiting Vivado at Thu Jan 21 16:52:27 2021...
