#-----------------------------------------------------------
# Vivado v2018.3 (64-bit)
# SW Build 2405991 on Thu Dec  6 23:36:41 MST 2018
# IP Build 2404404 on Fri Dec  7 01:43:56 MST 2018
# Start of session at: Tue Dec  1 12:06:01 2020
# Process ID: 21635
# Current directory: /net/home/ppd/hmo31799/Documents/dune_project/ped_sub/tpg_core/proj/dataflowZCU102/dataflowZCU102
# Command line: vivado dataflowZCU102.xpr
# Log file: /net/home/ppd/hmo31799/Documents/dune_project/ped_sub/tpg_core/proj/dataflowZCU102/dataflowZCU102/vivado.log
# Journal file: /net/home/ppd/hmo31799/Documents/dune_project/ped_sub/tpg_core/proj/dataflowZCU102/dataflowZCU102/vivado.jou
#-----------------------------------------------------------
start_gui
open_project dataflowZCU102.xpr
Scanning sources...
Finished scanning sources
INFO: [IP_Flow 19-234] Refreshing IP repositories
INFO: [IP_Flow 19-1704] No user IP repositories specified
INFO: [IP_Flow 19-2313] Loaded Vivado IP repository '/opt/ppd/tools/xilinx/Vivado/2018.3/data/ip'.
WARNING: [IP_Flow 19-3664] IP 'thFMch_input_fifo' generated file not found '/net/home/ppd/hmo31799/Documents/dune_project/ped_sub/tpg_core/proj/dataflowZCU102/dataflowZCU102/dataflowZCU102.srcs/sources_1/ip/thFMch_input_fifo/thFMch_input_fifo.dcp'. Please regenerate to continue.
WARNING: [IP_Flow 19-3664] IP 'thFMch_input_fifo' generated file not found '/net/home/ppd/hmo31799/Documents/dune_project/ped_sub/tpg_core/proj/dataflowZCU102/dataflowZCU102/dataflowZCU102.srcs/sources_1/ip/thFMch_input_fifo/thFMch_input_fifo_stub.v'. Please regenerate to continue.
WARNING: [IP_Flow 19-3664] IP 'thFMch_input_fifo' generated file not found '/net/home/ppd/hmo31799/Documents/dune_project/ped_sub/tpg_core/proj/dataflowZCU102/dataflowZCU102/dataflowZCU102.srcs/sources_1/ip/thFMch_input_fifo/thFMch_input_fifo_stub.vhdl'. Please regenerate to continue.
WARNING: [IP_Flow 19-3664] IP 'thFMch_input_fifo' generated file not found '/net/home/ppd/hmo31799/Documents/dune_project/ped_sub/tpg_core/proj/dataflowZCU102/dataflowZCU102/dataflowZCU102.srcs/sources_1/ip/thFMch_input_fifo/thFMch_input_fifo_sim_netlist.v'. Please regenerate to continue.
WARNING: [IP_Flow 19-3664] IP 'thFMch_input_fifo' generated file not found '/net/home/ppd/hmo31799/Documents/dune_project/ped_sub/tpg_core/proj/dataflowZCU102/dataflowZCU102/dataflowZCU102.srcs/sources_1/ip/thFMch_input_fifo/thFMch_input_fifo_sim_netlist.vhdl'. Please regenerate to continue.
WARNING: [IP_Flow 19-3664] IP 'fmc0_8chan_9g6' generated file not found '/net/home/ppd/hmo31799/Documents/dune_project/ped_sub/tpg_core/proj/dataflowZCU102/dataflowZCU102/dataflowZCU102.srcs/sources_1/ip/fmc0_8chan_9g6/fmc0_8chan_9g6.dcp'. Please regenerate to continue.
WARNING: [IP_Flow 19-3664] IP 'fmc0_8chan_9g6' generated file not found '/net/home/ppd/hmo31799/Documents/dune_project/ped_sub/tpg_core/proj/dataflowZCU102/dataflowZCU102/dataflowZCU102.srcs/sources_1/ip/fmc0_8chan_9g6/fmc0_8chan_9g6_stub.v'. Please regenerate to continue.
WARNING: [IP_Flow 19-3664] IP 'fmc0_8chan_9g6' generated file not found '/net/home/ppd/hmo31799/Documents/dune_project/ped_sub/tpg_core/proj/dataflowZCU102/dataflowZCU102/dataflowZCU102.srcs/sources_1/ip/fmc0_8chan_9g6/fmc0_8chan_9g6_stub.vhdl'. Please regenerate to continue.
WARNING: [IP_Flow 19-3664] IP 'fmc0_8chan_9g6' generated file not found '/net/home/ppd/hmo31799/Documents/dune_project/ped_sub/tpg_core/proj/dataflowZCU102/dataflowZCU102/dataflowZCU102.srcs/sources_1/ip/fmc0_8chan_9g6/fmc0_8chan_9g6_sim_netlist.v'. Please regenerate to continue.
WARNING: [IP_Flow 19-3664] IP 'fmc0_8chan_9g6' generated file not found '/net/home/ppd/hmo31799/Documents/dune_project/ped_sub/tpg_core/proj/dataflowZCU102/dataflowZCU102/dataflowZCU102.srcs/sources_1/ip/fmc0_8chan_9g6/fmc0_8chan_9g6_sim_netlist.vhdl'. Please regenerate to continue.
WARNING: [IP_Flow 19-3664] IP 'fmc0_8chan_9g6_vio_0' generated file not found '/net/home/ppd/hmo31799/Documents/dune_project/ped_sub/tpg_core/proj/dataflowZCU102/dataflowZCU102/dataflowZCU102.srcs/sources_1/ip/fmc0_8chan_9g6_vio_0/fmc0_8chan_9g6_vio_0.dcp'. Please regenerate to continue.
WARNING: [IP_Flow 19-3664] IP 'fmc0_8chan_9g6_vio_0' generated file not found '/net/home/ppd/hmo31799/Documents/dune_project/ped_sub/tpg_core/proj/dataflowZCU102/dataflowZCU102/dataflowZCU102.srcs/sources_1/ip/fmc0_8chan_9g6_vio_0/fmc0_8chan_9g6_vio_0_stub.v'. Please regenerate to continue.
WARNING: [IP_Flow 19-3664] IP 'fmc0_8chan_9g6_vio_0' generated file not found '/net/home/ppd/hmo31799/Documents/dune_project/ped_sub/tpg_core/proj/dataflowZCU102/dataflowZCU102/dataflowZCU102.srcs/sources_1/ip/fmc0_8chan_9g6_vio_0/fmc0_8chan_9g6_vio_0_stub.vhdl'. Please regenerate to continue.
WARNING: [IP_Flow 19-3664] IP 'fmc0_8chan_9g6_vio_0' generated file not found '/net/home/ppd/hmo31799/Documents/dune_project/ped_sub/tpg_core/proj/dataflowZCU102/dataflowZCU102/dataflowZCU102.srcs/sources_1/ip/fmc0_8chan_9g6_vio_0/fmc0_8chan_9g6_vio_0_sim_netlist.v'. Please regenerate to continue.
WARNING: [IP_Flow 19-3664] IP 'fmc0_8chan_9g6_vio_0' generated file not found '/net/home/ppd/hmo31799/Documents/dune_project/ped_sub/tpg_core/proj/dataflowZCU102/dataflowZCU102/dataflowZCU102.srcs/sources_1/ip/fmc0_8chan_9g6_vio_0/fmc0_8chan_9g6_vio_0_sim_netlist.vhdl'. Please regenerate to continue.
WARNING: [IP_Flow 19-3664] IP 'crif_fifo' generated file not found '/net/home/ppd/hmo31799/Documents/dune_project/ped_sub/tpg_core/proj/dataflowZCU102/dataflowZCU102/dataflowZCU102.srcs/sources_1/ip/crif_fifo/crif_fifo.dcp'. Please regenerate to continue.
WARNING: [IP_Flow 19-3664] IP 'crif_fifo' generated file not found '/net/home/ppd/hmo31799/Documents/dune_project/ped_sub/tpg_core/proj/dataflowZCU102/dataflowZCU102/dataflowZCU102.srcs/sources_1/ip/crif_fifo/crif_fifo_stub.v'. Please regenerate to continue.
WARNING: [IP_Flow 19-3664] IP 'crif_fifo' generated file not found '/net/home/ppd/hmo31799/Documents/dune_project/ped_sub/tpg_core/proj/dataflowZCU102/dataflowZCU102/dataflowZCU102.srcs/sources_1/ip/crif_fifo/crif_fifo_stub.vhdl'. Please regenerate to continue.
WARNING: [IP_Flow 19-3664] IP 'crif_fifo' generated file not found '/net/home/ppd/hmo31799/Documents/dune_project/ped_sub/tpg_core/proj/dataflowZCU102/dataflowZCU102/dataflowZCU102.srcs/sources_1/ip/crif_fifo/crif_fifo_sim_netlist.v'. Please regenerate to continue.
WARNING: [IP_Flow 19-3664] IP 'crif_fifo' generated file not found '/net/home/ppd/hmo31799/Documents/dune_project/ped_sub/tpg_core/proj/dataflowZCU102/dataflowZCU102/dataflowZCU102.srcs/sources_1/ip/crif_fifo/crif_fifo_sim_netlist.vhdl'. Please regenerate to continue.
WARNING: [IP_Flow 19-3664] IP 'axis_register_slice_fr' generated file not found '/net/home/ppd/hmo31799/Documents/dune_project/ped_sub/tpg_core/proj/dataflowZCU102/dataflowZCU102/dataflowZCU102.srcs/sources_1/ip/axis_register_slice_fr/axis_register_slice_fr.dcp'. Please regenerate to continue.
WARNING: [IP_Flow 19-3664] IP 'axis_register_slice_fr' generated file not found '/net/home/ppd/hmo31799/Documents/dune_project/ped_sub/tpg_core/proj/dataflowZCU102/dataflowZCU102/dataflowZCU102.srcs/sources_1/ip/axis_register_slice_fr/axis_register_slice_fr_stub.v'. Please regenerate to continue.
WARNING: [IP_Flow 19-3664] IP 'axis_register_slice_fr' generated file not found '/net/home/ppd/hmo31799/Documents/dune_project/ped_sub/tpg_core/proj/dataflowZCU102/dataflowZCU102/dataflowZCU102.srcs/sources_1/ip/axis_register_slice_fr/axis_register_slice_fr_stub.vhdl'. Please regenerate to continue.
WARNING: [IP_Flow 19-3664] IP 'axis_register_slice_fr' generated file not found '/net/home/ppd/hmo31799/Documents/dune_project/ped_sub/tpg_core/proj/dataflowZCU102/dataflowZCU102/dataflowZCU102.srcs/sources_1/ip/axis_register_slice_fr/axis_register_slice_fr_sim_netlist.v'. Please regenerate to continue.
WARNING: [IP_Flow 19-3664] IP 'axis_register_slice_fr' generated file not found '/net/home/ppd/hmo31799/Documents/dune_project/ped_sub/tpg_core/proj/dataflowZCU102/dataflowZCU102/dataflowZCU102.srcs/sources_1/ip/axis_register_slice_fr/axis_register_slice_fr_sim_netlist.vhdl'. Please regenerate to continue.
WARNING: [IP_Flow 19-3664] IP 'RAM_2048x12' generated file not found '/net/home/ppd/hmo31799/Documents/dune_project/ped_sub/tpg_core/proj/dataflowZCU102/dataflowZCU102/dataflowZCU102.srcs/sources_1/ip/RAM_2048x12/RAM_2048x12.dcp'. Please regenerate to continue.
WARNING: [IP_Flow 19-3664] IP 'RAM_2048x12' generated file not found '/net/home/ppd/hmo31799/Documents/dune_project/ped_sub/tpg_core/proj/dataflowZCU102/dataflowZCU102/dataflowZCU102.srcs/sources_1/ip/RAM_2048x12/RAM_2048x12_stub.v'. Please regenerate to continue.
WARNING: [IP_Flow 19-3664] IP 'RAM_2048x12' generated file not found '/net/home/ppd/hmo31799/Documents/dune_project/ped_sub/tpg_core/proj/dataflowZCU102/dataflowZCU102/dataflowZCU102.srcs/sources_1/ip/RAM_2048x12/RAM_2048x12_stub.vhdl'. Please regenerate to continue.
WARNING: [IP_Flow 19-3664] IP 'RAM_2048x12' generated file not found '/net/home/ppd/hmo31799/Documents/dune_project/ped_sub/tpg_core/proj/dataflowZCU102/dataflowZCU102/dataflowZCU102.srcs/sources_1/ip/RAM_2048x12/RAM_2048x12_sim_netlist.v'. Please regenerate to continue.
WARNING: [IP_Flow 19-3664] IP 'RAM_2048x12' generated file not found '/net/home/ppd/hmo31799/Documents/dune_project/ped_sub/tpg_core/proj/dataflowZCU102/dataflowZCU102/dataflowZCU102.srcs/sources_1/ip/RAM_2048x12/RAM_2048x12_sim_netlist.vhdl'. Please regenerate to continue.
WARNING: [IP_Flow 19-3664] IP 'distRAM_64x12' generated file not found '/net/home/ppd/hmo31799/Documents/dune_project/ped_sub/tpg_core/proj/dataflowZCU102/dataflowZCU102/dataflowZCU102.srcs/sources_1/ip/distRAM_64x12/distRAM_64x12.dcp'. Please regenerate to continue.
WARNING: [IP_Flow 19-3664] IP 'distRAM_64x12' generated file not found '/net/home/ppd/hmo31799/Documents/dune_project/ped_sub/tpg_core/proj/dataflowZCU102/dataflowZCU102/dataflowZCU102.srcs/sources_1/ip/distRAM_64x12/distRAM_64x12_stub.v'. Please regenerate to continue.
WARNING: [IP_Flow 19-3664] IP 'distRAM_64x12' generated file not found '/net/home/ppd/hmo31799/Documents/dune_project/ped_sub/tpg_core/proj/dataflowZCU102/dataflowZCU102/dataflowZCU102.srcs/sources_1/ip/distRAM_64x12/distRAM_64x12_stub.vhdl'. Please regenerate to continue.
WARNING: [IP_Flow 19-3664] IP 'distRAM_64x12' generated file not found '/net/home/ppd/hmo31799/Documents/dune_project/ped_sub/tpg_core/proj/dataflowZCU102/dataflowZCU102/dataflowZCU102.srcs/sources_1/ip/distRAM_64x12/distRAM_64x12_sim_netlist.v'. Please regenerate to continue.
WARNING: [IP_Flow 19-3664] IP 'distRAM_64x12' generated file not found '/net/home/ppd/hmo31799/Documents/dune_project/ped_sub/tpg_core/proj/dataflowZCU102/dataflowZCU102/dataflowZCU102.srcs/sources_1/ip/distRAM_64x12/distRAM_64x12_sim_netlist.vhdl'. Please regenerate to continue.
WARNING: [IP_Flow 19-3664] IP 'Median_distRAM_64x12' generated file not found '/net/home/ppd/hmo31799/Documents/dune_project/ped_sub/tpg_core/proj/dataflowZCU102/dataflowZCU102/dataflowZCU102.srcs/sources_1/ip/Median_distRAM_64x12/Median_distRAM_64x12.dcp'. Please regenerate to continue.
WARNING: [IP_Flow 19-3664] IP 'Median_distRAM_64x12' generated file not found '/net/home/ppd/hmo31799/Documents/dune_project/ped_sub/tpg_core/proj/dataflowZCU102/dataflowZCU102/dataflowZCU102.srcs/sources_1/ip/Median_distRAM_64x12/Median_distRAM_64x12_stub.v'. Please regenerate to continue.
WARNING: [IP_Flow 19-3664] IP 'Median_distRAM_64x12' generated file not found '/net/home/ppd/hmo31799/Documents/dune_project/ped_sub/tpg_core/proj/dataflowZCU102/dataflowZCU102/dataflowZCU102.srcs/sources_1/ip/Median_distRAM_64x12/Median_distRAM_64x12_stub.vhdl'. Please regenerate to continue.
WARNING: [IP_Flow 19-3664] IP 'Median_distRAM_64x12' generated file not found '/net/home/ppd/hmo31799/Documents/dune_project/ped_sub/tpg_core/proj/dataflowZCU102/dataflowZCU102/dataflowZCU102.srcs/sources_1/ip/Median_distRAM_64x12/Median_distRAM_64x12_sim_netlist.v'. Please regenerate to continue.
WARNING: [IP_Flow 19-3664] IP 'Median_distRAM_64x12' generated file not found '/net/home/ppd/hmo31799/Documents/dune_project/ped_sub/tpg_core/proj/dataflowZCU102/dataflowZCU102/dataflowZCU102.srcs/sources_1/ip/Median_distRAM_64x12/Median_distRAM_64x12_sim_netlist.vhdl'. Please regenerate to continue.
WARNING: [IP_Flow 19-3664] IP 'fir_compiler_0' generated file not found '/net/home/ppd/hmo31799/Documents/dune_project/ped_sub/tpg_core/proj/dataflowZCU102/dataflowZCU102/dataflowZCU102.srcs/sources_1/ip/fir_compiler_0/fir_compiler_0.dcp'. Please regenerate to continue.
WARNING: [IP_Flow 19-3664] IP 'fir_compiler_0' generated file not found '/net/home/ppd/hmo31799/Documents/dune_project/ped_sub/tpg_core/proj/dataflowZCU102/dataflowZCU102/dataflowZCU102.srcs/sources_1/ip/fir_compiler_0/fir_compiler_0_stub.v'. Please regenerate to continue.
WARNING: [IP_Flow 19-3664] IP 'fir_compiler_0' generated file not found '/net/home/ppd/hmo31799/Documents/dune_project/ped_sub/tpg_core/proj/dataflowZCU102/dataflowZCU102/dataflowZCU102.srcs/sources_1/ip/fir_compiler_0/fir_compiler_0_stub.vhdl'. Please regenerate to continue.
WARNING: [IP_Flow 19-3664] IP 'fir_compiler_0' generated file not found '/net/home/ppd/hmo31799/Documents/dune_project/ped_sub/tpg_core/proj/dataflowZCU102/dataflowZCU102/dataflowZCU102.srcs/sources_1/ip/fir_compiler_0/fir_compiler_0_sim_netlist.v'. Please regenerate to continue.
WARNING: [IP_Flow 19-3664] IP 'fir_compiler_0' generated file not found '/net/home/ppd/hmo31799/Documents/dune_project/ped_sub/tpg_core/proj/dataflowZCU102/dataflowZCU102/dataflowZCU102.srcs/sources_1/ip/fir_compiler_0/fir_compiler_0_sim_netlist.vhdl'. Please regenerate to continue.
WARNING: [IP_Flow 19-3664] IP 'axis_data_fifo_0' generated file not found '/net/home/ppd/hmo31799/Documents/dune_project/ped_sub/tpg_core/proj/dataflowZCU102/dataflowZCU102/dataflowZCU102.srcs/sources_1/ip/axis_data_fifo_0/axis_data_fifo_0.dcp'. Please regenerate to continue.
WARNING: [IP_Flow 19-3664] IP 'axis_data_fifo_0' generated file not found '/net/home/ppd/hmo31799/Documents/dune_project/ped_sub/tpg_core/proj/dataflowZCU102/dataflowZCU102/dataflowZCU102.srcs/sources_1/ip/axis_data_fifo_0/axis_data_fifo_0_stub.v'. Please regenerate to continue.
WARNING: [IP_Flow 19-3664] IP 'axis_data_fifo_0' generated file not found '/net/home/ppd/hmo31799/Documents/dune_project/ped_sub/tpg_core/proj/dataflowZCU102/dataflowZCU102/dataflowZCU102.srcs/sources_1/ip/axis_data_fifo_0/axis_data_fifo_0_stub.vhdl'. Please regenerate to continue.
WARNING: [IP_Flow 19-3664] IP 'axis_data_fifo_0' generated file not found '/net/home/ppd/hmo31799/Documents/dune_project/ped_sub/tpg_core/proj/dataflowZCU102/dataflowZCU102/dataflowZCU102.srcs/sources_1/ip/axis_data_fifo_0/axis_data_fifo_0_sim_netlist.v'. Please regenerate to continue.
WARNING: [IP_Flow 19-3664] IP 'axis_data_fifo_0' generated file not found '/net/home/ppd/hmo31799/Documents/dune_project/ped_sub/tpg_core/proj/dataflowZCU102/dataflowZCU102/dataflowZCU102.srcs/sources_1/ip/axis_data_fifo_0/axis_data_fifo_0_sim_netlist.vhdl'. Please regenerate to continue.
WARNING: [IP_Flow 19-3664] IP 'address_LUT' generated file not found '/net/home/ppd/hmo31799/Documents/dune_project/ped_sub/tpg_core/proj/dataflowZCU102/dataflowZCU102/dataflowZCU102.srcs/sources_1/ip/address_LUT/address_LUT.dcp'. Please regenerate to continue.
WARNING: [IP_Flow 19-3664] IP 'address_LUT' generated file not found '/net/home/ppd/hmo31799/Documents/dune_project/ped_sub/tpg_core/proj/dataflowZCU102/dataflowZCU102/dataflowZCU102.srcs/sources_1/ip/address_LUT/address_LUT_stub.v'. Please regenerate to continue.
WARNING: [IP_Flow 19-3664] IP 'address_LUT' generated file not found '/net/home/ppd/hmo31799/Documents/dune_project/ped_sub/tpg_core/proj/dataflowZCU102/dataflowZCU102/dataflowZCU102.srcs/sources_1/ip/address_LUT/address_LUT_stub.vhdl'. Please regenerate to continue.
WARNING: [IP_Flow 19-3664] IP 'address_LUT' generated file not found '/net/home/ppd/hmo31799/Documents/dune_project/ped_sub/tpg_core/proj/dataflowZCU102/dataflowZCU102/dataflowZCU102.srcs/sources_1/ip/address_LUT/address_LUT_sim_netlist.v'. Please regenerate to continue.
WARNING: [IP_Flow 19-3664] IP 'address_LUT' generated file not found '/net/home/ppd/hmo31799/Documents/dune_project/ped_sub/tpg_core/proj/dataflowZCU102/dataflowZCU102/dataflowZCU102.srcs/sources_1/ip/address_LUT/address_LUT_sim_netlist.vhdl'. Please regenerate to continue.
WARNING: [IP_Flow 19-3664] IP 'gig_ethernet_pcs_pma_basex_156_25' generated file not found '/net/home/ppd/hmo31799/Documents/dune_project/ped_sub/tpg_core/proj/dataflowZCU102/dataflowZCU102/dataflowZCU102.srcs/sources_1/ip/gig_ethernet_pcs_pma_basex_156_25/gig_ethernet_pcs_pma_basex_156_25.dcp'. Please regenerate to continue.
WARNING: [IP_Flow 19-3664] IP 'gig_ethernet_pcs_pma_basex_156_25' generated file not found '/net/home/ppd/hmo31799/Documents/dune_project/ped_sub/tpg_core/proj/dataflowZCU102/dataflowZCU102/dataflowZCU102.srcs/sources_1/ip/gig_ethernet_pcs_pma_basex_156_25/gig_ethernet_pcs_pma_basex_156_25_stub.v'. Please regenerate to continue.
WARNING: [IP_Flow 19-3664] IP 'gig_ethernet_pcs_pma_basex_156_25' generated file not found '/net/home/ppd/hmo31799/Documents/dune_project/ped_sub/tpg_core/proj/dataflowZCU102/dataflowZCU102/dataflowZCU102.srcs/sources_1/ip/gig_ethernet_pcs_pma_basex_156_25/gig_ethernet_pcs_pma_basex_156_25_stub.vhdl'. Please regenerate to continue.
WARNING: [IP_Flow 19-3664] IP 'gig_ethernet_pcs_pma_basex_156_25' generated file not found '/net/home/ppd/hmo31799/Documents/dune_project/ped_sub/tpg_core/proj/dataflowZCU102/dataflowZCU102/dataflowZCU102.srcs/sources_1/ip/gig_ethernet_pcs_pma_basex_156_25/gig_ethernet_pcs_pma_basex_156_25_sim_netlist.v'. Please regenerate to continue.
WARNING: [IP_Flow 19-3664] IP 'gig_ethernet_pcs_pma_basex_156_25' generated file not found '/net/home/ppd/hmo31799/Documents/dune_project/ped_sub/tpg_core/proj/dataflowZCU102/dataflowZCU102/dataflowZCU102.srcs/sources_1/ip/gig_ethernet_pcs_pma_basex_156_25/gig_ethernet_pcs_pma_basex_156_25_sim_netlist.vhdl'. Please regenerate to continue.
WARNING: [IP_Flow 19-3664] IP 'temac_gbe_v9_0' generated file not found '/net/home/ppd/hmo31799/Documents/dune_project/ped_sub/tpg_core/proj/dataflowZCU102/dataflowZCU102/dataflowZCU102.srcs/sources_1/ip/temac_gbe_v9_0/temac_gbe_v9_0.dcp'. Please regenerate to continue.
WARNING: [IP_Flow 19-3664] IP 'temac_gbe_v9_0' generated file not found '/net/home/ppd/hmo31799/Documents/dune_project/ped_sub/tpg_core/proj/dataflowZCU102/dataflowZCU102/dataflowZCU102.srcs/sources_1/ip/temac_gbe_v9_0/temac_gbe_v9_0_stub.v'. Please regenerate to continue.
WARNING: [IP_Flow 19-3664] IP 'temac_gbe_v9_0' generated file not found '/net/home/ppd/hmo31799/Documents/dune_project/ped_sub/tpg_core/proj/dataflowZCU102/dataflowZCU102/dataflowZCU102.srcs/sources_1/ip/temac_gbe_v9_0/temac_gbe_v9_0_stub.vhdl'. Please regenerate to continue.
WARNING: [IP_Flow 19-3664] IP 'temac_gbe_v9_0' generated file not found '/net/home/ppd/hmo31799/Documents/dune_project/ped_sub/tpg_core/proj/dataflowZCU102/dataflowZCU102/dataflowZCU102.srcs/sources_1/ip/temac_gbe_v9_0/temac_gbe_v9_0_sim_netlist.v'. Please regenerate to continue.
WARNING: [IP_Flow 19-3664] IP 'temac_gbe_v9_0' generated file not found '/net/home/ppd/hmo31799/Documents/dune_project/ped_sub/tpg_core/proj/dataflowZCU102/dataflowZCU102/dataflowZCU102.srcs/sources_1/ip/temac_gbe_v9_0/temac_gbe_v9_0_sim_netlist.vhdl'. Please regenerate to continue.
open_project: Time (s): cpu = 00:00:28 ; elapsed = 00:00:22 . Memory (MB): peak = 6721.832 ; gain = 189.539 ; free physical = 2489 ; free virtual = 110012
reset_run synth_1
reset_run temac_gbe_v9_0_synth_1
reset_run distRAM_64x12_synth_1
WARNING: [Vivado 12-1017] Problems encountered:
1. Attempt to kill process failed

reset_run Median_distRAM_64x12_synth_1
WARNING: [Vivado 12-1017] Problems encountered:
1. Attempt to kill process failed

reset_run fir_compiler_0_synth_1
WARNING: [Vivado 12-1017] Problems encountered:
1. Attempt to kill process failed

reset_run axis_data_fifo_0_synth_1
WARNING: [Vivado 12-1017] Problems encountered:
1. Attempt to kill process failed

exit
INFO: [Common 17-206] Exiting Vivado at Tue Dec  1 12:49:50 2020...
