
*** Running vivado
    with args -log temac_gbe_v9_0.vds -m64 -product Vivado -mode batch -messageDb vivado.pb -notrace -source temac_gbe_v9_0.tcl


****** Vivado v2018.3 (64-bit)
  **** SW Build 2405991 on Thu Dec  6 23:36:41 MST 2018
  **** IP Build 2404404 on Fri Dec  7 01:43:56 MST 2018
    ** Copyright 1986-2018 Xilinx, Inc. All Rights Reserved.

source temac_gbe_v9_0.tcl -notrace
Command: synth_design -top temac_gbe_v9_0 -part xczu9eg-ffvb1156-2-e -mode out_of_context
Starting synth_design
Attempting to get a license for feature 'Synthesis' and/or device 'xczu9eg'
INFO: [Common 17-349] Got license for feature 'Synthesis' and/or device 'xczu9eg'
INFO: Launching helper process for spawning children vivado processes
INFO: Helper process launched with PID 20066 
---------------------------------------------------------------------------------
Starting RTL Elaboration : Time (s): cpu = 00:00:04 ; elapsed = 00:00:11 . Memory (MB): peak = 1574.973 ; gain = 74.988 ; free physical = 2877 ; free virtual = 77063
---------------------------------------------------------------------------------
INFO: [Synth 8-638] synthesizing module 'temac_gbe_v9_0' [/data/kmanolo/Josh/tpg_core/proj/dataflowZCU102/dataflowZCU102/dataflowZCU102.srcs/sources_1/ip/temac_gbe_v9_0/synth/temac_gbe_v9_0.vhd:129]
INFO: [Synth 8-3491] module 'temac_gbe_v9_0_block' declared at '/data/kmanolo/Josh/tpg_core/proj/dataflowZCU102/dataflowZCU102/dataflowZCU102.srcs/sources_1/ip/temac_gbe_v9_0/synth/temac_gbe_v9_0_block.vhd:100' bound to instance 'U0' of component 'temac_gbe_v9_0_block' [/data/kmanolo/Josh/tpg_core/proj/dataflowZCU102/dataflowZCU102/dataflowZCU102.srcs/sources_1/ip/temac_gbe_v9_0/synth/temac_gbe_v9_0.vhd:206]
INFO: [Synth 8-638] synthesizing module 'temac_gbe_v9_0_block' [/data/kmanolo/Josh/tpg_core/proj/dataflowZCU102/dataflowZCU102/dataflowZCU102.srcs/sources_1/ip/temac_gbe_v9_0/synth/temac_gbe_v9_0_block.vhd:163]
	Parameter C_S_AXI_ADDR_WIDTH bound to: 12 - type: integer 
	Parameter C_PHYSICAL_INTERFACE bound to: INTERNAL - type: string 
	Parameter C_INTERNAL_MODE_TYPE bound to: BASEX - type: string 
	Parameter C_HALF_DUPLEX bound to: 0 - type: integer 
	Parameter C_HAS_HOST bound to: 0 - type: integer 
	Parameter C_ADD_FILTER bound to: 0 - type: integer 
	Parameter C_AT_ENTRIES bound to: 0 - type: integer 
	Parameter C_FAMILY bound to: zynquplus - type: string 
	Parameter C_HAS_2G5 bound to: 0 - type: integer 
	Parameter C_MAC_SPEED bound to: SPEED_1000_MBPS - type: string 
	Parameter C_HAS_STATS bound to: 0 - type: integer 
	Parameter C_NUM_STATS bound to: 34 - type: integer 
	Parameter C_CNTR_RST bound to: 1 - type: integer 
	Parameter C_STATS_WIDTH bound to: 64 - type: integer 
	Parameter C_AVB bound to: 0 - type: integer 
	Parameter C_RX_VEC_WIDTH bound to: 79 - type: integer 
	Parameter C_TX_VEC_WIDTH bound to: 79 - type: integer 
	Parameter C_1588 bound to: 0 - type: integer 
	Parameter C_TX_INBAND_CF_ENABLE bound to: 0 - type: integer 
	Parameter C_RX_INBAND_TS_ENABLE bound to: 0 - type: integer 
	Parameter C_PFC bound to: 0 - type: integer 
	Parameter C_HAS_MDIO bound to: 0 - type: integer 
	Parameter C_DEVICE_FAMILY_US bound to: 1 - type: integer 
INFO: [Synth 8-3491] module 'tri_mode_ethernet_mac_v9_0_13' declared at '/data/kmanolo/Josh/tpg_core/proj/dataflowZCU102/dataflowZCU102/dataflowZCU102.srcs/sources_1/ip/temac_gbe_v9_0/hdl/tri_mode_ethernet_mac_v9_0_rfs.v:17890' bound to instance 'temac_gbe_v9_0_core' of component 'tri_mode_ethernet_mac_v9_0_13' [/data/kmanolo/Josh/tpg_core/proj/dataflowZCU102/dataflowZCU102/dataflowZCU102.srcs/sources_1/ip/temac_gbe_v9_0/synth/temac_gbe_v9_0_block.vhd:436]
INFO: [Synth 8-6157] synthesizing module 'LUT4' [/opt/ppd/tools/xilinx/Vivado/2018.3/scripts/rt/data/unisim_comp.v:26530]
INFO: [Synth 8-6155] done synthesizing module 'LUT4' (9#1) [/opt/ppd/tools/xilinx/Vivado/2018.3/scripts/rt/data/unisim_comp.v:26530]
INFO: [Synth 8-6157] synthesizing module 'LUT4__parameterized0' [/opt/ppd/tools/xilinx/Vivado/2018.3/scripts/rt/data/unisim_comp.v:26530]
INFO: [Synth 8-6155] done synthesizing module 'LUT4__parameterized0' (9#1) [/opt/ppd/tools/xilinx/Vivado/2018.3/scripts/rt/data/unisim_comp.v:26530]
INFO: [Synth 8-6157] synthesizing module 'LUT4__parameterized1' [/opt/ppd/tools/xilinx/Vivado/2018.3/scripts/rt/data/unisim_comp.v:26530]
INFO: [Synth 8-6155] done synthesizing module 'LUT4__parameterized1' (9#1) [/opt/ppd/tools/xilinx/Vivado/2018.3/scripts/rt/data/unisim_comp.v:26530]
INFO: [Synth 8-6157] synthesizing module 'LUT4__parameterized2' [/opt/ppd/tools/xilinx/Vivado/2018.3/scripts/rt/data/unisim_comp.v:26530]
INFO: [Synth 8-6155] done synthesizing module 'LUT4__parameterized2' (9#1) [/opt/ppd/tools/xilinx/Vivado/2018.3/scripts/rt/data/unisim_comp.v:26530]
INFO: [Synth 8-6157] synthesizing module 'LUT4__parameterized3' [/opt/ppd/tools/xilinx/Vivado/2018.3/scripts/rt/data/unisim_comp.v:26530]
INFO: [Synth 8-6155] done synthesizing module 'LUT4__parameterized3' (9#1) [/opt/ppd/tools/xilinx/Vivado/2018.3/scripts/rt/data/unisim_comp.v:26530]
INFO: [Synth 8-6157] synthesizing module 'RAM64X1D' [/opt/ppd/tools/xilinx/Vivado/2018.3/scripts/rt/data/unisim_comp.v:45535]
INFO: [Synth 8-6155] done synthesizing module 'RAM64X1D' (22#1) [/opt/ppd/tools/xilinx/Vivado/2018.3/scripts/rt/data/unisim_comp.v:45535]
INFO: [Synth 8-6157] synthesizing module 'LUT3' [/opt/ppd/tools/xilinx/Vivado/2018.3/scripts/rt/data/unisim_comp.v:26488]
INFO: [Synth 8-6155] done synthesizing module 'LUT3' (23#1) [/opt/ppd/tools/xilinx/Vivado/2018.3/scripts/rt/data/unisim_comp.v:26488]
INFO: [Synth 8-6157] synthesizing module 'LUT3__parameterized0' [/opt/ppd/tools/xilinx/Vivado/2018.3/scripts/rt/data/unisim_comp.v:26488]
INFO: [Synth 8-6155] done synthesizing module 'LUT3__parameterized0' (23#1) [/opt/ppd/tools/xilinx/Vivado/2018.3/scripts/rt/data/unisim_comp.v:26488]
INFO: [Synth 8-6157] synthesizing module 'LUT3__parameterized1' [/opt/ppd/tools/xilinx/Vivado/2018.3/scripts/rt/data/unisim_comp.v:26488]
INFO: [Synth 8-6155] done synthesizing module 'LUT3__parameterized1' (23#1) [/opt/ppd/tools/xilinx/Vivado/2018.3/scripts/rt/data/unisim_comp.v:26488]
INFO: [Synth 8-6157] synthesizing module 'LUT3__parameterized2' [/opt/ppd/tools/xilinx/Vivado/2018.3/scripts/rt/data/unisim_comp.v:26488]
INFO: [Synth 8-6155] done synthesizing module 'LUT3__parameterized2' (23#1) [/opt/ppd/tools/xilinx/Vivado/2018.3/scripts/rt/data/unisim_comp.v:26488]
INFO: [Synth 8-6157] synthesizing module 'SRL16E' [/opt/ppd/tools/xilinx/Vivado/2018.3/scripts/rt/data/unisim_comp.v:51699]
INFO: [Synth 8-6155] done synthesizing module 'SRL16E' (24#1) [/opt/ppd/tools/xilinx/Vivado/2018.3/scripts/rt/data/unisim_comp.v:51699]
INFO: [Synth 8-256] done synthesizing module 'temac_gbe_v9_0_block' (28#1) [/data/kmanolo/Josh/tpg_core/proj/dataflowZCU102/dataflowZCU102/dataflowZCU102.srcs/sources_1/ip/temac_gbe_v9_0/synth/temac_gbe_v9_0_block.vhd:163]
INFO: [Synth 8-256] done synthesizing module 'temac_gbe_v9_0' (29#1) [/data/kmanolo/Josh/tpg_core/proj/dataflowZCU102/dataflowZCU102/dataflowZCU102.srcs/sources_1/ip/temac_gbe_v9_0/synth/temac_gbe_v9_0.vhd:129]
WARNING: [Synth 8-3331] design tri_mode_ethernet_mac_v9_0_13_addr_filter has unconnected port rx_filter_enable[0]
WARNING: [Synth 8-3331] design tri_mode_ethernet_mac_v9_0_13_addr_filter has unconnected port rx_avb_enable[2]
WARNING: [Synth 8-3331] design tri_mode_ethernet_mac_v9_0_13_addr_filter has unconnected port rx_avb_enable[1]
WARNING: [Synth 8-3331] design tri_mode_ethernet_mac_v9_0_13_addr_filter has unconnected port rx_avb_enable[0]
WARNING: [Synth 8-3331] design tri_mode_ethernet_mac_v9_0_13_addr_filter has unconnected port bus2ip_addr[16]
WARNING: [Synth 8-3331] design tri_mode_ethernet_mac_v9_0_13_addr_filter has unconnected port bus2ip_addr[15]
WARNING: [Synth 8-3331] design tri_mode_ethernet_mac_v9_0_13_addr_filter has unconnected port bus2ip_addr[14]
WARNING: [Synth 8-3331] design tri_mode_ethernet_mac_v9_0_13_addr_filter has unconnected port bus2ip_addr[13]
WARNING: [Synth 8-3331] design tri_mode_ethernet_mac_v9_0_13_addr_filter has unconnected port bus2ip_addr[12]
WARNING: [Synth 8-3331] design tri_mode_ethernet_mac_v9_0_13_addr_filter has unconnected port bus2ip_addr[11]
WARNING: [Synth 8-3331] design tri_mode_ethernet_mac_v9_0_13_addr_filter has unconnected port bus2ip_addr[10]
WARNING: [Synth 8-3331] design tri_mode_ethernet_mac_v9_0_13_addr_filter has unconnected port bus2ip_addr[9]
WARNING: [Synth 8-3331] design tri_mode_ethernet_mac_v9_0_13_addr_filter has unconnected port bus2ip_addr[8]
WARNING: [Synth 8-3331] design tri_mode_ethernet_mac_v9_0_13_addr_filter has unconnected port bus2ip_addr[7]
WARNING: [Synth 8-3331] design tri_mode_ethernet_mac_v9_0_13_addr_filter has unconnected port bus2ip_addr[6]
WARNING: [Synth 8-3331] design tri_mode_ethernet_mac_v9_0_13_addr_filter has unconnected port bus2ip_addr[1]
WARNING: [Synth 8-3331] design tri_mode_ethernet_mac_v9_0_13_addr_filter has unconnected port bus2ip_addr[0]
WARNING: [Synth 8-3331] design tri_mode_ethernet_mac_v9_0_13_addr_filter has unconnected port bus2ip_data[31]
WARNING: [Synth 8-3331] design tri_mode_ethernet_mac_v9_0_13_addr_filter has unconnected port bus2ip_data[30]
WARNING: [Synth 8-3331] design tri_mode_ethernet_mac_v9_0_13_addr_filter has unconnected port bus2ip_data[29]
WARNING: [Synth 8-3331] design tri_mode_ethernet_mac_v9_0_13_addr_filter has unconnected port bus2ip_data[28]
WARNING: [Synth 8-3331] design tri_mode_ethernet_mac_v9_0_13_addr_filter has unconnected port bus2ip_data[27]
WARNING: [Synth 8-3331] design tri_mode_ethernet_mac_v9_0_13_addr_filter has unconnected port bus2ip_data[26]
WARNING: [Synth 8-3331] design tri_mode_ethernet_mac_v9_0_13_addr_filter has unconnected port bus2ip_data[25]
WARNING: [Synth 8-3331] design tri_mode_ethernet_mac_v9_0_13_addr_filter has unconnected port bus2ip_data[24]
WARNING: [Synth 8-3331] design tri_mode_ethernet_mac_v9_0_13_addr_filter has unconnected port bus2ip_data[23]
WARNING: [Synth 8-3331] design tri_mode_ethernet_mac_v9_0_13_addr_filter has unconnected port bus2ip_data[22]
WARNING: [Synth 8-3331] design tri_mode_ethernet_mac_v9_0_13_addr_filter has unconnected port bus2ip_data[21]
WARNING: [Synth 8-3331] design tri_mode_ethernet_mac_v9_0_13_addr_filter has unconnected port bus2ip_data[20]
WARNING: [Synth 8-3331] design tri_mode_ethernet_mac_v9_0_13_addr_filter has unconnected port bus2ip_data[19]
WARNING: [Synth 8-3331] design tri_mode_ethernet_mac_v9_0_13_addr_filter has unconnected port bus2ip_data[18]
WARNING: [Synth 8-3331] design tri_mode_ethernet_mac_v9_0_13_addr_filter has unconnected port bus2ip_data[17]
WARNING: [Synth 8-3331] design tri_mode_ethernet_mac_v9_0_13_addr_filter has unconnected port bus2ip_data[16]
WARNING: [Synth 8-3331] design tri_mode_ethernet_mac_v9_0_13_addr_filter has unconnected port bus2ip_data[15]
WARNING: [Synth 8-3331] design tri_mode_ethernet_mac_v9_0_13_addr_filter has unconnected port bus2ip_data[14]
WARNING: [Synth 8-3331] design tri_mode_ethernet_mac_v9_0_13_addr_filter has unconnected port bus2ip_data[13]
WARNING: [Synth 8-3331] design tri_mode_ethernet_mac_v9_0_13_addr_filter has unconnected port bus2ip_data[12]
WARNING: [Synth 8-3331] design tri_mode_ethernet_mac_v9_0_13_addr_filter has unconnected port bus2ip_data[11]
WARNING: [Synth 8-3331] design tri_mode_ethernet_mac_v9_0_13_addr_filter has unconnected port bus2ip_data[10]
WARNING: [Synth 8-3331] design tri_mode_ethernet_mac_v9_0_13_addr_filter has unconnected port bus2ip_data[9]
WARNING: [Synth 8-3331] design tri_mode_ethernet_mac_v9_0_13_addr_filter has unconnected port bus2ip_data[8]
WARNING: [Synth 8-3331] design tri_mode_ethernet_mac_v9_0_13_addr_filter has unconnected port bus2ip_data[7]
WARNING: [Synth 8-3331] design tri_mode_ethernet_mac_v9_0_13_addr_filter has unconnected port bus2ip_data[6]
WARNING: [Synth 8-3331] design tri_mode_ethernet_mac_v9_0_13_addr_filter has unconnected port bus2ip_data[5]
WARNING: [Synth 8-3331] design tri_mode_ethernet_mac_v9_0_13_addr_filter has unconnected port bus2ip_data[4]
WARNING: [Synth 8-3331] design tri_mode_ethernet_mac_v9_0_13_addr_filter has unconnected port bus2ip_data[3]
WARNING: [Synth 8-3331] design tri_mode_ethernet_mac_v9_0_13_addr_filter has unconnected port bus2ip_data[2]
WARNING: [Synth 8-3331] design tri_mode_ethernet_mac_v9_0_13_addr_filter has unconnected port bus2ip_data[1]
WARNING: [Synth 8-3331] design tri_mode_ethernet_mac_v9_0_13_addr_filter has unconnected port bus2ip_data[0]
WARNING: [Synth 8-3331] design tri_mode_ethernet_mac_v9_0_13_addr_filter_wrap has unconnected port bus2ip_addr[11]
WARNING: [Synth 8-3331] design tri_mode_ethernet_mac_v9_0_13_addr_filter_wrap has unconnected port bus2ip_addr[10]
WARNING: [Synth 8-3331] design tri_mode_ethernet_mac_v9_0_13_addr_filter_wrap has unconnected port bus2ip_addr[9]
WARNING: [Synth 8-3331] design tri_mode_ethernet_mac_v9_0_13_addr_filter_wrap has unconnected port bus2ip_addr[8]
WARNING: [Synth 8-3331] design PARAM_CHECK has unconnected port ENABLE_HALF_DUPLEX
WARNING: [Synth 8-3331] design PARAM_CHECK has unconnected port DEST_ADD_FIELD
WARNING: [Synth 8-3331] design PARAM_CHECK has unconnected port SOURCE_ADD_FIELD
WARNING: [Synth 8-3331] design PARAM_CHECK has unconnected port LENGTH_FIELD
WARNING: [Synth 8-3331] design PARAM_CHECK has unconnected port IFG
WARNING: [Synth 8-3331] design PARAM_CHECK has unconnected port SPEED_IS_10_100
WARNING: [Synth 8-3331] design DECODE_FRAME has unconnected port FIELD_COUNTER[5]
WARNING: [Synth 8-3331] design DECODE_FRAME has unconnected port FIELD_COUNTER[4]
WARNING: [Synth 8-3331] design DECODE_FRAME has unconnected port FIELD_COUNTER[3]
WARNING: [Synth 8-3331] design DECODE_FRAME has unconnected port FIELD_COUNTER[2]
WARNING: [Synth 8-3331] design tri_mode_ethernet_mac_v9_0_13_rx has unconnected port RESET_GMII_MII
WARNING: [Synth 8-3331] design tri_mode_ethernet_mac_v9_0_13_rx has unconnected port INBAND_TS_ENABLE
WARNING: [Synth 8-3331] design tri_mode_ethernet_mac_v9_0_13_rx has unconnected port SPEED[1]
WARNING: [Synth 8-3331] design tri_mode_ethernet_mac_v9_0_13_rx has unconnected port SPEED[0]
WARNING: [Synth 8-3331] design tri_mode_ethernet_mac_v9_0_13_rx has unconnected port CORE_HAS_SGMII
WARNING: [Synth 8-3331] design tri_mode_ethernet_mac_v9_0_13_rx has unconnected port RTC_CLK
WARNING: [Synth 8-3331] design tri_mode_ethernet_mac_v9_0_13_rx has unconnected port SYSTEMTIMER_S_FIELD[47]
WARNING: [Synth 8-3331] design tri_mode_ethernet_mac_v9_0_13_rx has unconnected port SYSTEMTIMER_S_FIELD[46]
WARNING: [Synth 8-3331] design tri_mode_ethernet_mac_v9_0_13_rx has unconnected port SYSTEMTIMER_S_FIELD[45]
WARNING: [Synth 8-3331] design tri_mode_ethernet_mac_v9_0_13_rx has unconnected port SYSTEMTIMER_S_FIELD[44]
WARNING: [Synth 8-3331] design tri_mode_ethernet_mac_v9_0_13_rx has unconnected port SYSTEMTIMER_S_FIELD[43]
WARNING: [Synth 8-3331] design tri_mode_ethernet_mac_v9_0_13_rx has unconnected port SYSTEMTIMER_S_FIELD[42]
WARNING: [Synth 8-3331] design tri_mode_ethernet_mac_v9_0_13_rx has unconnected port SYSTEMTIMER_S_FIELD[41]
WARNING: [Synth 8-3331] design tri_mode_ethernet_mac_v9_0_13_rx has unconnected port SYSTEMTIMER_S_FIELD[40]
WARNING: [Synth 8-3331] design tri_mode_ethernet_mac_v9_0_13_rx has unconnected port SYSTEMTIMER_S_FIELD[39]
WARNING: [Synth 8-3331] design tri_mode_ethernet_mac_v9_0_13_rx has unconnected port SYSTEMTIMER_S_FIELD[38]
WARNING: [Synth 8-3331] design tri_mode_ethernet_mac_v9_0_13_rx has unconnected port SYSTEMTIMER_S_FIELD[37]
WARNING: [Synth 8-3331] design tri_mode_ethernet_mac_v9_0_13_rx has unconnected port SYSTEMTIMER_S_FIELD[36]
WARNING: [Synth 8-3331] design tri_mode_ethernet_mac_v9_0_13_rx has unconnected port SYSTEMTIMER_S_FIELD[35]
WARNING: [Synth 8-3331] design tri_mode_ethernet_mac_v9_0_13_rx has unconnected port SYSTEMTIMER_S_FIELD[34]
WARNING: [Synth 8-3331] design tri_mode_ethernet_mac_v9_0_13_rx has unconnected port SYSTEMTIMER_S_FIELD[33]
WARNING: [Synth 8-3331] design tri_mode_ethernet_mac_v9_0_13_rx has unconnected port SYSTEMTIMER_S_FIELD[32]
WARNING: [Synth 8-3331] design tri_mode_ethernet_mac_v9_0_13_rx has unconnected port SYSTEMTIMER_S_FIELD[31]
WARNING: [Synth 8-3331] design tri_mode_ethernet_mac_v9_0_13_rx has unconnected port SYSTEMTIMER_S_FIELD[30]
WARNING: [Synth 8-3331] design tri_mode_ethernet_mac_v9_0_13_rx has unconnected port SYSTEMTIMER_S_FIELD[29]
WARNING: [Synth 8-3331] design tri_mode_ethernet_mac_v9_0_13_rx has unconnected port SYSTEMTIMER_S_FIELD[28]
WARNING: [Synth 8-3331] design tri_mode_ethernet_mac_v9_0_13_rx has unconnected port SYSTEMTIMER_S_FIELD[27]
WARNING: [Synth 8-3331] design tri_mode_ethernet_mac_v9_0_13_rx has unconnected port SYSTEMTIMER_S_FIELD[26]
WARNING: [Synth 8-3331] design tri_mode_ethernet_mac_v9_0_13_rx has unconnected port SYSTEMTIMER_S_FIELD[25]
WARNING: [Synth 8-3331] design tri_mode_ethernet_mac_v9_0_13_rx has unconnected port SYSTEMTIMER_S_FIELD[24]
WARNING: [Synth 8-3331] design tri_mode_ethernet_mac_v9_0_13_rx has unconnected port SYSTEMTIMER_S_FIELD[23]
WARNING: [Synth 8-3331] design tri_mode_ethernet_mac_v9_0_13_rx has unconnected port SYSTEMTIMER_S_FIELD[22]
WARNING: [Synth 8-3331] design tri_mode_ethernet_mac_v9_0_13_rx has unconnected port SYSTEMTIMER_S_FIELD[21]
WARNING: [Synth 8-3331] design tri_mode_ethernet_mac_v9_0_13_rx has unconnected port SYSTEMTIMER_S_FIELD[20]
WARNING: [Synth 8-3331] design tri_mode_ethernet_mac_v9_0_13_rx has unconnected port SYSTEMTIMER_S_FIELD[19]
WARNING: [Synth 8-3331] design tri_mode_ethernet_mac_v9_0_13_rx has unconnected port SYSTEMTIMER_S_FIELD[18]
WARNING: [Synth 8-3331] design tri_mode_ethernet_mac_v9_0_13_rx has unconnected port SYSTEMTIMER_S_FIELD[17]
INFO: [Common 17-14] Message 'Synth 8-3331' appears 100 times and further instances of the messages will be disabled. Use the Tcl command set_msg_config to change the current settings.
---------------------------------------------------------------------------------
Finished RTL Elaboration : Time (s): cpu = 00:00:07 ; elapsed = 00:00:19 . Memory (MB): peak = 1653.727 ; gain = 153.742 ; free physical = 2637 ; free virtual = 76826
---------------------------------------------------------------------------------

Report Check Netlist: 
+------+------------------+-------+---------+-------+------------------+
|      |Item              |Errors |Warnings |Status |Description       |
+------+------------------+-------+---------+-------+------------------+
|1     |multi_driven_nets |      0|        0|Passed |Multi driven nets |
+------+------------------+-------+---------+-------+------------------+
---------------------------------------------------------------------------------
Start Handling Custom Attributes
---------------------------------------------------------------------------------
---------------------------------------------------------------------------------
Finished Handling Custom Attributes : Time (s): cpu = 00:00:08 ; elapsed = 00:00:20 . Memory (MB): peak = 1653.727 ; gain = 153.742 ; free physical = 2814 ; free virtual = 77004
---------------------------------------------------------------------------------
---------------------------------------------------------------------------------
Finished RTL Optimization Phase 1 : Time (s): cpu = 00:00:08 ; elapsed = 00:00:20 . Memory (MB): peak = 1653.727 ; gain = 153.742 ; free physical = 2814 ; free virtual = 77004
---------------------------------------------------------------------------------
INFO: [Netlist 29-17] Analyzing 8 Unisim elements for replacement
INFO: [Netlist 29-28] Unisim Transformation completed in 0 CPU seconds
INFO: [Device 21-403] Loading part xczu9eg-ffvb1156-2-e
INFO: [Project 1-570] Preparing netlist for logic optimization

Processing XDC Constraints
Initializing timing engine
Parsing XDC File [/data/kmanolo/Josh/tpg_core/proj/dataflowZCU102/dataflowZCU102/dataflowZCU102.srcs/sources_1/ip/temac_gbe_v9_0/synth/temac_gbe_v9_0_ooc.xdc] for cell 'U0'
Finished Parsing XDC File [/data/kmanolo/Josh/tpg_core/proj/dataflowZCU102/dataflowZCU102/dataflowZCU102.srcs/sources_1/ip/temac_gbe_v9_0/synth/temac_gbe_v9_0_ooc.xdc] for cell 'U0'
Parsing XDC File [/data/kmanolo/Josh/tpg_core/proj/dataflowZCU102/dataflowZCU102/dataflowZCU102.srcs/sources_1/ip/temac_gbe_v9_0/synth/temac_gbe_v9_0_board.xdc] for cell 'U0'
Finished Parsing XDC File [/data/kmanolo/Josh/tpg_core/proj/dataflowZCU102/dataflowZCU102/dataflowZCU102.srcs/sources_1/ip/temac_gbe_v9_0/synth/temac_gbe_v9_0_board.xdc] for cell 'U0'
Parsing XDC File [/data/kmanolo/Josh/tpg_core/proj/dataflowZCU102/dataflowZCU102/dataflowZCU102.srcs/sources_1/ip/temac_gbe_v9_0/synth/temac_gbe_v9_0.xdc] for cell 'U0'
Finished Parsing XDC File [/data/kmanolo/Josh/tpg_core/proj/dataflowZCU102/dataflowZCU102/dataflowZCU102.srcs/sources_1/ip/temac_gbe_v9_0/synth/temac_gbe_v9_0.xdc] for cell 'U0'
INFO: [Project 1-236] Implementation specific constraints were found while reading constraint file [/data/kmanolo/Josh/tpg_core/proj/dataflowZCU102/dataflowZCU102/dataflowZCU102.srcs/sources_1/ip/temac_gbe_v9_0/synth/temac_gbe_v9_0.xdc]. These constraints will be ignored for synthesis but will be used in implementation. Impacted constraints are listed in the file [.Xil/temac_gbe_v9_0_propImpl.xdc].
Resolution: To avoid this warning, move constraints listed in [.Xil/temac_gbe_v9_0_propImpl.xdc] to another XDC file and exclude this new file from synthesis with the used_in_synthesis property (File Properties dialog in GUI) and re-run elaboration/synthesis.
Netlist sorting complete. Time (s): cpu = 00:00:00 ; elapsed = 00:00:00 . Memory (MB): peak = 2613.965 ; gain = 0.000 ; free physical = 5649 ; free virtual = 79832
Parsing XDC File [/data/kmanolo/Josh/tpg_core/proj/dataflowZCU102/dataflowZCU102/dataflowZCU102.runs/temac_gbe_v9_0_synth_1/dont_touch.xdc]
Finished Parsing XDC File [/data/kmanolo/Josh/tpg_core/proj/dataflowZCU102/dataflowZCU102/dataflowZCU102.runs/temac_gbe_v9_0_synth_1/dont_touch.xdc]
Parsing XDC File [/data/kmanolo/Josh/tpg_core/proj/dataflowZCU102/dataflowZCU102/dataflowZCU102.srcs/sources_1/ip/temac_gbe_v9_0/synth/temac_gbe_v9_0_clocks.xdc] for cell 'U0'
Finished Parsing XDC File [/data/kmanolo/Josh/tpg_core/proj/dataflowZCU102/dataflowZCU102/dataflowZCU102.srcs/sources_1/ip/temac_gbe_v9_0/synth/temac_gbe_v9_0_clocks.xdc] for cell 'U0'
Completed Processing XDC Constraints

Netlist sorting complete. Time (s): cpu = 00:00:00 ; elapsed = 00:00:00 . Memory (MB): peak = 2613.965 ; gain = 0.000 ; free physical = 5649 ; free virtual = 79832
INFO: [Project 1-111] Unisim Transformation Summary:
  A total of 8 instances were transformed.
  RAM64X1D => RAM64X1D (RAMD64E, RAMD64E): 8 instances

Netlist sorting complete. Time (s): cpu = 00:00:00 ; elapsed = 00:00:00 . Memory (MB): peak = 2613.969 ; gain = 0.000 ; free physical = 5649 ; free virtual = 79832
Constraint Validation Runtime : Time (s): cpu = 00:00:00.05 ; elapsed = 00:00:00.07 . Memory (MB): peak = 2613.969 ; gain = 0.004 ; free physical = 5648 ; free virtual = 79831
---------------------------------------------------------------------------------
Finished Constraint Validation : Time (s): cpu = 00:00:29 ; elapsed = 00:01:25 . Memory (MB): peak = 2613.969 ; gain = 1113.984 ; free physical = 5627 ; free virtual = 79810
---------------------------------------------------------------------------------
---------------------------------------------------------------------------------
Start Loading Part and Timing Information
---------------------------------------------------------------------------------
Loading part: xczu9eg-ffvb1156-2-e
INFO: [Synth 8-6742] Reading net delay rules and data
---------------------------------------------------------------------------------
Finished Loading Part and Timing Information : Time (s): cpu = 00:00:29 ; elapsed = 00:01:25 . Memory (MB): peak = 2613.969 ; gain = 1113.984 ; free physical = 5627 ; free virtual = 79810
---------------------------------------------------------------------------------
---------------------------------------------------------------------------------
Start Applying 'set_property' XDC Constraints
---------------------------------------------------------------------------------
Applied set_property DONT_TOUCH = true for U0. (constraint file  /data/kmanolo/Josh/tpg_core/proj/dataflowZCU102/dataflowZCU102/dataflowZCU102.runs/temac_gbe_v9_0_synth_1/dont_touch.xdc, line 9).
---------------------------------------------------------------------------------
Finished applying 'set_property' XDC Constraints : Time (s): cpu = 00:00:29 ; elapsed = 00:01:25 . Memory (MB): peak = 2613.969 ; gain = 1113.984 ; free physical = 5626 ; free virtual = 79809
---------------------------------------------------------------------------------
.p 19
.s 12
.r IDLE
	 Default IDLE 
	 IDLE LOAD1 
	 COMMAND IDLE 
	 LOAD1 CLEAR_PIPE 
	 LOAD1 LOAD2 
	 LOAD2 CLEAR_PIPE 
	 LOAD2 WAIT 
	 WAIT SEND 
	 WAIT END_LOAD 
	 END_LOAD CLEAR_PIPE 
	 CLEAR_PIPE RELOAD1 
	 CLEAR_PIPE SEND 
	 CLEAR_PIPE BURST 
	 RELOAD1 RELOAD2 
	 RELOAD1 IDLE 
	 RELOAD2 SEND 
	 RELOAD2 WAIT 
	 SEND BURST 
	 BURST IDLE 
.e
INFO: [Synth 8-802] inferred FSM for state register 'tx_state_reg' in module 'tri_mode_ethernet_mac_v9_0_13_tx_axi_intf'
INFO: [Synth 8-5544] ROM "next_tx_state" won't be mapped to Block RAM because address size (1) smaller than threshold (5)
INFO: [Synth 8-5544] ROM "next_tx_state" won't be mapped to Block RAM because address size (1) smaller than threshold (5)
INFO: [Synth 8-5544] ROM "next_tx_state" won't be mapped to Block RAM because address size (1) smaller than threshold (5)
INFO: [Synth 8-5544] ROM "ip2bus_data" won't be mapped to Block RAM because address size (4) smaller than threshold (5)
INFO: [Synth 8-802] inferred FSM for state register 'rx_state_reg' in module 'tri_mode_ethernet_mac_v9_0_13_rx_axi_intf'
INFO: [Synth 8-5546] ROM "pause_value" won't be mapped to RAM because it is too sparse
INFO: [Synth 8-5546] ROM "pause_opcode_early" won't be mapped to RAM because it is too sparse
INFO: [Synth 8-5546] ROM "check_opcode" won't be mapped to RAM because it is too sparse
INFO: [Synth 8-5546] ROM "pause_req_int" won't be mapped to RAM because it is too sparse
INFO: [Synth 8-5546] ROM "bad_fc_opcode_int" won't be mapped to RAM because it is too sparse
INFO: [Synth 8-802] inferred FSM for state register 'state_count_reg' in module 'tri_mode_ethernet_mac_v9_0_13_tx_cntl'
INFO: [Synth 8-5546] ROM "data_avail_control" won't be mapped to RAM because it is too sparse
INFO: [Synth 8-5546] ROM "sample_int" won't be mapped to RAM because it is too sparse
INFO: [Synth 8-5544] ROM "state_count" won't be mapped to Block RAM because address size (3) smaller than threshold (5)
INFO: [Synth 8-802] inferred FSM for state register 'pause_state_reg' in module 'tri_mode_ethernet_mac_v9_0_13_pfc_tx_cntl'
INFO: [Synth 8-802] inferred FSM for state register 'legacy_state_reg' in module 'tri_mode_ethernet_mac_v9_0_13_pfc_tx_cntl'
INFO: [Synth 8-5544] ROM "pause_req" won't be mapped to Block RAM because address size (2) smaller than threshold (5)
INFO: [Synth 8-5544] ROM "next_legacy_state" won't be mapped to Block RAM because address size (3) smaller than threshold (5)
INFO: [Synth 8-5544] ROM "FRAME_START" won't be mapped to Block RAM because address size (1) smaller than threshold (5)
INFO: [Synth 8-5544] ROM "FRAME_COUNT" won't be mapped to Block RAM because address size (1) smaller than threshold (5)
INFO: [Synth 8-5544] ROM "DATA_REG[1]" won't be mapped to Block RAM because address size (1) smaller than threshold (5)
INFO: [Synth 8-5544] ROM "DATA_REG[1]" won't be mapped to Block RAM because address size (1) smaller than threshold (5)
INFO: [Synth 8-5544] ROM "STATUS_VECTOR" won't be mapped to Block RAM because address size (1) smaller than threshold (5)
INFO: [Synth 8-5546] ROM "EQUAL" won't be mapped to RAM because it is too sparse
INFO: [Synth 8-5546] ROM "EQUAL" won't be mapped to RAM because it is too sparse
INFO: [Synth 8-5546] ROM "EQUAL" won't be mapped to RAM because it is too sparse
INFO: [Synth 8-5544] ROM "EQUAL" won't be mapped to Block RAM because address size (2) smaller than threshold (5)
INFO: [Synth 8-5546] ROM "EQUAL" won't be mapped to RAM because it is too sparse
INFO: [Synth 8-5546] ROM "EQUAL" won't be mapped to RAM because it is too sparse
INFO: [Synth 8-5546] ROM "EQUAL" won't be mapped to RAM because it is too sparse
INFO: [Synth 8-5544] ROM "MAX_LENGTH_ERR" won't be mapped to Block RAM because address size (3) smaller than threshold (5)
INFO: [Synth 8-5546] ROM "EQUAL" won't be mapped to RAM because it is too sparse
INFO: [Synth 8-5546] ROM "SFD_FLAG_EARLY" won't be mapped to RAM because it is too sparse
INFO: [Synth 8-5546] ROM "EQUAL" won't be mapped to RAM because it is too sparse
INFO: [Synth 8-5546] ROM "EQUAL" won't be mapped to RAM because it is too sparse
INFO: [Synth 8-5546] ROM "EQUAL" won't be mapped to RAM because it is too sparse
INFO: [Synth 8-5546] ROM "EQUAL" won't be mapped to RAM because it is too sparse
INFO: [Synth 8-5546] ROM "broadcast_byte_match" won't be mapped to RAM because it is too sparse
INFO: [Synth 8-5546] ROM "broadcastaddressmatch_int" won't be mapped to RAM because it is too sparse
INFO: [Synth 8-5544] ROM "ram_rd" won't be mapped to Block RAM because address size (2) smaller than threshold (5)
INFO: [Synth 8-6159] Found Keep on FSM register 'tx_state_reg' in module 'tri_mode_ethernet_mac_v9_0_13_tx_axi_intf', re-encoding will not be performed
---------------------------------------------------------------------------------------------------
                   State |                     New Encoding |                Previous Encoding 
---------------------------------------------------------------------------------------------------
*
                    IDLE |                             0000 |                             0000
                   LOAD1 |                             0001 |                             0001
                   LOAD2 |                             0010 |                             0010
                    WAIT |                             0011 |                             0011
                END_LOAD |                             0100 |                             0100
              CLEAR_PIPE |                             0101 |                             0101
                 RELOAD1 |                             0110 |                             0110
                 RELOAD2 |                             0111 |                             0111
                    SEND |                             1000 |                             1000
                   BURST |                             1001 |                             1001
---------------------------------------------------------------------------------------------------
---------------------------------------------------------------------------------------------------
                   State |                     New Encoding |                Previous Encoding 
---------------------------------------------------------------------------------------------------
                    IDLE |                               01 |                               00
                     PKT |                               11 |                               01
                    WAIT |                               10 |                               10
                    DONE |                               00 |                               11
---------------------------------------------------------------------------------------------------
INFO: [Synth 8-3354] encoded FSM with state register 'rx_state_reg' using encoding 'sequential' in module 'tri_mode_ethernet_mac_v9_0_13_rx_axi_intf'
---------------------------------------------------------------------------------------------------
                   State |                     New Encoding |                Previous Encoding 
---------------------------------------------------------------------------------------------------
*
                    IDLE |                              001 |                              001
        TRANSMIT_REQUEST |                              010 |                              010
            TRANSMITTING |                              100 |                              100
---------------------------------------------------------------------------------------------------
INFO: [Synth 8-3898] No Re-encoding of one hot register 'state_count_reg' in module 'tri_mode_ethernet_mac_v9_0_13_tx_cntl'
---------------------------------------------------------------------------------------------------
                   State |                     New Encoding |                Previous Encoding 
---------------------------------------------------------------------------------------------------
                    IDLE |                             0001 |                              000
                     REQ |                             1000 |                              001
                    WAIT |                             0100 |                              010
                   COUNT |                             0010 |                              011
---------------------------------------------------------------------------------------------------
INFO: [Synth 8-3354] encoded FSM with state register 'legacy_state_reg' using encoding 'one-hot' in module 'tri_mode_ethernet_mac_v9_0_13_pfc_tx_cntl'
---------------------------------------------------------------------------------------------------
                   State |                     New Encoding |                Previous Encoding 
---------------------------------------------------------------------------------------------------
                  P_IDLE |                               00 |                               00
                   P_REQ |                               01 |                               01
                  P_WAIT |                               10 |                               10
                  P_HOLD |                               11 |                               11
---------------------------------------------------------------------------------------------------
INFO: [Synth 8-3354] encoded FSM with state register 'pause_state_reg' using encoding 'sequential' in module 'tri_mode_ethernet_mac_v9_0_13_pfc_tx_cntl'
---------------------------------------------------------------------------------
Finished RTL Optimization Phase 2 : Time (s): cpu = 00:00:31 ; elapsed = 00:01:27 . Memory (MB): peak = 2613.969 ; gain = 1113.984 ; free physical = 5559 ; free virtual = 79743
---------------------------------------------------------------------------------

Report RTL Partitions: 
+-+--------------+------------+----------+
| |RTL Partition |Replication |Instances |
+-+--------------+------------+----------+
+-+--------------+------------+----------+
---------------------------------------------------------------------------------
Start RTL Component Statistics 
---------------------------------------------------------------------------------
---------------------------------------------------------------------------------
Finished RTL Component Statistics 
---------------------------------------------------------------------------------
---------------------------------------------------------------------------------
Start RTL Hierarchical Component Statistics 
---------------------------------------------------------------------------------
---------------------------------------------------------------------------------
Finished RTL Hierarchical Component Statistics
---------------------------------------------------------------------------------
---------------------------------------------------------------------------------
Start Part Resource Summary
---------------------------------------------------------------------------------
Part Resources:
DSPs: 2520 (col length:168)
BRAMs: 1824 (col length: RAMB18 168 RAMB36 84)
---------------------------------------------------------------------------------
Finished Part Resource Summary
---------------------------------------------------------------------------------
---------------------------------------------------------------------------------
Start Cross Boundary and Area Optimization
---------------------------------------------------------------------------------
Warning: Parallel synthesis criteria is not met 
INFO: [Synth 8-5546] ROM "tx/sample_int" won't be mapped to RAM because it is too sparse
INFO: [Synth 8-5546] ROM "tx/data_avail_control" won't be mapped to RAM because it is too sparse
INFO: [Synth 8-5546] ROM "rx/bad_fc_opcode_int" won't be mapped to RAM because it is too sparse
INFO: [Synth 8-5546] ROM "rx/pause_req_int" won't be mapped to RAM because it is too sparse
INFO: [Synth 8-5544] ROM "FRAME_DECODER/EQUAL" won't be mapped to Block RAM because address size (2) smaller than threshold (5)
INFO: [Synth 8-5546] ROM "FRAME_DECODER/EQUAL" won't be mapped to RAM because it is too sparse
INFO: [Synth 8-5546] ROM "FRAME_DECODER/EQUAL" won't be mapped to RAM because it is too sparse
INFO: [Synth 8-5546] ROM "FRAME_DECODER/EQUAL" won't be mapped to RAM because it is too sparse
INFO: [Synth 8-5546] ROM "FRAME_DECODER/EQUAL" won't be mapped to RAM because it is too sparse
INFO: [Synth 8-5546] ROM "FRAME_DECODER/EQUAL" won't be mapped to RAM because it is too sparse
INFO: [Synth 8-5546] ROM "FRAME_DECODER/EQUAL" won't be mapped to RAM because it is too sparse
INFO: [Synth 8-5546] ROM "FRAME_CHECKER/EQUAL" won't be mapped to RAM because it is too sparse
INFO: [Synth 8-5546] ROM "SFD_FLAG_EARLY" won't be mapped to RAM because it is too sparse
INFO: [Synth 8-5546] ROM "EQUAL" won't be mapped to RAM because it is too sparse
INFO: [Synth 8-5546] ROM "EQUAL" won't be mapped to RAM because it is too sparse
INFO: [Synth 8-5546] ROM "EQUAL" won't be mapped to RAM because it is too sparse
INFO: [Synth 8-5546] ROM "EQUAL" won't be mapped to RAM because it is too sparse
INFO: [Synth 8-5546] ROM "address_filter_inst/broadcastaddressmatch_int" won't be mapped to RAM because it is too sparse
INFO: [Synth 8-5546] ROM "address_filter_inst/broadcast_byte_match" won't be mapped to RAM because it is too sparse
INFO: [Synth 8-3333] propagating constant 0 across sequential element (U0/temac_gbe_v9_0_core/\addr_filter_top/address_filter_inst/sync_update/data_sync_reg0 )
INFO: [Synth 8-3333] propagating constant 0 across sequential element (U0/temac_gbe_v9_0_core/\flow/sync_tx_duplex/data_sync_reg0 )
INFO: [Synth 8-3333] propagating constant 0 across sequential element (U0/temac_gbe_v9_0_core/\flow/sync_tx_pfc_en/data_sync_reg0 )
INFO: [Synth 8-3333] propagating constant 0 across sequential element (U0/temac_gbe_v9_0_core/\flow/sync_rx_pfc_en/data_sync_reg0 )
INFO: [Synth 8-3333] propagating constant 0 across sequential element (U0/temac_gbe_v9_0_core/\flow/sync_rx_duplex/data_sync_reg0 )
INFO: [Synth 8-3333] propagating constant 0 across sequential element (U0/temac_gbe_v9_0_core/\flow/tx/pfc_quanta_pipe_reg[1][6] )
INFO: [Synth 8-3333] propagating constant 0 across sequential element (U0/temac_gbe_v9_0_core/\flow/tx/pfc_quanta_pipe_reg[1][7] )
INFO: [Synth 8-3333] propagating constant 0 across sequential element (U0/temac_gbe_v9_0_core/\flow/tx/pfc_quanta_pipe_reg[1][5] )
INFO: [Synth 8-3333] propagating constant 0 across sequential element (U0/temac_gbe_v9_0_core/\flow/tx/pfc_quanta_pipe_reg[1][4] )
INFO: [Synth 8-3333] propagating constant 0 across sequential element (U0/temac_gbe_v9_0_core/\flow/tx/pfc_quanta_pipe_reg[1][3] )
INFO: [Synth 8-3333] propagating constant 0 across sequential element (U0/temac_gbe_v9_0_core/\flow/tx/pfc_quanta_pipe_reg[1][2] )
INFO: [Synth 8-3333] propagating constant 0 across sequential element (U0/temac_gbe_v9_0_core/\flow/tx/pfc_quanta_pipe_reg[1][1] )
INFO: [Synth 8-3333] propagating constant 0 across sequential element (U0/temac_gbe_v9_0_core/\flow/tx/pfc_quanta_pipe_reg[1][0] )
INFO: [Synth 8-3886] merging instance 'U0/temac_gbe_v9_0_core/txgen/INT_SPEED_IS_10_100_reg' (FDRE) to 'U0/temac_gbe_v9_0_core/txgen/INT_HALF_DUPLEX_reg'
INFO: [Synth 8-3333] propagating constant 0 across sequential element (U0/temac_gbe_v9_0_core/\txgen/INT_HALF_DUPLEX_reg )
INFO: [Synth 8-3333] propagating constant 1 across sequential element (U0/temac_gbe_v9_0_core/\no_avb_tx_axi_intf.tx_axi_shim/tx_enable_reg_reg )
INFO: [Synth 8-3333] propagating constant 0 across sequential element (U0/temac_gbe_v9_0_core/\flow/pfc_tx/priority_fsm[0].pfc_valid_reg[0] )
INFO: [Synth 8-3333] propagating constant 0 across sequential element (U0/temac_gbe_v9_0_core/\rxgen/SPEED_IS_10_100_HELD_reg )
INFO: [Synth 8-3333] propagating constant 1 across sequential element (U0/temac_gbe_v9_0_core/\addr_filter_top/address_filter_inst/rx_filter_match_reg[0] )
INFO: [Synth 8-3333] propagating constant 0 across sequential element (U0/temac_gbe_v9_0_core/\addr_filter_top/address_filter_inst/rx_ptp_match_reg )
INFO: [Synth 8-3886] merging instance 'U0/temac_gbe_v9_0_core/txgen/TX_SM1/STATUS_VECTOR_reg[20]' (FDRE) to 'U0/temac_gbe_v9_0_core/txgen/TX_SM1/STATUS_VECTOR_reg[21]'
INFO: [Synth 8-3886] merging instance 'U0/temac_gbe_v9_0_core/txgen/TX_SM1/STATUS_VECTOR_reg[21]' (FDRE) to 'U0/temac_gbe_v9_0_core/txgen/TX_SM1/STATUS_VECTOR_reg[22]'
INFO: [Synth 8-3886] merging instance 'U0/temac_gbe_v9_0_core/txgen/TX_SM1/STATUS_VECTOR_reg[22]' (FDRE) to 'U0/temac_gbe_v9_0_core/txgen/TX_SM1/STATUS_VECTOR_reg[23]'
INFO: [Synth 8-3886] merging instance 'U0/temac_gbe_v9_0_core/txgen/TX_SM1/STATUS_VECTOR_reg[23]' (FDRE) to 'U0/temac_gbe_v9_0_core/txgen/TX_SM1/STATUS_VECTOR_reg[24]'
INFO: [Synth 8-3886] merging instance 'U0/temac_gbe_v9_0_core/txgen/TX_SM1/STATUS_VECTOR_reg[24]' (FDRE) to 'U0/temac_gbe_v9_0_core/txgen/TX_SM1/STATUS_VECTOR_reg[25]'
INFO: [Synth 8-3886] merging instance 'U0/temac_gbe_v9_0_core/txgen/TX_SM1/STATUS_VECTOR_reg[25]' (FDRE) to 'U0/temac_gbe_v9_0_core/txgen/TX_SM1/STATUS_VECTOR_reg[26]'
INFO: [Synth 8-3886] merging instance 'U0/temac_gbe_v9_0_core/txgen/TX_SM1/STATUS_VECTOR_reg[26]' (FDRE) to 'U0/temac_gbe_v9_0_core/txgen/TX_SM1/STATUS_VECTOR_reg[27]'
INFO: [Synth 8-3886] merging instance 'U0/temac_gbe_v9_0_core/txgen/TX_SM1/STATUS_VECTOR_reg[27]' (FDRE) to 'U0/temac_gbe_v9_0_core/txgen/TX_SM1/STATUS_VECTOR_reg[28]'
INFO: [Synth 8-3886] merging instance 'U0/temac_gbe_v9_0_core/txgen/TX_SM1/STATUS_VECTOR_reg[28]' (FDRE) to 'U0/temac_gbe_v9_0_core/txgen/TX_SM1/STATUS_VECTOR_reg[29]'
INFO: [Synth 8-3333] propagating constant 0 across sequential element (U0/temac_gbe_v9_0_core/\txgen/TX_SM1/STATUS_VECTOR_reg[29] )
INFO: [Synth 8-3333] propagating constant 0 across sequential element (U0/temac_gbe_v9_0_core/\addr_filter_top/address_filter_inst/update_pause_ad_sync_reg_reg )
INFO: [Synth 8-3886] merging instance 'U0/temac_gbe_v9_0_core/txgen/TX_SM1/REG_STATUS_VALID_reg' (FDRE) to 'U0/temac_gbe_v9_0_core/txgen/TX_SM1/STATUS_VALID_reg'
INFO: [Synth 8-3333] propagating constant 0 across sequential element (U0/temac_gbe_v9_0_core/\rxgen/ALIGNMENT_ERR_REG_reg )
INFO: [Synth 8-3333] propagating constant 0 across sequential element (U0/temac_gbe_v9_0_core/\rxgen/STATISTICS_VECTOR_reg[24] )
WARNING: [Synth 8-3332] Sequential element (flow/sync_rx_duplex/data_sync_reg0) is unused and will be removed from module tri_mode_ethernet_mac_v9_0_13.
WARNING: [Synth 8-3332] Sequential element (flow/sync_rx_duplex/data_sync_reg1) is unused and will be removed from module tri_mode_ethernet_mac_v9_0_13.
WARNING: [Synth 8-3332] Sequential element (flow/sync_rx_duplex/data_sync_reg2) is unused and will be removed from module tri_mode_ethernet_mac_v9_0_13.
WARNING: [Synth 8-3332] Sequential element (flow/sync_rx_duplex/data_sync_reg3) is unused and will be removed from module tri_mode_ethernet_mac_v9_0_13.
WARNING: [Synth 8-3332] Sequential element (flow/sync_rx_duplex/data_sync_reg4) is unused and will be removed from module tri_mode_ethernet_mac_v9_0_13.
WARNING: [Synth 8-3332] Sequential element (flow/sync_tx_duplex/data_sync_reg0) is unused and will be removed from module tri_mode_ethernet_mac_v9_0_13.
WARNING: [Synth 8-3332] Sequential element (flow/sync_tx_duplex/data_sync_reg1) is unused and will be removed from module tri_mode_ethernet_mac_v9_0_13.
WARNING: [Synth 8-3332] Sequential element (flow/sync_tx_duplex/data_sync_reg2) is unused and will be removed from module tri_mode_ethernet_mac_v9_0_13.
WARNING: [Synth 8-3332] Sequential element (flow/sync_tx_duplex/data_sync_reg3) is unused and will be removed from module tri_mode_ethernet_mac_v9_0_13.
WARNING: [Synth 8-3332] Sequential element (flow/sync_tx_duplex/data_sync_reg4) is unused and will be removed from module tri_mode_ethernet_mac_v9_0_13.
WARNING: [Synth 8-3332] Sequential element (flow/sync_rx_pfc_en/data_sync_reg0) is unused and will be removed from module tri_mode_ethernet_mac_v9_0_13.
WARNING: [Synth 8-3332] Sequential element (flow/sync_rx_pfc_en/data_sync_reg1) is unused and will be removed from module tri_mode_ethernet_mac_v9_0_13.
WARNING: [Synth 8-3332] Sequential element (flow/sync_rx_pfc_en/data_sync_reg2) is unused and will be removed from module tri_mode_ethernet_mac_v9_0_13.
WARNING: [Synth 8-3332] Sequential element (flow/sync_rx_pfc_en/data_sync_reg3) is unused and will be removed from module tri_mode_ethernet_mac_v9_0_13.
WARNING: [Synth 8-3332] Sequential element (flow/sync_rx_pfc_en/data_sync_reg4) is unused and will be removed from module tri_mode_ethernet_mac_v9_0_13.
WARNING: [Synth 8-3332] Sequential element (flow/sync_tx_pfc_en/data_sync_reg0) is unused and will be removed from module tri_mode_ethernet_mac_v9_0_13.
WARNING: [Synth 8-3332] Sequential element (flow/sync_tx_pfc_en/data_sync_reg1) is unused and will be removed from module tri_mode_ethernet_mac_v9_0_13.
WARNING: [Synth 8-3332] Sequential element (flow/sync_tx_pfc_en/data_sync_reg2) is unused and will be removed from module tri_mode_ethernet_mac_v9_0_13.
WARNING: [Synth 8-3332] Sequential element (flow/sync_tx_pfc_en/data_sync_reg3) is unused and will be removed from module tri_mode_ethernet_mac_v9_0_13.
WARNING: [Synth 8-3332] Sequential element (flow/sync_tx_pfc_en/data_sync_reg4) is unused and will be removed from module tri_mode_ethernet_mac_v9_0_13.
WARNING: [Synth 8-3332] Sequential element (flow/sync_auto_en/data_sync_reg0) is unused and will be removed from module tri_mode_ethernet_mac_v9_0_13.
WARNING: [Synth 8-3332] Sequential element (flow/sync_auto_en/data_sync_reg1) is unused and will be removed from module tri_mode_ethernet_mac_v9_0_13.
WARNING: [Synth 8-3332] Sequential element (flow/sync_auto_en/data_sync_reg2) is unused and will be removed from module tri_mode_ethernet_mac_v9_0_13.
WARNING: [Synth 8-3332] Sequential element (flow/sync_auto_en/data_sync_reg3) is unused and will be removed from module tri_mode_ethernet_mac_v9_0_13.
WARNING: [Synth 8-3332] Sequential element (flow/sync_auto_en/data_sync_reg4) is unused and will be removed from module tri_mode_ethernet_mac_v9_0_13.
WARNING: [Synth 8-3332] Sequential element (flow/ppe_sync[0].sync_rx_pen/data_sync_reg0) is unused and will be removed from module tri_mode_ethernet_mac_v9_0_13.
WARNING: [Synth 8-3332] Sequential element (flow/ppe_sync[0].sync_rx_pen/data_sync_reg1) is unused and will be removed from module tri_mode_ethernet_mac_v9_0_13.
WARNING: [Synth 8-3332] Sequential element (flow/ppe_sync[0].sync_rx_pen/data_sync_reg2) is unused and will be removed from module tri_mode_ethernet_mac_v9_0_13.
WARNING: [Synth 8-3332] Sequential element (flow/ppe_sync[0].sync_rx_pen/data_sync_reg3) is unused and will be removed from module tri_mode_ethernet_mac_v9_0_13.
WARNING: [Synth 8-3332] Sequential element (flow/ppe_sync[0].sync_rx_pen/data_sync_reg4) is unused and will be removed from module tri_mode_ethernet_mac_v9_0_13.
WARNING: [Synth 8-3332] Sequential element (flow/ppe_sync[0].sync_tx_pen/data_sync_reg0) is unused and will be removed from module tri_mode_ethernet_mac_v9_0_13.
WARNING: [Synth 8-3332] Sequential element (flow/ppe_sync[0].sync_tx_pen/data_sync_reg1) is unused and will be removed from module tri_mode_ethernet_mac_v9_0_13.
WARNING: [Synth 8-3332] Sequential element (flow/ppe_sync[0].sync_tx_pen/data_sync_reg2) is unused and will be removed from module tri_mode_ethernet_mac_v9_0_13.
WARNING: [Synth 8-3332] Sequential element (flow/ppe_sync[0].sync_tx_pen/data_sync_reg3) is unused and will be removed from module tri_mode_ethernet_mac_v9_0_13.
WARNING: [Synth 8-3332] Sequential element (flow/ppe_sync[0].sync_tx_pen/data_sync_reg4) is unused and will be removed from module tri_mode_ethernet_mac_v9_0_13.
WARNING: [Synth 8-3332] Sequential element (flow/ppe_sync[1].sync_rx_pen/data_sync_reg0) is unused and will be removed from module tri_mode_ethernet_mac_v9_0_13.
WARNING: [Synth 8-3332] Sequential element (flow/ppe_sync[1].sync_rx_pen/data_sync_reg1) is unused and will be removed from module tri_mode_ethernet_mac_v9_0_13.
WARNING: [Synth 8-3332] Sequential element (flow/ppe_sync[1].sync_rx_pen/data_sync_reg2) is unused and will be removed from module tri_mode_ethernet_mac_v9_0_13.
WARNING: [Synth 8-3332] Sequential element (flow/ppe_sync[1].sync_rx_pen/data_sync_reg3) is unused and will be removed from module tri_mode_ethernet_mac_v9_0_13.
WARNING: [Synth 8-3332] Sequential element (flow/ppe_sync[1].sync_rx_pen/data_sync_reg4) is unused and will be removed from module tri_mode_ethernet_mac_v9_0_13.
WARNING: [Synth 8-3332] Sequential element (flow/ppe_sync[1].sync_tx_pen/data_sync_reg0) is unused and will be removed from module tri_mode_ethernet_mac_v9_0_13.
WARNING: [Synth 8-3332] Sequential element (flow/ppe_sync[1].sync_tx_pen/data_sync_reg1) is unused and will be removed from module tri_mode_ethernet_mac_v9_0_13.
WARNING: [Synth 8-3332] Sequential element (flow/ppe_sync[1].sync_tx_pen/data_sync_reg2) is unused and will be removed from module tri_mode_ethernet_mac_v9_0_13.
WARNING: [Synth 8-3332] Sequential element (flow/ppe_sync[1].sync_tx_pen/data_sync_reg3) is unused and will be removed from module tri_mode_ethernet_mac_v9_0_13.
WARNING: [Synth 8-3332] Sequential element (flow/ppe_sync[1].sync_tx_pen/data_sync_reg4) is unused and will be removed from module tri_mode_ethernet_mac_v9_0_13.
WARNING: [Synth 8-3332] Sequential element (flow/ppe_sync[2].sync_rx_pen/data_sync_reg0) is unused and will be removed from module tri_mode_ethernet_mac_v9_0_13.
WARNING: [Synth 8-3332] Sequential element (flow/ppe_sync[2].sync_rx_pen/data_sync_reg1) is unused and will be removed from module tri_mode_ethernet_mac_v9_0_13.
WARNING: [Synth 8-3332] Sequential element (flow/ppe_sync[2].sync_rx_pen/data_sync_reg2) is unused and will be removed from module tri_mode_ethernet_mac_v9_0_13.
WARNING: [Synth 8-3332] Sequential element (flow/ppe_sync[2].sync_rx_pen/data_sync_reg3) is unused and will be removed from module tri_mode_ethernet_mac_v9_0_13.
WARNING: [Synth 8-3332] Sequential element (flow/ppe_sync[2].sync_rx_pen/data_sync_reg4) is unused and will be removed from module tri_mode_ethernet_mac_v9_0_13.
WARNING: [Synth 8-3332] Sequential element (flow/ppe_sync[2].sync_tx_pen/data_sync_reg0) is unused and will be removed from module tri_mode_ethernet_mac_v9_0_13.
WARNING: [Synth 8-3332] Sequential element (flow/ppe_sync[2].sync_tx_pen/data_sync_reg1) is unused and will be removed from module tri_mode_ethernet_mac_v9_0_13.
WARNING: [Synth 8-3332] Sequential element (flow/ppe_sync[2].sync_tx_pen/data_sync_reg2) is unused and will be removed from module tri_mode_ethernet_mac_v9_0_13.
WARNING: [Synth 8-3332] Sequential element (flow/ppe_sync[2].sync_tx_pen/data_sync_reg3) is unused and will be removed from module tri_mode_ethernet_mac_v9_0_13.
WARNING: [Synth 8-3332] Sequential element (flow/ppe_sync[2].sync_tx_pen/data_sync_reg4) is unused and will be removed from module tri_mode_ethernet_mac_v9_0_13.
WARNING: [Synth 8-3332] Sequential element (flow/ppe_sync[3].sync_rx_pen/data_sync_reg0) is unused and will be removed from module tri_mode_ethernet_mac_v9_0_13.
WARNING: [Synth 8-3332] Sequential element (flow/ppe_sync[3].sync_rx_pen/data_sync_reg1) is unused and will be removed from module tri_mode_ethernet_mac_v9_0_13.
WARNING: [Synth 8-3332] Sequential element (flow/ppe_sync[3].sync_rx_pen/data_sync_reg2) is unused and will be removed from module tri_mode_ethernet_mac_v9_0_13.
WARNING: [Synth 8-3332] Sequential element (flow/ppe_sync[3].sync_rx_pen/data_sync_reg3) is unused and will be removed from module tri_mode_ethernet_mac_v9_0_13.
WARNING: [Synth 8-3332] Sequential element (flow/ppe_sync[3].sync_rx_pen/data_sync_reg4) is unused and will be removed from module tri_mode_ethernet_mac_v9_0_13.
WARNING: [Synth 8-3332] Sequential element (flow/ppe_sync[3].sync_tx_pen/data_sync_reg0) is unused and will be removed from module tri_mode_ethernet_mac_v9_0_13.
WARNING: [Synth 8-3332] Sequential element (flow/ppe_sync[3].sync_tx_pen/data_sync_reg1) is unused and will be removed from module tri_mode_ethernet_mac_v9_0_13.
WARNING: [Synth 8-3332] Sequential element (flow/ppe_sync[3].sync_tx_pen/data_sync_reg2) is unused and will be removed from module tri_mode_ethernet_mac_v9_0_13.
WARNING: [Synth 8-3332] Sequential element (flow/ppe_sync[3].sync_tx_pen/data_sync_reg3) is unused and will be removed from module tri_mode_ethernet_mac_v9_0_13.
WARNING: [Synth 8-3332] Sequential element (flow/ppe_sync[3].sync_tx_pen/data_sync_reg4) is unused and will be removed from module tri_mode_ethernet_mac_v9_0_13.
WARNING: [Synth 8-3332] Sequential element (flow/ppe_sync[4].sync_rx_pen/data_sync_reg0) is unused and will be removed from module tri_mode_ethernet_mac_v9_0_13.
WARNING: [Synth 8-3332] Sequential element (flow/ppe_sync[4].sync_rx_pen/data_sync_reg1) is unused and will be removed from module tri_mode_ethernet_mac_v9_0_13.
WARNING: [Synth 8-3332] Sequential element (flow/ppe_sync[4].sync_rx_pen/data_sync_reg2) is unused and will be removed from module tri_mode_ethernet_mac_v9_0_13.
WARNING: [Synth 8-3332] Sequential element (flow/ppe_sync[4].sync_rx_pen/data_sync_reg3) is unused and will be removed from module tri_mode_ethernet_mac_v9_0_13.
WARNING: [Synth 8-3332] Sequential element (flow/ppe_sync[4].sync_rx_pen/data_sync_reg4) is unused and will be removed from module tri_mode_ethernet_mac_v9_0_13.
WARNING: [Synth 8-3332] Sequential element (flow/ppe_sync[4].sync_tx_pen/data_sync_reg0) is unused and will be removed from module tri_mode_ethernet_mac_v9_0_13.
WARNING: [Synth 8-3332] Sequential element (flow/ppe_sync[4].sync_tx_pen/data_sync_reg1) is unused and will be removed from module tri_mode_ethernet_mac_v9_0_13.
WARNING: [Synth 8-3332] Sequential element (flow/ppe_sync[4].sync_tx_pen/data_sync_reg2) is unused and will be removed from module tri_mode_ethernet_mac_v9_0_13.
WARNING: [Synth 8-3332] Sequential element (flow/ppe_sync[4].sync_tx_pen/data_sync_reg3) is unused and will be removed from module tri_mode_ethernet_mac_v9_0_13.
WARNING: [Synth 8-3332] Sequential element (flow/ppe_sync[4].sync_tx_pen/data_sync_reg4) is unused and will be removed from module tri_mode_ethernet_mac_v9_0_13.
WARNING: [Synth 8-3332] Sequential element (flow/ppe_sync[5].sync_rx_pen/data_sync_reg0) is unused and will be removed from module tri_mode_ethernet_mac_v9_0_13.
WARNING: [Synth 8-3332] Sequential element (flow/ppe_sync[5].sync_rx_pen/data_sync_reg1) is unused and will be removed from module tri_mode_ethernet_mac_v9_0_13.
WARNING: [Synth 8-3332] Sequential element (flow/ppe_sync[5].sync_rx_pen/data_sync_reg2) is unused and will be removed from module tri_mode_ethernet_mac_v9_0_13.
WARNING: [Synth 8-3332] Sequential element (flow/ppe_sync[5].sync_rx_pen/data_sync_reg3) is unused and will be removed from module tri_mode_ethernet_mac_v9_0_13.
WARNING: [Synth 8-3332] Sequential element (flow/ppe_sync[5].sync_rx_pen/data_sync_reg4) is unused and will be removed from module tri_mode_ethernet_mac_v9_0_13.
WARNING: [Synth 8-3332] Sequential element (flow/ppe_sync[5].sync_tx_pen/data_sync_reg0) is unused and will be removed from module tri_mode_ethernet_mac_v9_0_13.
WARNING: [Synth 8-3332] Sequential element (flow/ppe_sync[5].sync_tx_pen/data_sync_reg1) is unused and will be removed from module tri_mode_ethernet_mac_v9_0_13.
WARNING: [Synth 8-3332] Sequential element (flow/ppe_sync[5].sync_tx_pen/data_sync_reg2) is unused and will be removed from module tri_mode_ethernet_mac_v9_0_13.
WARNING: [Synth 8-3332] Sequential element (flow/ppe_sync[5].sync_tx_pen/data_sync_reg3) is unused and will be removed from module tri_mode_ethernet_mac_v9_0_13.
WARNING: [Synth 8-3332] Sequential element (flow/ppe_sync[5].sync_tx_pen/data_sync_reg4) is unused and will be removed from module tri_mode_ethernet_mac_v9_0_13.
WARNING: [Synth 8-3332] Sequential element (flow/ppe_sync[6].sync_rx_pen/data_sync_reg0) is unused and will be removed from module tri_mode_ethernet_mac_v9_0_13.
WARNING: [Synth 8-3332] Sequential element (flow/ppe_sync[6].sync_rx_pen/data_sync_reg1) is unused and will be removed from module tri_mode_ethernet_mac_v9_0_13.
WARNING: [Synth 8-3332] Sequential element (flow/ppe_sync[6].sync_rx_pen/data_sync_reg2) is unused and will be removed from module tri_mode_ethernet_mac_v9_0_13.
WARNING: [Synth 8-3332] Sequential element (flow/ppe_sync[6].sync_rx_pen/data_sync_reg3) is unused and will be removed from module tri_mode_ethernet_mac_v9_0_13.
WARNING: [Synth 8-3332] Sequential element (flow/ppe_sync[6].sync_rx_pen/data_sync_reg4) is unused and will be removed from module tri_mode_ethernet_mac_v9_0_13.
WARNING: [Synth 8-3332] Sequential element (flow/ppe_sync[6].sync_tx_pen/data_sync_reg0) is unused and will be removed from module tri_mode_ethernet_mac_v9_0_13.
WARNING: [Synth 8-3332] Sequential element (flow/ppe_sync[6].sync_tx_pen/data_sync_reg1) is unused and will be removed from module tri_mode_ethernet_mac_v9_0_13.
WARNING: [Synth 8-3332] Sequential element (flow/ppe_sync[6].sync_tx_pen/data_sync_reg2) is unused and will be removed from module tri_mode_ethernet_mac_v9_0_13.
WARNING: [Synth 8-3332] Sequential element (flow/ppe_sync[6].sync_tx_pen/data_sync_reg3) is unused and will be removed from module tri_mode_ethernet_mac_v9_0_13.
WARNING: [Synth 8-3332] Sequential element (flow/ppe_sync[6].sync_tx_pen/data_sync_reg4) is unused and will be removed from module tri_mode_ethernet_mac_v9_0_13.
WARNING: [Synth 8-3332] Sequential element (flow/ppe_sync[7].sync_rx_pen/data_sync_reg0) is unused and will be removed from module tri_mode_ethernet_mac_v9_0_13.
WARNING: [Synth 8-3332] Sequential element (flow/ppe_sync[7].sync_rx_pen/data_sync_reg1) is unused and will be removed from module tri_mode_ethernet_mac_v9_0_13.
WARNING: [Synth 8-3332] Sequential element (flow/ppe_sync[7].sync_rx_pen/data_sync_reg2) is unused and will be removed from module tri_mode_ethernet_mac_v9_0_13.
WARNING: [Synth 8-3332] Sequential element (flow/ppe_sync[7].sync_rx_pen/data_sync_reg3) is unused and will be removed from module tri_mode_ethernet_mac_v9_0_13.
WARNING: [Synth 8-3332] Sequential element (flow/ppe_sync[7].sync_rx_pen/data_sync_reg4) is unused and will be removed from module tri_mode_ethernet_mac_v9_0_13.
INFO: [Common 17-14] Message 'Synth 8-3332' appears 100 times and further instances of the messages will be disabled. Use the Tcl command set_msg_config to change the current settings.
---------------------------------------------------------------------------------
Finished Cross Boundary and Area Optimization : Time (s): cpu = 00:00:37 ; elapsed = 00:01:33 . Memory (MB): peak = 2613.969 ; gain = 1113.984 ; free physical = 5392 ; free virtual = 79580
---------------------------------------------------------------------------------

Report RTL Partitions: 
+-+--------------+------------+----------+
| |RTL Partition |Replication |Instances |
+-+--------------+------------+----------+
+-+--------------+------------+----------+
---------------------------------------------------------------------------------
Start Applying XDC Timing Constraints
---------------------------------------------------------------------------------
---------------------------------------------------------------------------------
Finished Applying XDC Timing Constraints : Time (s): cpu = 00:01:11 ; elapsed = 00:03:36 . Memory (MB): peak = 2850.625 ; gain = 1350.641 ; free physical = 7955 ; free virtual = 82150
---------------------------------------------------------------------------------
---------------------------------------------------------------------------------
Start Timing Optimization
---------------------------------------------------------------------------------
---------------------------------------------------------------------------------
Finished Timing Optimization : Time (s): cpu = 00:01:14 ; elapsed = 00:03:40 . Memory (MB): peak = 2915.664 ; gain = 1415.680 ; free physical = 7922 ; free virtual = 82117
---------------------------------------------------------------------------------

Report RTL Partitions: 
+-+--------------+------------+----------+
| |RTL Partition |Replication |Instances |
+-+--------------+------------+----------+
+-+--------------+------------+----------+
---------------------------------------------------------------------------------
Start Technology Mapping
---------------------------------------------------------------------------------
---------------------------------------------------------------------------------
Finished Technology Mapping : Time (s): cpu = 00:01:15 ; elapsed = 00:03:41 . Memory (MB): peak = 2915.664 ; gain = 1415.680 ; free physical = 7922 ; free virtual = 82117
---------------------------------------------------------------------------------

Report RTL Partitions: 
+-+--------------+------------+----------+
| |RTL Partition |Replication |Instances |
+-+--------------+------------+----------+
+-+--------------+------------+----------+
---------------------------------------------------------------------------------
Start IO Insertion
---------------------------------------------------------------------------------
---------------------------------------------------------------------------------
Start Flattening Before IO Insertion
---------------------------------------------------------------------------------
---------------------------------------------------------------------------------
Finished Flattening Before IO Insertion
---------------------------------------------------------------------------------
---------------------------------------------------------------------------------
Start Final Netlist Cleanup
---------------------------------------------------------------------------------
INFO: [Synth 8-4618] Found max_fanout attribute set to 20 on net \addr_filter_top/address_filter_inst/counter [2]. Fanout reduced from 22 to 8 by creating 2 replicas.
INFO: [Synth 8-4618] Found max_fanout attribute set to 20 on net \addr_filter_top/address_filter_inst/counter [1]. Fanout reduced from 22 to 8 by creating 2 replicas.
INFO: [Synth 8-4618] Found max_fanout attribute set to 20 on net \addr_filter_top/address_filter_inst/counter [0]. Fanout reduced from 22 to 8 by creating 2 replicas.
INFO: [Synth 8-4618] Found max_fanout attribute set to 4 on net \no_avb_tx_axi_intf.tx_axi_shim/tx_state [2]. Fanout reduced from 32 to 4 by creating 7 replicas.
INFO: [Synth 8-4618] Found max_fanout attribute set to 4 on net \no_avb_tx_axi_intf.tx_axi_shim/tx_state [1]. Fanout reduced from 36 to 4 by creating 8 replicas.
INFO: [Synth 8-4618] Found max_fanout attribute set to 4 on net \no_avb_tx_axi_intf.tx_axi_shim/tx_state [0]. Fanout reduced from 39 to 4 by creating 9 replicas.
INFO: [Synth 8-4618] Found max_fanout attribute set to 4 on net \no_avb_tx_axi_intf.tx_axi_shim/tx_state [3]. Fanout reduced from 36 to 4 by creating 8 replicas.
INFO: [Synth 8-4618] Found max_fanout attribute set to 4 on net \no_avb_tx_axi_intf.tx_axi_shim/tx_mac_tready_int . Fanout reduced from 16 to 4 by creating 4 replicas.
INFO: [Synth 8-4618] Found max_fanout attribute set to 4 on net \no_avb_tx_axi_intf.tx_axi_shim/gate_tready . Fanout reduced from 5 to 5 by creating 0 replicas.
INFO: [Synth 8-4618] Found max_fanout attribute set to 4 on net \no_avb_tx_axi_intf.tx_axi_shim/gate_tready . Fanout reduced from 5 to 5 by creating 0 replicas.
INFO: [Synth 8-4618] Found max_fanout attribute set to 4 on net \no_avb_tx_axi_intf.tx_axi_shim/gate_tready . Fanout reduced from 5 to 5 by creating 0 replicas.
WARNING: [Synth 8-5374] Design tri_mode_ethernet_mac_v9_0_13 has 1 max_fanout requirements that cannot be met.
INFO: [Synth 8-4651] Net \no_avb_tx_axi_intf.tx_axi_shim/gate_tready  with fanout 5 has max_fanout violation.
---------------------------------------------------------------------------------
Finished Final Netlist Cleanup
---------------------------------------------------------------------------------
INFO: [Synth 8-3295] tying undriven pin txgen/CRC_CE_inferred:in0 to constant 0
INFO: [Synth 8-3295] tying undriven pin rxgen/CRC_CE_inferred:in0 to constant 0
---------------------------------------------------------------------------------
Finished IO Insertion : Time (s): cpu = 00:01:16 ; elapsed = 00:03:42 . Memory (MB): peak = 2915.668 ; gain = 1415.684 ; free physical = 7924 ; free virtual = 82119
---------------------------------------------------------------------------------

Report Check Netlist: 
+------+------------------+-------+---------+-------+------------------+
|      |Item              |Errors |Warnings |Status |Description       |
+------+------------------+-------+---------+-------+------------------+
|1     |multi_driven_nets |      0|        0|Passed |Multi driven nets |
+------+------------------+-------+---------+-------+------------------+
---------------------------------------------------------------------------------
Start Renaming Generated Instances
---------------------------------------------------------------------------------
---------------------------------------------------------------------------------
Finished Renaming Generated Instances : Time (s): cpu = 00:01:16 ; elapsed = 00:03:42 . Memory (MB): peak = 2915.668 ; gain = 1415.684 ; free physical = 7924 ; free virtual = 82119
---------------------------------------------------------------------------------

Report RTL Partitions: 
+-+--------------+------------+----------+
| |RTL Partition |Replication |Instances |
+-+--------------+------------+----------+
+-+--------------+------------+----------+
---------------------------------------------------------------------------------
Start Rebuilding User Hierarchy
---------------------------------------------------------------------------------
---------------------------------------------------------------------------------
Finished Rebuilding User Hierarchy : Time (s): cpu = 00:01:16 ; elapsed = 00:03:42 . Memory (MB): peak = 2915.668 ; gain = 1415.684 ; free physical = 7923 ; free virtual = 82118
---------------------------------------------------------------------------------
---------------------------------------------------------------------------------
Start Renaming Generated Ports
---------------------------------------------------------------------------------
---------------------------------------------------------------------------------
Finished Renaming Generated Ports : Time (s): cpu = 00:01:16 ; elapsed = 00:03:42 . Memory (MB): peak = 2915.668 ; gain = 1415.684 ; free physical = 7923 ; free virtual = 82118
---------------------------------------------------------------------------------
---------------------------------------------------------------------------------
Start Handling Custom Attributes
---------------------------------------------------------------------------------
---------------------------------------------------------------------------------
Finished Handling Custom Attributes : Time (s): cpu = 00:01:16 ; elapsed = 00:03:42 . Memory (MB): peak = 2915.668 ; gain = 1415.684 ; free physical = 7923 ; free virtual = 82118
---------------------------------------------------------------------------------
---------------------------------------------------------------------------------
Start Renaming Generated Nets
---------------------------------------------------------------------------------
---------------------------------------------------------------------------------
Finished Renaming Generated Nets : Time (s): cpu = 00:01:16 ; elapsed = 00:03:42 . Memory (MB): peak = 2915.668 ; gain = 1415.684 ; free physical = 7923 ; free virtual = 82118
---------------------------------------------------------------------------------
---------------------------------------------------------------------------------
Start Writing Synthesis Report
---------------------------------------------------------------------------------

Report BlackBoxes: 
+-+--------------+----------+
| |BlackBox name |Instances |
+-+--------------+----------+
+-+--------------+----------+

Report Cell Usage: 
+------+---------+------+
|      |Cell     |Count |
+------+---------+------+
|1     |CARRY8   |     2|
|2     |LUT1     |    20|
|3     |LUT2     |   115|
|4     |LUT3     |   135|
|5     |LUT4     |   117|
|6     |LUT5     |   127|
|7     |LUT6     |   244|
|8     |MUXF7    |     8|
|9     |RAM64X1D |     8|
|10    |SRL16E   |    14|
|11    |FDCE     |    20|
|12    |FDPE     |    15|
|13    |FDRE     |   846|
|14    |FDSE     |    52|
+------+---------+------+
---------------------------------------------------------------------------------
Finished Writing Synthesis Report : Time (s): cpu = 00:01:16 ; elapsed = 00:03:42 . Memory (MB): peak = 2915.668 ; gain = 1415.684 ; free physical = 7923 ; free virtual = 82118
---------------------------------------------------------------------------------
Synthesis finished with 0 errors, 0 critical warnings and 909 warnings.
Synthesis Optimization Runtime : Time (s): cpu = 00:00:57 ; elapsed = 00:02:41 . Memory (MB): peak = 2915.668 ; gain = 455.441 ; free physical = 7961 ; free virtual = 82156
Synthesis Optimization Complete : Time (s): cpu = 00:01:16 ; elapsed = 00:03:42 . Memory (MB): peak = 2915.672 ; gain = 1415.684 ; free physical = 7961 ; free virtual = 82156
INFO: [Project 1-571] Translating synthesized netlist
INFO: [Netlist 29-17] Analyzing 18 Unisim elements for replacement
INFO: [Netlist 29-28] Unisim Transformation completed in 0 CPU seconds
INFO: [Project 1-570] Preparing netlist for logic optimization
INFO: [Opt 31-138] Pushed 0 inverter(s) to 0 load pin(s).
Netlist sorting complete. Time (s): cpu = 00:00:00 ; elapsed = 00:00:00 . Memory (MB): peak = 2947.684 ; gain = 0.000 ; free physical = 7899 ; free virtual = 82094
INFO: [Project 1-111] Unisim Transformation Summary:
  A total of 8 instances were transformed.
  RAM64X1D => RAM64X1D (RAMD64E, RAMD64E): 8 instances

INFO: [Common 17-83] Releasing license: Synthesis
158 Infos, 201 Warnings, 0 Critical Warnings and 0 Errors encountered.
synth_design completed successfully
synth_design: Time (s): cpu = 00:01:19 ; elapsed = 00:03:44 . Memory (MB): peak = 2947.684 ; gain = 1447.699 ; free physical = 7961 ; free virtual = 82156
Netlist sorting complete. Time (s): cpu = 00:00:00 ; elapsed = 00:00:00 . Memory (MB): peak = 2947.684 ; gain = 0.000 ; free physical = 7961 ; free virtual = 82156
WARNING: [Constraints 18-5210] No constraints selected for write.
Resolution: This message can indicate that there are no constraints for the design, or it can indicate that the used_in flags are set such that the constraints are ignored. This later case is used when running synth_design to not write synthesis constraints to the resulting checkpoint. Instead, project constraints are read when the synthesized design is opened.
INFO: [Common 17-1381] The checkpoint '/data/kmanolo/Josh/tpg_core/proj/dataflowZCU102/dataflowZCU102/dataflowZCU102.runs/temac_gbe_v9_0_synth_1/temac_gbe_v9_0.dcp' has been generated.
INFO: [Coretcl 2-1648] Added synthesis output to IP cache for IP temac_gbe_v9_0, cache-ID = 08c8cc5d390aaa57
INFO: [Coretcl 2-1174] Renamed 32 cell refs.
Netlist sorting complete. Time (s): cpu = 00:00:00 ; elapsed = 00:00:00 . Memory (MB): peak = 2971.699 ; gain = 0.000 ; free physical = 7958 ; free virtual = 82155
WARNING: [Constraints 18-5210] No constraints selected for write.
Resolution: This message can indicate that there are no constraints for the design, or it can indicate that the used_in flags are set such that the constraints are ignored. This later case is used when running synth_design to not write synthesis constraints to the resulting checkpoint. Instead, project constraints are read when the synthesized design is opened.
INFO: [Common 17-1381] The checkpoint '/data/kmanolo/Josh/tpg_core/proj/dataflowZCU102/dataflowZCU102/dataflowZCU102.runs/temac_gbe_v9_0_synth_1/temac_gbe_v9_0.dcp' has been generated.
INFO: [runtcl-4] Executing : report_utilization -file temac_gbe_v9_0_utilization_synth.rpt -pb temac_gbe_v9_0_utilization_synth.pb
INFO: [Common 17-206] Exiting Vivado at Fri Nov 27 00:47:50 2020...
