==============================================================
Vivado(TM) HLS - High-Level Synthesis from C, C++ and SystemC v2020.1 (64-bit)
Copyright 1986-2020 Xilinx, Inc. All Rights Reserved.
==============================================================
==============================================================
Vivado(TM) HLS - High-Level Synthesis from C, C++ and SystemC v2020.1 (64-bit)
Copyright 1986-2020 Xilinx, Inc. All Rights Reserved.
==============================================================
==============================================================
Vivado(TM) HLS - High-Level Synthesis from C, C++ and SystemC v2020.1 (64-bit)
Copyright 1986-2020 Xilinx, Inc. All Rights Reserved.
==============================================================
==============================================================
Vivado(TM) HLS - High-Level Synthesis from C, C++ and SystemC v2020.1 (64-bit)
Copyright 1986-2020 Xilinx, Inc. All Rights Reserved.
==============================================================
==============================================================
Vivado(TM) HLS - High-Level Synthesis from C, C++ and SystemC v2020.1 (64-bit)
Copyright 1986-2020 Xilinx, Inc. All Rights Reserved.
==============================================================
==============================================================
Vivado(TM) HLS - High-Level Synthesis from C, C++ and SystemC v2020.1 (64-bit)
Copyright 1986-2020 Xilinx, Inc. All Rights Reserved.
==============================================================
==============================================================
Vivado(TM) HLS - High-Level Synthesis from C, C++ and SystemC v2020.1 (64-bit)
Copyright 1986-2020 Xilinx, Inc. All Rights Reserved.
==============================================================
==============================================================
Vivado(TM) HLS - High-Level Synthesis from C, C++ and SystemC v2020.1 (64-bit)
Copyright 1986-2020 Xilinx, Inc. All Rights Reserved.
==============================================================
==============================================================
Vivado(TM) HLS - High-Level Synthesis from C, C++ and SystemC v2020.1 (64-bit)
Copyright 1986-2020 Xilinx, Inc. All Rights Reserved.
==============================================================
==============================================================
Vivado(TM) HLS - High-Level Synthesis from C, C++ and SystemC v2020.1 (64-bit)
Copyright 1986-2020 Xilinx, Inc. All Rights Reserved.
==============================================================
==============================================================
Vivado(TM) HLS - High-Level Synthesis from C, C++ and SystemC v2020.1 (64-bit)
Copyright 1986-2020 Xilinx, Inc. All Rights Reserved.
==============================================================
INFO: [SYN 201-201] Setting up clock 'default' with a period of 4ns.
INFO: [HLS 200-10] Setting target device to 'xczu9eg-ffvb1156-2-e'
INFO: [SCHED 204-61] Option 'relax_ii_for_timing' is enabled, will increase II to preserve clock frequency constraints.
INFO: [HLS 200-10] Analyzing design file 'functions.cpp' ... 
INFO: [HLS 200-111] Finished Linking Time (s): cpu = 00:00:16 ; elapsed = 00:00:20 . Memory (MB): peak = 1768.695 ; gain = 1231.887 ; free physical = 1210 ; free virtual = 104282
INFO: [HLS 200-111] Finished Checking Pragmas Time (s): cpu = 00:00:16 ; elapsed = 00:00:20 . Memory (MB): peak = 1768.695 ; gain = 1231.887 ; free physical = 1199 ; free virtual = 104276
INFO: [HLS 200-10] Starting code transformations ...
INFO: [HLS 200-111] Finished Standard Transforms Time (s): cpu = 00:00:17 ; elapsed = 00:00:22 . Memory (MB): peak = 1768.695 ; gain = 1231.887 ; free physical = 1142 ; free virtual = 104246
INFO: [HLS 200-10] Checking synthesizability ...
INFO: [XFORM 203-602] Inlining function 'rand_int' into 'random_signal' (functions.cpp:207) automatically.
INFO: [XFORM 203-602] Inlining function 'set_rnd_seed' into 'array_scan' (functions.cpp:379) automatically.
INFO: [XFORM 203-602] Inlining function 'random_signal' into 'array_scan' (functions.cpp:387) automatically.
INFO: [HLS 200-111] Finished Checking Synthesizability Time (s): cpu = 00:00:17 ; elapsed = 00:00:22 . Memory (MB): peak = 1768.695 ; gain = 1231.887 ; free physical = 1110 ; free virtual = 104232
INFO: [XFORM 203-602] Inlining function 'rand_int' into 'random_signal' (functions.cpp:207) automatically.
INFO: [XFORM 203-602] Inlining function 'set_rnd_seed' into 'array_scan' (functions.cpp:379) automatically.
INFO: [XFORM 203-602] Inlining function 'random_signal' into 'array_scan' (functions.cpp:387) automatically.
INFO: [XFORM 203-401] Performing if-conversion on hyperblock from (functions.cpp:9:22) to (functions.cpp:68:1) in function 'ped_alg'... converting 9 basic blocks.
INFO: [XFORM 203-602] Inlining function 'ped_alg' into 'array_scan' (functions.cpp:448) automatically.
INFO: [HLS 200-111] Finished Pre-synthesis Time (s): cpu = 00:00:18 ; elapsed = 00:00:23 . Memory (MB): peak = 1768.695 ; gain = 1231.887 ; free physical = 1058 ; free virtual = 104188
INFO: [HLS 200-111] Finished Architecture Synthesis Time (s): cpu = 00:00:18 ; elapsed = 00:00:23 . Memory (MB): peak = 1768.695 ; gain = 1231.887 ; free physical = 1035 ; free virtual = 104166
INFO: [HLS 200-10] Starting hardware synthesis ...
INFO: [HLS 200-10] Synthesizing 'array_scan' ...
INFO: [HLS 200-10] ----------------------------------------------------------------
INFO: [HLS 200-42] -- Implementing module 'ped_accum_reset' 
INFO: [HLS 200-10] ----------------------------------------------------------------
INFO: [SCHED 204-11] Starting scheduling ...
INFO: [SCHED 204-11] Finished scheduling.
INFO: [HLS 200-111]  Elapsed time: 23.34 seconds; current allocated memory: 135.876 MB.
INFO: [BIND 205-100] Starting micro-architecture generation ...
INFO: [BIND 205-101] Performing variable lifetime analysis.
INFO: [BIND 205-101] Exploring resource sharing.
INFO: [BIND 205-101] Binding ...
INFO: [BIND 205-100] Finished micro-architecture generation.
INFO: [HLS 200-111]  Elapsed time: 0.12 seconds; current allocated memory: 135.982 MB.
INFO: [HLS 200-10] ----------------------------------------------------------------
INFO: [HLS 200-42] -- Implementing module 'full_reset' 
INFO: [HLS 200-10] ----------------------------------------------------------------
INFO: [SCHED 204-11] Starting scheduling ...
INFO: [SCHED 204-11] Finished scheduling.
INFO: [HLS 200-111]  Elapsed time: 0.15 seconds; current allocated memory: 136.084 MB.
INFO: [BIND 205-100] Starting micro-architecture generation ...
INFO: [BIND 205-101] Performing variable lifetime analysis.
INFO: [BIND 205-101] Exploring resource sharing.
INFO: [BIND 205-101] Binding ...
INFO: [BIND 205-100] Finished micro-architecture generation.
INFO: [HLS 200-111]  Elapsed time: 0.12 seconds; current allocated memory: 136.232 MB.
INFO: [HLS 200-10] ----------------------------------------------------------------
INFO: [HLS 200-42] -- Implementing module 'array_scan' 
INFO: [HLS 200-10] ----------------------------------------------------------------
INFO: [SCHED 204-11] Starting scheduling ...
INFO: [SCHED 204-11] Finished scheduling.
INFO: [HLS 200-111]  Elapsed time: 0.34 seconds; current allocated memory: 136.856 MB.
INFO: [BIND 205-100] Starting micro-architecture generation ...
INFO: [BIND 205-101] Performing variable lifetime analysis.
INFO: [BIND 205-101] Exploring resource sharing.
INFO: [BIND 205-101] Binding ...
INFO: [BIND 205-100] Finished micro-architecture generation.
INFO: [HLS 200-111]  Elapsed time: 0.44 seconds; current allocated memory: 137.618 MB.
INFO: [HLS 200-10] ----------------------------------------------------------------
INFO: [HLS 200-10] -- Generating RTL for module 'ped_accum_reset' 
INFO: [HLS 200-10] ----------------------------------------------------------------
INFO: [RTGEN 206-100] Finished creating RTL model for 'ped_accum_reset'.
INFO: [HLS 200-111]  Elapsed time: 0.53 seconds; current allocated memory: 137.983 MB.
INFO: [HLS 200-10] ----------------------------------------------------------------
INFO: [HLS 200-10] -- Generating RTL for module 'full_reset' 
INFO: [HLS 200-10] ----------------------------------------------------------------
INFO: [RTGEN 206-100] Finished creating RTL model for 'full_reset'.
INFO: [HLS 200-111]  Elapsed time: 0.27 seconds; current allocated memory: 138.569 MB.
INFO: [HLS 200-10] ----------------------------------------------------------------
INFO: [HLS 200-10] -- Generating RTL for module 'array_scan' 
INFO: [HLS 200-10] ----------------------------------------------------------------
INFO: [RTGEN 206-500] Setting interface mode on port 'array_scan/array_size' to 'ap_none'.
INFO: [RTGEN 206-500] Setting interface mode on port 'array_scan/ped_val' to 'ap_none'.
INFO: [RTGEN 206-500] Setting interface mode on port 'array_scan/ADC_stored' to 'ap_memory'.
INFO: [RTGEN 206-500] Setting interface mode on port 'array_scan/tvalid_stored' to 'ap_memory'.
INFO: [RTGEN 206-500] Setting interface mode on port 'array_scan/tlast_user_stored' to 'ap_memory'.
INFO: [RTGEN 206-500] Setting interface mode on port 'array_scan/tkeep_stored' to 'ap_memory'.
INFO: [RTGEN 206-500] Setting interface mode on port 'array_scan/ped_array' to 'ap_memory'.
INFO: [RTGEN 206-500] Setting interface mode on port 'array_scan/ADC_array' to 'ap_memory'.
INFO: [RTGEN 206-500] Setting interface mode on port 'array_scan/accum_array' to 'ap_memory'.
INFO: [RTGEN 206-500] Setting interface mode on port 'array_scan/input_seed' to 'ap_none'.
INFO: [RTGEN 206-500] Setting interface mode on port 'array_scan/packet_size' to 'ap_none'.
INFO: [RTGEN 206-500] Setting interface mode on port 'array_scan/num_channels' to 'ap_none'.
INFO: [RTGEN 206-500] Setting interface mode on function 'array_scan' to 'ap_ctrl_hs'.
INFO: [SYN 201-210] Renamed object name 'array_scan_srem_32s_15ns_15_36_seq_1' to 'array_scan_srem_3bkb' due to the length limit 20
INFO: [SYN 201-210] Renamed object name 'array_scan_srem_32ns_11ns_11_36_seq_1' to 'array_scan_srem_3cud' due to the length limit 20
INFO: [RTGEN 206-100] Generating core module 'array_scan_srem_3bkb': 1 instance(s).
INFO: [RTGEN 206-100] Generating core module 'array_scan_srem_3cud': 1 instance(s).
INFO: [RTGEN 206-100] Finished creating RTL model for 'array_scan'.
INFO: [HLS 200-111]  Elapsed time: 0.58 seconds; current allocated memory: 140.238 MB.
INFO: [HLS 200-790] **** Loop Constraint Status: All loop constraints were satisfied.
INFO: [HLS 200-789] **** Estimated Fmax: 288.24 MHz
INFO: [RTMG 210-282] Generating pipelined core: 'array_scan_srem_3bkb_div'
INFO: [RTMG 210-282] Generating pipelined core: 'array_scan_srem_3cud_div'
INFO: [HLS 200-111] Finished generating all RTL models Time (s): cpu = 00:00:20 ; elapsed = 00:00:34 . Memory (MB): peak = 1768.695 ; gain = 1231.887 ; free physical = 371 ; free virtual = 103638
INFO: [VHDL 208-304] Generating VHDL RTL for array_scan.
INFO: [VLOG 209-307]==============================================================
Vivado(TM) HLS - High-Level Synthesis from C, C++ and SystemC v2020.1 (64-bit)
Copyright 1986-2020 Xilinx, Inc. All Rights Reserved.
==============================================================
