

================================================================
== Vivado HLS Report for 'ped_alg'
================================================================
* Date:           Tue Nov 24 11:46:41 2020

* Version:        2020.1 (Build 2897737 on Wed May 27 20:21:37 MDT 2020)
* Project:        ped_sub_prj
* Solution:       array_memory_allocation
* Product family: zynquplus
* Target device:  xczu9eg-ffvb1156-2-e


================================================================
== Performance Estimates
================================================================
+ Timing: 
    * Summary: 
    +--------+---------+----------+------------+
    |  Clock |  Target | Estimated| Uncertainty|
    +--------+---------+----------+------------+
    |ap_clk  | 4.00 ns | 3.019 ns |   0.50 ns  |
    +--------+---------+----------+------------+

+ Latency: 
    * Summary: 
    +---------+---------+----------+-----------+-----+-----+---------+
    |  Latency (cycles) |  Latency (absolute)  |  Interval | Pipeline|
    |   min   |   max   |    min   |    max    | min | max |   Type  |
    +---------+---------+----------+-----------+-----+-----+---------+
    |        1|        4| 4.000 ns | 16.000 ns |    1|    4|   none  |
    +---------+---------+----------+-----------+-----+-----+---------+

    + Detail: 
        * Instance: 
        N/A

        * Loop: 
        N/A

============================================================
+ Verbose Summary: Synthesis Manager
============================================================
InlineROM: 1
ExposeGlobal: 0
============================================================
+ Verbose Summary: CDFG Model
============================================================
IsTopModel: 1
ResetActiveHigh: 1
IsCombinational: 0
IsDatapathOnly: 0
HasWiredReturn: 1
HasMFsm: 0
HasVarLatency: 1
IsPipeline: 0
IsRtlPipelined: 0
IsInstanceOverlapped: 0
IsDontTouch: 0
HasImplIP: 0
IsGatedGlobalClock: 0


============================================================
+ Verbose Summary: Schedule
============================================================
* Number of FSM states : 5
* Pipeline : 0
* Dataflow Pipeline: 0

* FSM state transitions: 
1 --> 5 2 
2 --> 3 
3 --> 4 
4 --> 5 
5 --> 

* FSM state operations: 

State 1 <SV = 0> <Delay = 0.00>
ST_1 : Operation 6 [1/1] (0.00ns)   --->   "call void (...)* @_ssdm_op_SpecBitsMap(i16* %ped_val) nounwind, !map !95"   --->   Operation 6 'specbitsmap' <Predicate = true> <Delay = 0.00>
ST_1 : Operation 7 [1/1] (0.00ns)   --->   "call void (...)* @_ssdm_op_SpecBitsMap(i8* %accum) nounwind, !map !99"   --->   Operation 7 'specbitsmap' <Predicate = true> <Delay = 0.00>
ST_1 : Operation 8 [1/1] (0.00ns)   --->   "call void (...)* @_ssdm_op_SpecBitsMap(i16* %ADC) nounwind, !map !103"   --->   Operation 8 'specbitsmap' <Predicate = true> <Delay = 0.00>
ST_1 : Operation 9 [1/1] (0.00ns)   --->   "call void (...)* @_ssdm_op_SpecBitsMap(i16* %tdata) nounwind, !map !107"   --->   Operation 9 'specbitsmap' <Predicate = true> <Delay = 0.00>
ST_1 : Operation 10 [1/1] (0.00ns)   --->   "call void (...)* @_ssdm_op_SpecBitsMap(i1* %tvalid) nounwind, !map !111"   --->   Operation 10 'specbitsmap' <Predicate = true> <Delay = 0.00>
ST_1 : Operation 11 [1/1] (0.00ns)   --->   "call void (...)* @_ssdm_op_SpecBitsMap(i1* %tkeep0) nounwind, !map !115"   --->   Operation 11 'specbitsmap' <Predicate = true> <Delay = 0.00>
ST_1 : Operation 12 [1/1] (0.00ns)   --->   "call void (...)* @_ssdm_op_SpecBitsMap(i1* %tkeep1) nounwind, !map !119"   --->   Operation 12 'specbitsmap' <Predicate = true> <Delay = 0.00>
ST_1 : Operation 13 [1/1] (0.00ns)   --->   "call void (...)* @_ssdm_op_SpecBitsMap(i1* %tready) nounwind, !map !123"   --->   Operation 13 'specbitsmap' <Predicate = true> <Delay = 0.00>
ST_1 : Operation 14 [1/1] (0.00ns)   --->   "call void (...)* @_ssdm_op_SpecBitsMap(i1* %treset) nounwind, !map !127"   --->   Operation 14 'specbitsmap' <Predicate = true> <Delay = 0.00>
ST_1 : Operation 15 [1/1] (0.00ns)   --->   "call void (...)* @_ssdm_op_SpecBitsMap(i1* %tlast) nounwind, !map !131"   --->   Operation 15 'specbitsmap' <Predicate = true> <Delay = 0.00>
ST_1 : Operation 16 [1/1] (0.00ns)   --->   "call void (...)* @_ssdm_op_SpecTopModule([8 x i8]* @ped_alg_str) nounwind"   --->   Operation 16 'spectopmodule' <Predicate = true> <Delay = 0.00>
ST_1 : Operation 17 [1/1] (0.00ns)   --->   "%tready_read = call i1 @_ssdm_op_Read.ap_auto.i1P(i1* %tready) nounwind" [functions.cpp:30]   --->   Operation 17 'read' 'tready_read' <Predicate = true> <Delay = 0.00>
ST_1 : Operation 18 [1/1] (0.00ns)   --->   "br i1 %tready_read, label %1, label %._crit_edge" [functions.cpp:30]   --->   Operation 18 'br' <Predicate = true> <Delay = 0.00>
ST_1 : Operation 19 [1/1] (0.00ns)   --->   "%tvalid_read = call i1 @_ssdm_op_Read.ap_auto.i1P(i1* %tvalid) nounwind" [functions.cpp:30]   --->   Operation 19 'read' 'tvalid_read' <Predicate = (tready_read)> <Delay = 0.00>
ST_1 : Operation 20 [1/1] (0.00ns)   --->   "br i1 %tvalid_read, label %2, label %._crit_edge" [functions.cpp:30]   --->   Operation 20 'br' <Predicate = (tready_read)> <Delay = 0.00>
ST_1 : Operation 21 [1/1] (0.00ns)   --->   "%tkeep0_read = call i1 @_ssdm_op_Read.ap_auto.i1P(i1* %tkeep0) nounwind" [functions.cpp:30]   --->   Operation 21 'read' 'tkeep0_read' <Predicate = (tready_read & tvalid_read)> <Delay = 0.00>
ST_1 : Operation 22 [1/1] (0.00ns)   --->   "br i1 %tkeep0_read, label %3, label %._crit_edge" [functions.cpp:30]   --->   Operation 22 'br' <Predicate = (tready_read & tvalid_read)> <Delay = 0.00>
ST_1 : Operation 23 [1/1] (0.00ns)   --->   "%tkeep1_read = call i1 @_ssdm_op_Read.ap_auto.i1P(i1* %tkeep1) nounwind" [functions.cpp:30]   --->   Operation 23 'read' 'tkeep1_read' <Predicate = (tready_read & tvalid_read & tkeep0_read)> <Delay = 0.00>
ST_1 : Operation 24 [1/1] (0.00ns)   --->   "br i1 %tkeep1_read, label %4, label %._crit_edge" [functions.cpp:30]   --->   Operation 24 'br' <Predicate = (tready_read & tvalid_read & tkeep0_read)> <Delay = 0.00>
ST_1 : Operation 25 [1/1] (0.00ns)   --->   "%treset_read = call i1 @_ssdm_op_Read.ap_auto.i1P(i1* %treset) nounwind" [functions.cpp:30]   --->   Operation 25 'read' 'treset_read' <Predicate = (tready_read & tvalid_read & tkeep0_read & tkeep1_read)> <Delay = 0.00>
ST_1 : Operation 26 [1/1] (0.00ns)   --->   "br i1 %treset_read, label %._crit_edge, label %accumulator_condition" [functions.cpp:30]   --->   Operation 26 'br' <Predicate = (tready_read & tvalid_read & tkeep0_read & tkeep1_read)> <Delay = 0.00>
ST_1 : Operation 27 [1/1] (0.00ns)   --->   "%tmp = call i32 (...)* @_ssdm_op_SpecRegionBegin([22 x i8]* @p_str) nounwind" [functions.cpp:40]   --->   Operation 27 'specregionbegin' 'tmp' <Predicate = (tready_read & tvalid_read & tkeep0_read & tkeep1_read & !treset_read)> <Delay = 0.00>

State 2 <SV = 1> <Delay = 0.00>

State 3 <SV = 2> <Delay = 3.01>
ST_3 : Operation 28 [1/1] (0.00ns)   --->   "%tdata_read = call i16 @_ssdm_op_Read.ap_auto.i16P(i16* %tdata) nounwind" [functions.cpp:35]   --->   Operation 28 'read' 'tdata_read' <Predicate = true> <Delay = 0.00>
ST_3 : Operation 29 [1/1] (0.00ns)   --->   "%trunc = trunc i16 %tdata_read to i12" [functions.cpp:35]   --->   Operation 29 'trunc' 'trunc' <Predicate = true> <Delay = 0.00>
ST_3 : Operation 30 [1/1] (0.00ns)   --->   "%zext_ln35 = zext i12 %trunc to i16" [functions.cpp:35]   --->   Operation 30 'zext' 'zext_ln35' <Predicate = true> <Delay = 0.00>
ST_3 : Operation 31 [1/1] (0.00ns)   --->   "call void (...)* @_ssdm_op_SpecLatency(i32 2, i32 65535, [1 x i8]* @p_str1) nounwind" [functions.cpp:41]   --->   Operation 31 'speclatency' <Predicate = true> <Delay = 0.00>
ST_3 : Operation 32 [1/1] (0.00ns)   --->   "%ped_val_read = call i16 @_ssdm_op_Read.ap_auto.i16P(i16* %ped_val) nounwind" [functions.cpp:41]   --->   Operation 32 'read' 'ped_val_read' <Predicate = true> <Delay = 0.00>
ST_3 : Operation 33 [1/1] (1.10ns)   --->   "%icmp_ln41 = icmp sgt i16 %zext_ln35, %ped_val_read" [functions.cpp:41]   --->   Operation 33 'icmp' 'icmp_ln41' <Predicate = true> <Delay = 1.10> <Core = "Cmp">   --->   Core 25 'Cmp' <Latency = 0> <II = 1> <Delay = 0.84> <FuncUnit> <Opcode : 'icmp'> <InPorts = 2> <OutPorts = 1>
ST_3 : Operation 34 [1/1] (0.00ns)   --->   "%accum_read = call i8 @_ssdm_op_Read.ap_auto.i8P(i8* %accum) nounwind" [functions.cpp:42]   --->   Operation 34 'read' 'accum_read' <Predicate = true> <Delay = 0.00>
ST_3 : Operation 35 [1/1] (0.76ns)   --->   "%add_ln42 = add i8 1, %accum_read" [functions.cpp:42]   --->   Operation 35 'add' 'add_ln42' <Predicate = true> <Delay = 0.76> <Core = "AddSub">   --->   Core 14 'AddSub' <Latency = 0> <II = 1> <Delay = 0.85> <FuncUnit> <Opcode : 'add' 'sub'> <InPorts = 2> <OutPorts = 1>
ST_3 : Operation 36 [1/1] (1.10ns)   --->   "%icmp_ln45 = icmp slt i16 %zext_ln35, %ped_val_read" [functions.cpp:45]   --->   Operation 36 'icmp' 'icmp_ln45' <Predicate = true> <Delay = 1.10> <Core = "Cmp">   --->   Core 25 'Cmp' <Latency = 0> <II = 1> <Delay = 0.84> <FuncUnit> <Opcode : 'icmp'> <InPorts = 2> <OutPorts = 1>
ST_3 : Operation 37 [1/1] (0.76ns)   --->   "%add_ln46 = add i8 -1, %accum_read" [functions.cpp:46]   --->   Operation 37 'add' 'add_ln46' <Predicate = true> <Delay = 0.76> <Core = "AddSub">   --->   Core 14 'AddSub' <Latency = 0> <II = 1> <Delay = 0.85> <FuncUnit> <Opcode : 'add' 'sub'> <InPorts = 2> <OutPorts = 1>
ST_3 : Operation 38 [1/1] (0.00ns) (grouped into LUT with out node select_ln41)   --->   "%select_ln45 = select i1 %icmp_ln45, i8 %add_ln46, i8 %accum_read" [functions.cpp:45]   --->   Operation 38 'select' 'select_ln45' <Predicate = true> <Delay = 0.00> <Core = "Sel">   --->   Core 26 'Sel' <Latency = 0> <II = 1> <Delay = 0.39> <FuncUnit> <Opcode : 'select'> <InPorts = 3> <OutPorts = 1>
ST_3 : Operation 39 [1/1] (1.10ns)   --->   "%icmp_ln41_1 = icmp ne i16 %zext_ln35, %ped_val_read" [functions.cpp:41]   --->   Operation 39 'icmp' 'icmp_ln41_1' <Predicate = true> <Delay = 1.10> <Core = "Cmp">   --->   Core 25 'Cmp' <Latency = 0> <II = 1> <Delay = 0.84> <FuncUnit> <Opcode : 'icmp'> <InPorts = 2> <OutPorts = 1>
ST_3 : Operation 40 [1/1] (0.39ns) (out node of the LUT)   --->   "%select_ln41 = select i1 %icmp_ln41, i8 %add_ln42, i8 %select_ln45" [functions.cpp:41]   --->   Operation 40 'select' 'select_ln41' <Predicate = true> <Delay = 0.39> <Core = "Sel">   --->   Core 26 'Sel' <Latency = 0> <II = 1> <Delay = 0.39> <FuncUnit> <Opcode : 'select'> <InPorts = 3> <OutPorts = 1>
ST_3 : Operation 41 [1/1] (0.00ns)   --->   "%empty = call i32 (...)* @_ssdm_op_SpecRegionEnd([22 x i8]* @p_str, i32 %tmp) nounwind" [functions.cpp:48]   --->   Operation 41 'specregionend' 'empty' <Predicate = true> <Delay = 0.00>
ST_3 : Operation 42 [1/1] (0.00ns)   --->   "%tmp_1 = call i32 (...)* @_ssdm_op_SpecRegionBegin([19 x i8]* @p_str2) nounwind" [functions.cpp:50]   --->   Operation 42 'specregionbegin' 'tmp_1' <Predicate = true> <Delay = 0.00>
ST_3 : Operation 43 [1/1] (0.00ns)   --->   "call void (...)* @_ssdm_op_SpecLatency(i32 2, i32 65535, [1 x i8]* @p_str1) nounwind" [functions.cpp:51]   --->   Operation 43 'speclatency' <Predicate = true> <Delay = 0.00>
ST_3 : Operation 44 [1/1] (0.84ns)   --->   "%icmp_ln51 = icmp sgt i8 %select_ln41, 9" [functions.cpp:51]   --->   Operation 44 'icmp' 'icmp_ln51' <Predicate = true> <Delay = 0.84> <Core = "Cmp">   --->   Core 25 'Cmp' <Latency = 0> <II = 1> <Delay = 0.84> <FuncUnit> <Opcode : 'icmp'> <InPorts = 2> <OutPorts = 1>
ST_3 : Operation 45 [1/1] (0.00ns)   --->   "br i1 %icmp_ln51, label %5, label %6" [functions.cpp:51]   --->   Operation 45 'br' <Predicate = true> <Delay = 0.00>
ST_3 : Operation 46 [1/1] (0.84ns)   --->   "%icmp_ln56 = icmp slt i8 %select_ln41, -9" [functions.cpp:56]   --->   Operation 46 'icmp' 'icmp_ln56' <Predicate = (!icmp_ln51)> <Delay = 0.84> <Core = "Cmp">   --->   Core 25 'Cmp' <Latency = 0> <II = 1> <Delay = 0.84> <FuncUnit> <Opcode : 'icmp'> <InPorts = 2> <OutPorts = 1>
ST_3 : Operation 47 [1/1] (0.67ns)   --->   "br i1 %icmp_ln56, label %7, label %ped_subtraction_begin" [functions.cpp:56]   --->   Operation 47 'br' <Predicate = (!icmp_ln51)> <Delay = 0.67>
ST_3 : Operation 48 [1/1] (0.85ns)   --->   "%add_ln57 = add i16 %ped_val_read, -1" [functions.cpp:57]   --->   Operation 48 'add' 'add_ln57' <Predicate = (!icmp_ln51 & icmp_ln56)> <Delay = 0.85> <Core = "AddSub">   --->   Core 14 'AddSub' <Latency = 0> <II = 1> <Delay = 0.85> <FuncUnit> <Opcode : 'add' 'sub'> <InPorts = 2> <OutPorts = 1>
ST_3 : Operation 49 [1/1] (0.00ns)   --->   "call void @_ssdm_op_Write.ap_auto.i16P(i16* %ped_val, i16 %add_ln57) nounwind" [functions.cpp:57]   --->   Operation 49 'write' <Predicate = (!icmp_ln51 & icmp_ln56)> <Delay = 0.00>
ST_3 : Operation 50 [1/1] (0.67ns)   --->   "br label %ped_subtraction_begin" [functions.cpp:59]   --->   Operation 50 'br' <Predicate = (!icmp_ln51 & icmp_ln56)> <Delay = 0.67>
ST_3 : Operation 51 [1/1] (0.85ns)   --->   "%add_ln52 = add i16 %ped_val_read, 1" [functions.cpp:52]   --->   Operation 51 'add' 'add_ln52' <Predicate = (icmp_ln51)> <Delay = 0.85> <Core = "AddSub">   --->   Core 14 'AddSub' <Latency = 0> <II = 1> <Delay = 0.85> <FuncUnit> <Opcode : 'add' 'sub'> <InPorts = 2> <OutPorts = 1>
ST_3 : Operation 52 [1/1] (0.00ns)   --->   "call void @_ssdm_op_Write.ap_auto.i16P(i16* %ped_val, i16 %add_ln52) nounwind" [functions.cpp:52]   --->   Operation 52 'write' <Predicate = (icmp_ln51)> <Delay = 0.00>
ST_3 : Operation 53 [1/1] (0.67ns)   --->   "br label %ped_subtraction_begin" [functions.cpp:54]   --->   Operation 53 'br' <Predicate = (icmp_ln51)> <Delay = 0.67>
ST_3 : Operation 54 [1/1] (0.00ns)   --->   "%tmp_2 = call i32 (...)* @_ssdm_op_SpecRegionBegin([16 x i8]* @p_str3) nounwind" [functions.cpp:65]   --->   Operation 54 'specregionbegin' 'tmp_2' <Predicate = true> <Delay = 0.00>

State 4 <SV = 3> <Delay = 0.85>
ST_4 : Operation 55 [1/1] (0.00ns)   --->   "%ped_val_load_3 = phi i16 [ %add_ln52, %5 ], [ %add_ln57, %7 ], [ %ped_val_read, %6 ]" [functions.cpp:52]   --->   Operation 55 'phi' 'ped_val_load_3' <Predicate = true> <Delay = 0.00>
ST_4 : Operation 56 [1/1] (0.85ns)   --->   "%sub_ln66 = sub i16 %zext_ln35, %ped_val_load_3" [functions.cpp:66]   --->   Operation 56 'sub' 'sub_ln66' <Predicate = true> <Delay = 0.85> <Core = "AddSub">   --->   Core 14 'AddSub' <Latency = 0> <II = 1> <Delay = 0.85> <FuncUnit> <Opcode : 'add' 'sub'> <InPorts = 2> <OutPorts = 1>
ST_4 : Operation 57 [1/1] (0.00ns)   --->   "call void @_ssdm_op_Write.ap_auto.i16P(i16* %ADC, i16 %sub_ln66) nounwind" [functions.cpp:66]   --->   Operation 57 'write' <Predicate = true> <Delay = 0.00>

State 5 <SV = 4> <Delay = 0.00>
ST_5 : Operation 58 [1/1] (0.00ns)   --->   "%accum_flag_2 = phi i1 [ true, %5 ], [ true, %7 ], [ %icmp_ln41_1, %6 ]" [functions.cpp:41]   --->   Operation 58 'phi' 'accum_flag_2' <Predicate = (tready_read & tvalid_read & tkeep0_read & tkeep1_read & !treset_read)> <Delay = 0.00>
ST_5 : Operation 59 [1/1] (0.00ns)   --->   "%accum_new_2 = phi i8 [ 0, %5 ], [ 0, %7 ], [ %select_ln41, %6 ]" [functions.cpp:41]   --->   Operation 59 'phi' 'accum_new_2' <Predicate = (tready_read & tvalid_read & tkeep0_read & tkeep1_read & !treset_read)> <Delay = 0.00>
ST_5 : Operation 60 [1/1] (0.00ns)   --->   "%empty_2 = call i32 (...)* @_ssdm_op_SpecRegionEnd([19 x i8]* @p_str2, i32 %tmp_1) nounwind" [functions.cpp:60]   --->   Operation 60 'specregionend' 'empty_2' <Predicate = (tready_read & tvalid_read & tkeep0_read & tkeep1_read & !treset_read)> <Delay = 0.00>
ST_5 : Operation 61 [1/1] (0.00ns)   --->   "call void (...)* @_ssdm_op_SpecLatency(i32 2, i32 65535, [1 x i8]* @p_str1) nounwind" [functions.cpp:66]   --->   Operation 61 'speclatency' <Predicate = (tready_read & tvalid_read & tkeep0_read & tkeep1_read & !treset_read)> <Delay = 0.00>
ST_5 : Operation 62 [1/1] (0.00ns)   --->   "%empty_3 = call i32 (...)* @_ssdm_op_SpecRegionEnd([16 x i8]* @p_str3, i32 %tmp_2) nounwind" [functions.cpp:67]   --->   Operation 62 'specregionend' 'empty_3' <Predicate = (tready_read & tvalid_read & tkeep0_read & tkeep1_read & !treset_read)> <Delay = 0.00>
ST_5 : Operation 63 [1/1] (0.00ns)   --->   "br i1 %accum_flag_2, label %mergeST, label %._crit_edge6.new" [functions.cpp:41]   --->   Operation 63 'br' <Predicate = (tready_read & tvalid_read & tkeep0_read & tkeep1_read & !treset_read)> <Delay = 0.00>
ST_5 : Operation 64 [1/1] (0.00ns)   --->   "call void @_ssdm_op_Write.ap_auto.i8P(i8* %accum, i8 %accum_new_2) nounwind" [functions.cpp:42]   --->   Operation 64 'write' <Predicate = (tready_read & tvalid_read & tkeep0_read & tkeep1_read & !treset_read & accum_flag_2)> <Delay = 0.00>
ST_5 : Operation 65 [1/1] (0.00ns)   --->   "br label %._crit_edge6.new"   --->   Operation 65 'br' <Predicate = (tready_read & tvalid_read & tkeep0_read & tkeep1_read & !treset_read & accum_flag_2)> <Delay = 0.00>
ST_5 : Operation 66 [1/1] (0.00ns)   --->   "br label %._crit_edge" [functions.cpp:68]   --->   Operation 66 'br' <Predicate = (tready_read & tvalid_read & tkeep0_read & tkeep1_read & !treset_read)> <Delay = 0.00>
ST_5 : Operation 67 [1/1] (0.00ns)   --->   "ret void" [functions.cpp:77]   --->   Operation 67 'ret' <Predicate = true> <Delay = 0.00>


============================================================
+ Verbose Summary: Timing violations
============================================================
Target clock period: 4ns, clock uncertainty: 0.5ns.

 <State 1>: 0ns
The critical path consists of the following:

 <State 2>: 0ns
The critical path consists of the following:

 <State 3>: 3.02ns
The critical path consists of the following:
	wire read on port 'tdata' (functions.cpp:35) [37]  (0 ns)
	'icmp' operation ('icmp_ln41', functions.cpp:41) [43]  (1.1 ns)
	'select' operation ('select_ln41', functions.cpp:41) [50]  (0.393 ns)
	'icmp' operation ('icmp_ln56', functions.cpp:56) [57]  (0.849 ns)
	multiplexor before 'phi' operation ('accum_flag_2', functions.cpp:41) with incoming values : ('icmp_ln41_1', functions.cpp:41) [68]  (0.675 ns)

 <State 4>: 0.853ns
The critical path consists of the following:
	'phi' operation ('ped_val_load_3', functions.cpp:52) with incoming values : ('ped_val_read', functions.cpp:41) ('add_ln57', functions.cpp:57) ('add_ln52', functions.cpp:52) [70]  (0 ns)
	'sub' operation ('sub_ln66', functions.cpp:66) [74]  (0.853 ns)

 <State 5>: 0ns
The critical path consists of the following:


============================================================
+ Verbose Summary: Binding
============================================================
N/A
* FSMD analyzer results:
  - Output states:
 - Input state : 
  - Chain level:
	State 1
	State 2
	State 3
	State 4
	State 5


============================================================
+ Verbose Summary: Datapath Resource usage 
============================================================
N/A
