

================================================================
== Vivado HLS Report for 'ped_alg'
================================================================
* Date:           Tue Nov 24 11:46:42 2020

* Version:        2020.1 (Build 2897737 on Wed May 27 20:21:37 MDT 2020)
* Project:        ped_sub_prj
* Solution:       array_memory_allocation
* Product family: zynquplus
* Target device:  xczu9eg-ffvb1156-2-e


================================================================
== Performance Estimates
================================================================
+ Timing: 
    * Summary: 
    +--------+---------+----------+------------+
    |  Clock |  Target | Estimated| Uncertainty|
    +--------+---------+----------+------------+
    |ap_clk  | 4.00 ns | 3.019 ns |   0.50 ns  |
    +--------+---------+----------+------------+

+ Latency: 
    * Summary: 
    +---------+---------+----------+-----------+-----+-----+---------+
    |  Latency (cycles) |  Latency (absolute)  |  Interval | Pipeline|
    |   min   |   max   |    min   |    max    | min | max |   Type  |
    +---------+---------+----------+-----------+-----+-----+---------+
    |        1|        4| 4.000 ns | 16.000 ns |    1|    4|   none  |
    +---------+---------+----------+-----------+-----+-----+---------+

    + Detail: 
        * Instance: 
        N/A

        * Loop: 
        N/A



================================================================
== Utilization Estimates
================================================================
* Summary: 
+-----------------+---------+-------+--------+--------+-----+
|       Name      | BRAM_18K| DSP48E|   FF   |   LUT  | URAM|
+-----------------+---------+-------+--------+--------+-----+
|DSP              |        -|      -|       -|       -|    -|
|Expression       |        -|      -|       0|     176|    -|
|FIFO             |        -|      -|       -|       -|    -|
|Instance         |        -|      -|       -|       -|    -|
|Memory           |        -|      -|       -|       -|    -|
|Multiplexer      |        -|      -|       -|      90|    -|
|Register         |        -|      -|      42|       -|    -|
+-----------------+---------+-------+--------+--------+-----+
|Total            |        0|      0|      42|     266|    0|
+-----------------+---------+-------+--------+--------+-----+
|Available        |     1824|   2520|  548160|  274080|    0|
+-----------------+---------+-------+--------+--------+-----+
|Utilization (%)  |        0|      0|   ~0   |   ~0   |    0|
+-----------------+---------+-------+--------+--------+-----+

+ Detail: 
    * Instance: 
    N/A

    * DSP48E: 
    N/A

    * Memory: 
    N/A

    * FIFO: 
    N/A

    * Expression: 
    +-----------------------+----------+-------+---+----+------------+------------+
    |     Variable Name     | Operation| DSP48E| FF| LUT| Bitwidth P0| Bitwidth P1|
    +-----------------------+----------+-------+---+----+------------+------------+
    |add_ln42_fu_193_p2     |     +    |      0|  0|  15|           1|           8|
    |add_ln46_fu_205_p2     |     +    |      0|  0|  15|           2|           8|
    |add_ln52_fu_252_p2     |     +    |      0|  0|  23|          16|           1|
    |add_ln57_fu_245_p2     |     +    |      0|  0|  23|          16|           2|
    |ADC                    |     -    |      0|  0|  23|          16|          16|
    |icmp_ln41_1_fu_219_p2  |   icmp   |      0|  0|  13|          16|          16|
    |icmp_ln41_fu_187_p2    |   icmp   |      0|  0|  13|          16|          16|
    |icmp_ln45_fu_199_p2    |   icmp   |      0|  0|  13|          16|          16|
    |icmp_ln51_fu_233_p2    |   icmp   |      0|  0|  11|           8|           4|
    |icmp_ln56_fu_239_p2    |   icmp   |      0|  0|  11|           8|           5|
    |select_ln41_fu_225_p3  |  select  |      0|  0|   8|           1|           8|
    |select_ln45_fu_211_p3  |  select  |      0|  0|   8|           1|           8|
    +-----------------------+----------+-------+---+----+------------+------------+
    |Total                  |          |      0|  0| 176|         117|         108|
    +-----------------------+----------+-------+---+----+------------+------------+

    * Multiplexer: 
    +------------------------+----+-----------+-----+-----------+
    |          Name          | LUT| Input Size| Bits| Total Bits|
    +------------------------+----+-----------+-----+-----------+
    |accum_flag_2_reg_150    |   9|          2|    1|          2|
    |accum_new_2_reg_164     |   9|          2|    8|         16|
    |accum_o                 |   9|          2|    8|         16|
    |ap_NS_fsm               |  33|          6|    1|          6|
    |ped_val_load_3_reg_139  |  15|          3|   16|         48|
    |ped_val_o               |  15|          3|   16|         48|
    +------------------------+----+-----------+-----+-----------+
    |Total                   |  90|         18|   50|        136|
    +------------------------+----+-----------+-----+-----------+

    * Register: 
    +------------------------+----+----+-----+-----------+
    |          Name          | FF | LUT| Bits| Const Bits|
    +------------------------+----+----+-----+-----------+
    |accum_flag_2_reg_150    |   1|   0|    1|          0|
    |accum_new_2_reg_164     |   8|   0|    8|          0|
    |ap_CS_fsm               |   5|   0|    5|          0|
    |ped_val_load_3_reg_139  |  16|   0|   16|          0|
    |zext_ln35_reg_285       |  12|   0|   16|          4|
    +------------------------+----+----+-----+-----------+
    |Total                   |  42|   0|   46|          4|
    +------------------------+----+----+-----+-----------+



================================================================
== Interface
================================================================
* Summary: 
+------------------+-----+-----+------------+--------------+--------------+
|     RTL Ports    | Dir | Bits|  Protocol  | Source Object|    C Type    |
+------------------+-----+-----+------------+--------------+--------------+
|ap_clk            |  in |    1| ap_ctrl_hs |    ped_alg   | return value |
|ap_rst            |  in |    1| ap_ctrl_hs |    ped_alg   | return value |
|ap_start          |  in |    1| ap_ctrl_hs |    ped_alg   | return value |
|ap_done           | out |    1| ap_ctrl_hs |    ped_alg   | return value |
|ap_idle           | out |    1| ap_ctrl_hs |    ped_alg   | return value |
|ap_ready          | out |    1| ap_ctrl_hs |    ped_alg   | return value |
|ped_val_i         |  in |   16|   ap_ovld  |    ped_val   |    pointer   |
|ped_val_o         | out |   16|   ap_ovld  |    ped_val   |    pointer   |
|ped_val_o_ap_vld  | out |    1|   ap_ovld  |    ped_val   |    pointer   |
|accum_i           |  in |    8|   ap_ovld  |     accum    |    pointer   |
|accum_o           | out |    8|   ap_ovld  |     accum    |    pointer   |
|accum_o_ap_vld    | out |    1|   ap_ovld  |     accum    |    pointer   |
|ADC               | out |   16|   ap_vld   |      ADC     |    pointer   |
|ADC_ap_vld        | out |    1|   ap_vld   |      ADC     |    pointer   |
|tdata             |  in |   16|   ap_none  |     tdata    |    pointer   |
|tvalid            |  in |    1|   ap_none  |    tvalid    |    pointer   |
|tkeep0            |  in |    1|   ap_none  |    tkeep0    |    pointer   |
|tkeep1            |  in |    1|   ap_none  |    tkeep1    |    pointer   |
|tready            |  in |    1|   ap_none  |    tready    |    pointer   |
|treset            |  in |    1|   ap_none  |    treset    |    pointer   |
|tlast             |  in |    1|   ap_none  |     tlast    |    pointer   |
+------------------+-----+-----+------------+--------------+--------------+

============================================================
+ Verbose Summary: Synthesis Manager
============================================================
InlineROM: 1
ExposeGlobal: 0
============================================================
+ Verbose Summary: CDFG Model
============================================================
IsTopModel: 1
ResetActiveHigh: 1
IsCombinational: 2
IsDatapathOnly: 2
HasWiredReturn: 1
HasMFsm: 0
HasVarLatency: 1
IsPipeline: 0
IsRtlPipelined: 0
IsInstanceOverlapped: 0
IsDontTouch: 0
HasImplIP: 0
IsGatedGlobalClock: 0


============================================================
+ Verbose Summary: Schedule
============================================================
* Number of FSM states : 5
* Pipeline : 0
* Dataflow Pipeline: 0

* FSM state transitions: 
1 --> 5 2 
2 --> 3 
3 --> 4 
4 --> 5 
5 --> 

* FSM state operations: 

State 1 <SV = 0> <Delay = 0.00>
ST_1 : Operation 6 [1/1] (0.00ns)   --->   "call void (...)* @_ssdm_op_SpecBitsMap(i16* %ped_val) nounwind, !map !95"   --->   Operation 6 'specbitsmap' <Predicate = true> <Delay = 0.00>
ST_1 : Operation 7 [1/1] (0.00ns)   --->   "call void (...)* @_ssdm_op_SpecBitsMap(i8* %accum) nounwind, !map !99"   --->   Operation 7 'specbitsmap' <Predicate = true> <Delay = 0.00>
ST_1 : Operation 8 [1/1] (0.00ns)   --->   "call void (...)* @_ssdm_op_SpecBitsMap(i16* %ADC) nounwind, !map !103"   --->   Operation 8 'specbitsmap' <Predicate = true> <Delay = 0.00>
ST_1 : Operation 9 [1/1] (0.00ns)   --->   "call void (...)* @_ssdm_op_SpecBitsMap(i16* %tdata) nounwind, !map !107"   --->   Operation 9 'specbitsmap' <Predicate = true> <Delay = 0.00>
ST_1 : Operation 10 [1/1] (0.00ns)   --->   "call void (...)* @_ssdm_op_SpecBitsMap(i1* %tvalid) nounwind, !map !111"   --->   Operation 10 'specbitsmap' <Predicate = true> <Delay = 0.00>
ST_1 : Operation 11 [1/1] (0.00ns)   --->   "call void (...)* @_ssdm_op_SpecBitsMap(i1* %tkeep0) nounwind, !map !115"   --->   Operation 11 'specbitsmap' <Predicate = true> <Delay = 0.00>
ST_1 : Operation 12 [1/1] (0.00ns)   --->   "call void (...)* @_ssdm_op_SpecBitsMap(i1* %tkeep1) nounwind, !map !119"   --->   Operation 12 'specbitsmap' <Predicate = true> <Delay = 0.00>
ST_1 : Operation 13 [1/1] (0.00ns)   --->   "call void (...)* @_ssdm_op_SpecBitsMap(i1* %tready) nounwind, !map !123"   --->   Operation 13 'specbitsmap' <Predicate = true> <Delay = 0.00>
ST_1 : Operation 14 [1/1] (0.00ns)   --->   "call void (...)* @_ssdm_op_SpecBitsMap(i1* %treset) nounwind, !map !127"   --->   Operation 14 'specbitsmap' <Predicate = true> <Delay = 0.00>
ST_1 : Operation 15 [1/1] (0.00ns)   --->   "call void (...)* @_ssdm_op_SpecBitsMap(i1* %tlast) nounwind, !map !131"   --->   Operation 15 'specbitsmap' <Predicate = true> <Delay = 0.00>
ST_1 : Operation 16 [1/1] (0.00ns)   --->   "call void (...)* @_ssdm_op_SpecTopModule([8 x i8]* @ped_alg_str) nounwind"   --->   Operation 16 'spectopmodule' <Predicate = true> <Delay = 0.00>
ST_1 : Operation 17 [1/1] (0.00ns)   --->   "%tready_read = call i1 @_ssdm_op_Read.ap_auto.i1P(i1* %tready) nounwind" [functions.cpp:30]   --->   Operation 17 'read' 'tready_read' <Predicate = true> <Delay = 0.00>
ST_1 : Operation 18 [1/1] (0.00ns)   --->   "br i1 %tready_read, label %1, label %._crit_edge" [functions.cpp:30]   --->   Operation 18 'br' <Predicate = true> <Delay = 0.00>
ST_1 : Operation 19 [1/1] (0.00ns)   --->   "%tvalid_read = call i1 @_ssdm_op_Read.ap_auto.i1P(i1* %tvalid) nounwind" [functions.cpp:30]   --->   Operation 19 'read' 'tvalid_read' <Predicate = (tready_read)> <Delay = 0.00>
ST_1 : Operation 20 [1/1] (0.00ns)   --->   "br i1 %tvalid_read, label %2, label %._crit_edge" [functions.cpp:30]   --->   Operation 20 'br' <Predicate = (tready_read)> <Delay = 0.00>
ST_1 : Operation 21 [1/1] (0.00ns)   --->   "%tkeep0_read = call i1 @_ssdm_op_Read.ap_auto.i1P(i1* %tkeep0) nounwind" [functions.cpp:30]   --->   Operation 21 'read' 'tkeep0_read' <Predicate = (tready_read & tvalid_read)> <Delay = 0.00>
ST_1 : Operation 22 [1/1] (0.00ns)   --->   "br i1 %tkeep0_read, label %3, label %._crit_edge" [functions.cpp:30]   --->   Operation 22 'br' <Predicate = (tready_read & tvalid_read)> <Delay = 0.00>
ST_1 : Operation 23 [1/1] (0.00ns)   --->   "%tkeep1_read = call i1 @_ssdm_op_Read.ap_auto.i1P(i1* %tkeep1) nounwind" [functions.cpp:30]   --->   Operation 23 'read' 'tkeep1_read' <Predicate = (tready_read & tvalid_read & tkeep0_read)> <Delay = 0.00>
ST_1 : Operation 24 [1/1] (0.00ns)   --->   "br i1 %tkeep1_read, label %4, label %._crit_edge" [functions.cpp:30]   --->   Operation 24 'br' <Predicate = (tready_read & tvalid_read & tkeep0_read)> <Delay = 0.00>
ST_1 : Operation 25 [1/1] (0.00ns)   --->   "%treset_read = call i1 @_ssdm_op_Read.ap_auto.i1P(i1* %treset) nounwind" [functions.cpp:30]   --->   Operation 25 'read' 'treset_read' <Predicate = (tready_read & tvalid_read & tkeep0_read & tkeep1_read)> <Delay = 0.00>
ST_1 : Operation 26 [1/1] (0.00ns)   --->   "br i1 %treset_read, label %._crit_edge, label %accumulator_condition" [functions.cpp:30]   --->   Operation 26 'br' <Predicate = (tready_read & tvalid_read & tkeep0_read & tkeep1_read)> <Delay = 0.00>
ST_1 : Operation 27 [1/1] (0.00ns)   --->   "%tmp = call i32 (...)* @_ssdm_op_SpecRegionBegin([22 x i8]* @p_str) nounwind" [functions.cpp:40]   --->   Operation 27 'specregionbegin' 'tmp' <Predicate = (tready_read & tvalid_read & tkeep0_read & tkeep1_read & !treset_read)> <Delay = 0.00>

State 2 <SV = 1> <Delay = 0.00>

State 3 <SV = 2> <Delay = 3.01>
ST_3 : Operation 28 [1/1] (0.00ns)   --->   "%tdata_read = call i16 @_ssdm_op_Read.ap_auto.i16P(i16* %tdata) nounwind" [functions.cpp:35]   --->   Operation 28 'read' 'tdata_read' <Predicate = true> <Delay = 0.00>
ST_3 : Operation 29 [1/1] (0.00ns)   --->   "%trunc = trunc i16 %tdata_read to i12" [functions.cpp:35]   --->   Operation 29 'trunc' 'trunc' <Predicate = true> <Delay = 0.00>
ST_3 : Operation 30 [1/1] (0.00ns)   --->   "%zext_ln35 = zext i12 %trunc to i16" [functions.cpp:35]   --->   Operation 30 'zext' 'zext_ln35' <Predicate = true> <Delay = 0.00>
ST_3 : Operation 31 [1/1] (0.00ns)   --->   "call void (...)* @_ssdm_op_SpecLatency(i32 2, i32 65535, [1 x i8]* @p_str1) nounwind" [functions.cpp:41]   --->   Operation 31 'speclatency' <Predicate = true> <Delay = 0.00>
ST_3 : Operation 32 [1/1] (0.00ns)   --->   "%ped_val_read = call i16 @_ssdm_op_Read.ap_auto.i16P(i16* %ped_val) nounwind" [functions.cpp:41]   --->   Operation 32 'read' 'ped_val_read' <Predicate = true> <Delay = 0.00>
ST_3 : Operation 33 [1/1] (1.10ns)   --->   "%icmp_ln41 = icmp sgt i16 %zext_ln35, %ped_val_read" [functions.cpp:41]   --->   Operation 33 'icmp' 'icmp_ln41' <Predicate = true> <Delay = 1.10> <Core = "Cmp">   --->   Core 25 'Cmp' <Latency = 0> <II = 1> <Delay = 0.84> <FuncUnit> <Opcode : 'icmp'> <InPorts = 2> <OutPorts = 1>
ST_3 : Operation 34 [1/1] (0.00ns)   --->   "%accum_read = call i8 @_ssdm_op_Read.ap_auto.i8P(i8* %accum) nounwind" [functions.cpp:42]   --->   Operation 34 'read' 'accum_read' <Predicate = true> <Delay = 0.00>
ST_3 : Operation 35 [1/1] (0.76ns)   --->   "%add_ln42 = add i8 1, %accum_read" [functions.cpp:42]   --->   Operation 35 'add' 'add_ln42' <Predicate = true> <Delay = 0.76> <Core = "AddSub">   --->   Core 14 'AddSub' <Latency = 0> <II = 1> <Delay = 0.85> <FuncUnit> <Opcode : 'add' 'sub'> <InPorts = 2> <OutPorts = 1>
ST_3 : Operation 36 [1/1] (1.10ns)   --->   "%icmp_ln45 = icmp slt i16 %zext_ln35, %ped_val_read" [functions.cpp:45]   --->   Operation 36 'icmp' 'icmp_ln45' <Predicate = true> <Delay = 1.10> <Core = "Cmp">   --->   Core 25 'Cmp' <Latency = 0> <II = 1> <Delay = 0.84> <FuncUnit> <Opcode : 'icmp'> <InPorts = 2> <OutPorts = 1>
ST_3 : Operation 37 [1/1] (0.76ns)   --->   "%add_ln46 = add i8 -1, %accum_read" [functions.cpp:46]   --->   Operation 37 'add' 'add_ln46' <Predicate = true> <Delay = 0.76> <Core = "AddSub">   --->   Core 14 'AddSub' <Latency = 0> <II = 1> <Delay = 0.85> <FuncUnit> <Opcode : 'add' 'sub'> <InPorts = 2> <OutPorts = 1>
ST_3 : Operation 38 [1/1] (0.00ns) (grouped into LUT with out node select_ln41)   --->   "%select_ln45 = select i1 %icmp_ln45, i8 %add_ln46, i8 %accum_read" [functions.cpp:45]   --->   Operation 38 'select' 'select_ln45' <Predicate = true> <Delay = 0.00> <Core = "Sel">   --->   Core 26 'Sel' <Latency = 0> <II = 1> <Delay = 0.39> <FuncUnit> <Opcode : 'select'> <InPorts = 3> <OutPorts = 1>
ST_3 : Operation 39 [1/1] (1.10ns)   --->   "%icmp_ln41_1 = icmp ne i16 %zext_ln35, %ped_val_read" [functions.cpp:41]   --->   Operation 39 'icmp' 'icmp_ln41_1' <Predicate = true> <Delay = 1.10> <Core = "Cmp">   --->   Core 25 'Cmp' <Latency = 0> <II = 1> <Delay = 0.84> <FuncUnit> <Opcode : 'icmp'> <InPorts = 2> <OutPorts = 1>
ST_3 : Operation 40 [1/1] (0.39ns) (out node of the LUT)   --->   "%select_ln41 = select i1 %icmp_ln41, i8 %add_ln42, i8 %select_ln45" [functions.cpp:41]   --->   Operation 40 'select' 'select_ln41' <Predicate = true> <Delay = 0.39> <Core = "Sel">   --->   Core 26 'Sel' <Latency = 0> <II = 1> <Delay = 0.39> <FuncUnit> <Opcode : 'select'> <InPorts = 3> <OutPorts = 1>
ST_3 : Operation 41 [1/1] (0.00ns)   --->   "%empty = call i32 (...)* @_ssdm_op_SpecRegionEnd([22 x i8]* @p_str, i32 %tmp) nounwind" [functions.cpp:48]   --->   Operation 41 'specregionend' 'empty' <Predicate = true> <Delay = 0.00>
ST_3 : Operation 42 [1/1] (0.00ns)   --->   "%tmp_1 = call i32 (...)* @_ssdm_op_SpecRegionBegin([19 x i8]* @p_str2) nounwind" [functions.cpp:50]   --->   Operation 42 'specregionbegin' 'tmp_1' <Predicate = true> <Delay = 0.00>
ST_3 : Operation 43 [1/1] (0.00ns)   --->   "call void (...)* @_ssdm_op_SpecLatency(i32 2, i32 65535, [1 x i8]* @p_str1) nounwind" [functions.cpp:51]   --->   Operation 43 'speclatency' <Predicate = true> <Delay = 0.00>
ST_3 : Operation 44 [1/1] (0.84ns)   --->   "%icmp_ln51 = icmp sgt i8 %select_ln41, 9" [functions.cpp:51]   --->   Operation 44 'icmp' 'icmp_ln51' <Predicate = true> <Delay = 0.84> <Core = "Cmp">   --->   Core 25 'Cmp' <Latency = 0> <II = 1> <Delay = 0.84> <FuncUnit> <Opcode : 'icmp'> <InPorts = 2> <OutPorts = 1>
ST_3 : Operation 45 [1/1] (0.00ns)   --->   "br i1 %icmp_ln51, label %5, label %6" [functions.cpp:51]   --->   Operation 45 'br' <Predicate = true> <Delay = 0.00>
ST_3 : Operation 46 [1/1] (0.84ns)   --->   "%icmp_ln56 = icmp slt i8 %select_ln41, -9" [functions.cpp:56]   --->   Operation 46 'icmp' 'icmp_ln56' <Predicate = (!icmp_ln51)> <Delay = 0.84> <Core = "Cmp">   --->   Core 25 'Cmp' <Latency = 0> <II = 1> <Delay = 0.84> <FuncUnit> <Opcode : 'icmp'> <InPorts = 2> <OutPorts = 1>
ST_3 : Operation 47 [1/1] (0.67ns)   --->   "br i1 %icmp_ln56, label %7, label %ped_subtraction_begin" [functions.cpp:56]   --->   Operation 47 'br' <Predicate = (!icmp_ln51)> <Delay = 0.67>
ST_3 : Operation 48 [1/1] (0.85ns)   --->   "%add_ln57 = add i16 %ped_val_read, -1" [functions.cpp:57]   --->   Operation 48 'add' 'add_ln57' <Predicate = (!icmp_ln51 & icmp_ln56)> <Delay = 0.85> <Core = "AddSub">   --->   Core 14 'AddSub' <Latency = 0> <II = 1> <Delay = 0.85> <FuncUnit> <Opcode : 'add' 'sub'> <InPorts = 2> <OutPorts = 1>
ST_3 : Operation 49 [1/1] (0.00ns)   --->   "call void @_ssdm_op_Write.ap_auto.i16P(i16* %ped_val, i16 %add_ln57) nounwind" [functions.cpp:57]   --->   Operation 49 'write' <Predicate = (!icmp_ln51 & icmp_ln56)> <Delay = 0.00>
ST_3 : Operation 50 [1/1] (0.67ns)   --->   "br label %ped_subtraction_begin" [functions.cpp:59]   --->   Operation 50 'br' <Predicate = (!icmp_ln51 & icmp_ln56)> <Delay = 0.67>
ST_3 : Operation 51 [1/1] (0.85ns)   --->   "%add_ln52 = add i16 %ped_val_read, 1" [functions.cpp:52]   --->   Operation 51 'add' 'add_ln52' <Predicate = (icmp_ln51)> <Delay = 0.85> <Core = "AddSub">   --->   Core 14 'AddSub' <Latency = 0> <II = 1> <Delay = 0.85> <FuncUnit> <Opcode : 'add' 'sub'> <InPorts = 2> <OutPorts = 1>
ST_3 : Operation 52 [1/1] (0.00ns)   --->   "call void @_ssdm_op_Write.ap_auto.i16P(i16* %ped_val, i16 %add_ln52) nounwind" [functions.cpp:52]   --->   Operation 52 'write' <Predicate = (icmp_ln51)> <Delay = 0.00>
ST_3 : Operation 53 [1/1] (0.67ns)   --->   "br label %ped_subtraction_begin" [functions.cpp:54]   --->   Operation 53 'br' <Predicate = (icmp_ln51)> <Delay = 0.67>
ST_3 : Operation 54 [1/1] (0.00ns)   --->   "%tmp_2 = call i32 (...)* @_ssdm_op_SpecRegionBegin([16 x i8]* @p_str3) nounwind" [functions.cpp:65]   --->   Operation 54 'specregionbegin' 'tmp_2' <Predicate = true> <Delay = 0.00>

State 4 <SV = 3> <Delay = 0.85>
ST_4 : Operation 55 [1/1] (0.00ns)   --->   "%ped_val_load_3 = phi i16 [ %add_ln52, %5 ], [ %add_ln57, %7 ], [ %ped_val_read, %6 ]" [functions.cpp:52]   --->   Operation 55 'phi' 'ped_val_load_3' <Predicate = true> <Delay = 0.00>
ST_4 : Operation 56 [1/1] (0.85ns)   --->   "%sub_ln66 = sub i16 %zext_ln35, %ped_val_load_3" [functions.cpp:66]   --->   Operation 56 'sub' 'sub_ln66' <Predicate = true> <Delay = 0.85> <Core = "AddSub">   --->   Core 14 'AddSub' <Latency = 0> <II = 1> <Delay = 0.85> <FuncUnit> <Opcode : 'add' 'sub'> <InPorts = 2> <OutPorts = 1>
ST_4 : Operation 57 [1/1] (0.00ns)   --->   "call void @_ssdm_op_Write.ap_auto.i16P(i16* %ADC, i16 %sub_ln66) nounwind" [functions.cpp:66]   --->   Operation 57 'write' <Predicate = true> <Delay = 0.00>

State 5 <SV = 4> <Delay = 0.00>
ST_5 : Operation 58 [1/1] (0.00ns)   --->   "%accum_flag_2 = phi i1 [ true, %5 ], [ true, %7 ], [ %icmp_ln41_1, %6 ]" [functions.cpp:41]   --->   Operation 58 'phi' 'accum_flag_2' <Predicate = (tready_read & tvalid_read & tkeep0_read & tkeep1_read & !treset_read)> <Delay = 0.00>
ST_5 : Operation 59 [1/1] (0.00ns)   --->   "%accum_new_2 = phi i8 [ 0, %5 ], [ 0, %7 ], [ %select_ln41, %6 ]" [functions.cpp:41]   --->   Operation 59 'phi' 'accum_new_2' <Predicate = (tready_read & tvalid_read & tkeep0_read & tkeep1_read & !treset_read)> <Delay = 0.00>
ST_5 : Operation 60 [1/1] (0.00ns)   --->   "%empty_2 = call i32 (...)* @_ssdm_op_SpecRegionEnd([19 x i8]* @p_str2, i32 %tmp_1) nounwind" [functions.cpp:60]   --->   Operation 60 'specregionend' 'empty_2' <Predicate = (tready_read & tvalid_read & tkeep0_read & tkeep1_read & !treset_read)> <Delay = 0.00>
ST_5 : Operation 61 [1/1] (0.00ns)   --->   "call void (...)* @_ssdm_op_SpecLatency(i32 2, i32 65535, [1 x i8]* @p_str1) nounwind" [functions.cpp:66]   --->   Operation 61 'speclatency' <Predicate = (tready_read & tvalid_read & tkeep0_read & tkeep1_read & !treset_read)> <Delay = 0.00>
ST_5 : Operation 62 [1/1] (0.00ns)   --->   "%empty_3 = call i32 (...)* @_ssdm_op_SpecRegionEnd([16 x i8]* @p_str3, i32 %tmp_2) nounwind" [functions.cpp:67]   --->   Operation 62 'specregionend' 'empty_3' <Predicate = (tready_read & tvalid_read & tkeep0_read & tkeep1_read & !treset_read)> <Delay = 0.00>
ST_5 : Operation 63 [1/1] (0.00ns)   --->   "br i1 %accum_flag_2, label %mergeST, label %._crit_edge6.new" [functions.cpp:41]   --->   Operation 63 'br' <Predicate = (tready_read & tvalid_read & tkeep0_read & tkeep1_read & !treset_read)> <Delay = 0.00>
ST_5 : Operation 64 [1/1] (0.00ns)   --->   "call void @_ssdm_op_Write.ap_auto.i8P(i8* %accum, i8 %accum_new_2) nounwind" [functions.cpp:42]   --->   Operation 64 'write' <Predicate = (tready_read & tvalid_read & tkeep0_read & tkeep1_read & !treset_read & accum_flag_2)> <Delay = 0.00>
ST_5 : Operation 65 [1/1] (0.00ns)   --->   "br label %._crit_edge6.new"   --->   Operation 65 'br' <Predicate = (tready_read & tvalid_read & tkeep0_read & tkeep1_read & !treset_read & accum_flag_2)> <Delay = 0.00>
ST_5 : Operation 66 [1/1] (0.00ns)   --->   "br label %._crit_edge" [functions.cpp:68]   --->   Operation 66 'br' <Predicate = (tready_read & tvalid_read & tkeep0_read & tkeep1_read & !treset_read)> <Delay = 0.00>
ST_5 : Operation 67 [1/1] (0.00ns)   --->   "ret void" [functions.cpp:77]   --->   Operation 67 'ret' <Predicate = true> <Delay = 0.00>


============================================================
+ Verbose Summary: Binding
============================================================
STG Binding: 
---------------- STG Properties BEGIN ----------------
- Is combinational: 0
- Is one-state seq: 0
- Is datapath-only: 0
- Is pipelined: 0
- Is top level: 1
Port [ Return ] is wired: 1; IO mode=ap_ctrl_hs:ce=0
Port [ ped_val]:  wired=1; compound=0; hidden=0; nouse=0; global=0; static=0; extern=0; dir=2; type=0; pingpong=0; private_global=0; IO mode=ap_ovld:ce=0
Port [ accum]:  wired=1; compound=0; hidden=0; nouse=0; global=0; static=0; extern=0; dir=2; type=0; pingpong=0; private_global=0; IO mode=ap_ovld:ce=0
Port [ ADC]:  wired=1; compound=0; hidden=0; nouse=0; global=0; static=0; extern=0; dir=1; type=0; pingpong=0; private_global=0; IO mode=ap_vld:ce=0
Port [ tdata]:  wired=1; compound=0; hidden=0; nouse=0; global=0; static=0; extern=0; dir=0; type=0; pingpong=0; private_global=0; IO mode=ap_none:ce=0
Port [ tvalid]:  wired=1; compound=0; hidden=0; nouse=0; global=0; static=0; extern=0; dir=0; type=0; pingpong=0; private_global=0; IO mode=ap_none:ce=0
Port [ tkeep0]:  wired=1; compound=0; hidden=0; nouse=0; global=0; static=0; extern=0; dir=0; type=0; pingpong=0; private_global=0; IO mode=ap_none:ce=0
Port [ tkeep1]:  wired=1; compound=0; hidden=0; nouse=0; global=0; static=0; extern=0; dir=0; type=0; pingpong=0; private_global=0; IO mode=ap_none:ce=0
Port [ tready]:  wired=1; compound=0; hidden=0; nouse=0; global=0; static=0; extern=0; dir=0; type=0; pingpong=0; private_global=0; IO mode=ap_none:ce=0
Port [ treset]:  wired=1; compound=0; hidden=0; nouse=0; global=0; static=0; extern=0; dir=0; type=0; pingpong=0; private_global=0; IO mode=ap_none:ce=0
Port [ tlast]:  wired=1; compound=0; hidden=0; nouse=1; global=0; static=0; extern=0; dir=0; type=0; pingpong=0; private_global=0; IO mode=ap_none:ce=0
---------------- STG Properties END ------------------

---------------- Datapath Model BEGIN ----------------

<LifeTime>
<method=bitvector/>
specbitsmap_ln0   (specbitsmap    ) [ 000000]
specbitsmap_ln0   (specbitsmap    ) [ 000000]
specbitsmap_ln0   (specbitsmap    ) [ 000000]
specbitsmap_ln0   (specbitsmap    ) [ 000000]
specbitsmap_ln0   (specbitsmap    ) [ 000000]
specbitsmap_ln0   (specbitsmap    ) [ 000000]
specbitsmap_ln0   (specbitsmap    ) [ 000000]
specbitsmap_ln0   (specbitsmap    ) [ 000000]
specbitsmap_ln0   (specbitsmap    ) [ 000000]
specbitsmap_ln0   (specbitsmap    ) [ 000000]
spectopmodule_ln0 (spectopmodule  ) [ 000000]
tready_read       (read           ) [ 011111]
br_ln30           (br             ) [ 000000]
tvalid_read       (read           ) [ 011111]
br_ln30           (br             ) [ 000000]
tkeep0_read       (read           ) [ 011111]
br_ln30           (br             ) [ 000000]
tkeep1_read       (read           ) [ 011111]
br_ln30           (br             ) [ 000000]
treset_read       (read           ) [ 011111]
br_ln30           (br             ) [ 000000]
tmp               (specregionbegin) [ 001100]
tdata_read        (read           ) [ 000000]
trunc             (trunc          ) [ 000000]
zext_ln35         (zext           ) [ 000010]
speclatency_ln41  (speclatency    ) [ 000000]
ped_val_read      (read           ) [ 000110]
icmp_ln41         (icmp           ) [ 000000]
accum_read        (read           ) [ 000000]
add_ln42          (add            ) [ 000000]
icmp_ln45         (icmp           ) [ 000000]
add_ln46          (add            ) [ 000000]
select_ln45       (select         ) [ 000000]
icmp_ln41_1       (icmp           ) [ 000111]
select_ln41       (select         ) [ 000111]
empty             (specregionend  ) [ 000000]
tmp_1             (specregionbegin) [ 000011]
speclatency_ln51  (speclatency    ) [ 000000]
icmp_ln51         (icmp           ) [ 000100]
br_ln51           (br             ) [ 000000]
icmp_ln56         (icmp           ) [ 000100]
br_ln56           (br             ) [ 000111]
add_ln57          (add            ) [ 000110]
write_ln57        (write          ) [ 000000]
br_ln59           (br             ) [ 000111]
add_ln52          (add            ) [ 000110]
write_ln52        (write          ) [ 000000]
br_ln54           (br             ) [ 000111]
tmp_2             (specregionbegin) [ 000011]
ped_val_load_3    (phi            ) [ 000010]
sub_ln66          (sub            ) [ 000000]
write_ln66        (write          ) [ 000000]
accum_flag_2      (phi            ) [ 000001]
accum_new_2       (phi            ) [ 000001]
empty_2           (specregionend  ) [ 000000]
speclatency_ln66  (speclatency    ) [ 000000]
empty_3           (specregionend  ) [ 000000]
br_ln41           (br             ) [ 000000]
write_ln42        (write          ) [ 000000]
br_ln0            (br             ) [ 000000]
br_ln68           (br             ) [ 000000]
ret_ln77          (ret            ) [ 000000]
</LifeTime>

<model>

<comp_list>
<comp id="0" class="1000" name="ped_val">
<pin_list>
<pin id="1" dir="1" index="0" bw="1" slack="0"/>
</pin_list>
<bind>
<StgValue><ssdm name="ped_val"/></StgValue>
</bind>
</comp>

<comp id="2" class="1000" name="accum">
<pin_list>
<pin id="3" dir="1" index="0" bw="1" slack="0"/>
</pin_list>
<bind>
<StgValue><ssdm name="accum"/></StgValue>
</bind>
</comp>

<comp id="4" class="1000" name="ADC">
<pin_list>
<pin id="5" dir="1" index="0" bw="1" slack="0"/>
</pin_list>
<bind>
<StgValue><ssdm name="ADC"/></StgValue>
</bind>
</comp>

<comp id="6" class="1000" name="tdata">
<pin_list>
<pin id="7" dir="1" index="0" bw="1" slack="0"/>
</pin_list>
<bind>
<StgValue><ssdm name="tdata"/></StgValue>
</bind>
</comp>

<comp id="8" class="1000" name="tvalid">
<pin_list>
<pin id="9" dir="1" index="0" bw="1" slack="0"/>
</pin_list>
<bind>
<StgValue><ssdm name="tvalid"/></StgValue>
</bind>
</comp>

<comp id="10" class="1000" name="tkeep0">
<pin_list>
<pin id="11" dir="1" index="0" bw="1" slack="0"/>
</pin_list>
<bind>
<StgValue><ssdm name="tkeep0"/></StgValue>
</bind>
</comp>

<comp id="12" class="1000" name="tkeep1">
<pin_list>
<pin id="13" dir="1" index="0" bw="1" slack="0"/>
</pin_list>
<bind>
<StgValue><ssdm name="tkeep1"/></StgValue>
</bind>
</comp>

<comp id="14" class="1000" name="tready">
<pin_list>
<pin id="15" dir="1" index="0" bw="1" slack="0"/>
</pin_list>
<bind>
<StgValue><ssdm name="tready"/></StgValue>
</bind>
</comp>

<comp id="16" class="1000" name="treset">
<pin_list>
<pin id="17" dir="1" index="0" bw="1" slack="0"/>
</pin_list>
<bind>
<StgValue><ssdm name="treset"/></StgValue>
</bind>
</comp>

<comp id="18" class="1000" name="tlast">
<pin_list>
<pin id="19" dir="1" index="0" bw="1" slack="2147483647"/>
</pin_list>
<bind>
<StgValue><ssdm name="tlast"/></StgValue>
</bind>
</comp>

<comp id="20" class="1001" name="const_20">
<pin_list>
<pin id="21" dir="1" index="0" bw="1" slack="2147483647"/>
</pin_list>
<bind>
<StgValue><ssdm name="_ssdm_op_SpecBitsMap"/></StgValue>
</bind>
</comp>

<comp id="22" class="1001" name="const_22">
<pin_list>
<pin id="23" dir="1" index="0" bw="1" slack="2147483647"/>
</pin_list>
<bind>
<StgValue><ssdm name="_ssdm_op_SpecTopModule"/></StgValue>
</bind>
</comp>

<comp id="24" class="1001" name="const_24">
<pin_list>
<pin id="25" dir="1" index="0" bw="1" slack="2147483647"/>
</pin_list>
<bind>
<StgValue><ssdm name="ped_alg_str"/></StgValue>
</bind>
</comp>

<comp id="26" class="1001" name="const_26">
<pin_list>
<pin id="27" dir="1" index="0" bw="1" slack="0"/>
</pin_list>
<bind>
<StgValue><ssdm name="_ssdm_op_Read.ap_auto.i1P"/></StgValue>
</bind>
</comp>

<comp id="28" class="1001" name="const_28">
<pin_list>
<pin id="29" dir="1" index="0" bw="1" slack="2147483647"/>
</pin_list>
<bind>
<StgValue><ssdm name="_ssdm_op_SpecRegionBegin"/></StgValue>
</bind>
</comp>

<comp id="30" class="1001" name="const_30">
<pin_list>
<pin id="31" dir="1" index="0" bw="1" slack="2147483647"/>
</pin_list>
<bind>
<StgValue><ssdm name="p_str"/></StgValue>
</bind>
</comp>

<comp id="32" class="1001" name="const_32">
<pin_list>
<pin id="33" dir="1" index="0" bw="1" slack="0"/>
</pin_list>
<bind>
<StgValue><ssdm name="_ssdm_op_Read.ap_auto.i16P"/></StgValue>
</bind>
</comp>

<comp id="34" class="1001" name="const_34">
<pin_list>
<pin id="35" dir="1" index="0" bw="1" slack="2147483647"/>
</pin_list>
<bind>
<StgValue><ssdm name="_ssdm_op_SpecLatency"/></StgValue>
</bind>
</comp>

<comp id="36" class="1001" name="const_36">
<pin_list>
<pin id="37" dir="1" index="0" bw="1" slack="2147483647"/>
</pin_list>
<bind>
<StgValue><ssdm name=""/></StgValue>
</bind>
</comp>

<comp id="38" class="1001" name="const_38">
<pin_list>
<pin id="39" dir="1" index="0" bw="1" slack="2147483647"/>
</pin_list>
<bind>
<StgValue><ssdm name=""/></StgValue>
</bind>
</comp>

<comp id="40" class="1001" name="const_40">
<pin_list>
<pin id="41" dir="1" index="0" bw="1" slack="2147483647"/>
</pin_list>
<bind>
<StgValue><ssdm name="p_str1"/></StgValue>
</bind>
</comp>

<comp id="42" class="1001" name="const_42">
<pin_list>
<pin id="43" dir="1" index="0" bw="1" slack="0"/>
</pin_list>
<bind>
<StgValue><ssdm name="_ssdm_op_Read.ap_auto.i8P"/></StgValue>
</bind>
</comp>

<comp id="44" class="1001" name="const_44">
<pin_list>
<pin id="45" dir="1" index="0" bw="1" slack="0"/>
</pin_list>
<bind>
<StgValue><ssdm name=""/></StgValue>
</bind>
</comp>

<comp id="46" class="1001" name="const_46">
<pin_list>
<pin id="47" dir="1" index="0" bw="1" slack="0"/>
</pin_list>
<bind>
<StgValue><ssdm name=""/></StgValue>
</bind>
</comp>

<comp id="48" class="1001" name="const_48">
<pin_list>
<pin id="49" dir="1" index="0" bw="1" slack="2147483647"/>
</pin_list>
<bind>
<StgValue><ssdm name="_ssdm_op_SpecRegionEnd"/></StgValue>
</bind>
</comp>

<comp id="50" class="1001" name="const_50">
<pin_list>
<pin id="51" dir="1" index="0" bw="1" slack="2147483647"/>
</pin_list>
<bind>
<StgValue><ssdm name="p_str2"/></StgValue>
</bind>
</comp>

<comp id="52" class="1001" name="const_52">
<pin_list>
<pin id="53" dir="1" index="0" bw="1" slack="0"/>
</pin_list>
<bind>
<StgValue><ssdm name=""/></StgValue>
</bind>
</comp>

<comp id="54" class="1001" name="const_54">
<pin_list>
<pin id="55" dir="1" index="0" bw="1" slack="0"/>
</pin_list>
<bind>
<StgValue><ssdm name=""/></StgValue>
</bind>
</comp>

<comp id="56" class="1001" name="const_56">
<pin_list>
<pin id="57" dir="1" index="0" bw="1" slack="0"/>
</pin_list>
<bind>
<StgValue><ssdm name=""/></StgValue>
</bind>
</comp>

<comp id="58" class="1001" name="const_58">
<pin_list>
<pin id="59" dir="1" index="0" bw="1" slack="0"/>
</pin_list>
<bind>
<StgValue><ssdm name="_ssdm_op_Write.ap_auto.i16P"/></StgValue>
</bind>
</comp>

<comp id="60" class="1001" name="const_60">
<pin_list>
<pin id="61" dir="1" index="0" bw="1" slack="0"/>
</pin_list>
<bind>
<StgValue><ssdm name=""/></StgValue>
</bind>
</comp>

<comp id="62" class="1001" name="const_62">
<pin_list>
<pin id="63" dir="1" index="0" bw="1" slack="2147483647"/>
</pin_list>
<bind>
<StgValue><ssdm name="p_str3"/></StgValue>
</bind>
</comp>

<comp id="64" class="1001" name="const_64">
<pin_list>
<pin id="65" dir="1" index="0" bw="1" slack="2"/>
</pin_list>
<bind>
<StgValue><ssdm name=""/></StgValue>
</bind>
</comp>

<comp id="66" class="1001" name="const_66">
<pin_list>
<pin id="67" dir="1" index="0" bw="1" slack="2"/>
</pin_list>
<bind>
<StgValue><ssdm name=""/></StgValue>
</bind>
</comp>

<comp id="68" class="1001" name="const_68">
<pin_list>
<pin id="69" dir="1" index="0" bw="1" slack="0"/>
</pin_list>
<bind>
<StgValue><ssdm name="_ssdm_op_Write.ap_auto.i8P"/></StgValue>
</bind>
</comp>

<comp id="70" class="1004" name="tready_read_read_fu_70">
<pin_list>
<pin id="71" dir="0" index="0" bw="1" slack="0"/>
<pin id="72" dir="0" index="1" bw="1" slack="0"/>
<pin id="73" dir="1" index="2" bw="1" slack="4"/>
</pin_list>
<bind>
<opcode="read(1150) " fcode="read"/>
<opset="tready_read/1 "/>
</bind>
</comp>

<comp id="76" class="1004" name="tvalid_read_read_fu_76">
<pin_list>
<pin id="77" dir="0" index="0" bw="1" slack="0"/>
<pin id="78" dir="0" index="1" bw="1" slack="0"/>
<pin id="79" dir="1" index="2" bw="1" slack="4"/>
</pin_list>
<bind>
<opcode="read(1150) " fcode="read"/>
<opset="tvalid_read/1 "/>
</bind>
</comp>

<comp id="82" class="1004" name="tkeep0_read_read_fu_82">
<pin_list>
<pin id="83" dir="0" index="0" bw="1" slack="0"/>
<pin id="84" dir="0" index="1" bw="1" slack="0"/>
<pin id="85" dir="1" index="2" bw="1" slack="4"/>
</pin_list>
<bind>
<opcode="read(1150) " fcode="read"/>
<opset="tkeep0_read/1 "/>
</bind>
</comp>

<comp id="88" class="1004" name="tkeep1_read_read_fu_88">
<pin_list>
<pin id="89" dir="0" index="0" bw="1" slack="0"/>
<pin id="90" dir="0" index="1" bw="1" slack="0"/>
<pin id="91" dir="1" index="2" bw="1" slack="4"/>
</pin_list>
<bind>
<opcode="read(1150) " fcode="read"/>
<opset="tkeep1_read/1 "/>
</bind>
</comp>

<comp id="94" class="1004" name="treset_read_read_fu_94">
<pin_list>
<pin id="95" dir="0" index="0" bw="1" slack="0"/>
<pin id="96" dir="0" index="1" bw="1" slack="0"/>
<pin id="97" dir="1" index="2" bw="1" slack="4"/>
</pin_list>
<bind>
<opcode="read(1150) " fcode="read"/>
<opset="treset_read/1 "/>
</bind>
</comp>

<comp id="100" class="1004" name="tdata_read_read_fu_100">
<pin_list>
<pin id="101" dir="0" index="0" bw="16" slack="0"/>
<pin id="102" dir="0" index="1" bw="16" slack="0"/>
<pin id="103" dir="1" index="2" bw="16" slack="0"/>
</pin_list>
<bind>
<opcode="read(1150) " fcode="read"/>
<opset="tdata_read/3 "/>
</bind>
</comp>

<comp id="106" class="1004" name="ped_val_read_read_fu_106">
<pin_list>
<pin id="107" dir="0" index="0" bw="16" slack="0"/>
<pin id="108" dir="0" index="1" bw="16" slack="0"/>
<pin id="109" dir="1" index="2" bw="16" slack="0"/>
</pin_list>
<bind>
<opcode="read(1150) " fcode="read"/>
<opset="ped_val_read/3 "/>
</bind>
</comp>

<comp id="112" class="1004" name="accum_read_read_fu_112">
<pin_list>
<pin id="113" dir="0" index="0" bw="8" slack="0"/>
<pin id="114" dir="0" index="1" bw="8" slack="0"/>
<pin id="115" dir="1" index="2" bw="8" slack="0"/>
</pin_list>
<bind>
<opcode="read(1150) " fcode="read"/>
<opset="accum_read/3 "/>
</bind>
</comp>

<comp id="118" class="1004" name="grp_write_fu_118">
<pin_list>
<pin id="119" dir="0" index="0" bw="0" slack="0"/>
<pin id="120" dir="0" index="1" bw="16" slack="0"/>
<pin id="121" dir="0" index="2" bw="16" slack="0"/>
<pin id="122" dir="1" index="3" bw="0" slack="2147483647"/>
</pin_list>
<bind>
<opcode="write(1151) " fcode="write"/>
<opset="write_ln57/3 write_ln52/3 "/>
</bind>
</comp>

<comp id="125" class="1004" name="write_ln66_write_fu_125">
<pin_list>
<pin id="126" dir="0" index="0" bw="0" slack="0"/>
<pin id="127" dir="0" index="1" bw="16" slack="0"/>
<pin id="128" dir="0" index="2" bw="16" slack="0"/>
<pin id="129" dir="1" index="3" bw="0" slack="2147483647"/>
</pin_list>
<bind>
<opcode="write(1151) " fcode="write"/>
<opset="write_ln66/4 "/>
</bind>
</comp>

<comp id="132" class="1004" name="write_ln42_write_fu_132">
<pin_list>
<pin id="133" dir="0" index="0" bw="0" slack="0"/>
<pin id="134" dir="0" index="1" bw="8" slack="0"/>
<pin id="135" dir="0" index="2" bw="8" slack="0"/>
<pin id="136" dir="1" index="3" bw="0" slack="2147483647"/>
</pin_list>
<bind>
<opcode="write(1151) " fcode="write"/>
<opset="write_ln42/5 "/>
</bind>
</comp>

<comp id="139" class="1005" name="ped_val_load_3_reg_139">
<pin_list>
<pin id="140" dir="0" index="0" bw="16" slack="2147483647"/>
<pin id="141" dir="1" index="1" bw="16" slack="2147483647"/>
</pin_list>
<bind>
<opset="ped_val_load_3 (phireg) "/>
</bind>
</comp>

<comp id="142" class="1004" name="ped_val_load_3_phi_fu_142">
<pin_list>
<pin id="143" dir="0" index="0" bw="16" slack="1"/>
<pin id="144" dir="0" index="1" bw="0" slack="2147483647"/>
<pin id="145" dir="0" index="2" bw="16" slack="1"/>
<pin id="146" dir="0" index="3" bw="0" slack="2147483647"/>
<pin id="147" dir="0" index="4" bw="16" slack="1"/>
<pin id="148" dir="0" index="5" bw="0" slack="2147483647"/>
<pin id="149" dir="1" index="6" bw="16" slack="0"/>
</pin_list>
<bind>
<opcode="phi(47) " fcode="phi"/>
<opset="ped_val_load_3/4 "/>
</bind>
</comp>

<comp id="150" class="1005" name="accum_flag_2_reg_150">
<pin_list>
<pin id="151" dir="0" index="0" bw="1" slack="2"/>
<pin id="152" dir="1" index="1" bw="1" slack="2"/>
</pin_list>
<bind>
<opset="accum_flag_2 (phireg) "/>
</bind>
</comp>

<comp id="154" class="1004" name="accum_flag_2_phi_fu_154">
<pin_list>
<pin id="155" dir="0" index="0" bw="1" slack="2"/>
<pin id="156" dir="0" index="1" bw="0" slack="2147483647"/>
<pin id="157" dir="0" index="2" bw="1" slack="2"/>
<pin id="158" dir="0" index="3" bw="0" slack="2147483647"/>
<pin id="159" dir="0" index="4" bw="1" slack="2"/>
<pin id="160" dir="0" index="5" bw="0" slack="2147483647"/>
<pin id="161" dir="1" index="6" bw="1" slack="2147483647"/>
</pin_list>
<bind>
<opcode="phi(47) " fcode="phi"/>
<opset="accum_flag_2/5 "/>
</bind>
</comp>

<comp id="164" class="1005" name="accum_new_2_reg_164">
<pin_list>
<pin id="165" dir="0" index="0" bw="8" slack="2"/>
<pin id="166" dir="1" index="1" bw="8" slack="2"/>
</pin_list>
<bind>
<opset="accum_new_2 (phireg) "/>
</bind>
</comp>

<comp id="168" class="1004" name="accum_new_2_phi_fu_168">
<pin_list>
<pin id="169" dir="0" index="0" bw="1" slack="2"/>
<pin id="170" dir="0" index="1" bw="0" slack="2147483647"/>
<pin id="171" dir="0" index="2" bw="1" slack="2"/>
<pin id="172" dir="0" index="3" bw="0" slack="2147483647"/>
<pin id="173" dir="0" index="4" bw="8" slack="2"/>
<pin id="174" dir="0" index="5" bw="0" slack="2147483647"/>
<pin id="175" dir="1" index="6" bw="8" slack="0"/>
</pin_list>
<bind>
<opcode="phi(47) " fcode="phi"/>
<opset="accum_new_2/5 "/>
</bind>
</comp>

<comp id="179" class="1004" name="trunc_fu_179">
<pin_list>
<pin id="180" dir="0" index="0" bw="16" slack="0"/>
<pin id="181" dir="1" index="1" bw="12" slack="0"/>
</pin_list>
<bind>
<opcode="trunc(33) " fcode="trunc"/>
<opset="trunc/3 "/>
</bind>
</comp>

<comp id="183" class="1004" name="zext_ln35_fu_183">
<pin_list>
<pin id="184" dir="0" index="0" bw="12" slack="0"/>
<pin id="185" dir="1" index="1" bw="16" slack="0"/>
</pin_list>
<bind>
<opcode="zext(34) " fcode="zext"/>
<opset="zext_ln35/3 "/>
</bind>
</comp>

<comp id="187" class="1004" name="icmp_ln41_fu_187">
<pin_list>
<pin id="188" dir="0" index="0" bw="16" slack="0"/>
<pin id="189" dir="0" index="1" bw="16" slack="0"/>
<pin id="190" dir="1" index="2" bw="1" slack="0"/>
</pin_list>
<bind>
<opcode="icmp(45) " fcode="icmp"/>
<opset="icmp_ln41/3 "/>
</bind>
</comp>

<comp id="193" class="1004" name="add_ln42_fu_193">
<pin_list>
<pin id="194" dir="0" index="0" bw="1" slack="0"/>
<pin id="195" dir="0" index="1" bw="8" slack="0"/>
<pin id="196" dir="1" index="2" bw="8" slack="0"/>
</pin_list>
<bind>
<opcode="add(8) " fcode="add"/>
<opset="add_ln42/3 "/>
</bind>
</comp>

<comp id="199" class="1004" name="icmp_ln45_fu_199">
<pin_list>
<pin id="200" dir="0" index="0" bw="16" slack="0"/>
<pin id="201" dir="0" index="1" bw="16" slack="0"/>
<pin id="202" dir="1" index="2" bw="1" slack="0"/>
</pin_list>
<bind>
<opcode="icmp(45) " fcode="icmp"/>
<opset="icmp_ln45/3 "/>
</bind>
</comp>

<comp id="205" class="1004" name="add_ln46_fu_205">
<pin_list>
<pin id="206" dir="0" index="0" bw="1" slack="0"/>
<pin id="207" dir="0" index="1" bw="8" slack="0"/>
<pin id="208" dir="1" index="2" bw="8" slack="0"/>
</pin_list>
<bind>
<opcode="add(8) " fcode="add"/>
<opset="add_ln46/3 "/>
</bind>
</comp>

<comp id="211" class="1004" name="select_ln45_fu_211">
<pin_list>
<pin id="212" dir="0" index="0" bw="1" slack="0"/>
<pin id="213" dir="0" index="1" bw="8" slack="0"/>
<pin id="214" dir="0" index="2" bw="8" slack="0"/>
<pin id="215" dir="1" index="3" bw="8" slack="0"/>
</pin_list>
<bind>
<opcode="select(49) " fcode="select"/>
<opset="select_ln45/3 "/>
</bind>
</comp>

<comp id="219" class="1004" name="icmp_ln41_1_fu_219">
<pin_list>
<pin id="220" dir="0" index="0" bw="16" slack="0"/>
<pin id="221" dir="0" index="1" bw="16" slack="0"/>
<pin id="222" dir="1" index="2" bw="1" slack="2"/>
</pin_list>
<bind>
<opcode="icmp(45) " fcode="icmp"/>
<opset="icmp_ln41_1/3 "/>
</bind>
</comp>

<comp id="225" class="1004" name="select_ln41_fu_225">
<pin_list>
<pin id="226" dir="0" index="0" bw="1" slack="0"/>
<pin id="227" dir="0" index="1" bw="8" slack="0"/>
<pin id="228" dir="0" index="2" bw="8" slack="0"/>
<pin id="229" dir="1" index="3" bw="8" slack="0"/>
</pin_list>
<bind>
<opcode="select(49) " fcode="select"/>
<opset="select_ln41/3 "/>
</bind>
</comp>

<comp id="233" class="1004" name="icmp_ln51_fu_233">
<pin_list>
<pin id="234" dir="0" index="0" bw="8" slack="0"/>
<pin id="235" dir="0" index="1" bw="8" slack="0"/>
<pin id="236" dir="1" index="2" bw="1" slack="2147483647"/>
</pin_list>
<bind>
<opcode="icmp(45) " fcode="icmp"/>
<opset="icmp_ln51/3 "/>
</bind>
</comp>

<comp id="239" class="1004" name="icmp_ln56_fu_239">
<pin_list>
<pin id="240" dir="0" index="0" bw="8" slack="0"/>
<pin id="241" dir="0" index="1" bw="8" slack="0"/>
<pin id="242" dir="1" index="2" bw="1" slack="2147483647"/>
</pin_list>
<bind>
<opcode="icmp(45) " fcode="icmp"/>
<opset="icmp_ln56/3 "/>
</bind>
</comp>

<comp id="245" class="1004" name="add_ln57_fu_245">
<pin_list>
<pin id="246" dir="0" index="0" bw="16" slack="0"/>
<pin id="247" dir="0" index="1" bw="1" slack="0"/>
<pin id="248" dir="1" index="2" bw="16" slack="0"/>
</pin_list>
<bind>
<opcode="add(8) " fcode="add"/>
<opset="add_ln57/3 "/>
</bind>
</comp>

<comp id="252" class="1004" name="add_ln52_fu_252">
<pin_list>
<pin id="253" dir="0" index="0" bw="16" slack="0"/>
<pin id="254" dir="0" index="1" bw="1" slack="0"/>
<pin id="255" dir="1" index="2" bw="16" slack="0"/>
</pin_list>
<bind>
<opcode="add(8) " fcode="add"/>
<opset="add_ln52/3 "/>
</bind>
</comp>

<comp id="259" class="1004" name="sub_ln66_fu_259">
<pin_list>
<pin id="260" dir="0" index="0" bw="12" slack="1"/>
<pin id="261" dir="0" index="1" bw="16" slack="0"/>
<pin id="262" dir="1" index="2" bw="16" slack="0"/>
</pin_list>
<bind>
<opcode="sub(10) " fcode="sub"/>
<opset="sub_ln66/4 "/>
</bind>
</comp>

<comp id="265" class="1005" name="tready_read_reg_265">
<pin_list>
<pin id="266" dir="0" index="0" bw="1" slack="4"/>
<pin id="267" dir="1" index="1" bw="1" slack="2147483647"/>
</pin_list>
<bind>
<opset="tready_read "/>
</bind>
</comp>

<comp id="269" class="1005" name="tvalid_read_reg_269">
<pin_list>
<pin id="270" dir="0" index="0" bw="1" slack="4"/>
<pin id="271" dir="1" index="1" bw="1" slack="2147483647"/>
</pin_list>
<bind>
<opset="tvalid_read "/>
</bind>
</comp>

<comp id="273" class="1005" name="tkeep0_read_reg_273">
<pin_list>
<pin id="274" dir="0" index="0" bw="1" slack="4"/>
<pin id="275" dir="1" index="1" bw="1" slack="2147483647"/>
</pin_list>
<bind>
<opset="tkeep0_read "/>
</bind>
</comp>

<comp id="277" class="1005" name="tkeep1_read_reg_277">
<pin_list>
<pin id="278" dir="0" index="0" bw="1" slack="4"/>
<pin id="279" dir="1" index="1" bw="1" slack="2147483647"/>
</pin_list>
<bind>
<opset="tkeep1_read "/>
</bind>
</comp>

<comp id="281" class="1005" name="treset_read_reg_281">
<pin_list>
<pin id="282" dir="0" index="0" bw="1" slack="4"/>
<pin id="283" dir="1" index="1" bw="1" slack="2147483647"/>
</pin_list>
<bind>
<opset="treset_read "/>
</bind>
</comp>

<comp id="285" class="1005" name="zext_ln35_reg_285">
<pin_list>
<pin id="286" dir="0" index="0" bw="16" slack="1"/>
<pin id="287" dir="1" index="1" bw="16" slack="1"/>
</pin_list>
<bind>
<opset="zext_ln35 "/>
</bind>
</comp>

<comp id="290" class="1005" name="ped_val_read_reg_290">
<pin_list>
<pin id="291" dir="0" index="0" bw="16" slack="1"/>
<pin id="292" dir="1" index="1" bw="16" slack="1"/>
</pin_list>
<bind>
<opset="ped_val_read "/>
</bind>
</comp>

<comp id="295" class="1005" name="icmp_ln41_1_reg_295">
<pin_list>
<pin id="296" dir="0" index="0" bw="1" slack="2"/>
<pin id="297" dir="1" index="1" bw="1" slack="2"/>
</pin_list>
<bind>
<opset="icmp_ln41_1 "/>
</bind>
</comp>

<comp id="300" class="1005" name="select_ln41_reg_300">
<pin_list>
<pin id="301" dir="0" index="0" bw="8" slack="2"/>
<pin id="302" dir="1" index="1" bw="8" slack="2"/>
</pin_list>
<bind>
<opset="select_ln41 "/>
</bind>
</comp>

<comp id="311" class="1005" name="add_ln57_reg_311">
<pin_list>
<pin id="312" dir="0" index="0" bw="16" slack="1"/>
<pin id="313" dir="1" index="1" bw="16" slack="1"/>
</pin_list>
<bind>
<opset="add_ln57 "/>
</bind>
</comp>

<comp id="316" class="1005" name="add_ln52_reg_316">
<pin_list>
<pin id="317" dir="0" index="0" bw="16" slack="1"/>
<pin id="318" dir="1" index="1" bw="16" slack="1"/>
</pin_list>
<bind>
<opset="add_ln52 "/>
</bind>
</comp>

</comp_list>

<net_list>
<net id="74"><net_src comp="26" pin="0"/><net_sink comp="70" pin=0"/></net>

<net id="75"><net_src comp="14" pin="0"/><net_sink comp="70" pin=1"/></net>

<net id="80"><net_src comp="26" pin="0"/><net_sink comp="76" pin=0"/></net>

<net id="81"><net_src comp="8" pin="0"/><net_sink comp="76" pin=1"/></net>

<net id="86"><net_src comp="26" pin="0"/><net_sink comp="82" pin=0"/></net>

<net id="87"><net_src comp="10" pin="0"/><net_sink comp="82" pin=1"/></net>

<net id="92"><net_src comp="26" pin="0"/><net_sink comp="88" pin=0"/></net>

<net id="93"><net_src comp="12" pin="0"/><net_sink comp="88" pin=1"/></net>

<net id="98"><net_src comp="26" pin="0"/><net_sink comp="94" pin=0"/></net>

<net id="99"><net_src comp="16" pin="0"/><net_sink comp="94" pin=1"/></net>

<net id="104"><net_src comp="32" pin="0"/><net_sink comp="100" pin=0"/></net>

<net id="105"><net_src comp="6" pin="0"/><net_sink comp="100" pin=1"/></net>

<net id="110"><net_src comp="32" pin="0"/><net_sink comp="106" pin=0"/></net>

<net id="111"><net_src comp="0" pin="0"/><net_sink comp="106" pin=1"/></net>

<net id="116"><net_src comp="42" pin="0"/><net_sink comp="112" pin=0"/></net>

<net id="117"><net_src comp="2" pin="0"/><net_sink comp="112" pin=1"/></net>

<net id="123"><net_src comp="58" pin="0"/><net_sink comp="118" pin=0"/></net>

<net id="124"><net_src comp="0" pin="0"/><net_sink comp="118" pin=1"/></net>

<net id="130"><net_src comp="58" pin="0"/><net_sink comp="125" pin=0"/></net>

<net id="131"><net_src comp="4" pin="0"/><net_sink comp="125" pin=1"/></net>

<net id="137"><net_src comp="68" pin="0"/><net_sink comp="132" pin=0"/></net>

<net id="138"><net_src comp="2" pin="0"/><net_sink comp="132" pin=1"/></net>

<net id="153"><net_src comp="64" pin="0"/><net_sink comp="150" pin=0"/></net>

<net id="162"><net_src comp="150" pin="1"/><net_sink comp="154" pin=0"/></net>

<net id="163"><net_src comp="150" pin="1"/><net_sink comp="154" pin=2"/></net>

<net id="167"><net_src comp="66" pin="0"/><net_sink comp="164" pin=0"/></net>

<net id="176"><net_src comp="164" pin="1"/><net_sink comp="168" pin=0"/></net>

<net id="177"><net_src comp="164" pin="1"/><net_sink comp="168" pin=2"/></net>

<net id="178"><net_src comp="168" pin="6"/><net_sink comp="132" pin=2"/></net>

<net id="182"><net_src comp="100" pin="2"/><net_sink comp="179" pin=0"/></net>

<net id="186"><net_src comp="179" pin="1"/><net_sink comp="183" pin=0"/></net>

<net id="191"><net_src comp="183" pin="1"/><net_sink comp="187" pin=0"/></net>

<net id="192"><net_src comp="106" pin="2"/><net_sink comp="187" pin=1"/></net>

<net id="197"><net_src comp="44" pin="0"/><net_sink comp="193" pin=0"/></net>

<net id="198"><net_src comp="112" pin="2"/><net_sink comp="193" pin=1"/></net>

<net id="203"><net_src comp="183" pin="1"/><net_sink comp="199" pin=0"/></net>

<net id="204"><net_src comp="106" pin="2"/><net_sink comp="199" pin=1"/></net>

<net id="209"><net_src comp="46" pin="0"/><net_sink comp="205" pin=0"/></net>

<net id="210"><net_src comp="112" pin="2"/><net_sink comp="205" pin=1"/></net>

<net id="216"><net_src comp="199" pin="2"/><net_sink comp="211" pin=0"/></net>

<net id="217"><net_src comp="205" pin="2"/><net_sink comp="211" pin=1"/></net>

<net id="218"><net_src comp="112" pin="2"/><net_sink comp="211" pin=2"/></net>

<net id="223"><net_src comp="183" pin="1"/><net_sink comp="219" pin=0"/></net>

<net id="224"><net_src comp="106" pin="2"/><net_sink comp="219" pin=1"/></net>

<net id="230"><net_src comp="187" pin="2"/><net_sink comp="225" pin=0"/></net>

<net id="231"><net_src comp="193" pin="2"/><net_sink comp="225" pin=1"/></net>

<net id="232"><net_src comp="211" pin="3"/><net_sink comp="225" pin=2"/></net>

<net id="237"><net_src comp="225" pin="3"/><net_sink comp="233" pin=0"/></net>

<net id="238"><net_src comp="52" pin="0"/><net_sink comp="233" pin=1"/></net>

<net id="243"><net_src comp="225" pin="3"/><net_sink comp="239" pin=0"/></net>

<net id="244"><net_src comp="54" pin="0"/><net_sink comp="239" pin=1"/></net>

<net id="249"><net_src comp="106" pin="2"/><net_sink comp="245" pin=0"/></net>

<net id="250"><net_src comp="56" pin="0"/><net_sink comp="245" pin=1"/></net>

<net id="251"><net_src comp="245" pin="2"/><net_sink comp="118" pin=2"/></net>

<net id="256"><net_src comp="106" pin="2"/><net_sink comp="252" pin=0"/></net>

<net id="257"><net_src comp="60" pin="0"/><net_sink comp="252" pin=1"/></net>

<net id="258"><net_src comp="252" pin="2"/><net_sink comp="118" pin=2"/></net>

<net id="263"><net_src comp="142" pin="6"/><net_sink comp="259" pin=1"/></net>

<net id="264"><net_src comp="259" pin="2"/><net_sink comp="125" pin=2"/></net>

<net id="268"><net_src comp="70" pin="2"/><net_sink comp="265" pin=0"/></net>

<net id="272"><net_src comp="76" pin="2"/><net_sink comp="269" pin=0"/></net>

<net id="276"><net_src comp="82" pin="2"/><net_sink comp="273" pin=0"/></net>

<net id="280"><net_src comp="88" pin="2"/><net_sink comp="277" pin=0"/></net>

<net id="284"><net_src comp="94" pin="2"/><net_sink comp="281" pin=0"/></net>

<net id="288"><net_src comp="183" pin="1"/><net_sink comp="285" pin=0"/></net>

<net id="289"><net_src comp="285" pin="1"/><net_sink comp="259" pin=0"/></net>

<net id="293"><net_src comp="106" pin="2"/><net_sink comp="290" pin=0"/></net>

<net id="294"><net_src comp="290" pin="1"/><net_sink comp="142" pin=4"/></net>

<net id="298"><net_src comp="219" pin="2"/><net_sink comp="295" pin=0"/></net>

<net id="299"><net_src comp="295" pin="1"/><net_sink comp="154" pin=4"/></net>

<net id="303"><net_src comp="225" pin="3"/><net_sink comp="300" pin=0"/></net>

<net id="304"><net_src comp="300" pin="1"/><net_sink comp="168" pin=4"/></net>

<net id="314"><net_src comp="245" pin="2"/><net_sink comp="311" pin=0"/></net>

<net id="315"><net_src comp="311" pin="1"/><net_sink comp="142" pin=2"/></net>

<net id="319"><net_src comp="252" pin="2"/><net_sink comp="316" pin=0"/></net>

<net id="320"><net_src comp="316" pin="1"/><net_sink comp="142" pin=0"/></net>

</net_list>

</model> 
---------------- Datapath Model END ------------------

* FSMD analyzer results:
  - Output states:
	Port: ped_val | {3 }
	Port: accum | {5 }
	Port: ADC | {4 }
 - Input state : 
	Port: ped_alg : ped_val | {3 }
	Port: ped_alg : accum | {3 }
	Port: ped_alg : tdata | {3 }
	Port: ped_alg : tvalid | {1 }
	Port: ped_alg : tkeep0 | {1 }
	Port: ped_alg : tkeep1 | {1 }
	Port: ped_alg : tready | {1 }
	Port: ped_alg : treset | {1 }
  - Chain level:
	State 1
	State 2
	State 3
		zext_ln35 : 1
		icmp_ln41 : 2
		icmp_ln45 : 2
		select_ln45 : 3
		icmp_ln41_1 : 2
		select_ln41 : 4
		icmp_ln51 : 5
		br_ln51 : 6
		icmp_ln56 : 5
		br_ln56 : 6
		write_ln57 : 1
		write_ln52 : 1
	State 4
		sub_ln66 : 1
		write_ln66 : 2
	State 5
		br_ln41 : 1
		write_ln42 : 1


============================================================
+ Verbose Summary: Datapath Resource usage 
============================================================

* Functional unit list:
|----------|--------------------------|---------|---------|
| Operation|      Functional Unit     |    FF   |   LUT   |
|----------|--------------------------|---------|---------|
|          |      add_ln42_fu_193     |    0    |    15   |
|    add   |      add_ln46_fu_205     |    0    |    15   |
|          |      add_ln57_fu_245     |    0    |    23   |
|          |      add_ln52_fu_252     |    0    |    23   |
|----------|--------------------------|---------|---------|
|          |     icmp_ln41_fu_187     |    0    |    13   |
|          |     icmp_ln45_fu_199     |    0    |    13   |
|   icmp   |    icmp_ln41_1_fu_219    |    0    |    13   |
|          |     icmp_ln51_fu_233     |    0    |    11   |
|          |     icmp_ln56_fu_239     |    0    |    11   |
|----------|--------------------------|---------|---------|
|    sub   |      sub_ln66_fu_259     |    0    |    23   |
|----------|--------------------------|---------|---------|
|  select  |    select_ln45_fu_211    |    0    |    8    |
|          |    select_ln41_fu_225    |    0    |    8    |
|----------|--------------------------|---------|---------|
|          |  tready_read_read_fu_70  |    0    |    0    |
|          |  tvalid_read_read_fu_76  |    0    |    0    |
|          |  tkeep0_read_read_fu_82  |    0    |    0    |
|   read   |  tkeep1_read_read_fu_88  |    0    |    0    |
|          |  treset_read_read_fu_94  |    0    |    0    |
|          |  tdata_read_read_fu_100  |    0    |    0    |
|          | ped_val_read_read_fu_106 |    0    |    0    |
|          |  accum_read_read_fu_112  |    0    |    0    |
|----------|--------------------------|---------|---------|
|          |     grp_write_fu_118     |    0    |    0    |
|   write  |  write_ln66_write_fu_125 |    0    |    0    |
|          |  write_ln42_write_fu_132 |    0    |    0    |
|----------|--------------------------|---------|---------|
|   trunc  |       trunc_fu_179       |    0    |    0    |
|----------|--------------------------|---------|---------|
|   zext   |     zext_ln35_fu_183     |    0    |    0    |
|----------|--------------------------|---------|---------|
|   Total  |                          |    0    |   176   |
|----------|--------------------------|---------|---------|

Memories:
N/A

* Register list:
+----------------------+--------+
|                      |   FF   |
+----------------------+--------+
| accum_flag_2_reg_150 |    1   |
|  accum_new_2_reg_164 |    8   |
|   add_ln52_reg_316   |   16   |
|   add_ln57_reg_311   |   16   |
|  icmp_ln41_1_reg_295 |    1   |
|ped_val_load_3_reg_139|   16   |
| ped_val_read_reg_290 |   16   |
|  select_ln41_reg_300 |    8   |
|  tkeep0_read_reg_273 |    1   |
|  tkeep1_read_reg_277 |    1   |
|  tready_read_reg_265 |    1   |
|  treset_read_reg_281 |    1   |
|  tvalid_read_reg_269 |    1   |
|   zext_ln35_reg_285  |   16   |
+----------------------+--------+
|         Total        |   103  |
+----------------------+--------+

* Multiplexer (MUX) list: 
|------------------|------|------|------|--------||---------||---------|
|       Comp       |  Pin | Size |  BW  | S x BW ||  Delay  ||   LUT   |
|------------------|------|------|------|--------||---------||---------|
| grp_write_fu_118 |  p2  |   2  |  16  |   32   ||    9    |
|------------------|------|------|------|--------||---------||---------|
|       Total      |      |      |      |   32   ||  0.656  ||    9    |
|------------------|------|------|------|--------||---------||---------|



* Summary:
+-----------+--------+--------+--------+
|           |  Delay |   FF   |   LUT  |
+-----------+--------+--------+--------+
|  Function |    -   |    0   |   176  |
|   Memory  |    -   |    -   |    -   |
|Multiplexer|    0   |    -   |    9   |
|  Register |    -   |   103  |    -   |
+-----------+--------+--------+--------+
|   Total   |    0   |   103  |   185  |
+-----------+--------+--------+--------+
