

================================================================
== Vivado HLS Report for 'ped_alg'
================================================================
* Date:           Fri Oct 30 13:14:45 2020

* Version:        2020.1 (Build 2897737 on Wed May 27 20:21:37 MDT 2020)
* Project:        ped_sub_prj
* Solution:       solution1
* Product family: zynquplus
* Target device:  xczu9eg-ffvb1156-2-e


================================================================
== Performance Estimates
================================================================
+ Timing: 
    * Summary: 
    +--------+---------+----------+------------+
    |  Clock |  Target | Estimated| Uncertainty|
    +--------+---------+----------+------------+
    |ap_clk  | 4.00 ns | 3.131 ns |   0.50 ns  |
    +--------+---------+----------+------------+

+ Latency: 
    * Summary: 
    +---------+---------+----------+----------+-----+-----+---------+
    |  Latency (cycles) |  Latency (absolute) |  Interval | Pipeline|
    |   min   |   max   |    min   |    max   | min | max |   Type  |
    +---------+---------+----------+----------+-----+-----+---------+
    |        1|        1| 4.000 ns | 4.000 ns |    1|    1|   none  |
    +---------+---------+----------+----------+-----+-----+---------+

    + Detail: 
        * Instance: 
        N/A

        * Loop: 
        N/A



================================================================
== Utilization Estimates
================================================================
* Summary: 
+-----------------+---------+-------+--------+--------+-----+
|       Name      | BRAM_18K| DSP48E|   FF   |   LUT  | URAM|
+-----------------+---------+-------+--------+--------+-----+
|DSP              |        -|      -|       -|       -|    -|
|Expression       |        -|      -|       0|     359|    -|
|FIFO             |        -|      -|       -|       -|    -|
|Instance         |        -|      -|       -|       -|    -|
|Memory           |        -|      -|       -|       -|    -|
|Multiplexer      |        -|      -|       -|      72|    -|
|Register         |        -|      -|      99|       -|    -|
+-----------------+---------+-------+--------+--------+-----+
|Total            |        0|      0|      99|     431|    0|
+-----------------+---------+-------+--------+--------+-----+
|Available        |     1824|   2520|  548160|  274080|    0|
+-----------------+---------+-------+--------+--------+-----+
|Utilization (%)  |        0|      0|   ~0   |   ~0   |    0|
+-----------------+---------+-------+--------+--------+-----+

+ Detail: 
    * Instance: 
    N/A

    * DSP48E: 
    N/A

    * Memory: 
    N/A

    * FIFO: 
    N/A

    * Expression: 
    +-----------------------+----------+-------+---+----+------------+------------+
    |     Variable Name     | Operation| DSP48E| FF| LUT| Bitwidth P0| Bitwidth P1|
    +-----------------------+----------+-------+---+----+------------+------------+
    |add_ln18_fu_113_p2     |     +    |      0|  0|  39|          32|           1|
    |add_ln22_fu_125_p2     |     +    |      0|  0|  39|          32|           2|
    |add_ln27_fu_172_p2     |     +    |      0|  0|  39|          32|           1|
    |add_ln32_fu_165_p2     |     +    |      0|  0|  39|          32|           2|
    |ADC_o                  |     -    |      0|  0|  39|          32|          32|
    |icmp_ln17_1_fu_139_p2  |   icmp   |      0|  0|  20|          32|          32|
    |icmp_ln17_fu_107_p2    |   icmp   |      0|  0|  20|          32|          32|
    |icmp_ln21_fu_119_p2    |   icmp   |      0|  0|  20|          32|          32|
    |icmp_ln26_fu_153_p2    |   icmp   |      0|  0|  20|          32|           4|
    |icmp_ln31_fu_159_p2    |   icmp   |      0|  0|  20|          32|           5|
    |select_ln17_fu_145_p3  |  select  |      0|  0|  32|           1|          32|
    |select_ln21_fu_131_p3  |  select  |      0|  0|  32|           1|          32|
    +-----------------------+----------+-------+---+----+------------+------------+
    |Total                  |          |      0|  0| 359|         322|         207|
    +-----------------------+----------+-------+---+----+------------+------------+

    * Multiplexer: 
    +-----------------------+----+-----------+-----+-----------+
    |          Name         | LUT| Input Size| Bits| Total Bits|
    +-----------------------+----+-----------+-----+-----------+
    |accum_flag_2_reg_67    |   9|          2|    1|          2|
    |accum_new_2_reg_81     |   9|          2|   32|         64|
    |accum_o                |   9|          2|   32|         64|
    |ap_NS_fsm              |  15|          3|    1|          3|
    |ped_val_load_3_reg_96  |  15|          3|   32|         96|
    |ped_val_o              |  15|          3|   32|         96|
    +-----------------------+----+-----------+-----+-----------+
    |Total                  |  72|         15|  130|        325|
    +-----------------------+----+-----------+-----+-----------+

    * Register: 
    +-----------------------+----+----+-----+-----------+
    |          Name         | FF | LUT| Bits| Const Bits|
    +-----------------------+----+----+-----+-----------+
    |ADC_read_reg_185       |  32|   0|   32|          0|
    |accum_flag_2_reg_67    |   1|   0|    1|          0|
    |accum_new_2_reg_81     |  32|   0|   32|          0|
    |ap_CS_fsm              |   2|   0|    2|          0|
    |ped_val_load_3_reg_96  |  32|   0|   32|          0|
    +-----------------------+----+----+-----+-----------+
    |Total                  |  99|   0|   99|          0|
    +-----------------------+----+----+-----+-----------+



================================================================
== Interface
================================================================
* Summary: 
+------------------+-----+-----+------------+--------------+--------------+
|     RTL Ports    | Dir | Bits|  Protocol  | Source Object|    C Type    |
+------------------+-----+-----+------------+--------------+--------------+
|ap_clk            |  in |    1| ap_ctrl_hs |    ped_alg   | return value |
|ap_rst            |  in |    1| ap_ctrl_hs |    ped_alg   | return value |
|ap_start          |  in |    1| ap_ctrl_hs |    ped_alg   | return value |
|ap_done           | out |    1| ap_ctrl_hs |    ped_alg   | return value |
|ap_idle           | out |    1| ap_ctrl_hs |    ped_alg   | return value |
|ap_ready          | out |    1| ap_ctrl_hs |    ped_alg   | return value |
|ped_val_i         |  in |   32|   ap_ovld  |    ped_val   |    pointer   |
|ped_val_o         | out |   32|   ap_ovld  |    ped_val   |    pointer   |
|ped_val_o_ap_vld  | out |    1|   ap_ovld  |    ped_val   |    pointer   |
|accum_i           |  in |   32|   ap_ovld  |     accum    |    pointer   |
|accum_o           | out |   32|   ap_ovld  |     accum    |    pointer   |
|accum_o_ap_vld    | out |    1|   ap_ovld  |     accum    |    pointer   |
|ADC_i             |  in |   32|   ap_ovld  |      ADC     |    pointer   |
|ADC_o             | out |   32|   ap_ovld  |      ADC     |    pointer   |
|ADC_o_ap_vld      | out |    1|   ap_ovld  |      ADC     |    pointer   |
+------------------+-----+-----+------------+--------------+--------------+

============================================================
+ Verbose Summary: Synthesis Manager
============================================================
InlineROM: 1
ExposeGlobal: 0
============================================================
+ Verbose Summary: CDFG Model
============================================================
IsTopModel: 1
ResetActiveHigh: 1
IsCombinational: 2
IsDatapathOnly: 2
HasWiredReturn: 1
HasMFsm: 0
HasVarLatency: 1
IsPipeline: 0
IsRtlPipelined: 0
IsInstanceOverlapped: 0
IsDontTouch: 0
HasImplIP: 0
IsGatedGlobalClock: 0


============================================================
+ Verbose Summary: Schedule
============================================================
* Number of FSM states : 2
* Pipeline : 0
* Dataflow Pipeline: 0

* FSM state transitions: 
1 --> 2 
2 --> 

* FSM state operations: 

State 1 <SV = 0> <Delay = 3.13>
ST_1 : Operation 3 [1/1] (0.00ns)   --->   "call void (...)* @_ssdm_op_SpecBitsMap(i32* %ped_val) nounwind, !map !30"   --->   Operation 3 'specbitsmap' <Predicate = true> <Delay = 0.00>
ST_1 : Operation 4 [1/1] (0.00ns)   --->   "call void (...)* @_ssdm_op_SpecBitsMap(i32* %accum) nounwind, !map !34"   --->   Operation 4 'specbitsmap' <Predicate = true> <Delay = 0.00>
ST_1 : Operation 5 [1/1] (0.00ns)   --->   "call void (...)* @_ssdm_op_SpecBitsMap(i32* %ADC) nounwind, !map !38"   --->   Operation 5 'specbitsmap' <Predicate = true> <Delay = 0.00>
ST_1 : Operation 6 [1/1] (0.00ns)   --->   "call void (...)* @_ssdm_op_SpecTopModule([8 x i8]* @ped_alg_str) nounwind"   --->   Operation 6 'spectopmodule' <Predicate = true> <Delay = 0.00>
ST_1 : Operation 7 [1/1] (0.00ns)   --->   "%ADC_read = call i32 @_ssdm_op_Read.ap_auto.i32P(i32* %ADC) nounwind" [functions.cpp:17]   --->   Operation 7 'read' 'ADC_read' <Predicate = true> <Delay = 0.00>
ST_1 : Operation 8 [1/1] (0.00ns)   --->   "%ped_val_read = call i32 @_ssdm_op_Read.ap_auto.i32P(i32* %ped_val) nounwind" [functions.cpp:17]   --->   Operation 8 'read' 'ped_val_read' <Predicate = true> <Delay = 0.00>
ST_1 : Operation 9 [1/1] (0.99ns)   --->   "%icmp_ln17 = icmp sgt i32 %ADC_read, %ped_val_read" [functions.cpp:17]   --->   Operation 9 'icmp' 'icmp_ln17' <Predicate = true> <Delay = 0.99> <Core = "Cmp">   --->   Core 25 'Cmp' <Latency = 0> <II = 1> <Delay = 0.99> <FuncUnit> <Opcode : 'icmp'> <InPorts = 2> <OutPorts = 1>
ST_1 : Operation 10 [1/1] (0.00ns)   --->   "%accum_read = call i32 @_ssdm_op_Read.ap_auto.i32P(i32* %accum) nounwind" [functions.cpp:18]   --->   Operation 10 'read' 'accum_read' <Predicate = true> <Delay = 0.00>
ST_1 : Operation 11 [1/1] (1.01ns)   --->   "%add_ln18 = add nsw i32 %accum_read, 1" [functions.cpp:18]   --->   Operation 11 'add' 'add_ln18' <Predicate = true> <Delay = 1.01> <Core = "AddSub">   --->   Core 14 'AddSub' <Latency = 0> <II = 1> <Delay = 1.01> <FuncUnit> <Opcode : 'add' 'sub'> <InPorts = 2> <OutPorts = 1>
ST_1 : Operation 12 [1/1] (0.99ns)   --->   "%icmp_ln21 = icmp slt i32 %ADC_read, %ped_val_read" [functions.cpp:21]   --->   Operation 12 'icmp' 'icmp_ln21' <Predicate = true> <Delay = 0.99> <Core = "Cmp">   --->   Core 25 'Cmp' <Latency = 0> <II = 1> <Delay = 0.99> <FuncUnit> <Opcode : 'icmp'> <InPorts = 2> <OutPorts = 1>
ST_1 : Operation 13 [1/1] (1.01ns)   --->   "%add_ln22 = add nsw i32 %accum_read, -1" [functions.cpp:22]   --->   Operation 13 'add' 'add_ln22' <Predicate = true> <Delay = 1.01> <Core = "AddSub">   --->   Core 14 'AddSub' <Latency = 0> <II = 1> <Delay = 1.01> <FuncUnit> <Opcode : 'add' 'sub'> <InPorts = 2> <OutPorts = 1>
ST_1 : Operation 14 [1/1] (0.00ns) (grouped into LUT with out node select_ln17)   --->   "%select_ln21 = select i1 %icmp_ln21, i32 %add_ln22, i32 %accum_read" [functions.cpp:21]   --->   Operation 14 'select' 'select_ln21' <Predicate = true> <Delay = 0.00> <Core = "Sel">   --->   Core 26 'Sel' <Latency = 0> <II = 1> <Delay = 0.44> <FuncUnit> <Opcode : 'select'> <InPorts = 3> <OutPorts = 1>
ST_1 : Operation 15 [1/1] (0.99ns)   --->   "%icmp_ln17_1 = icmp ne i32 %ADC_read, %ped_val_read" [functions.cpp:17]   --->   Operation 15 'icmp' 'icmp_ln17_1' <Predicate = true> <Delay = 0.99> <Core = "Cmp">   --->   Core 25 'Cmp' <Latency = 0> <II = 1> <Delay = 0.99> <FuncUnit> <Opcode : 'icmp'> <InPorts = 2> <OutPorts = 1>
ST_1 : Operation 16 [1/1] (0.44ns) (out node of the LUT)   --->   "%select_ln17 = select i1 %icmp_ln17, i32 %add_ln18, i32 %select_ln21" [functions.cpp:17]   --->   Operation 16 'select' 'select_ln17' <Predicate = true> <Delay = 0.44> <Core = "Sel">   --->   Core 26 'Sel' <Latency = 0> <II = 1> <Delay = 0.44> <FuncUnit> <Opcode : 'select'> <InPorts = 3> <OutPorts = 1>
ST_1 : Operation 17 [1/1] (0.99ns)   --->   "%icmp_ln26 = icmp sgt i32 %select_ln17, 9" [functions.cpp:26]   --->   Operation 17 'icmp' 'icmp_ln26' <Predicate = true> <Delay = 0.99> <Core = "Cmp">   --->   Core 25 'Cmp' <Latency = 0> <II = 1> <Delay = 0.99> <FuncUnit> <Opcode : 'icmp'> <InPorts = 2> <OutPorts = 1>
ST_1 : Operation 18 [1/1] (0.00ns)   --->   "br i1 %icmp_ln26, label %0, label %1" [functions.cpp:26]   --->   Operation 18 'br' <Predicate = true> <Delay = 0.00>
ST_1 : Operation 19 [1/1] (0.99ns)   --->   "%icmp_ln31 = icmp slt i32 %select_ln17, -9" [functions.cpp:31]   --->   Operation 19 'icmp' 'icmp_ln31' <Predicate = (!icmp_ln26)> <Delay = 0.99> <Core = "Cmp">   --->   Core 25 'Cmp' <Latency = 0> <II = 1> <Delay = 0.99> <FuncUnit> <Opcode : 'icmp'> <InPorts = 2> <OutPorts = 1>
ST_1 : Operation 20 [1/1] (0.67ns)   --->   "br i1 %icmp_ln31, label %2, label %._crit_edge1" [functions.cpp:31]   --->   Operation 20 'br' <Predicate = (!icmp_ln26)> <Delay = 0.67>
ST_1 : Operation 21 [1/1] (1.01ns)   --->   "%add_ln32 = add nsw i32 %ped_val_read, -1" [functions.cpp:32]   --->   Operation 21 'add' 'add_ln32' <Predicate = (!icmp_ln26 & icmp_ln31)> <Delay = 1.01> <Core = "AddSub">   --->   Core 14 'AddSub' <Latency = 0> <II = 1> <Delay = 1.01> <FuncUnit> <Opcode : 'add' 'sub'> <InPorts = 2> <OutPorts = 1>
ST_1 : Operation 22 [1/1] (0.00ns)   --->   "call void @_ssdm_op_Write.ap_auto.i32P(i32* %ped_val, i32 %add_ln32) nounwind" [functions.cpp:32]   --->   Operation 22 'write' <Predicate = (!icmp_ln26 & icmp_ln31)> <Delay = 0.00>
ST_1 : Operation 23 [1/1] (0.67ns)   --->   "br label %._crit_edge1" [functions.cpp:34]   --->   Operation 23 'br' <Predicate = (!icmp_ln26 & icmp_ln31)> <Delay = 0.67>
ST_1 : Operation 24 [1/1] (1.01ns)   --->   "%add_ln27 = add nsw i32 %ped_val_read, 1" [functions.cpp:27]   --->   Operation 24 'add' 'add_ln27' <Predicate = (icmp_ln26)> <Delay = 1.01> <Core = "AddSub">   --->   Core 14 'AddSub' <Latency = 0> <II = 1> <Delay = 1.01> <FuncUnit> <Opcode : 'add' 'sub'> <InPorts = 2> <OutPorts = 1>
ST_1 : Operation 25 [1/1] (0.00ns)   --->   "call void @_ssdm_op_Write.ap_auto.i32P(i32* %ped_val, i32 %add_ln27) nounwind" [functions.cpp:27]   --->   Operation 25 'write' <Predicate = (icmp_ln26)> <Delay = 0.00>
ST_1 : Operation 26 [1/1] (0.67ns)   --->   "br label %._crit_edge1" [functions.cpp:29]   --->   Operation 26 'br' <Predicate = (icmp_ln26)> <Delay = 0.67>

State 2 <SV = 1> <Delay = 1.01>
ST_2 : Operation 27 [1/1] (0.00ns)   --->   "%accum_flag_2 = phi i1 [ true, %0 ], [ true, %2 ], [ %icmp_ln17_1, %1 ]" [functions.cpp:17]   --->   Operation 27 'phi' 'accum_flag_2' <Predicate = true> <Delay = 0.00>
ST_2 : Operation 28 [1/1] (0.00ns)   --->   "%accum_new_2 = phi i32 [ 0, %0 ], [ 0, %2 ], [ %select_ln17, %1 ]" [functions.cpp:17]   --->   Operation 28 'phi' 'accum_new_2' <Predicate = true> <Delay = 0.00>
ST_2 : Operation 29 [1/1] (0.00ns)   --->   "%ped_val_load_3 = phi i32 [ %add_ln27, %0 ], [ %add_ln32, %2 ], [ %ped_val_read, %1 ]" [functions.cpp:27]   --->   Operation 29 'phi' 'ped_val_load_3' <Predicate = true> <Delay = 0.00>
ST_2 : Operation 30 [1/1] (1.01ns)   --->   "%sub_ln37 = sub nsw i32 %ADC_read, %ped_val_load_3" [functions.cpp:37]   --->   Operation 30 'sub' 'sub_ln37' <Predicate = true> <Delay = 1.01> <Core = "AddSub">   --->   Core 14 'AddSub' <Latency = 0> <II = 1> <Delay = 1.01> <FuncUnit> <Opcode : 'add' 'sub'> <InPorts = 2> <OutPorts = 1>
ST_2 : Operation 31 [1/1] (0.00ns)   --->   "call void @_ssdm_op_Write.ap_auto.i32P(i32* %ADC, i32 %sub_ln37) nounwind" [functions.cpp:37]   --->   Operation 31 'write' <Predicate = true> <Delay = 0.00>
ST_2 : Operation 32 [1/1] (0.00ns)   --->   "br i1 %accum_flag_2, label %mergeST, label %._crit_edge1.new" [functions.cpp:17]   --->   Operation 32 'br' <Predicate = true> <Delay = 0.00>
ST_2 : Operation 33 [1/1] (0.00ns)   --->   "call void @_ssdm_op_Write.ap_auto.i32P(i32* %accum, i32 %accum_new_2) nounwind" [functions.cpp:18]   --->   Operation 33 'write' <Predicate = (accum_flag_2)> <Delay = 0.00>
ST_2 : Operation 34 [1/1] (0.00ns)   --->   "br label %._crit_edge1.new"   --->   Operation 34 'br' <Predicate = (accum_flag_2)> <Delay = 0.00>
ST_2 : Operation 35 [1/1] (0.00ns)   --->   "ret void" [functions.cpp:39]   --->   Operation 35 'ret' <Predicate = true> <Delay = 0.00>


============================================================
+ Verbose Summary: Binding
============================================================
STG Binding: 
---------------- STG Properties BEGIN ----------------
- Is combinational: 0
- Is one-state seq: 0
- Is datapath-only: 0
- Is pipelined: 0
- Is top level: 1
Port [ Return ] is wired: 1; IO mode=ap_ctrl_hs:ce=0
Port [ ped_val]:  wired=1; compound=0; hidden=0; nouse=0; global=0; static=0; extern=0; dir=2; type=0; pingpong=0; private_global=0; IO mode=ap_ovld:ce=0
Port [ accum]:  wired=1; compound=0; hidden=0; nouse=0; global=0; static=0; extern=0; dir=2; type=0; pingpong=0; private_global=0; IO mode=ap_ovld:ce=0
Port [ ADC]:  wired=1; compound=0; hidden=0; nouse=0; global=0; static=0; extern=0; dir=2; type=0; pingpong=0; private_global=0; IO mode=ap_ovld:ce=0
---------------- STG Properties END ------------------

---------------- Datapath Model BEGIN ----------------

<LifeTime>
<method=bitvector/>
specbitsmap_ln0   (specbitsmap  ) [ 000]
specbitsmap_ln0   (specbitsmap  ) [ 000]
specbitsmap_ln0   (specbitsmap  ) [ 000]
spectopmodule_ln0 (spectopmodule) [ 000]
ADC_read          (read         ) [ 001]
ped_val_read      (read         ) [ 011]
icmp_ln17         (icmp         ) [ 000]
accum_read        (read         ) [ 000]
add_ln18          (add          ) [ 000]
icmp_ln21         (icmp         ) [ 000]
add_ln22          (add          ) [ 000]
select_ln21       (select       ) [ 000]
icmp_ln17_1       (icmp         ) [ 011]
select_ln17       (select       ) [ 011]
icmp_ln26         (icmp         ) [ 010]
br_ln26           (br           ) [ 000]
icmp_ln31         (icmp         ) [ 010]
br_ln31           (br           ) [ 011]
add_ln32          (add          ) [ 011]
write_ln32        (write        ) [ 000]
br_ln34           (br           ) [ 011]
add_ln27          (add          ) [ 011]
write_ln27        (write        ) [ 000]
br_ln29           (br           ) [ 011]
accum_flag_2      (phi          ) [ 001]
accum_new_2       (phi          ) [ 001]
ped_val_load_3    (phi          ) [ 001]
sub_ln37          (sub          ) [ 000]
write_ln37        (write        ) [ 000]
br_ln17           (br           ) [ 000]
write_ln18        (write        ) [ 000]
br_ln0            (br           ) [ 000]
ret_ln39          (ret          ) [ 000]
</LifeTime>

<model>

<comp_list>
<comp id="0" class="1000" name="ped_val">
<pin_list>
<pin id="1" dir="1" index="0" bw="1" slack="0"/>
</pin_list>
<bind>
<StgValue><ssdm name="ped_val"/></StgValue>
</bind>
</comp>

<comp id="2" class="1000" name="accum">
<pin_list>
<pin id="3" dir="1" index="0" bw="1" slack="0"/>
</pin_list>
<bind>
<StgValue><ssdm name="accum"/></StgValue>
</bind>
</comp>

<comp id="4" class="1000" name="ADC">
<pin_list>
<pin id="5" dir="1" index="0" bw="1" slack="0"/>
</pin_list>
<bind>
<StgValue><ssdm name="ADC"/></StgValue>
</bind>
</comp>

<comp id="6" class="1001" name="const_6">
<pin_list>
<pin id="7" dir="1" index="0" bw="1" slack="2147483647"/>
</pin_list>
<bind>
<StgValue><ssdm name="_ssdm_op_SpecBitsMap"/></StgValue>
</bind>
</comp>

<comp id="8" class="1001" name="const_8">
<pin_list>
<pin id="9" dir="1" index="0" bw="1" slack="2147483647"/>
</pin_list>
<bind>
<StgValue><ssdm name="_ssdm_op_SpecTopModule"/></StgValue>
</bind>
</comp>

<comp id="10" class="1001" name="const_10">
<pin_list>
<pin id="11" dir="1" index="0" bw="1" slack="2147483647"/>
</pin_list>
<bind>
<StgValue><ssdm name="ped_alg_str"/></StgValue>
</bind>
</comp>

<comp id="12" class="1001" name="const_12">
<pin_list>
<pin id="13" dir="1" index="0" bw="1" slack="0"/>
</pin_list>
<bind>
<StgValue><ssdm name="_ssdm_op_Read.ap_auto.i32P"/></StgValue>
</bind>
</comp>

<comp id="14" class="1001" name="const_14">
<pin_list>
<pin id="15" dir="1" index="0" bw="1" slack="0"/>
</pin_list>
<bind>
<StgValue><ssdm name=""/></StgValue>
</bind>
</comp>

<comp id="16" class="1001" name="const_16">
<pin_list>
<pin id="17" dir="1" index="0" bw="1" slack="0"/>
</pin_list>
<bind>
<StgValue><ssdm name=""/></StgValue>
</bind>
</comp>

<comp id="18" class="1001" name="const_18">
<pin_list>
<pin id="19" dir="1" index="0" bw="1" slack="0"/>
</pin_list>
<bind>
<StgValue><ssdm name=""/></StgValue>
</bind>
</comp>

<comp id="20" class="1001" name="const_20">
<pin_list>
<pin id="21" dir="1" index="0" bw="1" slack="0"/>
</pin_list>
<bind>
<StgValue><ssdm name=""/></StgValue>
</bind>
</comp>

<comp id="22" class="1001" name="const_22">
<pin_list>
<pin id="23" dir="1" index="0" bw="1" slack="0"/>
</pin_list>
<bind>
<StgValue><ssdm name="_ssdm_op_Write.ap_auto.i32P"/></StgValue>
</bind>
</comp>

<comp id="24" class="1001" name="const_24">
<pin_list>
<pin id="25" dir="1" index="0" bw="1" slack="1"/>
</pin_list>
<bind>
<StgValue><ssdm name=""/></StgValue>
</bind>
</comp>

<comp id="26" class="1001" name="const_26">
<pin_list>
<pin id="27" dir="1" index="0" bw="1" slack="1"/>
</pin_list>
<bind>
<StgValue><ssdm name=""/></StgValue>
</bind>
</comp>

<comp id="28" class="1004" name="ADC_read_read_fu_28">
<pin_list>
<pin id="29" dir="0" index="0" bw="32" slack="0"/>
<pin id="30" dir="0" index="1" bw="32" slack="0"/>
<pin id="31" dir="1" index="2" bw="32" slack="0"/>
</pin_list>
<bind>
<opcode="read(1150) " fcode="read"/>
<opset="ADC_read/1 "/>
</bind>
</comp>

<comp id="34" class="1004" name="ped_val_read_read_fu_34">
<pin_list>
<pin id="35" dir="0" index="0" bw="32" slack="0"/>
<pin id="36" dir="0" index="1" bw="32" slack="0"/>
<pin id="37" dir="1" index="2" bw="32" slack="0"/>
</pin_list>
<bind>
<opcode="read(1150) " fcode="read"/>
<opset="ped_val_read/1 "/>
</bind>
</comp>

<comp id="40" class="1004" name="accum_read_read_fu_40">
<pin_list>
<pin id="41" dir="0" index="0" bw="32" slack="0"/>
<pin id="42" dir="0" index="1" bw="32" slack="0"/>
<pin id="43" dir="1" index="2" bw="32" slack="0"/>
</pin_list>
<bind>
<opcode="read(1150) " fcode="read"/>
<opset="accum_read/1 "/>
</bind>
</comp>

<comp id="46" class="1004" name="grp_write_fu_46">
<pin_list>
<pin id="47" dir="0" index="0" bw="0" slack="0"/>
<pin id="48" dir="0" index="1" bw="32" slack="0"/>
<pin id="49" dir="0" index="2" bw="32" slack="0"/>
<pin id="50" dir="1" index="3" bw="0" slack="2147483647"/>
</pin_list>
<bind>
<opcode="write(1151) " fcode="write"/>
<opset="write_ln32/1 write_ln27/1 "/>
</bind>
</comp>

<comp id="53" class="1004" name="write_ln37_write_fu_53">
<pin_list>
<pin id="54" dir="0" index="0" bw="0" slack="0"/>
<pin id="55" dir="0" index="1" bw="32" slack="0"/>
<pin id="56" dir="0" index="2" bw="32" slack="0"/>
<pin id="57" dir="1" index="3" bw="0" slack="2147483647"/>
</pin_list>
<bind>
<opcode="write(1151) " fcode="write"/>
<opset="write_ln37/2 "/>
</bind>
</comp>

<comp id="60" class="1004" name="write_ln18_write_fu_60">
<pin_list>
<pin id="61" dir="0" index="0" bw="0" slack="0"/>
<pin id="62" dir="0" index="1" bw="32" slack="0"/>
<pin id="63" dir="0" index="2" bw="32" slack="0"/>
<pin id="64" dir="1" index="3" bw="0" slack="2147483647"/>
</pin_list>
<bind>
<opcode="write(1151) " fcode="write"/>
<opset="write_ln18/2 "/>
</bind>
</comp>

<comp id="67" class="1005" name="accum_flag_2_reg_67">
<pin_list>
<pin id="68" dir="0" index="0" bw="1" slack="1"/>
<pin id="69" dir="1" index="1" bw="1" slack="1"/>
</pin_list>
<bind>
<opset="accum_flag_2 (phireg) "/>
</bind>
</comp>

<comp id="71" class="1004" name="accum_flag_2_phi_fu_71">
<pin_list>
<pin id="72" dir="0" index="0" bw="1" slack="1"/>
<pin id="73" dir="0" index="1" bw="0" slack="2147483647"/>
<pin id="74" dir="0" index="2" bw="1" slack="1"/>
<pin id="75" dir="0" index="3" bw="0" slack="2147483647"/>
<pin id="76" dir="0" index="4" bw="1" slack="1"/>
<pin id="77" dir="0" index="5" bw="0" slack="2147483647"/>
<pin id="78" dir="1" index="6" bw="1" slack="2147483647"/>
</pin_list>
<bind>
<opcode="phi(47) " fcode="phi"/>
<opset="accum_flag_2/2 "/>
</bind>
</comp>

<comp id="81" class="1005" name="accum_new_2_reg_81">
<pin_list>
<pin id="82" dir="0" index="0" bw="32" slack="1"/>
<pin id="83" dir="1" index="1" bw="32" slack="1"/>
</pin_list>
<bind>
<opset="accum_new_2 (phireg) "/>
</bind>
</comp>

<comp id="85" class="1004" name="accum_new_2_phi_fu_85">
<pin_list>
<pin id="86" dir="0" index="0" bw="1" slack="1"/>
<pin id="87" dir="0" index="1" bw="0" slack="2147483647"/>
<pin id="88" dir="0" index="2" bw="1" slack="1"/>
<pin id="89" dir="0" index="3" bw="0" slack="2147483647"/>
<pin id="90" dir="0" index="4" bw="32" slack="1"/>
<pin id="91" dir="0" index="5" bw="0" slack="2147483647"/>
<pin id="92" dir="1" index="6" bw="32" slack="0"/>
</pin_list>
<bind>
<opcode="phi(47) " fcode="phi"/>
<opset="accum_new_2/2 "/>
</bind>
</comp>

<comp id="96" class="1005" name="ped_val_load_3_reg_96">
<pin_list>
<pin id="97" dir="0" index="0" bw="32" slack="2147483647"/>
<pin id="98" dir="1" index="1" bw="32" slack="2147483647"/>
</pin_list>
<bind>
<opset="ped_val_load_3 (phireg) "/>
</bind>
</comp>

<comp id="99" class="1004" name="ped_val_load_3_phi_fu_99">
<pin_list>
<pin id="100" dir="0" index="0" bw="32" slack="1"/>
<pin id="101" dir="0" index="1" bw="0" slack="2147483647"/>
<pin id="102" dir="0" index="2" bw="32" slack="1"/>
<pin id="103" dir="0" index="3" bw="0" slack="2147483647"/>
<pin id="104" dir="0" index="4" bw="32" slack="1"/>
<pin id="105" dir="0" index="5" bw="0" slack="2147483647"/>
<pin id="106" dir="1" index="6" bw="32" slack="0"/>
</pin_list>
<bind>
<opcode="phi(47) " fcode="phi"/>
<opset="ped_val_load_3/2 "/>
</bind>
</comp>

<comp id="107" class="1004" name="icmp_ln17_fu_107">
<pin_list>
<pin id="108" dir="0" index="0" bw="32" slack="0"/>
<pin id="109" dir="0" index="1" bw="32" slack="0"/>
<pin id="110" dir="1" index="2" bw="1" slack="0"/>
</pin_list>
<bind>
<opcode="icmp(45) " fcode="icmp"/>
<opset="icmp_ln17/1 "/>
</bind>
</comp>

<comp id="113" class="1004" name="add_ln18_fu_113">
<pin_list>
<pin id="114" dir="0" index="0" bw="32" slack="0"/>
<pin id="115" dir="0" index="1" bw="1" slack="0"/>
<pin id="116" dir="1" index="2" bw="32" slack="0"/>
</pin_list>
<bind>
<opcode="add(8) " fcode="add"/>
<opset="add_ln18/1 "/>
</bind>
</comp>

<comp id="119" class="1004" name="icmp_ln21_fu_119">
<pin_list>
<pin id="120" dir="0" index="0" bw="32" slack="0"/>
<pin id="121" dir="0" index="1" bw="32" slack="0"/>
<pin id="122" dir="1" index="2" bw="1" slack="0"/>
</pin_list>
<bind>
<opcode="icmp(45) " fcode="icmp"/>
<opset="icmp_ln21/1 "/>
</bind>
</comp>

<comp id="125" class="1004" name="add_ln22_fu_125">
<pin_list>
<pin id="126" dir="0" index="0" bw="32" slack="0"/>
<pin id="127" dir="0" index="1" bw="1" slack="0"/>
<pin id="128" dir="1" index="2" bw="32" slack="0"/>
</pin_list>
<bind>
<opcode="add(8) " fcode="add"/>
<opset="add_ln22/1 "/>
</bind>
</comp>

<comp id="131" class="1004" name="select_ln21_fu_131">
<pin_list>
<pin id="132" dir="0" index="0" bw="1" slack="0"/>
<pin id="133" dir="0" index="1" bw="32" slack="0"/>
<pin id="134" dir="0" index="2" bw="32" slack="0"/>
<pin id="135" dir="1" index="3" bw="32" slack="0"/>
</pin_list>
<bind>
<opcode="select(49) " fcode="select"/>
<opset="select_ln21/1 "/>
</bind>
</comp>

<comp id="139" class="1004" name="icmp_ln17_1_fu_139">
<pin_list>
<pin id="140" dir="0" index="0" bw="32" slack="0"/>
<pin id="141" dir="0" index="1" bw="32" slack="0"/>
<pin id="142" dir="1" index="2" bw="1" slack="1"/>
</pin_list>
<bind>
<opcode="icmp(45) " fcode="icmp"/>
<opset="icmp_ln17_1/1 "/>
</bind>
</comp>

<comp id="145" class="1004" name="select_ln17_fu_145">
<pin_list>
<pin id="146" dir="0" index="0" bw="1" slack="0"/>
<pin id="147" dir="0" index="1" bw="32" slack="0"/>
<pin id="148" dir="0" index="2" bw="32" slack="0"/>
<pin id="149" dir="1" index="3" bw="32" slack="0"/>
</pin_list>
<bind>
<opcode="select(49) " fcode="select"/>
<opset="select_ln17/1 "/>
</bind>
</comp>

<comp id="153" class="1004" name="icmp_ln26_fu_153">
<pin_list>
<pin id="154" dir="0" index="0" bw="32" slack="0"/>
<pin id="155" dir="0" index="1" bw="32" slack="0"/>
<pin id="156" dir="1" index="2" bw="1" slack="2147483647"/>
</pin_list>
<bind>
<opcode="icmp(45) " fcode="icmp"/>
<opset="icmp_ln26/1 "/>
</bind>
</comp>

<comp id="159" class="1004" name="icmp_ln31_fu_159">
<pin_list>
<pin id="160" dir="0" index="0" bw="32" slack="0"/>
<pin id="161" dir="0" index="1" bw="32" slack="0"/>
<pin id="162" dir="1" index="2" bw="1" slack="2147483647"/>
</pin_list>
<bind>
<opcode="icmp(45) " fcode="icmp"/>
<opset="icmp_ln31/1 "/>
</bind>
</comp>

<comp id="165" class="1004" name="add_ln32_fu_165">
<pin_list>
<pin id="166" dir="0" index="0" bw="32" slack="0"/>
<pin id="167" dir="0" index="1" bw="1" slack="0"/>
<pin id="168" dir="1" index="2" bw="32" slack="0"/>
</pin_list>
<bind>
<opcode="add(8) " fcode="add"/>
<opset="add_ln32/1 "/>
</bind>
</comp>

<comp id="172" class="1004" name="add_ln27_fu_172">
<pin_list>
<pin id="173" dir="0" index="0" bw="32" slack="0"/>
<pin id="174" dir="0" index="1" bw="1" slack="0"/>
<pin id="175" dir="1" index="2" bw="32" slack="0"/>
</pin_list>
<bind>
<opcode="add(8) " fcode="add"/>
<opset="add_ln27/1 "/>
</bind>
</comp>

<comp id="179" class="1004" name="sub_ln37_fu_179">
<pin_list>
<pin id="180" dir="0" index="0" bw="32" slack="1"/>
<pin id="181" dir="0" index="1" bw="32" slack="0"/>
<pin id="182" dir="1" index="2" bw="32" slack="0"/>
</pin_list>
<bind>
<opcode="sub(10) " fcode="sub"/>
<opset="sub_ln37/2 "/>
</bind>
</comp>

<comp id="185" class="1005" name="ADC_read_reg_185">
<pin_list>
<pin id="186" dir="0" index="0" bw="32" slack="1"/>
<pin id="187" dir="1" index="1" bw="32" slack="1"/>
</pin_list>
<bind>
<opset="ADC_read "/>
</bind>
</comp>

<comp id="190" class="1005" name="ped_val_read_reg_190">
<pin_list>
<pin id="191" dir="0" index="0" bw="32" slack="1"/>
<pin id="192" dir="1" index="1" bw="32" slack="1"/>
</pin_list>
<bind>
<opset="ped_val_read "/>
</bind>
</comp>

<comp id="195" class="1005" name="icmp_ln17_1_reg_195">
<pin_list>
<pin id="196" dir="0" index="0" bw="1" slack="1"/>
<pin id="197" dir="1" index="1" bw="1" slack="1"/>
</pin_list>
<bind>
<opset="icmp_ln17_1 "/>
</bind>
</comp>

<comp id="200" class="1005" name="select_ln17_reg_200">
<pin_list>
<pin id="201" dir="0" index="0" bw="32" slack="1"/>
<pin id="202" dir="1" index="1" bw="32" slack="1"/>
</pin_list>
<bind>
<opset="select_ln17 "/>
</bind>
</comp>

<comp id="211" class="1005" name="add_ln32_reg_211">
<pin_list>
<pin id="212" dir="0" index="0" bw="32" slack="1"/>
<pin id="213" dir="1" index="1" bw="32" slack="1"/>
</pin_list>
<bind>
<opset="add_ln32 "/>
</bind>
</comp>

<comp id="216" class="1005" name="add_ln27_reg_216">
<pin_list>
<pin id="217" dir="0" index="0" bw="32" slack="1"/>
<pin id="218" dir="1" index="1" bw="32" slack="1"/>
</pin_list>
<bind>
<opset="add_ln27 "/>
</bind>
</comp>

</comp_list>

<net_list>
<net id="32"><net_src comp="12" pin="0"/><net_sink comp="28" pin=0"/></net>

<net id="33"><net_src comp="4" pin="0"/><net_sink comp="28" pin=1"/></net>

<net id="38"><net_src comp="12" pin="0"/><net_sink comp="34" pin=0"/></net>

<net id="39"><net_src comp="0" pin="0"/><net_sink comp="34" pin=1"/></net>

<net id="44"><net_src comp="12" pin="0"/><net_sink comp="40" pin=0"/></net>

<net id="45"><net_src comp="2" pin="0"/><net_sink comp="40" pin=1"/></net>

<net id="51"><net_src comp="22" pin="0"/><net_sink comp="46" pin=0"/></net>

<net id="52"><net_src comp="0" pin="0"/><net_sink comp="46" pin=1"/></net>

<net id="58"><net_src comp="22" pin="0"/><net_sink comp="53" pin=0"/></net>

<net id="59"><net_src comp="4" pin="0"/><net_sink comp="53" pin=1"/></net>

<net id="65"><net_src comp="22" pin="0"/><net_sink comp="60" pin=0"/></net>

<net id="66"><net_src comp="2" pin="0"/><net_sink comp="60" pin=1"/></net>

<net id="70"><net_src comp="24" pin="0"/><net_sink comp="67" pin=0"/></net>

<net id="79"><net_src comp="67" pin="1"/><net_sink comp="71" pin=0"/></net>

<net id="80"><net_src comp="67" pin="1"/><net_sink comp="71" pin=2"/></net>

<net id="84"><net_src comp="26" pin="0"/><net_sink comp="81" pin=0"/></net>

<net id="93"><net_src comp="81" pin="1"/><net_sink comp="85" pin=0"/></net>

<net id="94"><net_src comp="81" pin="1"/><net_sink comp="85" pin=2"/></net>

<net id="95"><net_src comp="85" pin="6"/><net_sink comp="60" pin=2"/></net>

<net id="111"><net_src comp="28" pin="2"/><net_sink comp="107" pin=0"/></net>

<net id="112"><net_src comp="34" pin="2"/><net_sink comp="107" pin=1"/></net>

<net id="117"><net_src comp="40" pin="2"/><net_sink comp="113" pin=0"/></net>

<net id="118"><net_src comp="14" pin="0"/><net_sink comp="113" pin=1"/></net>

<net id="123"><net_src comp="28" pin="2"/><net_sink comp="119" pin=0"/></net>

<net id="124"><net_src comp="34" pin="2"/><net_sink comp="119" pin=1"/></net>

<net id="129"><net_src comp="40" pin="2"/><net_sink comp="125" pin=0"/></net>

<net id="130"><net_src comp="16" pin="0"/><net_sink comp="125" pin=1"/></net>

<net id="136"><net_src comp="119" pin="2"/><net_sink comp="131" pin=0"/></net>

<net id="137"><net_src comp="125" pin="2"/><net_sink comp="131" pin=1"/></net>

<net id="138"><net_src comp="40" pin="2"/><net_sink comp="131" pin=2"/></net>

<net id="143"><net_src comp="28" pin="2"/><net_sink comp="139" pin=0"/></net>

<net id="144"><net_src comp="34" pin="2"/><net_sink comp="139" pin=1"/></net>

<net id="150"><net_src comp="107" pin="2"/><net_sink comp="145" pin=0"/></net>

<net id="151"><net_src comp="113" pin="2"/><net_sink comp="145" pin=1"/></net>

<net id="152"><net_src comp="131" pin="3"/><net_sink comp="145" pin=2"/></net>

<net id="157"><net_src comp="145" pin="3"/><net_sink comp="153" pin=0"/></net>

<net id="158"><net_src comp="18" pin="0"/><net_sink comp="153" pin=1"/></net>

<net id="163"><net_src comp="145" pin="3"/><net_sink comp="159" pin=0"/></net>

<net id="164"><net_src comp="20" pin="0"/><net_sink comp="159" pin=1"/></net>

<net id="169"><net_src comp="34" pin="2"/><net_sink comp="165" pin=0"/></net>

<net id="170"><net_src comp="16" pin="0"/><net_sink comp="165" pin=1"/></net>

<net id="171"><net_src comp="165" pin="2"/><net_sink comp="46" pin=2"/></net>

<net id="176"><net_src comp="34" pin="2"/><net_sink comp="172" pin=0"/></net>

<net id="177"><net_src comp="14" pin="0"/><net_sink comp="172" pin=1"/></net>

<net id="178"><net_src comp="172" pin="2"/><net_sink comp="46" pin=2"/></net>

<net id="183"><net_src comp="99" pin="6"/><net_sink comp="179" pin=1"/></net>

<net id="184"><net_src comp="179" pin="2"/><net_sink comp="53" pin=2"/></net>

<net id="188"><net_src comp="28" pin="2"/><net_sink comp="185" pin=0"/></net>

<net id="189"><net_src comp="185" pin="1"/><net_sink comp="179" pin=0"/></net>

<net id="193"><net_src comp="34" pin="2"/><net_sink comp="190" pin=0"/></net>

<net id="194"><net_src comp="190" pin="1"/><net_sink comp="99" pin=4"/></net>

<net id="198"><net_src comp="139" pin="2"/><net_sink comp="195" pin=0"/></net>

<net id="199"><net_src comp="195" pin="1"/><net_sink comp="71" pin=4"/></net>

<net id="203"><net_src comp="145" pin="3"/><net_sink comp="200" pin=0"/></net>

<net id="204"><net_src comp="200" pin="1"/><net_sink comp="85" pin=4"/></net>

<net id="214"><net_src comp="165" pin="2"/><net_sink comp="211" pin=0"/></net>

<net id="215"><net_src comp="211" pin="1"/><net_sink comp="99" pin=2"/></net>

<net id="219"><net_src comp="172" pin="2"/><net_sink comp="216" pin=0"/></net>

<net id="220"><net_src comp="216" pin="1"/><net_sink comp="99" pin=0"/></net>

</net_list>

</model> 
---------------- Datapath Model END ------------------

* FSMD analyzer results:
  - Output states:
	Port: ped_val | {1 }
	Port: accum | {2 }
	Port: ADC | {2 }
 - Input state : 
	Port: ped_alg : ped_val | {1 }
	Port: ped_alg : accum | {1 }
	Port: ped_alg : ADC | {1 }
  - Chain level:
	State 1
		select_ln21 : 1
		select_ln17 : 2
		icmp_ln26 : 3
		br_ln26 : 4
		icmp_ln31 : 3
		br_ln31 : 4
		write_ln32 : 1
		write_ln27 : 1
	State 2
		sub_ln37 : 1
		write_ln37 : 2
		br_ln17 : 1
		write_ln18 : 1


============================================================
+ Verbose Summary: Datapath Resource usage 
============================================================

* Functional unit list:
|----------|-------------------------|---------|---------|
| Operation|     Functional Unit     |    FF   |   LUT   |
|----------|-------------------------|---------|---------|
|          |     add_ln18_fu_113     |    0    |    39   |
|    add   |     add_ln22_fu_125     |    0    |    39   |
|          |     add_ln32_fu_165     |    0    |    39   |
|          |     add_ln27_fu_172     |    0    |    39   |
|----------|-------------------------|---------|---------|
|          |     icmp_ln17_fu_107    |    0    |    20   |
|          |     icmp_ln21_fu_119    |    0    |    20   |
|   icmp   |    icmp_ln17_1_fu_139   |    0    |    20   |
|          |     icmp_ln26_fu_153    |    0    |    20   |
|          |     icmp_ln31_fu_159    |    0    |    20   |
|----------|-------------------------|---------|---------|
|  select  |    select_ln21_fu_131   |    0    |    32   |
|          |    select_ln17_fu_145   |    0    |    32   |
|----------|-------------------------|---------|---------|
|    sub   |     sub_ln37_fu_179     |    0    |    39   |
|----------|-------------------------|---------|---------|
|          |   ADC_read_read_fu_28   |    0    |    0    |
|   read   | ped_val_read_read_fu_34 |    0    |    0    |
|          |  accum_read_read_fu_40  |    0    |    0    |
|----------|-------------------------|---------|---------|
|          |     grp_write_fu_46     |    0    |    0    |
|   write  |  write_ln37_write_fu_53 |    0    |    0    |
|          |  write_ln18_write_fu_60 |    0    |    0    |
|----------|-------------------------|---------|---------|
|   Total  |                         |    0    |   359   |
|----------|-------------------------|---------|---------|

Memories:
N/A

* Register list:
+---------------------+--------+
|                     |   FF   |
+---------------------+--------+
|   ADC_read_reg_185  |   32   |
| accum_flag_2_reg_67 |    1   |
|  accum_new_2_reg_81 |   32   |
|   add_ln27_reg_216  |   32   |
|   add_ln32_reg_211  |   32   |
| icmp_ln17_1_reg_195 |    1   |
|ped_val_load_3_reg_96|   32   |
| ped_val_read_reg_190|   32   |
| select_ln17_reg_200 |   32   |
+---------------------+--------+
|        Total        |   226  |
+---------------------+--------+

* Multiplexer (MUX) list: 
|-----------------|------|------|------|--------||---------||---------|
|       Comp      |  Pin | Size |  BW  | S x BW ||  Delay  ||   LUT   |
|-----------------|------|------|------|--------||---------||---------|
| grp_write_fu_46 |  p2  |   2  |  32  |   64   ||    9    |
|-----------------|------|------|------|--------||---------||---------|
|      Total      |      |      |      |   64   ||  0.656  ||    9    |
|-----------------|------|------|------|--------||---------||---------|



* Summary:
+-----------+--------+--------+--------+
|           |  Delay |   FF   |   LUT  |
+-----------+--------+--------+--------+
|  Function |    -   |    0   |   359  |
|   Memory  |    -   |    -   |    -   |
|Multiplexer|    0   |    -   |    9   |
|  Register |    -   |   226  |    -   |
+-----------+--------+--------+--------+
|   Total   |    0   |   226  |   368  |
+-----------+--------+--------+--------+
