

================================================================
== Vivado HLS Report for 'ped_alg'
================================================================
* Date:           Thu Dec 17 13:38:30 2020

* Version:        2018.3 (Build 2405991 on Thu Dec 06 23:56:15 MST 2018)
* Project:        ped_sub_prj
* Solution:       no_truncation_block
* Product family: zynquplus
* Target device:  xczu9eg-ffvb1156-2-e


================================================================
== Performance Estimates
================================================================
+ Timing (ns): 
    * Summary: 
    +--------+-------+----------+------------+
    |  Clock | Target| Estimated| Uncertainty|
    +--------+-------+----------+------------+
    |ap_clk  |   4.00|     3.019|        0.50|
    +--------+-------+----------+------------+

+ Latency (clock cycles): 
    * Summary: 
    +-----+-----+-----+-----+---------+
    |  Latency  |  Interval | Pipeline|
    | min | max | min | max |   Type  |
    +-----+-----+-----+-----+---------+
    |    1|    4|    1|    4|   none  |
    +-----+-----+-----+-----+---------+

    + Detail: 
        * Instance: 
        N/A

        * Loop: 
        N/A



================================================================
== Utilization Estimates
================================================================
* Summary: 
+-----------------+---------+-------+--------+--------+-----+
|       Name      | BRAM_18K| DSP48E|   FF   |   LUT  | URAM|
+-----------------+---------+-------+--------+--------+-----+
|DSP              |        -|      -|       -|       -|    -|
|Expression       |        -|      -|       0|     186|    -|
|FIFO             |        -|      -|       -|       -|    -|
|Instance         |        -|      -|       -|       -|    -|
|Memory           |        -|      -|       -|       -|    -|
|Multiplexer      |        -|      -|       -|      90|    -|
|Register         |        -|      -|      31|       -|    -|
+-----------------+---------+-------+--------+--------+-----+
|Total            |        0|      0|      31|     276|    0|
+-----------------+---------+-------+--------+--------+-----+
|Available        |     1824|   2520|  548160|  274080|    0|
+-----------------+---------+-------+--------+--------+-----+
|Utilization (%)  |        0|      0|   ~0   |   ~0   |    0|
+-----------------+---------+-------+--------+--------+-----+

+ Detail: 
    * Instance: 
    N/A

    * DSP48: 
    N/A

    * Memory: 
    N/A

    * FIFO: 
    N/A

    * Expression: 
    +-----------------------------+----------+-------+---+----+------------+------------+
    |        Variable Name        | Operation| DSP48E| FF| LUT| Bitwidth P0| Bitwidth P1|
    +-----------------------------+----------+-------+---+----+------------+------------+
    |tmp_1_fu_278_p2              |     +    |      0|  0|  15|           8|           1|
    |tmp_3_fu_290_p2              |     +    |      0|  0|  15|           8|           2|
    |tmp_5_fu_337_p2              |     +    |      0|  0|  23|          16|           1|
    |tmp_7_fu_330_p2              |     +    |      0|  0|  23|          16|           2|
    |ADC                          |     -    |      0|  0|  23|          16|          16|
    |brmerge4_demorgan_fu_254_p2  |    and   |      0|  0|   2|           1|           1|
    |tmp1_fu_242_p2               |    and   |      0|  0|   2|           1|           1|
    |tmp2_fu_248_p2               |    and   |      0|  0|   2|           1|           1|
    |tmp_11_fu_304_p2             |   icmp   |      0|  0|  13|          16|          16|
    |tmp_2_fu_284_p2              |   icmp   |      0|  0|  13|          16|          16|
    |tmp_4_fu_318_p2              |   icmp   |      0|  0|  11|           8|           4|
    |tmp_6_fu_324_p2              |   icmp   |      0|  0|  11|           8|           5|
    |tmp_fu_272_p2                |   icmp   |      0|  0|  13|          16|          16|
    |brmerge5_fu_266_p2           |    or    |      0|  0|   2|           1|           1|
    |accum_new_1_fu_310_p3        |  select  |      0|  0|   8|           1|           8|
    |tmp_3_accum_load_fu_296_p3   |  select  |      0|  0|   8|           1|           8|
    |brmerge4_fu_260_p2           |    xor   |      0|  0|   2|           1|           2|
    +-----------------------------+----------+-------+---+----+------------+------------+
    |Total                        |          |      0|  0| 186|         135|         101|
    +-----------------------------+----------+-------+---+----+------------+------------+

    * Multiplexer: 
    +------------------------+----+-----------+-----+-----------+
    |          Name          | LUT| Input Size| Bits| Total Bits|
    +------------------------+----+-----------+-----+-----------+
    |accum_flag_2_reg_213    |   9|          2|    1|          2|
    |accum_new_2_reg_227     |   9|          2|    8|         16|
    |accum_o                 |   9|          2|    8|         16|
    |ap_NS_fsm               |  33|          6|    1|          6|
    |ped_val_load_3_reg_202  |  15|          3|   16|         48|
    |ped_val_o               |  15|          3|   16|         48|
    +------------------------+----+-----------+-----+-----------+
    |Total                   |  90|         18|   50|        136|
    +------------------------+----+-----------+-----+-----------+

    * Register: 
    +------------------------+----+----+-----+-----------+
    |          Name          | FF | LUT| Bits| Const Bits|
    +------------------------+----+----+-----+-----------+
    |accum_flag_2_reg_213    |   1|   0|    1|          0|
    |accum_new_2_reg_227     |   8|   0|    8|          0|
    |ap_CS_fsm               |   5|   0|    5|          0|
    |brmerge5_reg_375        |   1|   0|    1|          0|
    |ped_val_load_3_reg_202  |  16|   0|   16|          0|
    +------------------------+----+----+-----+-----------+
    |Total                   |  31|   0|   31|          0|
    +------------------------+----+----+-----+-----------+



================================================================
== Interface
================================================================
* Summary: 
+-------------------+-----+-----+------------+--------------+--------------+
|     RTL Ports     | Dir | Bits|  Protocol  | Source Object|    C Type    |
+-------------------+-----+-----+------------+--------------+--------------+
|ap_clk             |  in |    1| ap_ctrl_hs |    ped_alg   | return value |
|ap_rst             |  in |    1| ap_ctrl_hs |    ped_alg   | return value |
|ap_start           |  in |    1| ap_ctrl_hs |    ped_alg   | return value |
|ap_done            | out |    1| ap_ctrl_hs |    ped_alg   | return value |
|ap_idle            | out |    1| ap_ctrl_hs |    ped_alg   | return value |
|ap_ready           | out |    1| ap_ctrl_hs |    ped_alg   | return value |
|ped_val_i          |  in |   16|   ap_ovld  |    ped_val   |    pointer   |
|ped_val_o          | out |   16|   ap_ovld  |    ped_val   |    pointer   |
|ped_val_o_ap_vld   | out |    1|   ap_ovld  |    ped_val   |    pointer   |
|accum_i            |  in |    8|   ap_ovld  |     accum    |    pointer   |
|accum_o            | out |    8|   ap_ovld  |     accum    |    pointer   |
|accum_o_ap_vld     | out |    1|   ap_ovld  |     accum    |    pointer   |
|ADC                | out |   16|   ap_vld   |      ADC     |    pointer   |
|ADC_ap_vld         | out |    1|   ap_vld   |      ADC     |    pointer   |
|tdata              |  in |   16|   ap_none  |     tdata    |    pointer   |
|tvalid             |  in |    1|   ap_none  |    tvalid    |    pointer   |
|tkeep0             |  in |    1|   ap_none  |    tkeep0    |    pointer   |
|tkeep1             |  in |    1|   ap_none  |    tkeep1    |    pointer   |
|tready             |  in |    1|   ap_none  |    tready    |    pointer   |
|treset             |  in |    1|   ap_none  |    treset    |    pointer   |
|tlast              |  in |    1|   ap_none  |     tlast    |    pointer   |
|tvalid_out         | out |    1|   ap_vld   |  tvalid_out  |    pointer   |
|tvalid_out_ap_vld  | out |    1|   ap_vld   |  tvalid_out  |    pointer   |
|tkeep0_out         | out |    1|   ap_vld   |  tkeep0_out  |    pointer   |
|tkeep0_out_ap_vld  | out |    1|   ap_vld   |  tkeep0_out  |    pointer   |
|tkeep1_out         | out |    1|   ap_vld   |  tkeep1_out  |    pointer   |
|tkeep1_out_ap_vld  | out |    1|   ap_vld   |  tkeep1_out  |    pointer   |
|tready_out         | out |    1|   ap_vld   |  tready_out  |    pointer   |
|tready_out_ap_vld  | out |    1|   ap_vld   |  tready_out  |    pointer   |
|treset_out         | out |    1|   ap_vld   |  treset_out  |    pointer   |
|treset_out_ap_vld  | out |    1|   ap_vld   |  treset_out  |    pointer   |
|tlast_out          | out |    1|   ap_vld   |   tlast_out  |    pointer   |
|tlast_out_ap_vld   | out |    1|   ap_vld   |   tlast_out  |    pointer   |
+-------------------+-----+-----+------------+--------------+--------------+

