#-----------------------------------------------------------
# Vivado v2018.3 (64-bit)
# SW Build 2405991 on Thu Dec  6 23:36:41 MST 2018
# IP Build 2404404 on Fri Dec  7 01:43:56 MST 2018
# Start of session at: Tue Dec  8 18:32:13 2020
# Process ID: 20576
# Current directory: /net/home/ppd/hmo31799/Documents/dune_project/ped_sub/tpg_core/proj/dataflowZCU102
# Command line: vivado -mode tcl -log vivado_synth.log -journal vivado_synth.jou
# Log file: /net/home/ppd/hmo31799/Documents/dune_project/ped_sub/tpg_core/proj/dataflowZCU102/vivado_synth.log
# Journal file: /net/home/ppd/hmo31799/Documents/dune_project/ped_sub/tpg_core/proj/dataflowZCU102/vivado_synth.jou
#-----------------------------------------------------------
current_project -quiet
open_project /net/home/ppd/hmo31799/Documents/dune_project/ped_sub/tpg_core/proj/dataflowZCU102/dataflowZCU102/dataflowZCU102.xpr
get_runs
get_property STATUS [get_runs Median_distRAM_64x12_impl_1]
get_property NEEDS_REFRESH [get_runs Median_distRAM_64x12_impl_1]
get_property PROGRESS [get_runs Median_distRAM_64x12_impl_1]
get_property STATS.ELAPSED [get_runs Median_distRAM_64x12_impl_1]
get_property STATUS [get_runs Median_distRAM_64x12_synth_1]
get_property NEEDS_REFRESH [get_runs Median_distRAM_64x12_synth_1]
get_property PROGRESS [get_runs Median_distRAM_64x12_synth_1]
get_property STATS.ELAPSED [get_runs Median_distRAM_64x12_synth_1]
get_property STATUS [get_runs RAM_2048x12_impl_1]
get_property NEEDS_REFRESH [get_runs RAM_2048x12_impl_1]
get_property PROGRESS [get_runs RAM_2048x12_impl_1]
get_property STATS.ELAPSED [get_runs RAM_2048x12_impl_1]
get_property STATUS [get_runs RAM_2048x12_synth_1]
get_property NEEDS_REFRESH [get_runs RAM_2048x12_synth_1]
get_property PROGRESS [get_runs RAM_2048x12_synth_1]
get_property STATS.ELAPSED [get_runs RAM_2048x12_synth_1]
get_property STATUS [get_runs address_LUT_impl_1]
get_property NEEDS_REFRESH [get_runs address_LUT_impl_1]
get_property PROGRESS [get_runs address_LUT_impl_1]
get_property STATS.ELAPSED [get_runs address_LUT_impl_1]
get_property STATUS [get_runs address_LUT_synth_1]
get_property NEEDS_REFRESH [get_runs address_LUT_synth_1]
get_property PROGRESS [get_runs address_LUT_synth_1]
get_property STATS.ELAPSED [get_runs address_LUT_synth_1]
get_property STATUS [get_runs axis_data_fifo_0_impl_1]
get_property NEEDS_REFRESH [get_runs axis_data_fifo_0_impl_1]
get_property PROGRESS [get_runs axis_data_fifo_0_impl_1]
get_property STATS.ELAPSED [get_runs axis_data_fifo_0_impl_1]
get_property STATUS [get_runs axis_data_fifo_0_synth_1]
get_property NEEDS_REFRESH [get_runs axis_data_fifo_0_synth_1]
get_property PROGRESS [get_runs axis_data_fifo_0_synth_1]
get_property STATS.ELAPSED [get_runs axis_data_fifo_0_synth_1]
get_property STATUS [get_runs axis_register_slice_fr_impl_1]
get_property NEEDS_REFRESH [get_runs axis_register_slice_fr_impl_1]
get_property PROGRESS [get_runs axis_register_slice_fr_impl_1]
get_property STATS.ELAPSED [get_runs axis_register_slice_fr_impl_1]
get_property STATUS [get_runs axis_register_slice_fr_synth_1]
get_property NEEDS_REFRESH [get_runs axis_register_slice_fr_synth_1]
get_property PROGRESS [get_runs axis_register_slice_fr_synth_1]
get_property STATS.ELAPSED [get_runs axis_register_slice_fr_synth_1]
get_property STATUS [get_runs crif_fifo_impl_1]
get_property NEEDS_REFRESH [get_runs crif_fifo_impl_1]
get_property PROGRESS [get_runs crif_fifo_impl_1]
get_property STATS.ELAPSED [get_runs crif_fifo_impl_1]
get_property STATUS [get_runs crif_fifo_synth_1]
get_property NEEDS_REFRESH [get_runs crif_fifo_synth_1]
get_property PROGRESS [get_runs crif_fifo_synth_1]
get_property STATS.ELAPSED [get_runs crif_fifo_synth_1]
get_property STATUS [get_runs distRAM_64x12_impl_1]
get_property NEEDS_REFRESH [get_runs distRAM_64x12_impl_1]
get_property PROGRESS [get_runs distRAM_64x12_impl_1]
get_property STATS.ELAPSED [get_runs distRAM_64x12_impl_1]
get_property STATUS [get_runs distRAM_64x12_synth_1]
get_property NEEDS_REFRESH [get_runs distRAM_64x12_synth_1]
get_property PROGRESS [get_runs distRAM_64x12_synth_1]
get_property STATS.ELAPSED [get_runs distRAM_64x12_synth_1]
get_property STATUS [get_runs fir_compiler_0_impl_1]
get_property NEEDS_REFRESH [get_runs fir_compiler_0_impl_1]
get_property PROGRESS [get_runs fir_compiler_0_impl_1]
get_property STATS.ELAPSED [get_runs fir_compiler_0_impl_1]
get_property STATUS [get_runs fir_compiler_0_synth_1]
get_property NEEDS_REFRESH [get_runs fir_compiler_0_synth_1]
get_property PROGRESS [get_runs fir_compiler_0_synth_1]
get_property STATS.ELAPSED [get_runs fir_compiler_0_synth_1]
get_property STATUS [get_runs fmc0_8chan_9g6_impl_1]
get_property NEEDS_REFRESH [get_runs fmc0_8chan_9g6_impl_1]
get_property PROGRESS [get_runs fmc0_8chan_9g6_impl_1]
get_property STATS.ELAPSED [get_runs fmc0_8chan_9g6_impl_1]
get_property STATUS [get_runs fmc0_8chan_9g6_synth_1]
get_property NEEDS_REFRESH [get_runs fmc0_8chan_9g6_synth_1]
get_property PROGRESS [get_runs fmc0_8chan_9g6_synth_1]
get_property STATS.ELAPSED [get_runs fmc0_8chan_9g6_synth_1]
get_property STATUS [get_runs fmc0_8chan_9g6_vio_0_impl_1]
get_property NEEDS_REFRESH [get_runs fmc0_8chan_9g6_vio_0_impl_1]
get_property PROGRESS [get_runs fmc0_8chan_9g6_vio_0_impl_1]
get_property STATS.ELAPSED [get_runs fmc0_8chan_9g6_vio_0_impl_1]
get_property STATUS [get_runs fmc0_8chan_9g6_vio_0_synth_1]
get_property NEEDS_REFRESH [get_runs fmc0_8chan_9g6_vio_0_synth_1]
get_property PROGRESS [get_runs fmc0_8chan_9g6_vio_0_synth_1]
get_property STATS.ELAPSED [get_runs fmc0_8chan_9g6_vio_0_synth_1]
get_property STATUS [get_runs gig_ethernet_pcs_pma_basex_156_25_impl_1]
get_property NEEDS_REFRESH [get_runs gig_ethernet_pcs_pma_basex_156_25_impl_1]
get_property PROGRESS [get_runs gig_ethernet_pcs_pma_basex_156_25_impl_1]
get_property STATS.ELAPSED [get_runs gig_ethernet_pcs_pma_basex_156_25_impl_1]
get_property STATUS [get_runs gig_ethernet_pcs_pma_basex_156_25_synth_1]
get_property NEEDS_REFRESH [get_runs gig_ethernet_pcs_pma_basex_156_25_synth_1]
get_property PROGRESS [get_runs gig_ethernet_pcs_pma_basex_156_25_synth_1]
get_property STATS.ELAPSED [get_runs gig_ethernet_pcs_pma_basex_156_25_synth_1]
get_property STATUS [get_runs impl_1]
get_property NEEDS_REFRESH [get_runs impl_1]
get_property PROGRESS [get_runs impl_1]
get_property STATS.ELAPSED [get_runs impl_1]
get_property STATUS [get_runs synth_1]
get_property NEEDS_REFRESH [get_runs synth_1]
get_property PROGRESS [get_runs synth_1]
get_property STATS.ELAPSED [get_runs synth_1]
get_property STATUS [get_runs temac_gbe_v9_0_impl_1]
get_property NEEDS_REFRESH [get_runs temac_gbe_v9_0_impl_1]
get_property PROGRESS [get_runs temac_gbe_v9_0_impl_1]
get_property STATS.ELAPSED [get_runs temac_gbe_v9_0_impl_1]
get_property STATUS [get_runs temac_gbe_v9_0_synth_1]
get_property NEEDS_REFRESH [get_runs temac_gbe_v9_0_synth_1]
get_property PROGRESS [get_runs temac_gbe_v9_0_synth_1]
get_property STATS.ELAPSED [get_runs temac_gbe_v9_0_synth_1]
get_property STATUS [get_runs thFMch_input_fifo_impl_1]
get_property NEEDS_REFRESH [get_runs thFMch_input_fifo_impl_1]
get_property PROGRESS [get_runs thFMch_input_fifo_impl_1]
get_property STATS.ELAPSED [get_runs thFMch_input_fifo_impl_1]
get_property STATUS [get_runs thFMch_input_fifo_synth_1]
get_property NEEDS_REFRESH [get_runs thFMch_input_fifo_synth_1]
get_property PROGRESS [get_runs thFMch_input_fifo_synth_1]
get_property STATS.ELAPSED [get_runs thFMch_input_fifo_synth_1]
reset_run synth_1
launch_runs synth_1 -jobs 4
get_runs
get_property STATUS [get_runs Median_distRAM_64x12_impl_1]
get_property NEEDS_REFRESH [get_runs Median_distRAM_64x12_impl_1]
get_property PROGRESS [get_runs Median_distRAM_64x12_impl_1]
get_property STATS.ELAPSED [get_runs Median_distRAM_64x12_impl_1]
get_property STATUS [get_runs Median_distRAM_64x12_synth_1]
get_property NEEDS_REFRESH [get_runs Median_distRAM_64x12_synth_1]
get_property PROGRESS [get_runs Median_distRAM_64x12_synth_1]
get_property STATS.ELAPSED [get_runs Median_distRAM_64x12_synth_1]
get_property STATUS [get_runs RAM_2048x12_impl_1]
get_property NEEDS_REFRESH [get_runs RAM_2048x12_impl_1]
get_property PROGRESS [get_runs RAM_2048x12_impl_1]
get_property STATS.ELAPSED [get_runs RAM_2048x12_impl_1]
get_property STATUS [get_runs RAM_2048x12_synth_1]
get_property NEEDS_REFRESH [get_runs RAM_2048x12_synth_1]
get_property PROGRESS [get_runs RAM_2048x12_synth_1]
get_property STATS.ELAPSED [get_runs RAM_2048x12_synth_1]
get_property STATUS [get_runs address_LUT_impl_1]
get_property NEEDS_REFRESH [get_runs address_LUT_impl_1]
get_property PROGRESS [get_runs address_LUT_impl_1]
get_property STATS.ELAPSED [get_runs address_LUT_impl_1]
get_property STATUS [get_runs address_LUT_synth_1]
get_property NEEDS_REFRESH [get_runs address_LUT_synth_1]
get_property PROGRESS [get_runs address_LUT_synth_1]
get_property STATS.ELAPSED [get_runs address_LUT_synth_1]
get_property STATUS [get_runs axis_data_fifo_0_impl_1]
get_property NEEDS_REFRESH [get_runs axis_data_fifo_0_impl_1]
get_property PROGRESS [get_runs axis_data_fifo_0_impl_1]
get_property STATS.ELAPSED [get_runs axis_data_fifo_0_impl_1]
get_property STATUS [get_runs axis_data_fifo_0_synth_1]
get_property NEEDS_REFRESH [get_runs axis_data_fifo_0_synth_1]
get_property PROGRESS [get_runs axis_data_fifo_0_synth_1]
get_property STATS.ELAPSED [get_runs axis_data_fifo_0_synth_1]
get_property STATUS [get_runs axis_register_slice_fr_impl_1]
get_property NEEDS_REFRESH [get_runs axis_register_slice_fr_impl_1]
get_property PROGRESS [get_runs axis_register_slice_fr_impl_1]
get_property STATS.ELAPSED [get_runs axis_register_slice_fr_impl_1]
get_property STATUS [get_runs axis_register_slice_fr_synth_1]
get_property NEEDS_REFRESH [get_runs axis_register_slice_fr_synth_1]
get_property PROGRESS [get_runs axis_register_slice_fr_synth_1]
get_property STATS.ELAPSED [get_runs axis_register_slice_fr_synth_1]
get_property STATUS [get_runs crif_fifo_impl_1]
get_property NEEDS_REFRESH [get_runs crif_fifo_impl_1]
get_property PROGRESS [get_runs crif_fifo_impl_1]
get_property STATS.ELAPSED [get_runs crif_fifo_impl_1]
get_property STATUS [get_runs crif_fifo_synth_1]
get_property NEEDS_REFRESH [get_runs crif_fifo_synth_1]
get_property PROGRESS [get_runs crif_fifo_synth_1]
get_property STATS.ELAPSED [get_runs crif_fifo_synth_1]
get_property STATUS [get_runs distRAM_64x12_impl_1]
get_property NEEDS_REFRESH [get_runs distRAM_64x12_impl_1]
get_property PROGRESS [get_runs distRAM_64x12_impl_1]
get_property STATS.ELAPSED [get_runs distRAM_64x12_impl_1]
get_property STATUS [get_runs distRAM_64x12_synth_1]
get_property NEEDS_REFRESH [get_runs distRAM_64x12_synth_1]
get_property PROGRESS [get_runs distRAM_64x12_synth_1]
get_property STATS.ELAPSED [get_runs distRAM_64x12_synth_1]
get_property STATUS [get_runs fir_compiler_0_impl_1]
get_property NEEDS_REFRESH [get_runs fir_compiler_0_impl_1]
get_property PROGRESS [get_runs fir_compiler_0_impl_1]
get_property STATS.ELAPSED [get_runs fir_compiler_0_impl_1]
get_property STATUS [get_runs fir_compiler_0_synth_1]
get_property NEEDS_REFRESH [get_runs fir_compiler_0_synth_1]
get_property PROGRESS [get_runs fir_compiler_0_synth_1]
get_property STATS.ELAPSED [get_runs fir_compiler_0_synth_1]
get_property STATUS [get_runs fmc0_8chan_9g6_impl_1]
get_property NEEDS_REFRESH [get_runs fmc0_8chan_9g6_impl_1]
get_property PROGRESS [get_runs fmc0_8chan_9g6_impl_1]
get_property STATS.ELAPSED [get_runs fmc0_8chan_9g6_impl_1]
get_property STATUS [get_runs fmc0_8chan_9g6_synth_1]
get_property NEEDS_REFRESH [get_runs fmc0_8chan_9g6_synth_1]
get_property PROGRESS [get_runs fmc0_8chan_9g6_synth_1]
get_property STATS.ELAPSED [get_runs fmc0_8chan_9g6_synth_1]
get_property STATUS [get_runs fmc0_8chan_9g6_vio_0_impl_1]
get_property NEEDS_REFRESH [get_runs fmc0_8chan_9g6_vio_0_impl_1]
get_property PROGRESS [get_runs fmc0_8chan_9g6_vio_0_impl_1]
get_property STATS.ELAPSED [get_runs fmc0_8chan_9g6_vio_0_impl_1]
get_property STATUS [get_runs fmc0_8chan_9g6_vio_0_synth_1]
get_property NEEDS_REFRESH [get_runs fmc0_8chan_9g6_vio_0_synth_1]
get_property PROGRESS [get_runs fmc0_8chan_9g6_vio_0_synth_1]
get_property STATS.ELAPSED [get_runs fmc0_8chan_9g6_vio_0_synth_1]
get_property STATUS [get_runs gig_ethernet_pcs_pma_basex_156_25_impl_1]
get_property NEEDS_REFRESH [get_runs gig_ethernet_pcs_pma_basex_156_25_impl_1]
get_property PROGRESS [get_runs gig_ethernet_pcs_pma_basex_156_25_impl_1]
get_property STATS.ELAPSED [get_runs gig_ethernet_pcs_pma_basex_156_25_impl_1]
get_property STATUS [get_runs gig_ethernet_pcs_pma_basex_156_25_synth_1]
get_property NEEDS_REFRESH [get_runs gig_ethernet_pcs_pma_basex_156_25_synth_1]
get_property PROGRESS [get_runs gig_ethernet_pcs_pma_basex_156_25_synth_1]
get_property STATS.ELAPSED [get_runs gig_ethernet_pcs_pma_basex_156_25_synth_1]
get_property STATUS [get_runs impl_1]
get_property NEEDS_REFRESH [get_runs impl_1]
get_property PROGRESS [get_runs impl_1]
get_property STATS.ELAPSED [get_runs impl_1]
get_property STATUS [get_runs synth_1]
get_property NEEDS_REFRESH [get_runs synth_1]
get_property PROGRESS [get_runs synth_1]
get_property STATS.ELAPSED [get_runs synth_1]
get_property STATUS [get_runs temac_gbe_v9_0_impl_1]
get_property NEEDS_REFRESH [get_runs temac_gbe_v9_0_impl_1]
get_property PROGRESS [get_runs temac_gbe_v9_0_impl_1]
get_property STATS.ELAPSED [get_runs temac_gbe_v9_0_impl_1]
get_property STATUS [get_runs temac_gbe_v9_0_synth_1]
get_property NEEDS_REFRESH [get_runs temac_gbe_v9_0_synth_1]
get_property PROGRESS [get_runs temac_gbe_v9_0_synth_1]
get_property STATS.ELAPSED [get_runs temac_gbe_v9_0_synth_1]
get_property STATUS [get_runs thFMch_input_fifo_impl_1]
get_property NEEDS_REFRESH [get_runs thFMch_input_fifo_impl_1]
get_property PROGRESS [get_runs thFMch_input_fifo_impl_1]
get_property STATS.ELAPSED [get_runs thFMch_input_fifo_impl_1]
get_property STATUS [get_runs thFMch_input_fifo_synth_1]
get_property NEEDS_REFRESH [get_runs thFMch_input_fifo_synth_1]
get_property PROGRESS [get_runs thFMch_input_fifo_synth_1]
get_property STATS.ELAPSED [get_runs thFMch_input_fifo_synth_1]
wait_on_run synth_1 -timeout 1
get_runs
get_property STATUS [get_runs Median_distRAM_64x12_impl_1]
get_property NEEDS_REFRESH [get_runs Median_distRAM_64x12_impl_1]
get_property PROGRESS [get_runs Median_distRAM_64x12_impl_1]
get_property STATS.ELAPSED [get_runs Median_distRAM_64x12_impl_1]
get_property STATUS [get_runs Median_distRAM_64x12_synth_1]
get_property NEEDS_REFRESH [get_runs Median_distRAM_64x12_synth_1]
get_property PROGRESS [get_runs Median_distRAM_64x12_synth_1]
get_property STATS.ELAPSED [get_runs Median_distRAM_64x12_synth_1]
get_property STATUS [get_runs RAM_2048x12_impl_1]
get_property NEEDS_REFRESH [get_runs RAM_2048x12_impl_1]
get_property PROGRESS [get_runs RAM_2048x12_impl_1]
get_property STATS.ELAPSED [get_runs RAM_2048x12_impl_1]
get_property STATUS [get_runs RAM_2048x12_synth_1]
get_property NEEDS_REFRESH [get_runs RAM_2048x12_synth_1]
get_property PROGRESS [get_runs RAM_2048x12_synth_1]
get_property STATS.ELAPSED [get_runs RAM_2048x12_synth_1]
get_property STATUS [get_runs address_LUT_impl_1]
get_property NEEDS_REFRESH [get_runs address_LUT_impl_1]
get_property PROGRESS [get_runs address_LUT_impl_1]
get_property STATS.ELAPSED [get_runs address_LUT_impl_1]
get_property STATUS [get_runs address_LUT_synth_1]
get_property NEEDS_REFRESH [get_runs address_LUT_synth_1]
get_property PROGRESS [get_runs address_LUT_synth_1]
get_property STATS.ELAPSED [get_runs address_LUT_synth_1]
get_property STATUS [get_runs axis_data_fifo_0_impl_1]
get_property NEEDS_REFRESH [get_runs axis_data_fifo_0_impl_1]
get_property PROGRESS [get_runs axis_data_fifo_0_impl_1]
get_property STATS.ELAPSED [get_runs axis_data_fifo_0_impl_1]
get_property STATUS [get_runs axis_data_fifo_0_synth_1]
get_property NEEDS_REFRESH [get_runs axis_data_fifo_0_synth_1]
get_property PROGRESS [get_runs axis_data_fifo_0_synth_1]
get_property STATS.ELAPSED [get_runs axis_data_fifo_0_synth_1]
get_property STATUS [get_runs axis_register_slice_fr_impl_1]
get_property NEEDS_REFRESH [get_runs axis_register_slice_fr_impl_1]
get_property PROGRESS [get_runs axis_register_slice_fr_impl_1]
get_property STATS.ELAPSED [get_runs axis_register_slice_fr_impl_1]
get_property STATUS [get_runs axis_register_slice_fr_synth_1]
get_property NEEDS_REFRESH [get_runs axis_register_slice_fr_synth_1]
get_property PROGRESS [get_runs axis_register_slice_fr_synth_1]
get_property STATS.ELAPSED [get_runs axis_register_slice_fr_synth_1]
get_property STATUS [get_runs crif_fifo_impl_1]
get_property NEEDS_REFRESH [get_runs crif_fifo_impl_1]
get_property PROGRESS [get_runs crif_fifo_impl_1]
get_property STATS.ELAPSED [get_runs crif_fifo_impl_1]
get_property STATUS [get_runs crif_fifo_synth_1]
get_property NEEDS_REFRESH [get_runs crif_fifo_synth_1]
get_property PROGRESS [get_runs crif_fifo_synth_1]
get_property STATS.ELAPSED [get_runs crif_fifo_synth_1]
get_property STATUS [get_runs distRAM_64x12_impl_1]
get_property NEEDS_REFRESH [get_runs distRAM_64x12_impl_1]
get_property PROGRESS [get_runs distRAM_64x12_impl_1]
get_property STATS.ELAPSED [get_runs distRAM_64x12_impl_1]
get_property STATUS [get_runs distRAM_64x12_synth_1]
get_property NEEDS_REFRESH [get_runs distRAM_64x12_synth_1]
get_property PROGRESS [get_runs distRAM_64x12_synth_1]
get_property STATS.ELAPSED [get_runs distRAM_64x12_synth_1]
get_property STATUS [get_runs fir_compiler_0_impl_1]
get_property NEEDS_REFRESH [get_runs fir_compiler_0_impl_1]
get_property PROGRESS [get_runs fir_compiler_0_impl_1]
get_property STATS.ELAPSED [get_runs fir_compiler_0_impl_1]
get_property STATUS [get_runs fir_compiler_0_synth_1]
get_property NEEDS_REFRESH [get_runs fir_compiler_0_synth_1]
get_property PROGRESS [get_runs fir_compiler_0_synth_1]
get_property STATS.ELAPSED [get_runs fir_compiler_0_synth_1]
get_property STATUS [get_runs fmc0_8chan_9g6_impl_1]
get_property NEEDS_REFRESH [get_runs fmc0_8chan_9g6_impl_1]
get_property PROGRESS [get_runs fmc0_8chan_9g6_impl_1]
get_property STATS.ELAPSED [get_runs fmc0_8chan_9g6_impl_1]
get_property STATUS [get_runs fmc0_8chan_9g6_synth_1]
get_property NEEDS_REFRESH [get_runs fmc0_8chan_9g6_synth_1]
get_property PROGRESS [get_runs fmc0_8chan_9g6_synth_1]
get_property STATS.ELAPSED [get_runs fmc0_8chan_9g6_synth_1]
get_property STATUS [get_runs fmc0_8chan_9g6_vio_0_impl_1]
get_property NEEDS_REFRESH [get_runs fmc0_8chan_9g6_vio_0_impl_1]
get_property PROGRESS [get_runs fmc0_8chan_9g6_vio_0_impl_1]
get_property STATS.ELAPSED [get_runs fmc0_8chan_9g6_vio_0_impl_1]
get_property STATUS [get_runs fmc0_8chan_9g6_vio_0_synth_1]
get_property NEEDS_REFRESH [get_runs fmc0_8chan_9g6_vio_0_synth_1]
get_property PROGRESS [get_runs fmc0_8chan_9g6_vio_0_synth_1]
get_property STATS.ELAPSED [get_runs fmc0_8chan_9g6_vio_0_synth_1]
get_property STATUS [get_runs gig_ethernet_pcs_pma_basex_156_25_impl_1]
get_property NEEDS_REFRESH [get_runs gig_ethernet_pcs_pma_basex_156_25_impl_1]
get_property PROGRESS [get_runs gig_ethernet_pcs_pma_basex_156_25_impl_1]
get_property STATS.ELAPSED [get_runs gig_ethernet_pcs_pma_basex_156_25_impl_1]
get_property STATUS [get_runs gig_ethernet_pcs_pma_basex_156_25_synth_1]
get_property NEEDS_REFRESH [get_runs gig_ethernet_pcs_pma_basex_156_25_synth_1]
get_property PROGRESS [get_runs gig_ethernet_pcs_pma_basex_156_25_synth_1]
get_property STATS.ELAPSED [get_runs gig_ethernet_pcs_pma_basex_156_25_synth_1]
get_property STATUS [get_runs impl_1]
get_property NEEDS_REFRESH [get_runs impl_1]
get_property PROGRESS [get_runs impl_1]
get_property STATS.ELAPSED [get_runs impl_1]
get_property STATUS [get_runs synth_1]
get_property NEEDS_REFRESH [get_runs synth_1]
get_property PROGRESS [get_runs synth_1]
get_property STATS.ELAPSED [get_runs synth_1]
get_property STATUS [get_runs temac_gbe_v9_0_impl_1]
get_property NEEDS_REFRESH [get_runs temac_gbe_v9_0_impl_1]
get_property PROGRESS [get_runs temac_gbe_v9_0_impl_1]
get_property STATS.ELAPSED [get_runs temac_gbe_v9_0_impl_1]
get_property STATUS [get_runs temac_gbe_v9_0_synth_1]
get_property NEEDS_REFRESH [get_runs temac_gbe_v9_0_synth_1]
get_property PROGRESS [get_runs temac_gbe_v9_0_synth_1]
get_property STATS.ELAPSED [get_runs temac_gbe_v9_0_synth_1]
get_property STATUS [get_runs thFMch_input_fifo_impl_1]
get_property NEEDS_REFRESH [get_runs thFMch_input_fifo_impl_1]
get_property PROGRESS [get_runs thFMch_input_fifo_impl_1]
get_property STATS.ELAPSED [get_runs thFMch_input_fifo_impl_1]
get_property STATUS [get_runs thFMch_input_fifo_synth_1]
get_property NEEDS_REFRESH [get_runs thFMch_input_fifo_synth_1]
get_property PROGRESS [get_runs thFMch_input_fifo_synth_1]
get_property STATS.ELAPSED [get_runs thFMch_input_fifo_synth_1]
wait_on_run synth_1 -timeout 1
get_runs
get_property STATUS [get_runs Median_distRAM_64x12_impl_1]
get_property NEEDS_REFRESH [get_runs Median_distRAM_64x12_impl_1]
get_property PROGRESS [get_runs Median_distRAM_64x12_impl_1]
get_property STATS.ELAPSED [get_runs Median_distRAM_64x12_impl_1]
get_property STATUS [get_runs Median_distRAM_64x12_synth_1]
get_property NEEDS_REFRESH [get_runs Median_distRAM_64x12_synth_1]
get_property PROGRESS [get_runs Median_distRAM_64x12_synth_1]
get_property STATS.ELAPSED [get_runs Median_distRAM_64x12_synth_1]
get_property STATUS [get_runs RAM_2048x12_impl_1]
get_property NEEDS_REFRESH [get_runs RAM_2048x12_impl_1]
get_property PROGRESS [get_runs RAM_2048x12_impl_1]
get_property STATS.ELAPSED [get_runs RAM_2048x12_impl_1]
get_property STATUS [get_runs RAM_2048x12_synth_1]
get_property NEEDS_REFRESH [get_runs RAM_2048x12_synth_1]
get_property PROGRESS [get_runs RAM_2048x12_synth_1]
get_property STATS.ELAPSED [get_runs RAM_2048x12_synth_1]
get_property STATUS [get_runs address_LUT_impl_1]
get_property NEEDS_REFRESH [get_runs address_LUT_impl_1]
get_property PROGRESS [get_runs address_LUT_impl_1]
get_property STATS.ELAPSED [get_runs address_LUT_impl_1]
get_property STATUS [get_runs address_LUT_synth_1]
get_property NEEDS_REFRESH [get_runs address_LUT_synth_1]
get_property PROGRESS [get_runs address_LUT_synth_1]
get_property STATS.ELAPSED [get_runs address_LUT_synth_1]
get_property STATUS [get_runs axis_data_fifo_0_impl_1]
get_property NEEDS_REFRESH [get_runs axis_data_fifo_0_impl_1]
get_property PROGRESS [get_runs axis_data_fifo_0_impl_1]
get_property STATS.ELAPSED [get_runs axis_data_fifo_0_impl_1]
get_property STATUS [get_runs axis_data_fifo_0_synth_1]
get_property NEEDS_REFRESH [get_runs axis_data_fifo_0_synth_1]
get_property PROGRESS [get_runs axis_data_fifo_0_synth_1]
get_property STATS.ELAPSED [get_runs axis_data_fifo_0_synth_1]
get_property STATUS [get_runs axis_register_slice_fr_impl_1]
get_property NEEDS_REFRESH [get_runs axis_register_slice_fr_impl_1]
get_property PROGRESS [get_runs axis_register_slice_fr_impl_1]
get_property STATS.ELAPSED [get_runs axis_register_slice_fr_impl_1]
get_property STATUS [get_runs axis_register_slice_fr_synth_1]
get_property NEEDS_REFRESH [get_runs axis_register_slice_fr_synth_1]
get_property PROGRESS [get_runs axis_register_slice_fr_synth_1]
get_property STATS.ELAPSED [get_runs axis_register_slice_fr_synth_1]
get_property STATUS [get_runs crif_fifo_impl_1]
get_property NEEDS_REFRESH [get_runs crif_fifo_impl_1]
get_property PROGRESS [get_runs crif_fifo_impl_1]
get_property STATS.ELAPSED [get_runs crif_fifo_impl_1]
get_property STATUS [get_runs crif_fifo_synth_1]
get_property NEEDS_REFRESH [get_runs crif_fifo_synth_1]
get_property PROGRESS [get_runs crif_fifo_synth_1]
get_property STATS.ELAPSED [get_runs crif_fifo_synth_1]
get_property STATUS [get_runs distRAM_64x12_impl_1]
get_property NEEDS_REFRESH [get_runs distRAM_64x12_impl_1]
get_property PROGRESS [get_runs distRAM_64x12_impl_1]
get_property STATS.ELAPSED [get_runs distRAM_64x12_impl_1]
get_property STATUS [get_runs distRAM_64x12_synth_1]
get_property NEEDS_REFRESH [get_runs distRAM_64x12_synth_1]
get_property PROGRESS [get_runs distRAM_64x12_synth_1]
get_property STATS.ELAPSED [get_runs distRAM_64x12_synth_1]
get_property STATUS [get_runs fir_compiler_0_impl_1]
get_property NEEDS_REFRESH [get_runs fir_compiler_0_impl_1]
get_property PROGRESS [get_runs fir_compiler_0_impl_1]
get_property STATS.ELAPSED [get_runs fir_compiler_0_impl_1]
get_property STATUS [get_runs fir_compiler_0_synth_1]
get_property NEEDS_REFRESH [get_runs fir_compiler_0_synth_1]
get_property PROGRESS [get_runs fir_compiler_0_synth_1]
get_property STATS.ELAPSED [get_runs fir_compiler_0_synth_1]
get_property STATUS [get_runs fmc0_8chan_9g6_impl_1]
get_property NEEDS_REFRESH [get_runs fmc0_8chan_9g6_impl_1]
get_property PROGRESS [get_runs fmc0_8chan_9g6_impl_1]
get_property STATS.ELAPSED [get_runs fmc0_8chan_9g6_impl_1]
get_property STATUS [get_runs fmc0_8chan_9g6_synth_1]
get_property NEEDS_REFRESH [get_runs fmc0_8chan_9g6_synth_1]
get_property PROGRESS [get_runs fmc0_8chan_9g6_synth_1]
get_property STATS.ELAPSED [get_runs fmc0_8chan_9g6_synth_1]
get_property STATUS [get_runs fmc0_8chan_9g6_vio_0_impl_1]
get_property NEEDS_REFRESH [get_runs fmc0_8chan_9g6_vio_0_impl_1]
get_property PROGRESS [get_runs fmc0_8chan_9g6_vio_0_impl_1]
get_property STATS.ELAPSED [get_runs fmc0_8chan_9g6_vio_0_impl_1]
get_property STATUS [get_runs fmc0_8chan_9g6_vio_0_synth_1]
get_property NEEDS_REFRESH [get_runs fmc0_8chan_9g6_vio_0_synth_1]
get_property PROGRESS [get_runs fmc0_8chan_9g6_vio_0_synth_1]
get_property STATS.ELAPSED [get_runs fmc0_8chan_9g6_vio_0_synth_1]
get_property STATUS [get_runs gig_ethernet_pcs_pma_basex_156_25_impl_1]
get_property NEEDS_REFRESH [get_runs gig_ethernet_pcs_pma_basex_156_25_impl_1]
get_property PROGRESS [get_runs gig_ethernet_pcs_pma_basex_156_25_impl_1]
get_property STATS.ELAPSED [get_runs gig_ethernet_pcs_pma_basex_156_25_impl_1]
get_property STATUS [get_runs gig_ethernet_pcs_pma_basex_156_25_synth_1]
get_property NEEDS_REFRESH [get_runs gig_ethernet_pcs_pma_basex_156_25_synth_1]
get_property PROGRESS [get_runs gig_ethernet_pcs_pma_basex_156_25_synth_1]
get_property STATS.ELAPSED [get_runs gig_ethernet_pcs_pma_basex_156_25_synth_1]
get_property STATUS [get_runs impl_1]
get_property NEEDS_REFRESH [get_runs impl_1]
get_property PROGRESS [get_runs impl_1]
get_property STATS.ELAPSED [get_runs impl_1]
get_property STATUS [get_runs synth_1]
get_property NEEDS_REFRESH [get_runs synth_1]
get_property PROGRESS [get_runs synth_1]
get_property STATS.ELAPSED [get_runs synth_1]
get_property STATUS [get_runs temac_gbe_v9_0_impl_1]
get_property NEEDS_REFRESH [get_runs temac_gbe_v9_0_impl_1]
get_property PROGRESS [get_runs temac_gbe_v9_0_impl_1]
get_property STATS.ELAPSED [get_runs temac_gbe_v9_0_impl_1]
get_property STATUS [get_runs temac_gbe_v9_0_synth_1]
get_property NEEDS_REFRESH [get_runs temac_gbe_v9_0_synth_1]
get_property PROGRESS [get_runs temac_gbe_v9_0_synth_1]
get_property STATS.ELAPSED [get_runs temac_gbe_v9_0_synth_1]
get_property STATUS [get_runs thFMch_input_fifo_impl_1]
get_property NEEDS_REFRESH [get_runs thFMch_input_fifo_impl_1]
get_property PROGRESS [get_runs thFMch_input_fifo_impl_1]
get_property STATS.ELAPSED [get_runs thFMch_input_fifo_impl_1]
get_property STATUS [get_runs thFMch_input_fifo_synth_1]
get_property NEEDS_REFRESH [get_runs thFMch_input_fifo_synth_1]
get_property PROGRESS [get_runs thFMch_input_fifo_synth_1]
get_property STATS.ELAPSED [get_runs thFMch_input_fifo_synth_1]
wait_on_run synth_1 -timeout 1
get_runs
get_property STATUS [get_runs Median_distRAM_64x12_impl_1]
get_property NEEDS_REFRESH [get_runs Median_distRAM_64x12_impl_1]
get_property PROGRESS [get_runs Median_distRAM_64x12_impl_1]
get_property STATS.ELAPSED [get_runs Median_distRAM_64x12_impl_1]
get_property STATUS [get_runs Median_distRAM_64x12_synth_1]
get_property NEEDS_REFRESH [get_runs Median_distRAM_64x12_synth_1]
get_property PROGRESS [get_runs Median_distRAM_64x12_synth_1]
get_property STATS.ELAPSED [get_runs Median_distRAM_64x12_synth_1]
get_property STATUS [get_runs RAM_2048x12_impl_1]
get_property NEEDS_REFRESH [get_runs RAM_2048x12_impl_1]
get_property PROGRESS [get_runs RAM_2048x12_impl_1]
get_property STATS.ELAPSED [get_runs RAM_2048x12_impl_1]
get_property STATUS [get_runs RAM_2048x12_synth_1]
get_property NEEDS_REFRESH [get_runs RAM_2048x12_synth_1]
get_property PROGRESS [get_runs RAM_2048x12_synth_1]
get_property STATS.ELAPSED [get_runs RAM_2048x12_synth_1]
get_property STATUS [get_runs address_LUT_impl_1]
get_property NEEDS_REFRESH [get_runs address_LUT_impl_1]
get_property PROGRESS [get_runs address_LUT_impl_1]
get_property STATS.ELAPSED [get_runs address_LUT_impl_1]
get_property STATUS [get_runs address_LUT_synth_1]
get_property NEEDS_REFRESH [get_runs address_LUT_synth_1]
get_property PROGRESS [get_runs address_LUT_synth_1]
get_property STATS.ELAPSED [get_runs address_LUT_synth_1]
get_property STATUS [get_runs axis_data_fifo_0_impl_1]
get_property NEEDS_REFRESH [get_runs axis_data_fifo_0_impl_1]
get_property PROGRESS [get_runs axis_data_fifo_0_impl_1]
get_property STATS.ELAPSED [get_runs axis_data_fifo_0_impl_1]
get_property STATUS [get_runs axis_data_fifo_0_synth_1]
get_property NEEDS_REFRESH [get_runs axis_data_fifo_0_synth_1]
get_property PROGRESS [get_runs axis_data_fifo_0_synth_1]
get_property STATS.ELAPSED [get_runs axis_data_fifo_0_synth_1]
get_property STATUS [get_runs axis_register_slice_fr_impl_1]
get_property NEEDS_REFRESH [get_runs axis_register_slice_fr_impl_1]
get_property PROGRESS [get_runs axis_register_slice_fr_impl_1]
get_property STATS.ELAPSED [get_runs axis_register_slice_fr_impl_1]
get_property STATUS [get_runs axis_register_slice_fr_synth_1]
get_property NEEDS_REFRESH [get_runs axis_register_slice_fr_synth_1]
get_property PROGRESS [get_runs axis_register_slice_fr_synth_1]
get_property STATS.ELAPSED [get_runs axis_register_slice_fr_synth_1]
get_property STATUS [get_runs crif_fifo_impl_1]
get_property NEEDS_REFRESH [get_runs crif_fifo_impl_1]
get_property PROGRESS [get_runs crif_fifo_impl_1]
get_property STATS.ELAPSED [get_runs crif_fifo_impl_1]
get_property STATUS [get_runs crif_fifo_synth_1]
get_property NEEDS_REFRESH [get_runs crif_fifo_synth_1]
get_property PROGRESS [get_runs crif_fifo_synth_1]
get_property STATS.ELAPSED [get_runs crif_fifo_synth_1]
get_property STATUS [get_runs distRAM_64x12_impl_1]
get_property NEEDS_REFRESH [get_runs distRAM_64x12_impl_1]
get_property PROGRESS [get_runs distRAM_64x12_impl_1]
get_property STATS.ELAPSED [get_runs distRAM_64x12_impl_1]
get_property STATUS [get_runs distRAM_64x12_synth_1]
get_property NEEDS_REFRESH [get_runs distRAM_64x12_synth_1]
get_property PROGRESS [get_runs distRAM_64x12_synth_1]
get_property STATS.ELAPSED [get_runs distRAM_64x12_synth_1]
get_property STATUS [get_runs fir_compiler_0_impl_1]
get_property NEEDS_REFRESH [get_runs fir_compiler_0_impl_1]
get_property PROGRESS [get_runs fir_compiler_0_impl_1]
get_property STATS.ELAPSED [get_runs fir_compiler_0_impl_1]
get_property STATUS [get_runs fir_compiler_0_synth_1]
get_property NEEDS_REFRESH [get_runs fir_compiler_0_synth_1]
get_property PROGRESS [get_runs fir_compiler_0_synth_1]
get_property STATS.ELAPSED [get_runs fir_compiler_0_synth_1]
get_property STATUS [get_runs fmc0_8chan_9g6_impl_1]
get_property NEEDS_REFRESH [get_runs fmc0_8chan_9g6_impl_1]
get_property PROGRESS [get_runs fmc0_8chan_9g6_impl_1]
get_property STATS.ELAPSED [get_runs fmc0_8chan_9g6_impl_1]
get_property STATUS [get_runs fmc0_8chan_9g6_synth_1]
get_property NEEDS_REFRESH [get_runs fmc0_8chan_9g6_synth_1]
get_property PROGRESS [get_runs fmc0_8chan_9g6_synth_1]
get_property STATS.ELAPSED [get_runs fmc0_8chan_9g6_synth_1]
get_property STATUS [get_runs fmc0_8chan_9g6_vio_0_impl_1]
get_property NEEDS_REFRESH [get_runs fmc0_8chan_9g6_vio_0_impl_1]
get_property PROGRESS [get_runs fmc0_8chan_9g6_vio_0_impl_1]
get_property STATS.ELAPSED [get_runs fmc0_8chan_9g6_vio_0_impl_1]
get_property STATUS [get_runs fmc0_8chan_9g6_vio_0_synth_1]
get_property NEEDS_REFRESH [get_runs fmc0_8chan_9g6_vio_0_synth_1]
get_property PROGRESS [get_runs fmc0_8chan_9g6_vio_0_synth_1]
get_property STATS.ELAPSED [get_runs fmc0_8chan_9g6_vio_0_synth_1]
get_property STATUS [get_runs gig_ethernet_pcs_pma_basex_156_25_impl_1]
get_property NEEDS_REFRESH [get_runs gig_ethernet_pcs_pma_basex_156_25_impl_1]
get_property PROGRESS [get_runs gig_ethernet_pcs_pma_basex_156_25_impl_1]
get_property STATS.ELAPSED [get_runs gig_ethernet_pcs_pma_basex_156_25_impl_1]
get_property STATUS [get_runs gig_ethernet_pcs_pma_basex_156_25_synth_1]
get_property NEEDS_REFRESH [get_runs gig_ethernet_pcs_pma_basex_156_25_synth_1]
get_property PROGRESS [get_runs gig_ethernet_pcs_pma_basex_156_25_synth_1]
get_property STATS.ELAPSED [get_runs gig_ethernet_pcs_pma_basex_156_25_synth_1]
get_property STATUS [get_runs impl_1]
get_property NEEDS_REFRESH [get_runs impl_1]
get_property PROGRESS [get_runs impl_1]
get_property STATS.ELAPSED [get_runs impl_1]
get_property STATUS [get_runs synth_1]
get_property NEEDS_REFRESH [get_runs synth_1]
get_property PROGRESS [get_runs synth_1]
get_property STATS.ELAPSED [get_runs synth_1]
get_property STATUS [get_runs temac_gbe_v9_0_impl_1]
get_property NEEDS_REFRESH [get_runs temac_gbe_v9_0_impl_1]
get_property PROGRESS [get_runs temac_gbe_v9_0_impl_1]
get_property STATS.ELAPSED [get_runs temac_gbe_v9_0_impl_1]
get_property STATUS [get_runs temac_gbe_v9_0_synth_1]
get_property NEEDS_REFRESH [get_runs temac_gbe_v9_0_synth_1]
get_property PROGRESS [get_runs temac_gbe_v9_0_synth_1]
get_property STATS.ELAPSED [get_runs temac_gbe_v9_0_synth_1]
get_property STATUS [get_runs thFMch_input_fifo_impl_1]
get_property NEEDS_REFRESH [get_runs thFMch_input_fifo_impl_1]
get_property PROGRESS [get_runs thFMch_input_fifo_impl_1]
get_property STATS.ELAPSED [get_runs thFMch_input_fifo_impl_1]
get_property STATUS [get_runs thFMch_input_fifo_synth_1]
get_property NEEDS_REFRESH [get_runs thFMch_input_fifo_synth_1]
get_property PROGRESS [get_runs thFMch_input_fifo_synth_1]
get_property STATS.ELAPSED [get_runs thFMch_input_fifo_synth_1]
wait_on_run synth_1 -timeout 1
get_runs
get_property STATUS [get_runs Median_distRAM_64x12_impl_1]
get_property NEEDS_REFRESH [get_runs Median_distRAM_64x12_impl_1]
get_property PROGRESS [get_runs Median_distRAM_64x12_impl_1]
get_property STATS.ELAPSED [get_runs Median_distRAM_64x12_impl_1]
get_property STATUS [get_runs Median_distRAM_64x12_synth_1]
get_property NEEDS_REFRESH [get_runs Median_distRAM_64x12_synth_1]
get_property PROGRESS [get_runs Median_distRAM_64x12_synth_1]
get_property STATS.ELAPSED [get_runs Median_distRAM_64x12_synth_1]
get_property STATUS [get_runs RAM_2048x12_impl_1]
get_property NEEDS_REFRESH [get_runs RAM_2048x12_impl_1]
get_property PROGRESS [get_runs RAM_2048x12_impl_1]
get_property STATS.ELAPSED [get_runs RAM_2048x12_impl_1]
get_property STATUS [get_runs RAM_2048x12_synth_1]
get_property NEEDS_REFRESH [get_runs RAM_2048x12_synth_1]
get_property PROGRESS [get_runs RAM_2048x12_synth_1]
get_property STATS.ELAPSED [get_runs RAM_2048x12_synth_1]
get_property STATUS [get_runs address_LUT_impl_1]
get_property NEEDS_REFRESH [get_runs address_LUT_impl_1]
get_property PROGRESS [get_runs address_LUT_impl_1]
get_property STATS.ELAPSED [get_runs address_LUT_impl_1]
get_property STATUS [get_runs address_LUT_synth_1]
get_property NEEDS_REFRESH [get_runs address_LUT_synth_1]
get_property PROGRESS [get_runs address_LUT_synth_1]
get_property STATS.ELAPSED [get_runs address_LUT_synth_1]
get_property STATUS [get_runs axis_data_fifo_0_impl_1]
get_property NEEDS_REFRESH [get_runs axis_data_fifo_0_impl_1]
get_property PROGRESS [get_runs axis_data_fifo_0_impl_1]
get_property STATS.ELAPSED [get_runs axis_data_fifo_0_impl_1]
get_property STATUS [get_runs axis_data_fifo_0_synth_1]
get_property NEEDS_REFRESH [get_runs axis_data_fifo_0_synth_1]
get_property PROGRESS [get_runs axis_data_fifo_0_synth_1]
get_property STATS.ELAPSED [get_runs axis_data_fifo_0_synth_1]
get_property STATUS [get_runs axis_register_slice_fr_impl_1]
get_property NEEDS_REFRESH [get_runs axis_register_slice_fr_impl_1]
get_property PROGRESS [get_runs axis_register_slice_fr_impl_1]
get_property STATS.ELAPSED [get_runs axis_register_slice_fr_impl_1]
get_property STATUS [get_runs axis_register_slice_fr_synth_1]
get_property NEEDS_REFRESH [get_runs axis_register_slice_fr_synth_1]
get_property PROGRESS [get_runs axis_register_slice_fr_synth_1]
get_property STATS.ELAPSED [get_runs axis_register_slice_fr_synth_1]
get_property STATUS [get_runs crif_fifo_impl_1]
get_property NEEDS_REFRESH [get_runs crif_fifo_impl_1]
get_property PROGRESS [get_runs crif_fifo_impl_1]
get_property STATS.ELAPSED [get_runs crif_fifo_impl_1]
get_property STATUS [get_runs crif_fifo_synth_1]
get_property NEEDS_REFRESH [get_runs crif_fifo_synth_1]
get_property PROGRESS [get_runs crif_fifo_synth_1]
get_property STATS.ELAPSED [get_runs crif_fifo_synth_1]
get_property STATUS [get_runs distRAM_64x12_impl_1]
get_property NEEDS_REFRESH [get_runs distRAM_64x12_impl_1]
get_property PROGRESS [get_runs distRAM_64x12_impl_1]
get_property STATS.ELAPSED [get_runs distRAM_64x12_impl_1]
get_property STATUS [get_runs distRAM_64x12_synth_1]
get_property NEEDS_REFRESH [get_runs distRAM_64x12_synth_1]
get_property PROGRESS [get_runs distRAM_64x12_synth_1]
get_property STATS.ELAPSED [get_runs distRAM_64x12_synth_1]
get_property STATUS [get_runs fir_compiler_0_impl_1]
get_property NEEDS_REFRESH [get_runs fir_compiler_0_impl_1]
get_property PROGRESS [get_runs fir_compiler_0_impl_1]
get_property STATS.ELAPSED [get_runs fir_compiler_0_impl_1]
get_property STATUS [get_runs fir_compiler_0_synth_1]
get_property NEEDS_REFRESH [get_runs fir_compiler_0_synth_1]
get_property PROGRESS [get_runs fir_compiler_0_synth_1]
get_property STATS.ELAPSED [get_runs fir_compiler_0_synth_1]
get_property STATUS [get_runs fmc0_8chan_9g6_impl_1]
get_property NEEDS_REFRESH [get_runs fmc0_8chan_9g6_impl_1]
get_property PROGRESS [get_runs fmc0_8chan_9g6_impl_1]
get_property STATS.ELAPSED [get_runs fmc0_8chan_9g6_impl_1]
get_property STATUS [get_runs fmc0_8chan_9g6_synth_1]
get_property NEEDS_REFRESH [get_runs fmc0_8chan_9g6_synth_1]
get_property PROGRESS [get_runs fmc0_8chan_9g6_synth_1]
get_property STATS.ELAPSED [get_runs fmc0_8chan_9g6_synth_1]
get_property STATUS [get_runs fmc0_8chan_9g6_vio_0_impl_1]
get_property NEEDS_REFRESH [get_runs fmc0_8chan_9g6_vio_0_impl_1]
get_property PROGRESS [get_runs fmc0_8chan_9g6_vio_0_impl_1]
get_property STATS.ELAPSED [get_runs fmc0_8chan_9g6_vio_0_impl_1]
get_property STATUS [get_runs fmc0_8chan_9g6_vio_0_synth_1]
get_property NEEDS_REFRESH [get_runs fmc0_8chan_9g6_vio_0_synth_1]
get_property PROGRESS [get_runs fmc0_8chan_9g6_vio_0_synth_1]
get_property STATS.ELAPSED [get_runs fmc0_8chan_9g6_vio_0_synth_1]
get_property STATUS [get_runs gig_ethernet_pcs_pma_basex_156_25_impl_1]
get_property NEEDS_REFRESH [get_runs gig_ethernet_pcs_pma_basex_156_25_impl_1]
get_property PROGRESS [get_runs gig_ethernet_pcs_pma_basex_156_25_impl_1]
get_property STATS.ELAPSED [get_runs gig_ethernet_pcs_pma_basex_156_25_impl_1]
get_property STATUS [get_runs gig_ethernet_pcs_pma_basex_156_25_synth_1]
get_property NEEDS_REFRESH [get_runs gig_ethernet_pcs_pma_basex_156_25_synth_1]
get_property PROGRESS [get_runs gig_ethernet_pcs_pma_basex_156_25_synth_1]
get_property STATS.ELAPSED [get_runs gig_ethernet_pcs_pma_basex_156_25_synth_1]
get_property STATUS [get_runs impl_1]
get_property NEEDS_REFRESH [get_runs impl_1]
get_property PROGRESS [get_runs impl_1]
get_property STATS.ELAPSED [get_runs impl_1]
get_property STATUS [get_runs synth_1]
get_property NEEDS_REFRESH [get_runs synth_1]
get_property PROGRESS [get_runs synth_1]
get_property STATS.ELAPSED [get_runs synth_1]
get_property STATUS [get_runs temac_gbe_v9_0_impl_1]
get_property NEEDS_REFRESH [get_runs temac_gbe_v9_0_impl_1]
get_property PROGRESS [get_runs temac_gbe_v9_0_impl_1]
get_property STATS.ELAPSED [get_runs temac_gbe_v9_0_impl_1]
get_property STATUS [get_runs temac_gbe_v9_0_synth_1]
get_property NEEDS_REFRESH [get_runs temac_gbe_v9_0_synth_1]
get_property PROGRESS [get_runs temac_gbe_v9_0_synth_1]
get_property STATS.ELAPSED [get_runs temac_gbe_v9_0_synth_1]
get_property STATUS [get_runs thFMch_input_fifo_impl_1]
get_property NEEDS_REFRESH [get_runs thFMch_input_fifo_impl_1]
get_property PROGRESS [get_runs thFMch_input_fifo_impl_1]
get_property STATS.ELAPSED [get_runs thFMch_input_fifo_impl_1]
get_property STATUS [get_runs thFMch_input_fifo_synth_1]
get_property NEEDS_REFRESH [get_runs thFMch_input_fifo_synth_1]
get_property PROGRESS [get_runs thFMch_input_fifo_synth_1]
get_property STATS.ELAPSED [get_runs thFMch_input_fifo_synth_1]
wait_on_run synth_1 -timeout 1
get_runs
get_property STATUS [get_runs Median_distRAM_64x12_impl_1]
get_property NEEDS_REFRESH [get_runs Median_distRAM_64x12_impl_1]
get_property PROGRESS [get_runs Median_distRAM_64x12_impl_1]
get_property STATS.ELAPSED [get_runs Median_distRAM_64x12_impl_1]
get_property STATUS [get_runs Median_distRAM_64x12_synth_1]
get_property NEEDS_REFRESH [get_runs Median_distRAM_64x12_synth_1]
get_property PROGRESS [get_runs Median_distRAM_64x12_synth_1]
get_property STATS.ELAPSED [get_runs Median_distRAM_64x12_synth_1]
get_property STATUS [get_runs RAM_2048x12_impl_1]
get_property NEEDS_REFRESH [get_runs RAM_2048x12_impl_1]
get_property PROGRESS [get_runs RAM_2048x12_impl_1]
get_property STATS.ELAPSED [get_runs RAM_2048x12_impl_1]
get_property STATUS [get_runs RAM_2048x12_synth_1]
get_property NEEDS_REFRESH [get_runs RAM_2048x12_synth_1]
get_property PROGRESS [get_runs RAM_2048x12_synth_1]
get_property STATS.ELAPSED [get_runs RAM_2048x12_synth_1]
get_property STATUS [get_runs address_LUT_impl_1]
get_property NEEDS_REFRESH [get_runs address_LUT_impl_1]
get_property PROGRESS [get_runs address_LUT_impl_1]
get_property STATS.ELAPSED [get_runs address_LUT_impl_1]
get_property STATUS [get_runs address_LUT_synth_1]
get_property NEEDS_REFRESH [get_runs address_LUT_synth_1]
get_property PROGRESS [get_runs address_LUT_synth_1]
get_property STATS.ELAPSED [get_runs address_LUT_synth_1]
get_property STATUS [get_runs axis_data_fifo_0_impl_1]
get_property NEEDS_REFRESH [get_runs axis_data_fifo_0_impl_1]
get_property PROGRESS [get_runs axis_data_fifo_0_impl_1]
get_property STATS.ELAPSED [get_runs axis_data_fifo_0_impl_1]
get_property STATUS [get_runs axis_data_fifo_0_synth_1]
get_property NEEDS_REFRESH [get_runs axis_data_fifo_0_synth_1]
get_property PROGRESS [get_runs axis_data_fifo_0_synth_1]
get_property STATS.ELAPSED [get_runs axis_data_fifo_0_synth_1]
get_property STATUS [get_runs axis_register_slice_fr_impl_1]
get_property NEEDS_REFRESH [get_runs axis_register_slice_fr_impl_1]
get_property PROGRESS [get_runs axis_register_slice_fr_impl_1]
get_property STATS.ELAPSED [get_runs axis_register_slice_fr_impl_1]
get_property STATUS [get_runs axis_register_slice_fr_synth_1]
get_property NEEDS_REFRESH [get_runs axis_register_slice_fr_synth_1]
get_property PROGRESS [get_runs axis_register_slice_fr_synth_1]
get_property STATS.ELAPSED [get_runs axis_register_slice_fr_synth_1]
get_property STATUS [get_runs crif_fifo_impl_1]
get_property NEEDS_REFRESH [get_runs crif_fifo_impl_1]
get_property PROGRESS [get_runs crif_fifo_impl_1]
get_property STATS.ELAPSED [get_runs crif_fifo_impl_1]
get_property STATUS [get_runs crif_fifo_synth_1]
get_property NEEDS_REFRESH [get_runs crif_fifo_synth_1]
get_property PROGRESS [get_runs crif_fifo_synth_1]
get_property STATS.ELAPSED [get_runs crif_fifo_synth_1]
get_property STATUS [get_runs distRAM_64x12_impl_1]
get_property NEEDS_REFRESH [get_runs distRAM_64x12_impl_1]
get_property PROGRESS [get_runs distRAM_64x12_impl_1]
get_property STATS.ELAPSED [get_runs distRAM_64x12_impl_1]
get_property STATUS [get_runs distRAM_64x12_synth_1]
get_property NEEDS_REFRESH [get_runs distRAM_64x12_synth_1]
get_property PROGRESS [get_runs distRAM_64x12_synth_1]
get_property STATS.ELAPSED [get_runs distRAM_64x12_synth_1]
get_property STATUS [get_runs fir_compiler_0_impl_1]
get_property NEEDS_REFRESH [get_runs fir_compiler_0_impl_1]
get_property PROGRESS [get_runs fir_compiler_0_impl_1]
get_property STATS.ELAPSED [get_runs fir_compiler_0_impl_1]
get_property STATUS [get_runs fir_compiler_0_synth_1]
get_property NEEDS_REFRESH [get_runs fir_compiler_0_synth_1]
get_property PROGRESS [get_runs fir_compiler_0_synth_1]
get_property STATS.ELAPSED [get_runs fir_compiler_0_synth_1]
get_property STATUS [get_runs fmc0_8chan_9g6_impl_1]
get_property NEEDS_REFRESH [get_runs fmc0_8chan_9g6_impl_1]
get_property PROGRESS [get_runs fmc0_8chan_9g6_impl_1]
get_property STATS.ELAPSED [get_runs fmc0_8chan_9g6_impl_1]
get_property STATUS [get_runs fmc0_8chan_9g6_synth_1]
get_property NEEDS_REFRESH [get_runs fmc0_8chan_9g6_synth_1]
get_property PROGRESS [get_runs fmc0_8chan_9g6_synth_1]
get_property STATS.ELAPSED [get_runs fmc0_8chan_9g6_synth_1]
get_property STATUS [get_runs fmc0_8chan_9g6_vio_0_impl_1]
get_property NEEDS_REFRESH [get_runs fmc0_8chan_9g6_vio_0_impl_1]
get_property PROGRESS [get_runs fmc0_8chan_9g6_vio_0_impl_1]
get_property STATS.ELAPSED [get_runs fmc0_8chan_9g6_vio_0_impl_1]
get_property STATUS [get_runs fmc0_8chan_9g6_vio_0_synth_1]
get_property NEEDS_REFRESH [get_runs fmc0_8chan_9g6_vio_0_synth_1]
get_property PROGRESS [get_runs fmc0_8chan_9g6_vio_0_synth_1]
get_property STATS.ELAPSED [get_runs fmc0_8chan_9g6_vio_0_synth_1]
get_property STATUS [get_runs gig_ethernet_pcs_pma_basex_156_25_impl_1]
get_property NEEDS_REFRESH [get_runs gig_ethernet_pcs_pma_basex_156_25_impl_1]
get_property PROGRESS [get_runs gig_ethernet_pcs_pma_basex_156_25_impl_1]
get_property STATS.ELAPSED [get_runs gig_ethernet_pcs_pma_basex_156_25_impl_1]
get_property STATUS [get_runs gig_ethernet_pcs_pma_basex_156_25_synth_1]
get_property NEEDS_REFRESH [get_runs gig_ethernet_pcs_pma_basex_156_25_synth_1]
get_property PROGRESS [get_runs gig_ethernet_pcs_pma_basex_156_25_synth_1]
get_property STATS.ELAPSED [get_runs gig_ethernet_pcs_pma_basex_156_25_synth_1]
get_property STATUS [get_runs impl_1]
get_property NEEDS_REFRESH [get_runs impl_1]
get_property PROGRESS [get_runs impl_1]
get_property STATS.ELAPSED [get_runs impl_1]
get_property STATUS [get_runs synth_1]
get_property NEEDS_REFRESH [get_runs synth_1]
get_property PROGRESS [get_runs synth_1]
get_property STATS.ELAPSED [get_runs synth_1]
get_property STATUS [get_runs temac_gbe_v9_0_impl_1]
get_property NEEDS_REFRESH [get_runs temac_gbe_v9_0_impl_1]
get_property PROGRESS [get_runs temac_gbe_v9_0_impl_1]
get_property STATS.ELAPSED [get_runs temac_gbe_v9_0_impl_1]
get_property STATUS [get_runs temac_gbe_v9_0_synth_1]
get_property NEEDS_REFRESH [get_runs temac_gbe_v9_0_synth_1]
get_property PROGRESS [get_runs temac_gbe_v9_0_synth_1]
get_property STATS.ELAPSED [get_runs temac_gbe_v9_0_synth_1]
get_property STATUS [get_runs thFMch_input_fifo_impl_1]
get_property NEEDS_REFRESH [get_runs thFMch_input_fifo_impl_1]
get_property PROGRESS [get_runs thFMch_input_fifo_impl_1]
get_property STATS.ELAPSED [get_runs thFMch_input_fifo_impl_1]
get_property STATUS [get_runs thFMch_input_fifo_synth_1]
get_property NEEDS_REFRESH [get_runs thFMch_input_fifo_synth_1]
get_property PROGRESS [get_runs thFMch_input_fifo_synth_1]
get_property STATS.ELAPSED [get_runs thFMch_input_fifo_synth_1]
wait_on_run synth_1 -timeout 1
get_runs
get_property STATUS [get_runs Median_distRAM_64x12_impl_1]
get_property NEEDS_REFRESH [get_runs Median_distRAM_64x12_impl_1]
get_property PROGRESS [get_runs Median_distRAM_64x12_impl_1]
get_property STATS.ELAPSED [get_runs Median_distRAM_64x12_impl_1]
get_property STATUS [get_runs Median_distRAM_64x12_synth_1]
get_property NEEDS_REFRESH [get_runs Median_distRAM_64x12_synth_1]
get_property PROGRESS [get_runs Median_distRAM_64x12_synth_1]
get_property STATS.ELAPSED [get_runs Median_distRAM_64x12_synth_1]
get_property STATUS [get_runs RAM_2048x12_impl_1]
get_property NEEDS_REFRESH [get_runs RAM_2048x12_impl_1]
get_property PROGRESS [get_runs RAM_2048x12_impl_1]
get_property STATS.ELAPSED [get_runs RAM_2048x12_impl_1]
get_property STATUS [get_runs RAM_2048x12_synth_1]
get_property NEEDS_REFRESH [get_runs RAM_2048x12_synth_1]
get_property PROGRESS [get_runs RAM_2048x12_synth_1]
get_property STATS.ELAPSED [get_runs RAM_2048x12_synth_1]
get_property STATUS [get_runs address_LUT_impl_1]
get_property NEEDS_REFRESH [get_runs address_LUT_impl_1]
get_property PROGRESS [get_runs address_LUT_impl_1]
get_property STATS.ELAPSED [get_runs address_LUT_impl_1]
get_property STATUS [get_runs address_LUT_synth_1]
get_property NEEDS_REFRESH [get_runs address_LUT_synth_1]
get_property PROGRESS [get_runs address_LUT_synth_1]
get_property STATS.ELAPSED [get_runs address_LUT_synth_1]
get_property STATUS [get_runs axis_data_fifo_0_impl_1]
get_property NEEDS_REFRESH [get_runs axis_data_fifo_0_impl_1]
get_property PROGRESS [get_runs axis_data_fifo_0_impl_1]
get_property STATS.ELAPSED [get_runs axis_data_fifo_0_impl_1]
get_property STATUS [get_runs axis_data_fifo_0_synth_1]
get_property NEEDS_REFRESH [get_runs axis_data_fifo_0_synth_1]
get_property PROGRESS [get_runs axis_data_fifo_0_synth_1]
get_property STATS.ELAPSED [get_runs axis_data_fifo_0_synth_1]
get_property STATUS [get_runs axis_register_slice_fr_impl_1]
get_property NEEDS_REFRESH [get_runs axis_register_slice_fr_impl_1]
get_property PROGRESS [get_runs axis_register_slice_fr_impl_1]
get_property STATS.ELAPSED [get_runs axis_register_slice_fr_impl_1]
get_property STATUS [get_runs axis_register_slice_fr_synth_1]
get_property NEEDS_REFRESH [get_runs axis_register_slice_fr_synth_1]
get_property PROGRESS [get_runs axis_register_slice_fr_synth_1]
get_property STATS.ELAPSED [get_runs axis_register_slice_fr_synth_1]
get_property STATUS [get_runs crif_fifo_impl_1]
get_property NEEDS_REFRESH [get_runs crif_fifo_impl_1]
get_property PROGRESS [get_runs crif_fifo_impl_1]
get_property STATS.ELAPSED [get_runs crif_fifo_impl_1]
get_property STATUS [get_runs crif_fifo_synth_1]
get_property NEEDS_REFRESH [get_runs crif_fifo_synth_1]
get_property PROGRESS [get_runs crif_fifo_synth_1]
get_property STATS.ELAPSED [get_runs crif_fifo_synth_1]
get_property STATUS [get_runs distRAM_64x12_impl_1]
get_property NEEDS_REFRESH [get_runs distRAM_64x12_impl_1]
get_property PROGRESS [get_runs distRAM_64x12_impl_1]
get_property STATS.ELAPSED [get_runs distRAM_64x12_impl_1]
get_property STATUS [get_runs distRAM_64x12_synth_1]
get_property NEEDS_REFRESH [get_runs distRAM_64x12_synth_1]
get_property PROGRESS [get_runs distRAM_64x12_synth_1]
get_property STATS.ELAPSED [get_runs distRAM_64x12_synth_1]
get_property STATUS [get_runs fir_compiler_0_impl_1]
get_property NEEDS_REFRESH [get_runs fir_compiler_0_impl_1]
get_property PROGRESS [get_runs fir_compiler_0_impl_1]
get_property STATS.ELAPSED [get_runs fir_compiler_0_impl_1]
get_property STATUS [get_runs fir_compiler_0_synth_1]
get_property NEEDS_REFRESH [get_runs fir_compiler_0_synth_1]
get_property PROGRESS [get_runs fir_compiler_0_synth_1]
get_property STATS.ELAPSED [get_runs fir_compiler_0_synth_1]
get_property STATUS [get_runs fmc0_8chan_9g6_impl_1]
get_property NEEDS_REFRESH [get_runs fmc0_8chan_9g6_impl_1]
get_property PROGRESS [get_runs fmc0_8chan_9g6_impl_1]
get_property STATS.ELAPSED [get_runs fmc0_8chan_9g6_impl_1]
get_property STATUS [get_runs fmc0_8chan_9g6_synth_1]
get_property NEEDS_REFRESH [get_runs fmc0_8chan_9g6_synth_1]
get_property PROGRESS [get_runs fmc0_8chan_9g6_synth_1]
get_property STATS.ELAPSED [get_runs fmc0_8chan_9g6_synth_1]
get_property STATUS [get_runs fmc0_8chan_9g6_vio_0_impl_1]
get_property NEEDS_REFRESH [get_runs fmc0_8chan_9g6_vio_0_impl_1]
get_property PROGRESS [get_runs fmc0_8chan_9g6_vio_0_impl_1]
get_property STATS.ELAPSED [get_runs fmc0_8chan_9g6_vio_0_impl_1]
get_property STATUS [get_runs fmc0_8chan_9g6_vio_0_synth_1]
get_property NEEDS_REFRESH [get_runs fmc0_8chan_9g6_vio_0_synth_1]
get_property PROGRESS [get_runs fmc0_8chan_9g6_vio_0_synth_1]
get_property STATS.ELAPSED [get_runs fmc0_8chan_9g6_vio_0_synth_1]
get_property STATUS [get_runs gig_ethernet_pcs_pma_basex_156_25_impl_1]
get_property NEEDS_REFRESH [get_runs gig_ethernet_pcs_pma_basex_156_25_impl_1]
get_property PROGRESS [get_runs gig_ethernet_pcs_pma_basex_156_25_impl_1]
get_property STATS.ELAPSED [get_runs gig_ethernet_pcs_pma_basex_156_25_impl_1]
get_property STATUS [get_runs gig_ethernet_pcs_pma_basex_156_25_synth_1]
get_property NEEDS_REFRESH [get_runs gig_ethernet_pcs_pma_basex_156_25_synth_1]
get_property PROGRESS [get_runs gig_ethernet_pcs_pma_basex_156_25_synth_1]
get_property STATS.ELAPSED [get_runs gig_ethernet_pcs_pma_basex_156_25_synth_1]
get_property STATUS [get_runs impl_1]
get_property NEEDS_REFRESH [get_runs impl_1]
get_property PROGRESS [get_runs impl_1]
get_property STATS.ELAPSED [get_runs impl_1]
get_property STATUS [get_runs synth_1]
get_property NEEDS_REFRESH [get_runs synth_1]
get_property PROGRESS [get_runs synth_1]
get_property STATS.ELAPSED [get_runs synth_1]
get_property STATUS [get_runs temac_gbe_v9_0_impl_1]
get_property NEEDS_REFRESH [get_runs temac_gbe_v9_0_impl_1]
get_property PROGRESS [get_runs temac_gbe_v9_0_impl_1]
get_property STATS.ELAPSED [get_runs temac_gbe_v9_0_impl_1]
get_property STATUS [get_runs temac_gbe_v9_0_synth_1]
get_property NEEDS_REFRESH [get_runs temac_gbe_v9_0_synth_1]
get_property PROGRESS [get_runs temac_gbe_v9_0_synth_1]
get_property STATS.ELAPSED [get_runs temac_gbe_v9_0_synth_1]
get_property STATUS [get_runs thFMch_input_fifo_impl_1]
get_property NEEDS_REFRESH [get_runs thFMch_input_fifo_impl_1]
get_property PROGRESS [get_runs thFMch_input_fifo_impl_1]
get_property STATS.ELAPSED [get_runs thFMch_input_fifo_impl_1]
get_property STATUS [get_runs thFMch_input_fifo_synth_1]
get_property NEEDS_REFRESH [get_runs thFMch_input_fifo_synth_1]
get_property PROGRESS [get_runs thFMch_input_fifo_synth_1]
get_property STATS.ELAPSED [get_runs thFMch_input_fifo_synth_1]
wait_on_run synth_1 -timeout 1
get_runs
get_property STATUS [get_runs Median_distRAM_64x12_impl_1]
get_property NEEDS_REFRESH [get_runs Median_distRAM_64x12_impl_1]
get_property PROGRESS [get_runs Median_distRAM_64x12_impl_1]
get_property STATS.ELAPSED [get_runs Median_distRAM_64x12_impl_1]
get_property STATUS [get_runs Median_distRAM_64x12_synth_1]
get_property NEEDS_REFRESH [get_runs Median_distRAM_64x12_synth_1]
get_property PROGRESS [get_runs Median_distRAM_64x12_synth_1]
get_property STATS.ELAPSED [get_runs Median_distRAM_64x12_synth_1]
get_property STATUS [get_runs RAM_2048x12_impl_1]
get_property NEEDS_REFRESH [get_runs RAM_2048x12_impl_1]
get_property PROGRESS [get_runs RAM_2048x12_impl_1]
get_property STATS.ELAPSED [get_runs RAM_2048x12_impl_1]
get_property STATUS [get_runs RAM_2048x12_synth_1]
get_property NEEDS_REFRESH [get_runs RAM_2048x12_synth_1]
get_property PROGRESS [get_runs RAM_2048x12_synth_1]
get_property STATS.ELAPSED [get_runs RAM_2048x12_synth_1]
get_property STATUS [get_runs address_LUT_impl_1]
get_property NEEDS_REFRESH [get_runs address_LUT_impl_1]
get_property PROGRESS [get_runs address_LUT_impl_1]
get_property STATS.ELAPSED [get_runs address_LUT_impl_1]
get_property STATUS [get_runs address_LUT_synth_1]
get_property NEEDS_REFRESH [get_runs address_LUT_synth_1]
get_property PROGRESS [get_runs address_LUT_synth_1]
get_property STATS.ELAPSED [get_runs address_LUT_synth_1]
get_property STATUS [get_runs axis_data_fifo_0_impl_1]
get_property NEEDS_REFRESH [get_runs axis_data_fifo_0_impl_1]
get_property PROGRESS [get_runs axis_data_fifo_0_impl_1]
get_property STATS.ELAPSED [get_runs axis_data_fifo_0_impl_1]
get_property STATUS [get_runs axis_data_fifo_0_synth_1]
get_property NEEDS_REFRESH [get_runs axis_data_fifo_0_synth_1]
get_property PROGRESS [get_runs axis_data_fifo_0_synth_1]
get_property STATS.ELAPSED [get_runs axis_data_fifo_0_synth_1]
get_property STATUS [get_runs axis_register_slice_fr_impl_1]
get_property NEEDS_REFRESH [get_runs axis_register_slice_fr_impl_1]
get_property PROGRESS [get_runs axis_register_slice_fr_impl_1]
get_property STATS.ELAPSED [get_runs axis_register_slice_fr_impl_1]
get_property STATUS [get_runs axis_register_slice_fr_synth_1]
get_property NEEDS_REFRESH [get_runs axis_register_slice_fr_synth_1]
get_property PROGRESS [get_runs axis_register_slice_fr_synth_1]
get_property STATS.ELAPSED [get_runs axis_register_slice_fr_synth_1]
get_property STATUS [get_runs crif_fifo_impl_1]
get_property NEEDS_REFRESH [get_runs crif_fifo_impl_1]
get_property PROGRESS [get_runs crif_fifo_impl_1]
get_property STATS.ELAPSED [get_runs crif_fifo_impl_1]
get_property STATUS [get_runs crif_fifo_synth_1]
get_property NEEDS_REFRESH [get_runs crif_fifo_synth_1]
get_property PROGRESS [get_runs crif_fifo_synth_1]
get_property STATS.ELAPSED [get_runs crif_fifo_synth_1]
get_property STATUS [get_runs distRAM_64x12_impl_1]
get_property NEEDS_REFRESH [get_runs distRAM_64x12_impl_1]
get_property PROGRESS [get_runs distRAM_64x12_impl_1]
get_property STATS.ELAPSED [get_runs distRAM_64x12_impl_1]
get_property STATUS [get_runs distRAM_64x12_synth_1]
get_property NEEDS_REFRESH [get_runs distRAM_64x12_synth_1]
get_property PROGRESS [get_runs distRAM_64x12_synth_1]
get_property STATS.ELAPSED [get_runs distRAM_64x12_synth_1]
get_property STATUS [get_runs fir_compiler_0_impl_1]
get_property NEEDS_REFRESH [get_runs fir_compiler_0_impl_1]
get_property PROGRESS [get_runs fir_compiler_0_impl_1]
get_property STATS.ELAPSED [get_runs fir_compiler_0_impl_1]
get_property STATUS [get_runs fir_compiler_0_synth_1]
get_property NEEDS_REFRESH [get_runs fir_compiler_0_synth_1]
get_property PROGRESS [get_runs fir_compiler_0_synth_1]
get_property STATS.ELAPSED [get_runs fir_compiler_0_synth_1]
get_property STATUS [get_runs fmc0_8chan_9g6_impl_1]
get_property NEEDS_REFRESH [get_runs fmc0_8chan_9g6_impl_1]
get_property PROGRESS [get_runs fmc0_8chan_9g6_impl_1]
get_property STATS.ELAPSED [get_runs fmc0_8chan_9g6_impl_1]
get_property STATUS [get_runs fmc0_8chan_9g6_synth_1]
get_property NEEDS_REFRESH [get_runs fmc0_8chan_9g6_synth_1]
get_property PROGRESS [get_runs fmc0_8chan_9g6_synth_1]
get_property STATS.ELAPSED [get_runs fmc0_8chan_9g6_synth_1]
get_property STATUS [get_runs fmc0_8chan_9g6_vio_0_impl_1]
get_property NEEDS_REFRESH [get_runs fmc0_8chan_9g6_vio_0_impl_1]
get_property PROGRESS [get_runs fmc0_8chan_9g6_vio_0_impl_1]
get_property STATS.ELAPSED [get_runs fmc0_8chan_9g6_vio_0_impl_1]
get_property STATUS [get_runs fmc0_8chan_9g6_vio_0_synth_1]
get_property NEEDS_REFRESH [get_runs fmc0_8chan_9g6_vio_0_synth_1]
get_property PROGRESS [get_runs fmc0_8chan_9g6_vio_0_synth_1]
get_property STATS.ELAPSED [get_runs fmc0_8chan_9g6_vio_0_synth_1]
get_property STATUS [get_runs gig_ethernet_pcs_pma_basex_156_25_impl_1]
get_property NEEDS_REFRESH [get_runs gig_ethernet_pcs_pma_basex_156_25_impl_1]
get_property PROGRESS [get_runs gig_ethernet_pcs_pma_basex_156_25_impl_1]
get_property STATS.ELAPSED [get_runs gig_ethernet_pcs_pma_basex_156_25_impl_1]
get_property STATUS [get_runs gig_ethernet_pcs_pma_basex_156_25_synth_1]
get_property NEEDS_REFRESH [get_runs gig_ethernet_pcs_pma_basex_156_25_synth_1]
get_property PROGRESS [get_runs gig_ethernet_pcs_pma_basex_156_25_synth_1]
get_property STATS.ELAPSED [get_runs gig_ethernet_pcs_pma_basex_156_25_synth_1]
get_property STATUS [get_runs impl_1]
get_property NEEDS_REFRESH [get_runs impl_1]
get_property PROGRESS [get_runs impl_1]
get_property STATS.ELAPSED [get_runs impl_1]
get_property STATUS [get_runs synth_1]
get_property NEEDS_REFRESH [get_runs synth_1]
get_property PROGRESS [get_runs synth_1]
get_property STATS.ELAPSED [get_runs synth_1]
get_property STATUS [get_runs temac_gbe_v9_0_impl_1]
get_property NEEDS_REFRESH [get_runs temac_gbe_v9_0_impl_1]
get_property PROGRESS [get_runs temac_gbe_v9_0_impl_1]
get_property STATS.ELAPSED [get_runs temac_gbe_v9_0_impl_1]
get_property STATUS [get_runs temac_gbe_v9_0_synth_1]
get_property NEEDS_REFRESH [get_runs temac_gbe_v9_0_synth_1]
get_property PROGRESS [get_runs temac_gbe_v9_0_synth_1]
get_property STATS.ELAPSED [get_runs temac_gbe_v9_0_synth_1]
get_property STATUS [get_runs thFMch_input_fifo_impl_1]
get_property NEEDS_REFRESH [get_runs thFMch_input_fifo_impl_1]
get_property PROGRESS [get_runs thFMch_input_fifo_impl_1]
get_property STATS.ELAPSED [get_runs thFMch_input_fifo_impl_1]
get_property STATUS [get_runs thFMch_input_fifo_synth_1]
get_property NEEDS_REFRESH [get_runs thFMch_input_fifo_synth_1]
get_property PROGRESS [get_runs thFMch_input_fifo_synth_1]
get_property STATS.ELAPSED [get_runs thFMch_input_fifo_synth_1]
wait_on_run synth_1 -timeout 1
get_runs
get_property STATUS [get_runs Median_distRAM_64x12_impl_1]
get_property NEEDS_REFRESH [get_runs Median_distRAM_64x12_impl_1]
get_property PROGRESS [get_runs Median_distRAM_64x12_impl_1]
get_property STATS.ELAPSED [get_runs Median_distRAM_64x12_impl_1]
get_property STATUS [get_runs Median_distRAM_64x12_synth_1]
get_property NEEDS_REFRESH [get_runs Median_distRAM_64x12_synth_1]
get_property PROGRESS [get_runs Median_distRAM_64x12_synth_1]
get_property STATS.ELAPSED [get_runs Median_distRAM_64x12_synth_1]
get_property STATUS [get_runs RAM_2048x12_impl_1]
get_property NEEDS_REFRESH [get_runs RAM_2048x12_impl_1]
get_property PROGRESS [get_runs RAM_2048x12_impl_1]
get_property STATS.ELAPSED [get_runs RAM_2048x12_impl_1]
get_property STATUS [get_runs RAM_2048x12_synth_1]
get_property NEEDS_REFRESH [get_runs RAM_2048x12_synth_1]
get_property PROGRESS [get_runs RAM_2048x12_synth_1]
get_property STATS.ELAPSED [get_runs RAM_2048x12_synth_1]
get_property STATUS [get_runs address_LUT_impl_1]
get_property NEEDS_REFRESH [get_runs address_LUT_impl_1]
get_property PROGRESS [get_runs address_LUT_impl_1]
get_property STATS.ELAPSED [get_runs address_LUT_impl_1]
get_property STATUS [get_runs address_LUT_synth_1]
get_property NEEDS_REFRESH [get_runs address_LUT_synth_1]
get_property PROGRESS [get_runs address_LUT_synth_1]
get_property STATS.ELAPSED [get_runs address_LUT_synth_1]
get_property STATUS [get_runs axis_data_fifo_0_impl_1]
get_property NEEDS_REFRESH [get_runs axis_data_fifo_0_impl_1]
get_property PROGRESS [get_runs axis_data_fifo_0_impl_1]
get_property STATS.ELAPSED [get_runs axis_data_fifo_0_impl_1]
get_property STATUS [get_runs axis_data_fifo_0_synth_1]
get_property NEEDS_REFRESH [get_runs axis_data_fifo_0_synth_1]
get_property PROGRESS [get_runs axis_data_fifo_0_synth_1]
get_property STATS.ELAPSED [get_runs axis_data_fifo_0_synth_1]
get_property STATUS [get_runs axis_register_slice_fr_impl_1]
get_property NEEDS_REFRESH [get_runs axis_register_slice_fr_impl_1]
get_property PROGRESS [get_runs axis_register_slice_fr_impl_1]
get_property STATS.ELAPSED [get_runs axis_register_slice_fr_impl_1]
get_property STATUS [get_runs axis_register_slice_fr_synth_1]
get_property NEEDS_REFRESH [get_runs axis_register_slice_fr_synth_1]
get_property PROGRESS [get_runs axis_register_slice_fr_synth_1]
get_property STATS.ELAPSED [get_runs axis_register_slice_fr_synth_1]
get_property STATUS [get_runs crif_fifo_impl_1]
get_property NEEDS_REFRESH [get_runs crif_fifo_impl_1]
get_property PROGRESS [get_runs crif_fifo_impl_1]
get_property STATS.ELAPSED [get_runs crif_fifo_impl_1]
get_property STATUS [get_runs crif_fifo_synth_1]
get_property NEEDS_REFRESH [get_runs crif_fifo_synth_1]
get_property PROGRESS [get_runs crif_fifo_synth_1]
get_property STATS.ELAPSED [get_runs crif_fifo_synth_1]
get_property STATUS [get_runs distRAM_64x12_impl_1]
get_property NEEDS_REFRESH [get_runs distRAM_64x12_impl_1]
get_property PROGRESS [get_runs distRAM_64x12_impl_1]
get_property STATS.ELAPSED [get_runs distRAM_64x12_impl_1]
get_property STATUS [get_runs distRAM_64x12_synth_1]
get_property NEEDS_REFRESH [get_runs distRAM_64x12_synth_1]
get_property PROGRESS [get_runs distRAM_64x12_synth_1]
get_property STATS.ELAPSED [get_runs distRAM_64x12_synth_1]
get_property STATUS [get_runs fir_compiler_0_impl_1]
get_property NEEDS_REFRESH [get_runs fir_compiler_0_impl_1]
get_property PROGRESS [get_runs fir_compiler_0_impl_1]
get_property STATS.ELAPSED [get_runs fir_compiler_0_impl_1]
get_property STATUS [get_runs fir_compiler_0_synth_1]
get_property NEEDS_REFRESH [get_runs fir_compiler_0_synth_1]
get_property PROGRESS [get_runs fir_compiler_0_synth_1]
get_property STATS.ELAPSED [get_runs fir_compiler_0_synth_1]
get_property STATUS [get_runs fmc0_8chan_9g6_impl_1]
get_property NEEDS_REFRESH [get_runs fmc0_8chan_9g6_impl_1]
get_property PROGRESS [get_runs fmc0_8chan_9g6_impl_1]
get_property STATS.ELAPSED [get_runs fmc0_8chan_9g6_impl_1]
get_property STATUS [get_runs fmc0_8chan_9g6_synth_1]
get_property NEEDS_REFRESH [get_runs fmc0_8chan_9g6_synth_1]
get_property PROGRESS [get_runs fmc0_8chan_9g6_synth_1]
get_property STATS.ELAPSED [get_runs fmc0_8chan_9g6_synth_1]
get_property STATUS [get_runs fmc0_8chan_9g6_vio_0_impl_1]
get_property NEEDS_REFRESH [get_runs fmc0_8chan_9g6_vio_0_impl_1]
get_property PROGRESS [get_runs fmc0_8chan_9g6_vio_0_impl_1]
get_property STATS.ELAPSED [get_runs fmc0_8chan_9g6_vio_0_impl_1]
get_property STATUS [get_runs fmc0_8chan_9g6_vio_0_synth_1]
get_property NEEDS_REFRESH [get_runs fmc0_8chan_9g6_vio_0_synth_1]
get_property PROGRESS [get_runs fmc0_8chan_9g6_vio_0_synth_1]
get_property STATS.ELAPSED [get_runs fmc0_8chan_9g6_vio_0_synth_1]
get_property STATUS [get_runs gig_ethernet_pcs_pma_basex_156_25_impl_1]
get_property NEEDS_REFRESH [get_runs gig_ethernet_pcs_pma_basex_156_25_impl_1]
get_property PROGRESS [get_runs gig_ethernet_pcs_pma_basex_156_25_impl_1]
get_property STATS.ELAPSED [get_runs gig_ethernet_pcs_pma_basex_156_25_impl_1]
get_property STATUS [get_runs gig_ethernet_pcs_pma_basex_156_25_synth_1]
get_property NEEDS_REFRESH [get_runs gig_ethernet_pcs_pma_basex_156_25_synth_1]
get_property PROGRESS [get_runs gig_ethernet_pcs_pma_basex_156_25_synth_1]
get_property STATS.ELAPSED [get_runs gig_ethernet_pcs_pma_basex_156_25_synth_1]
get_property STATUS [get_runs impl_1]
get_property NEEDS_REFRESH [get_runs impl_1]
get_property PROGRESS [get_runs impl_1]
get_property STATS.ELAPSED [get_runs impl_1]
get_property STATUS [get_runs synth_1]
get_property NEEDS_REFRESH [get_runs synth_1]
get_property PROGRESS [get_runs synth_1]
get_property STATS.ELAPSED [get_runs synth_1]
get_property STATUS [get_runs temac_gbe_v9_0_impl_1]
get_property NEEDS_REFRESH [get_runs temac_gbe_v9_0_impl_1]
get_property PROGRESS [get_runs temac_gbe_v9_0_impl_1]
get_property STATS.ELAPSED [get_runs temac_gbe_v9_0_impl_1]
get_property STATUS [get_runs temac_gbe_v9_0_synth_1]
get_property NEEDS_REFRESH [get_runs temac_gbe_v9_0_synth_1]
get_property PROGRESS [get_runs temac_gbe_v9_0_synth_1]
get_property STATS.ELAPSED [get_runs temac_gbe_v9_0_synth_1]
get_property STATUS [get_runs thFMch_input_fifo_impl_1]
get_property NEEDS_REFRESH [get_runs thFMch_input_fifo_impl_1]
get_property PROGRESS [get_runs thFMch_input_fifo_impl_1]
get_property STATS.ELAPSED [get_runs thFMch_input_fifo_impl_1]
get_property STATUS [get_runs thFMch_input_fifo_synth_1]
get_property NEEDS_REFRESH [get_runs thFMch_input_fifo_synth_1]
get_property PROGRESS [get_runs thFMch_input_fifo_synth_1]
get_property STATS.ELAPSED [get_runs thFMch_input_fifo_synth_1]
wait_on_run synth_1 -timeout 1
get_runs
get_property STATUS [get_runs Median_distRAM_64x12_impl_1]
get_property NEEDS_REFRESH [get_runs Median_distRAM_64x12_impl_1]
get_property PROGRESS [get_runs Median_distRAM_64x12_impl_1]
get_property STATS.ELAPSED [get_runs Median_distRAM_64x12_impl_1]
get_property STATUS [get_runs Median_distRAM_64x12_synth_1]
get_property NEEDS_REFRESH [get_runs Median_distRAM_64x12_synth_1]
get_property PROGRESS [get_runs Median_distRAM_64x12_synth_1]
get_property STATS.ELAPSED [get_runs Median_distRAM_64x12_synth_1]
get_property STATUS [get_runs RAM_2048x12_impl_1]
get_property NEEDS_REFRESH [get_runs RAM_2048x12_impl_1]
get_property PROGRESS [get_runs RAM_2048x12_impl_1]
get_property STATS.ELAPSED [get_runs RAM_2048x12_impl_1]
get_property STATUS [get_runs RAM_2048x12_synth_1]
get_property NEEDS_REFRESH [get_runs RAM_2048x12_synth_1]
get_property PROGRESS [get_runs RAM_2048x12_synth_1]
get_property STATS.ELAPSED [get_runs RAM_2048x12_synth_1]
get_property STATUS [get_runs address_LUT_impl_1]
get_property NEEDS_REFRESH [get_runs address_LUT_impl_1]
get_property PROGRESS [get_runs address_LUT_impl_1]
get_property STATS.ELAPSED [get_runs address_LUT_impl_1]
get_property STATUS [get_runs address_LUT_synth_1]
get_property NEEDS_REFRESH [get_runs address_LUT_synth_1]
get_property PROGRESS [get_runs address_LUT_synth_1]
get_property STATS.ELAPSED [get_runs address_LUT_synth_1]
get_property STATUS [get_runs axis_data_fifo_0_impl_1]
get_property NEEDS_REFRESH [get_runs axis_data_fifo_0_impl_1]
get_property PROGRESS [get_runs axis_data_fifo_0_impl_1]
get_property STATS.ELAPSED [get_runs axis_data_fifo_0_impl_1]
get_property STATUS [get_runs axis_data_fifo_0_synth_1]
get_property NEEDS_REFRESH [get_runs axis_data_fifo_0_synth_1]
get_property PROGRESS [get_runs axis_data_fifo_0_synth_1]
get_property STATS.ELAPSED [get_runs axis_data_fifo_0_synth_1]
get_property STATUS [get_runs axis_register_slice_fr_impl_1]
get_property NEEDS_REFRESH [get_runs axis_register_slice_fr_impl_1]
get_property PROGRESS [get_runs axis_register_slice_fr_impl_1]
get_property STATS.ELAPSED [get_runs axis_register_slice_fr_impl_1]
get_property STATUS [get_runs axis_register_slice_fr_synth_1]
get_property NEEDS_REFRESH [get_runs axis_register_slice_fr_synth_1]
get_property PROGRESS [get_runs axis_register_slice_fr_synth_1]
get_property STATS.ELAPSED [get_runs axis_register_slice_fr_synth_1]
get_property STATUS [get_runs crif_fifo_impl_1]
get_property NEEDS_REFRESH [get_runs crif_fifo_impl_1]
get_property PROGRESS [get_runs crif_fifo_impl_1]
get_property STATS.ELAPSED [get_runs crif_fifo_impl_1]
get_property STATUS [get_runs crif_fifo_synth_1]
get_property NEEDS_REFRESH [get_runs crif_fifo_synth_1]
get_property PROGRESS [get_runs crif_fifo_synth_1]
get_property STATS.ELAPSED [get_runs crif_fifo_synth_1]
get_property STATUS [get_runs distRAM_64x12_impl_1]
get_property NEEDS_REFRESH [get_runs distRAM_64x12_impl_1]
get_property PROGRESS [get_runs distRAM_64x12_impl_1]
get_property STATS.ELAPSED [get_runs distRAM_64x12_impl_1]
get_property STATUS [get_runs distRAM_64x12_synth_1]
get_property NEEDS_REFRESH [get_runs distRAM_64x12_synth_1]
get_property PROGRESS [get_runs distRAM_64x12_synth_1]
get_property STATS.ELAPSED [get_runs distRAM_64x12_synth_1]
get_property STATUS [get_runs fir_compiler_0_impl_1]
get_property NEEDS_REFRESH [get_runs fir_compiler_0_impl_1]
get_property PROGRESS [get_runs fir_compiler_0_impl_1]
get_property STATS.ELAPSED [get_runs fir_compiler_0_impl_1]
get_property STATUS [get_runs fir_compiler_0_synth_1]
get_property NEEDS_REFRESH [get_runs fir_compiler_0_synth_1]
get_property PROGRESS [get_runs fir_compiler_0_synth_1]
get_property STATS.ELAPSED [get_runs fir_compiler_0_synth_1]
get_property STATUS [get_runs fmc0_8chan_9g6_impl_1]
get_property NEEDS_REFRESH [get_runs fmc0_8chan_9g6_impl_1]
get_property PROGRESS [get_runs fmc0_8chan_9g6_impl_1]
get_property STATS.ELAPSED [get_runs fmc0_8chan_9g6_impl_1]
get_property STATUS [get_runs fmc0_8chan_9g6_synth_1]
get_property NEEDS_REFRESH [get_runs fmc0_8chan_9g6_synth_1]
get_property PROGRESS [get_runs fmc0_8chan_9g6_synth_1]
get_property STATS.ELAPSED [get_runs fmc0_8chan_9g6_synth_1]
get_property STATUS [get_runs fmc0_8chan_9g6_vio_0_impl_1]
get_property NEEDS_REFRESH [get_runs fmc0_8chan_9g6_vio_0_impl_1]
get_property PROGRESS [get_runs fmc0_8chan_9g6_vio_0_impl_1]
get_property STATS.ELAPSED [get_runs fmc0_8chan_9g6_vio_0_impl_1]
get_property STATUS [get_runs fmc0_8chan_9g6_vio_0_synth_1]
get_property NEEDS_REFRESH [get_runs fmc0_8chan_9g6_vio_0_synth_1]
quit
