#-----------------------------------------------------------
# Vivado v2018.3 (64-bit)
# SW Build 2405991 on Thu Dec  6 23:36:41 MST 2018
# IP Build 2404404 on Fri Dec  7 01:43:56 MST 2018
# Start of session at: Tue Dec  1 11:59:44 2020
# Process ID: 19532
# Current directory: /net/home/ppd/hmo31799/Documents/dune_project/ped_sub/tpg_core/proj/dataflowZCU102
# Command line: vivado -mode tcl -log vivado_synth.log -journal vivado_synth.jou
# Log file: /net/home/ppd/hmo31799/Documents/dune_project/ped_sub/tpg_core/proj/dataflowZCU102/vivado_synth.log
# Journal file: /net/home/ppd/hmo31799/Documents/dune_project/ped_sub/tpg_core/proj/dataflowZCU102/vivado_synth.jou
#-----------------------------------------------------------
current_project -quiet
open_project /net/home/ppd/hmo31799/Documents/dune_project/ped_sub/tpg_core/proj/dataflowZCU102/dataflowZCU102/dataflowZCU102.xpr
Scanning sources...
Finished scanning sources
INFO: [IP_Flow 19-234] Refreshing IP repositories
INFO: [IP_Flow 19-1704] No user IP repositories specified
INFO: [IP_Flow 19-2313] Loaded Vivado IP repository '/opt/ppd/tools/xilinx/Vivado/2018.3/data/ip'.
INFO: [Device 21-403] Loading part xczu9eg-ffvb1156-2-e
open_project: Time (s): cpu = 00:00:23 ; elapsed = 00:01:07 . Memory (MB): peak = 2490.762 ; gain = 1021.938 ; free physical = 1748 ; free virtual = 109571
dataflowZCU102
get_runs
synth_1 thFMch_input_fifo_synth_1 fmc0_8chan_9g6_synth_1 fmc0_8chan_9g6_vio_0_synth_1 crif_fifo_synth_1 axis_register_slice_fr_synth_1 RAM_2048x12_synth_1 distRAM_64x12_synth_1 Median_distRAM_64x12_synth_1 fir_compiler_0_synth_1 axis_data_fifo_0_synth_1 address_LUT_synth_1 gig_ethernet_pcs_pma_basex_156_25_synth_1 temac_gbe_v9_0_synth_1 impl_1 thFMch_input_fifo_impl_1 fmc0_8chan_9g6_impl_1 fmc0_8chan_9g6_vio_0_impl_1 crif_fifo_impl_1 axis_register_slice_fr_impl_1 RAM_2048x12_impl_1 distRAM_64x12_impl_1 Median_distRAM_64x12_impl_1 fir_compiler_0_impl_1 axis_data_fifo_0_impl_1 address_LUT_impl_1 gig_ethernet_pcs_pma_basex_156_25_impl_1 temac_gbe_v9_0_impl_1
get_property STATUS [get_runs Median_distRAM_64x12_impl_1]
Not started
get_property NEEDS_REFRESH [get_runs Median_distRAM_64x12_impl_1]
0
get_property PROGRESS [get_runs Median_distRAM_64x12_impl_1]
0%
get_property STATS.ELAPSED [get_runs Median_distRAM_64x12_impl_1]
00:00:00
get_property STATUS [get_runs Median_distRAM_64x12_synth_1]
Not started
get_property NEEDS_REFRESH [get_runs Median_distRAM_64x12_synth_1]
0
get_property PROGRESS [get_runs Median_distRAM_64x12_synth_1]
0%
get_property STATS.ELAPSED [get_runs Median_distRAM_64x12_synth_1]
00:00:00
get_property STATUS [get_runs RAM_2048x12_impl_1]
Not started
get_property NEEDS_REFRESH [get_runs RAM_2048x12_impl_1]
0
get_property PROGRESS [get_runs RAM_2048x12_impl_1]
0%
get_property STATS.ELAPSED [get_runs RAM_2048x12_impl_1]
00:00:00
get_property STATUS [get_runs RAM_2048x12_synth_1]
Not started
get_property NEEDS_REFRESH [get_runs RAM_2048x12_synth_1]
0
get_property PROGRESS [get_runs RAM_2048x12_synth_1]
0%
get_property STATS.ELAPSED [get_runs RAM_2048x12_synth_1]
00:00:00
get_property STATUS [get_runs address_LUT_impl_1]
Not started
get_property NEEDS_REFRESH [get_runs address_LUT_impl_1]
0
get_property PROGRESS [get_runs address_LUT_impl_1]
0%
get_property STATS.ELAPSED [get_runs address_LUT_impl_1]
00:00:00
get_property STATUS [get_runs address_LUT_synth_1]
Not started
get_property NEEDS_REFRESH [get_runs address_LUT_synth_1]
0
get_property PROGRESS [get_runs address_LUT_synth_1]
0%
get_property STATS.ELAPSED [get_runs address_LUT_synth_1]
00:00:00
get_property STATUS [get_runs axis_data_fifo_0_impl_1]
Not started
get_property NEEDS_REFRESH [get_runs axis_data_fifo_0_impl_1]
0
get_property PROGRESS [get_runs axis_data_fifo_0_impl_1]
0%
get_property STATS.ELAPSED [get_runs axis_data_fifo_0_impl_1]
00:00:00
get_property STATUS [get_runs axis_data_fifo_0_synth_1]
Not started
get_property NEEDS_REFRESH [get_runs axis_data_fifo_0_synth_1]
0
get_property PROGRESS [get_runs axis_data_fifo_0_synth_1]
0%
get_property STATS.ELAPSED [get_runs axis_data_fifo_0_synth_1]
00:00:00
get_property STATUS [get_runs axis_register_slice_fr_impl_1]
Not started
get_property NEEDS_REFRESH [get_runs axis_register_slice_fr_impl_1]
0
get_property PROGRESS [get_runs axis_register_slice_fr_impl_1]
0%
get_property STATS.ELAPSED [get_runs axis_register_slice_fr_impl_1]
00:00:00
get_property STATUS [get_runs axis_register_slice_fr_synth_1]
Not started
get_property NEEDS_REFRESH [get_runs axis_register_slice_fr_synth_1]
0
get_property PROGRESS [get_runs axis_register_slice_fr_synth_1]
0%
get_property STATS.ELAPSED [get_runs axis_register_slice_fr_synth_1]
00:00:00
get_property STATUS [get_runs crif_fifo_impl_1]
Not started
get_property NEEDS_REFRESH [get_runs crif_fifo_impl_1]
0
get_property PROGRESS [get_runs crif_fifo_impl_1]
0%
get_property STATS.ELAPSED [get_runs crif_fifo_impl_1]
00:00:00
get_property STATUS [get_runs crif_fifo_synth_1]
Not started
get_property NEEDS_REFRESH [get_runs crif_fifo_synth_1]
0
get_property PROGRESS [get_runs crif_fifo_synth_1]
0%
get_property STATS.ELAPSED [get_runs crif_fifo_synth_1]
00:00:00
get_property STATUS [get_runs distRAM_64x12_impl_1]
Not started
get_property NEEDS_REFRESH [get_runs distRAM_64x12_impl_1]
0
get_property PROGRESS [get_runs distRAM_64x12_impl_1]
0%
get_property STATS.ELAPSED [get_runs distRAM_64x12_impl_1]
00:00:00
get_property STATUS [get_runs distRAM_64x12_synth_1]
Not started
get_property NEEDS_REFRESH [get_runs distRAM_64x12_synth_1]
0
get_property PROGRESS [get_runs distRAM_64x12_synth_1]
0%
get_property STATS.ELAPSED [get_runs distRAM_64x12_synth_1]
00:00:00
get_property STATUS [get_runs fir_compiler_0_impl_1]
Not started
get_property NEEDS_REFRESH [get_runs fir_compiler_0_impl_1]
0
get_property PROGRESS [get_runs fir_compiler_0_impl_1]
0%
get_property STATS.ELAPSED [get_runs fir_compiler_0_impl_1]
00:00:00
get_property STATUS [get_runs fir_compiler_0_synth_1]
Not started
get_property NEEDS_REFRESH [get_runs fir_compiler_0_synth_1]
0
get_property PROGRESS [get_runs fir_compiler_0_synth_1]
0%
get_property STATS.ELAPSED [get_runs fir_compiler_0_synth_1]
00:00:00
get_property STATUS [get_runs fmc0_8chan_9g6_impl_1]
Not started
get_property NEEDS_REFRESH [get_runs fmc0_8chan_9g6_impl_1]
0
get_property PROGRESS [get_runs fmc0_8chan_9g6_impl_1]
0%
get_property STATS.ELAPSED [get_runs fmc0_8chan_9g6_impl_1]
00:00:00
get_property STATUS [get_runs fmc0_8chan_9g6_synth_1]
Not started
get_property NEEDS_REFRESH [get_runs fmc0_8chan_9g6_synth_1]
0
get_property PROGRESS [get_runs fmc0_8chan_9g6_synth_1]
0%
get_property STATS.ELAPSED [get_runs fmc0_8chan_9g6_synth_1]
00:00:00
get_property STATUS [get_runs fmc0_8chan_9g6_vio_0_impl_1]
Not started
get_property NEEDS_REFRESH [get_runs fmc0_8chan_9g6_vio_0_impl_1]
0
get_property PROGRESS [get_runs fmc0_8chan_9g6_vio_0_impl_1]
0%
get_property STATS.ELAPSED [get_runs fmc0_8chan_9g6_vio_0_impl_1]
00:00:00
get_property STATUS [get_runs fmc0_8chan_9g6_vio_0_synth_1]
Not started
get_property NEEDS_REFRESH [get_runs fmc0_8chan_9g6_vio_0_synth_1]
0
get_property PROGRESS [get_runs fmc0_8chan_9g6_vio_0_synth_1]
0%
get_property STATS.ELAPSED [get_runs fmc0_8chan_9g6_vio_0_synth_1]
00:00:00
get_property STATUS [get_runs gig_ethernet_pcs_pma_basex_156_25_impl_1]
Not started
get_property NEEDS_REFRESH [get_runs gig_ethernet_pcs_pma_basex_156_25_impl_1]
0
get_property PROGRESS [get_runs gig_ethernet_pcs_pma_basex_156_25_impl_1]
0%
get_property STATS.ELAPSED [get_runs gig_ethernet_pcs_pma_basex_156_25_impl_1]
00:00:00
get_property STATUS [get_runs gig_ethernet_pcs_pma_basex_156_25_synth_1]
Not started
get_property NEEDS_REFRESH [get_runs gig_ethernet_pcs_pma_basex_156_25_synth_1]
0
get_property PROGRESS [get_runs gig_ethernet_pcs_pma_basex_156_25_synth_1]
0%
get_property STATS.ELAPSED [get_runs gig_ethernet_pcs_pma_basex_156_25_synth_1]
00:00:00
get_property STATUS [get_runs impl_1]
Not started
get_property NEEDS_REFRESH [get_runs impl_1]
0
get_property PROGRESS [get_runs impl_1]
0%
get_property STATS.ELAPSED [get_runs impl_1]
00:00:00
get_property STATUS [get_runs synth_1]
Not started
get_property NEEDS_REFRESH [get_runs synth_1]
0
get_property PROGRESS [get_runs synth_1]
0%
get_property STATS.ELAPSED [get_runs synth_1]
00:00:00
get_property STATUS [get_runs temac_gbe_v9_0_impl_1]
Not started
get_property NEEDS_REFRESH [get_runs temac_gbe_v9_0_impl_1]
0
get_property PROGRESS [get_runs temac_gbe_v9_0_impl_1]
0%
get_property STATS.ELAPSED [get_runs temac_gbe_v9_0_impl_1]
00:00:00
get_property STATUS [get_runs temac_gbe_v9_0_synth_1]
Not started
get_property NEEDS_REFRESH [get_runs temac_gbe_v9_0_synth_1]
0
get_property PROGRESS [get_runs temac_gbe_v9_0_synth_1]
0%
get_property STATS.ELAPSED [get_runs temac_gbe_v9_0_synth_1]
00:00:00
get_property STATUS [get_runs thFMch_input_fifo_impl_1]
Not started
get_property NEEDS_REFRESH [get_runs thFMch_input_fifo_impl_1]
0
get_property PROGRESS [get_runs thFMch_input_fifo_impl_1]
0%
get_property STATS.ELAPSED [get_runs thFMch_input_fifo_impl_1]
00:00:00
get_property STATUS [get_runs thFMch_input_fifo_synth_1]
Not started
get_property NEEDS_REFRESH [get_runs thFMch_input_fifo_synth_1]
0
get_property PROGRESS [get_runs thFMch_input_fifo_synth_1]
0%
get_property STATS.ELAPSED [get_runs thFMch_input_fifo_synth_1]
00:00:00
reset_run synth_1
launch_runs synth_1 -jobs 4
INFO: [IP_Flow 19-1686] Generating 'Synthesis' target for IP 'thFMch_input_fifo'...
INFO: [IP_Flow 19-1686] Generating 'Synthesis' target for IP 'fmc0_8chan_9g6'...
INFO: [IP_Flow 19-1686] Generating 'Synthesis' target for IP 'fmc0_8chan_9g6_vio_0'...
INFO: [IP_Flow 19-1686] Generating 'Synthesis' target for IP 'crif_fifo'...
INFO: [IP_Flow 19-1686] Generating 'Synthesis' target for IP 'axis_register_slice_fr'...
INFO: [IP_Flow 19-1686] Generating 'Implementation' target for IP 'axis_register_slice_fr'...
INFO: [IP_Flow 19-1686] Generating 'Synthesis' target for IP 'RAM_2048x12'...
INFO: [IP_Flow 19-1686] Generating 'Synthesis' target for IP 'distRAM_64x12'...
INFO: [IP_Flow 19-1686] Generating 'Synthesis' target for IP 'Median_distRAM_64x12'...
INFO: [IP_Flow 19-1686] Generating 'Synthesis' target for IP 'fir_compiler_0'...
INFO: [IP_Flow 19-1686] Generating 'Synthesis' target for IP 'axis_data_fifo_0'...
INFO: [IP_Flow 19-1686] Generating 'Synthesis' target for IP 'address_LUT'...
INFO: [IP_Flow 19-1686] Generating 'Synthesis' target for IP 'gig_ethernet_pcs_pma_basex_156_25'...
INFO: [IP_Flow 19-1686] Generating 'Implementation' target for IP 'gig_ethernet_pcs_pma_basex_156_25'...
INFO: [IP_Flow 19-1686] Generating 'Synthesis' target for IP 'temac_gbe_v9_0'...
WARNING: [IP_Flow 19-650] IP license key 'eth_avb_endpoint@2015.04' is enabled with a Design_Linking license.
WARNING: [IP_Flow 19-650] IP license key 'eth_avb_endpoint@2015.04' is enabled with a Design_Linking license.
WARNING: [IP_Flow 19-650] IP license key 'tri_mode_eth_mac@2015.04' is enabled with a Design_Linking license.
WARNING: [IP_Flow 19-650] IP license key 'tri_mode_eth_mac@2015.04' is enabled with a Design_Linking license.
INFO: [IP_Flow 19-1686] Generating 'Implementation' target for IP 'temac_gbe_v9_0'...
[Tue Dec  1 12:02:04 2020] Launched thFMch_input_fifo_synth_1, fmc0_8chan_9g6_synth_1, fmc0_8chan_9g6_vio_0_synth_1, crif_fifo_synth_1, axis_register_slice_fr_synth_1, RAM_2048x12_synth_1, distRAM_64x12_synth_1, Median_distRAM_64x12_synth_1, fir_compiler_0_synth_1, axis_data_fifo_0_synth_1, address_LUT_synth_1, gig_ethernet_pcs_pma_basex_156_25_synth_1, temac_gbe_v9_0_synth_1...
Run output will be captured here:
thFMch_input_fifo_synth_1: /net/home/ppd/hmo31799/Documents/dune_project/ped_sub/tpg_core/proj/dataflowZCU102/dataflowZCU102/dataflowZCU102.runs/thFMch_input_fifo_synth_1/runme.log
fmc0_8chan_9g6_synth_1: /net/home/ppd/hmo31799/Documents/dune_project/ped_sub/tpg_core/proj/dataflowZCU102/dataflowZCU102/dataflowZCU102.runs/fmc0_8chan_9g6_synth_1/runme.log
fmc0_8chan_9g6_vio_0_synth_1: /net/home/ppd/hmo31799/Documents/dune_project/ped_sub/tpg_core/proj/dataflowZCU102/dataflowZCU102/dataflowZCU102.runs/fmc0_8chan_9g6_vio_0_synth_1/runme.log
crif_fifo_synth_1: /net/home/ppd/hmo31799/Documents/dune_project/ped_sub/tpg_core/proj/dataflowZCU102/dataflowZCU102/dataflowZCU102.runs/crif_fifo_synth_1/runme.log
axis_register_slice_fr_synth_1: /net/home/ppd/hmo31799/Documents/dune_project/ped_sub/tpg_core/proj/dataflowZCU102/dataflowZCU102/dataflowZCU102.runs/axis_register_slice_fr_synth_1/runme.log
RAM_2048x12_synth_1: /net/home/ppd/hmo31799/Documents/dune_project/ped_sub/tpg_core/proj/dataflowZCU102/dataflowZCU102/dataflowZCU102.runs/RAM_2048x12_synth_1/runme.log
distRAM_64x12_synth_1: /net/home/ppd/hmo31799/Documents/dune_project/ped_sub/tpg_core/proj/dataflowZCU102/dataflowZCU102/dataflowZCU102.runs/distRAM_64x12_synth_1/runme.log
Median_distRAM_64x12_synth_1: /net/home/ppd/hmo31799/Documents/dune_project/ped_sub/tpg_core/proj/dataflowZCU102/dataflowZCU102/dataflowZCU102.runs/Median_distRAM_64x12_synth_1/runme.log
fir_compiler_0_synth_1: /net/home/ppd/hmo31799/Documents/dune_project/ped_sub/tpg_core/proj/dataflowZCU102/dataflowZCU102/dataflowZCU102.runs/fir_compiler_0_synth_1/runme.log
axis_data_fifo_0_synth_1: /net/home/ppd/hmo31799/Documents/dune_project/ped_sub/tpg_core/proj/dataflowZCU102/dataflowZCU102/dataflowZCU102.runs/axis_data_fifo_0_synth_1/runme.log
address_LUT_synth_1: /net/home/ppd/hmo31799/Documents/dune_project/ped_sub/tpg_core/proj/dataflowZCU102/dataflowZCU102/dataflowZCU102.runs/address_LUT_synth_1/runme.log
gig_ethernet_pcs_pma_basex_156_25_synth_1: /net/home/ppd/hmo31799/Documents/dune_project/ped_sub/tpg_core/proj/dataflowZCU102/dataflowZCU102/dataflowZCU102.runs/gig_ethernet_pcs_pma_basex_156_25_synth_1/runme.log
temac_gbe_v9_0_synth_1: /net/home/ppd/hmo31799/Documents/dune_project/ped_sub/tpg_core/proj/dataflowZCU102/dataflowZCU102/dataflowZCU102.runs/temac_gbe_v9_0_synth_1/runme.log
[Tue Dec  1 12:02:04 2020] Launched synth_1...
Run output will be captured here: /net/home/ppd/hmo31799/Documents/dune_project/ped_sub/tpg_core/proj/dataflowZCU102/dataflowZCU102/dataflowZCU102.runs/synth_1/runme.log
launch_runs: Time (s): cpu = 00:00:16 ; elapsed = 00:00:57 . Memory (MB): peak = 2602.785 ; gain = 112.023 ; free physical = 1677 ; free virtual = 109620
get_runs
synth_1 thFMch_input_fifo_synth_1 fmc0_8chan_9g6_synth_1 fmc0_8chan_9g6_vio_0_synth_1 crif_fifo_synth_1 axis_register_slice_fr_synth_1 RAM_2048x12_synth_1 distRAM_64x12_synth_1 Median_distRAM_64x12_synth_1 fir_compiler_0_synth_1 axis_data_fifo_0_synth_1 address_LUT_synth_1 gig_ethernet_pcs_pma_basex_156_25_synth_1 temac_gbe_v9_0_synth_1 impl_1 thFMch_input_fifo_impl_1 fmc0_8chan_9g6_impl_1 fmc0_8chan_9g6_vio_0_impl_1 crif_fifo_impl_1 axis_register_slice_fr_impl_1 RAM_2048x12_impl_1 distRAM_64x12_impl_1 Median_distRAM_64x12_impl_1 fir_compiler_0_impl_1 axis_data_fifo_0_impl_1 address_LUT_impl_1 gig_ethernet_pcs_pma_basex_156_25_impl_1 temac_gbe_v9_0_impl_1
get_property STATUS [get_runs Median_distRAM_64x12_impl_1]
Not started
get_property NEEDS_REFRESH [get_runs Median_distRAM_64x12_impl_1]
0
get_property PROGRESS [get_runs Median_distRAM_64x12_impl_1]
0%
get_property STATS.ELAPSED [get_runs Median_distRAM_64x12_impl_1]
00:00:00
get_property STATUS [get_runs Median_distRAM_64x12_synth_1]
Queued...
get_property NEEDS_REFRESH [get_runs Median_distRAM_64x12_synth_1]
0
get_property PROGRESS [get_runs Median_distRAM_64x12_synth_1]
0%
get_property STATS.ELAPSED [get_runs Median_distRAM_64x12_synth_1]
00:00:00
get_property STATUS [get_runs RAM_2048x12_impl_1]
Not started
get_property NEEDS_REFRESH [get_runs RAM_2048x12_impl_1]
0
get_property PROGRESS [get_runs RAM_2048x12_impl_1]
0%
get_property STATS.ELAPSED [get_runs RAM_2048x12_impl_1]
00:00:00
get_property STATUS [get_runs RAM_2048x12_synth_1]
Queued...
get_property NEEDS_REFRESH [get_runs RAM_2048x12_synth_1]
0
get_property PROGRESS [get_runs RAM_2048x12_synth_1]
0%
get_property STATS.ELAPSED [get_runs RAM_2048x12_synth_1]
00:00:00
get_property STATUS [get_runs address_LUT_impl_1]
Not started
get_property NEEDS_REFRESH [get_runs address_LUT_impl_1]
0
get_property PROGRESS [get_runs address_LUT_impl_1]
0%
get_property STATS.ELAPSED [get_runs address_LUT_impl_1]
00:00:00
get_property STATUS [get_runs address_LUT_synth_1]
Queued...
get_property NEEDS_REFRESH [get_runs address_LUT_synth_1]
0
get_property PROGRESS [get_runs address_LUT_synth_1]
0%
get_property STATS.ELAPSED [get_runs address_LUT_synth_1]
00:00:00
get_property STATUS [get_runs axis_data_fifo_0_impl_1]
Not started
get_property NEEDS_REFRESH [get_runs axis_data_fifo_0_impl_1]
0
get_property PROGRESS [get_runs axis_data_fifo_0_impl_1]
0%
get_property STATS.ELAPSED [get_runs axis_data_fifo_0_impl_1]
00:00:00
get_property STATUS [get_runs axis_data_fifo_0_synth_1]
Queued...
get_property NEEDS_REFRESH [get_runs axis_data_fifo_0_synth_1]
0
get_property PROGRESS [get_runs axis_data_fifo_0_synth_1]
0%
get_property STATS.ELAPSED [get_runs axis_data_fifo_0_synth_1]
00:00:00
get_property STATUS [get_runs axis_register_slice_fr_impl_1]
Not started
get_property NEEDS_REFRESH [get_runs axis_register_slice_fr_impl_1]
0
get_property PROGRESS [get_runs axis_register_slice_fr_impl_1]
0%
get_property STATS.ELAPSED [get_runs axis_register_slice_fr_impl_1]
00:00:00
get_property STATUS [get_runs axis_register_slice_fr_synth_1]
Queued...
get_property NEEDS_REFRESH [get_runs axis_register_slice_fr_synth_1]
0
get_property PROGRESS [get_runs axis_register_slice_fr_synth_1]
0%
get_property STATS.ELAPSED [get_runs axis_register_slice_fr_synth_1]
00:00:00
get_property STATUS [get_runs crif_fifo_impl_1]
Not started
get_property NEEDS_REFRESH [get_runs crif_fifo_impl_1]
0
get_property PROGRESS [get_runs crif_fifo_impl_1]
0%
get_property STATS.ELAPSED [get_runs crif_fifo_impl_1]
00:00:00
get_property STATUS [get_runs crif_fifo_synth_1]
Running synth_design...
get_property NEEDS_REFRESH [get_runs crif_fifo_synth_1]
0
get_property PROGRESS [get_runs crif_fifo_synth_1]
0%
get_property STATS.ELAPSED [get_runs crif_fifo_synth_1]
00:00:00
get_property STATUS [get_runs distRAM_64x12_impl_1]
Not started
get_property NEEDS_REFRESH [get_runs distRAM_64x12_impl_1]
0
get_property PROGRESS [get_runs distRAM_64x12_impl_1]
0%
get_property STATS.ELAPSED [get_runs distRAM_64x12_impl_1]
00:00:00
get_property STATUS [get_runs distRAM_64x12_synth_1]
Queued...
get_property NEEDS_REFRESH [get_runs distRAM_64x12_synth_1]
0
get_property PROGRESS [get_runs distRAM_64x12_synth_1]
0%
get_property STATS.ELAPSED [get_runs distRAM_64x12_synth_1]
00:00:00
get_property STATUS [get_runs fir_compiler_0_impl_1]
Not started
get_property NEEDS_REFRESH [get_runs fir_compiler_0_impl_1]
0
get_property PROGRESS [get_runs fir_compiler_0_impl_1]
0%
get_property STATS.ELAPSED [get_runs fir_compiler_0_impl_1]
00:00:00
get_property STATUS [get_runs fir_compiler_0_synth_1]
Queued...
get_property NEEDS_REFRESH [get_runs fir_compiler_0_synth_1]
0
get_property PROGRESS [get_runs fir_compiler_0_synth_1]
0%
get_property STATS.ELAPSED [get_runs fir_compiler_0_synth_1]
00:00:00
get_property STATUS [get_runs fmc0_8chan_9g6_impl_1]
Not started
get_property NEEDS_REFRESH [get_runs fmc0_8chan_9g6_impl_1]
0
get_property PROGRESS [get_runs fmc0_8chan_9g6_impl_1]
0%
get_property STATS.ELAPSED [get_runs fmc0_8chan_9g6_impl_1]
00:00:00
get_property STATUS [get_runs fmc0_8chan_9g6_synth_1]
Running synth_design...
get_property NEEDS_REFRESH [get_runs fmc0_8chan_9g6_synth_1]
0
get_property PROGRESS [get_runs fmc0_8chan_9g6_synth_1]
0%
get_property STATS.ELAPSED [get_runs fmc0_8chan_9g6_synth_1]
00:00:00
get_property STATUS [get_runs fmc0_8chan_9g6_vio_0_impl_1]
Not started
get_property NEEDS_REFRESH [get_runs fmc0_8chan_9g6_vio_0_impl_1]
0
get_property PROGRESS [get_runs fmc0_8chan_9g6_vio_0_impl_1]
0%
get_property STATS.ELAPSED [get_runs fmc0_8chan_9g6_vio_0_impl_1]
00:00:00
get_property STATUS [get_runs fmc0_8chan_9g6_vio_0_synth_1]
Running synth_design...
get_property NEEDS_REFRESH [get_runs fmc0_8chan_9g6_vio_0_synth_1]
0
get_property PROGRESS [get_runs fmc0_8chan_9g6_vio_0_synth_1]
0%
get_property STATS.ELAPSED [get_runs fmc0_8chan_9g6_vio_0_synth_1]
00:00:00
get_property STATUS [get_runs gig_ethernet_pcs_pma_basex_156_25_impl_1]
Not started
get_property NEEDS_REFRESH [get_runs gig_ethernet_pcs_pma_basex_156_25_impl_1]
0
get_property PROGRESS [get_runs gig_ethernet_pcs_pma_basex_156_25_impl_1]
0%
get_property STATS.ELAPSED [get_runs gig_ethernet_pcs_pma_basex_156_25_impl_1]
00:00:00
get_property STATUS [get_runs gig_ethernet_pcs_pma_basex_156_25_synth_1]
Queued...
get_property NEEDS_REFRESH [get_runs gig_ethernet_pcs_pma_basex_156_25_synth_1]
0
get_property PROGRESS [get_runs gig_ethernet_pcs_pma_basex_156_25_synth_1]
0%
get_property STATS.ELAPSED [get_runs gig_ethernet_pcs_pma_basex_156_25_synth_1]
00:00:00
get_property STATUS [get_runs impl_1]
Not started
get_property NEEDS_REFRESH [get_runs impl_1]
0
get_property PROGRESS [get_runs impl_1]
0%
get_property STATS.ELAPSED [get_runs impl_1]
00:00:00
get_property STATUS [get_runs synth_1]
Queued...
get_property NEEDS_REFRESH [get_runs synth_1]
0
get_property PROGRESS [get_runs synth_1]
0%
get_property STATS.ELAPSED [get_runs synth_1]
00:00:00
get_property STATUS [get_runs temac_gbe_v9_0_impl_1]
Not started
get_property NEEDS_REFRESH [get_runs temac_gbe_v9_0_impl_1]
0
get_property PROGRESS [get_runs temac_gbe_v9_0_impl_1]
0%
get_property STATS.ELAPSED [get_runs temac_gbe_v9_0_impl_1]
00:00:00
get_property STATUS [get_runs temac_gbe_v9_0_synth_1]
Queued...
get_property NEEDS_REFRESH [get_runs temac_gbe_v9_0_synth_1]
0
get_property PROGRESS [get_runs temac_gbe_v9_0_synth_1]
0%
get_property STATS.ELAPSED [get_runs temac_gbe_v9_0_synth_1]
00:00:00
get_property STATUS [get_runs thFMch_input_fifo_impl_1]
Not started
get_property NEEDS_REFRESH [get_runs thFMch_input_fifo_impl_1]
0
get_property PROGRESS [get_runs thFMch_input_fifo_impl_1]
0%
get_property STATS.ELAPSED [get_runs thFMch_input_fifo_impl_1]
00:00:00
get_property STATUS [get_runs thFMch_input_fifo_synth_1]
Running synth_design...
get_property NEEDS_REFRESH [get_runs thFMch_input_fifo_synth_1]
0
get_property PROGRESS [get_runs thFMch_input_fifo_synth_1]
0%
get_property STATS.ELAPSED [get_runs thFMch_input_fifo_synth_1]
00:00:00
wait_on_run synth_1 -timeout 1
[Tue Dec  1 12:02:07 2020] Waiting for synth_1 to finish (timeout in 1 minute)...
[Tue Dec  1 12:03:09 2020] synth_1 timed out after 1 minute.
wait_on_run: Time (s): cpu = 00:00:00.17 ; elapsed = 00:01:02 . Memory (MB): peak = 2602.785 ; gain = 0.000 ; free physical = 2106 ; free virtual = 109419
get_runs
synth_1 thFMch_input_fifo_synth_1 fmc0_8chan_9g6_synth_1 fmc0_8chan_9g6_vio_0_synth_1 crif_fifo_synth_1 axis_register_slice_fr_synth_1 RAM_2048x12_synth_1 distRAM_64x12_synth_1 Median_distRAM_64x12_synth_1 fir_compiler_0_synth_1 axis_data_fifo_0_synth_1 address_LUT_synth_1 gig_ethernet_pcs_pma_basex_156_25_synth_1 temac_gbe_v9_0_synth_1 impl_1 thFMch_input_fifo_impl_1 fmc0_8chan_9g6_impl_1 fmc0_8chan_9g6_vio_0_impl_1 crif_fifo_impl_1 axis_register_slice_fr_impl_1 RAM_2048x12_impl_1 distRAM_64x12_impl_1 Median_distRAM_64x12_impl_1 fir_compiler_0_impl_1 axis_data_fifo_0_impl_1 address_LUT_impl_1 gig_ethernet_pcs_pma_basex_156_25_impl_1 temac_gbe_v9_0_impl_1
get_property STATUS [get_runs Median_distRAM_64x12_impl_1]
Not started
get_property NEEDS_REFRESH [get_runs Median_distRAM_64x12_impl_1]
0
get_property PROGRESS [get_runs Median_distRAM_64x12_impl_1]
0%
get_property STATS.ELAPSED [get_runs Median_distRAM_64x12_impl_1]
00:00:00
get_property STATUS [get_runs Median_distRAM_64x12_synth_1]
Running synth_design...
get_property NEEDS_REFRESH [get_runs Median_distRAM_64x12_synth_1]
0
get_property PROGRESS [get_runs Median_distRAM_64x12_synth_1]
0%
get_property STATS.ELAPSED [get_runs Median_distRAM_64x12_synth_1]
00:00:00
get_property STATUS [get_runs RAM_2048x12_impl_1]
Not started
get_property NEEDS_REFRESH [get_runs RAM_2048x12_impl_1]
0
get_property PROGRESS [get_runs RAM_2048x12_impl_1]
0%
get_property STATS.ELAPSED [get_runs RAM_2048x12_impl_1]
00:00:00
get_property STATUS [get_runs RAM_2048x12_synth_1]
synth_design ERROR
get_property NEEDS_REFRESH [get_runs RAM_2048x12_synth_1]
0
get_property PROGRESS [get_runs RAM_2048x12_synth_1]
0%
get_property STATS.ELAPSED [get_runs RAM_2048x12_synth_1]
00:00:26
get_property STATUS [get_runs address_LUT_impl_1]
Not started
get_property NEEDS_REFRESH [get_runs address_LUT_impl_1]
0
get_property PROGRESS [get_runs address_LUT_impl_1]
0%
get_property STATS.ELAPSED [get_runs address_LUT_impl_1]
00:00:00
get_property STATUS [get_runs address_LUT_synth_1]
synth_design ERROR
get_property NEEDS_REFRESH [get_runs address_LUT_synth_1]
0
get_property PROGRESS [get_runs address_LUT_synth_1]
0%
get_property STATS.ELAPSED [get_runs address_LUT_synth_1]
00:00:26
get_property STATUS [get_runs axis_data_fifo_0_impl_1]
Not started
get_property NEEDS_REFRESH [get_runs axis_data_fifo_0_impl_1]
0
get_property PROGRESS [get_runs axis_data_fifo_0_impl_1]
0%
get_property STATS.ELAPSED [get_runs axis_data_fifo_0_impl_1]
00:00:00
get_property STATUS [get_runs axis_data_fifo_0_synth_1]
Running synth_design...
get_property NEEDS_REFRESH [get_runs axis_data_fifo_0_synth_1]
0
get_property PROGRESS [get_runs axis_data_fifo_0_synth_1]
0%
get_property STATS.ELAPSED [get_runs axis_data_fifo_0_synth_1]
00:00:00
get_property STATUS [get_runs axis_register_slice_fr_impl_1]
Not started
get_property NEEDS_REFRESH [get_runs axis_register_slice_fr_impl_1]
0
get_property PROGRESS [get_runs axis_register_slice_fr_impl_1]
0%
get_property STATS.ELAPSED [get_runs axis_register_slice_fr_impl_1]
00:00:00
get_property STATUS [get_runs axis_register_slice_fr_synth_1]
synth_design ERROR
get_property NEEDS_REFRESH [get_runs axis_register_slice_fr_synth_1]
0
get_property PROGRESS [get_runs axis_register_slice_fr_synth_1]
0%
get_property STATS.ELAPSED [get_runs axis_register_slice_fr_synth_1]
00:00:27
get_property STATUS [get_runs crif_fifo_impl_1]
Not started
get_property NEEDS_REFRESH [get_runs crif_fifo_impl_1]
0
get_property PROGRESS [get_runs crif_fifo_impl_1]
0%
get_property STATS.ELAPSED [get_runs crif_fifo_impl_1]
00:00:00
get_property STATUS [get_runs crif_fifo_synth_1]
synth_design ERROR
get_property NEEDS_REFRESH [get_runs crif_fifo_synth_1]
0
get_property PROGRESS [get_runs crif_fifo_synth_1]
0%
get_property STATS.ELAPSED [get_runs crif_fifo_synth_1]
00:00:31
get_property STATUS [get_runs distRAM_64x12_impl_1]
Not started
get_property NEEDS_REFRESH [get_runs distRAM_64x12_impl_1]
0
get_property PROGRESS [get_runs distRAM_64x12_impl_1]
0%
get_property STATS.ELAPSED [get_runs distRAM_64x12_impl_1]
00:00:00
get_property STATUS [get_runs distRAM_64x12_synth_1]
Running synth_design...
get_property NEEDS_REFRESH [get_runs distRAM_64x12_synth_1]
0
get_property PROGRESS [get_runs distRAM_64x12_synth_1]
0%
get_property STATS.ELAPSED [get_runs distRAM_64x12_synth_1]
00:00:00
get_property STATUS [get_runs fir_compiler_0_impl_1]
Not started
get_property NEEDS_REFRESH [get_runs fir_compiler_0_impl_1]
0
get_property PROGRESS [get_runs fir_compiler_0_impl_1]
0%
get_property STATS.ELAPSED [get_runs fir_compiler_0_impl_1]
00:00:00
get_property STATUS [get_runs fir_compiler_0_synth_1]
Running synth_design...
get_property NEEDS_REFRESH [get_runs fir_compiler_0_synth_1]
0
get_property PROGRESS [get_runs fir_compiler_0_synth_1]
0%
get_property STATS.ELAPSED [get_runs fir_compiler_0_synth_1]
00:00:00
get_property STATUS [get_runs fmc0_8chan_9g6_impl_1]
Not started
get_property NEEDS_REFRESH [get_runs fmc0_8chan_9g6_impl_1]
0
get_property PROGRESS [get_runs fmc0_8chan_9g6_impl_1]
0%
get_property STATS.ELAPSED [get_runs fmc0_8chan_9g6_impl_1]
00:00:00
get_property STATUS [get_runs fmc0_8chan_9g6_synth_1]
synth_design ERROR
get_property NEEDS_REFRESH [get_runs fmc0_8chan_9g6_synth_1]
0
get_property PROGRESS [get_runs fmc0_8chan_9g6_synth_1]
0%
get_property STATS.ELAPSED [get_runs fmc0_8chan_9g6_synth_1]
00:00:31
get_property STATUS [get_runs fmc0_8chan_9g6_vio_0_impl_1]
Not started
get_property NEEDS_REFRESH [get_runs fmc0_8chan_9g6_vio_0_impl_1]
0
get_property PROGRESS [get_runs fmc0_8chan_9g6_vio_0_impl_1]
0%
get_property STATS.ELAPSED [get_runs fmc0_8chan_9g6_vio_0_impl_1]
00:00:00
get_property STATUS [get_runs fmc0_8chan_9g6_vio_0_synth_1]
synth_design ERROR
get_property NEEDS_REFRESH [get_runs fmc0_8chan_9g6_vio_0_synth_1]
0
get_property PROGRESS [get_runs fmc0_8chan_9g6_vio_0_synth_1]
0%
get_property STATS.ELAPSED [get_runs fmc0_8chan_9g6_vio_0_synth_1]
00:00:31
get_property STATUS [get_runs gig_ethernet_pcs_pma_basex_156_25_impl_1]
Not started
get_property NEEDS_REFRESH [get_runs gig_ethernet_pcs_pma_basex_156_25_impl_1]
0
get_property PROGRESS [get_runs gig_ethernet_pcs_pma_basex_156_25_impl_1]
0%
get_property STATS.ELAPSED [get_runs gig_ethernet_pcs_pma_basex_156_25_impl_1]
00:00:00
get_property STATUS [get_runs gig_ethernet_pcs_pma_basex_156_25_synth_1]
synth_design ERROR
get_property NEEDS_REFRESH [get_runs gig_ethernet_pcs_pma_basex_156_25_synth_1]
0
get_property PROGRESS [get_runs gig_ethernet_pcs_pma_basex_156_25_synth_1]
0%
get_property STATS.ELAPSED [get_runs gig_ethernet_pcs_pma_basex_156_25_synth_1]
00:00:26
get_property STATUS [get_runs impl_1]
Not started
get_property NEEDS_REFRESH [get_runs impl_1]
0
get_property PROGRESS [get_runs impl_1]
0%
get_property STATS.ELAPSED [get_runs impl_1]
00:00:00
get_property STATUS [get_runs synth_1]
Queued...
get_property NEEDS_REFRESH [get_runs synth_1]
0
get_property PROGRESS [get_runs synth_1]
0%
get_property STATS.ELAPSED [get_runs synth_1]
00:00:00
get_property STATUS [get_runs temac_gbe_v9_0_impl_1]
Not started
get_property NEEDS_REFRESH [get_runs temac_gbe_v9_0_impl_1]
0
get_property PROGRESS [get_runs temac_gbe_v9_0_impl_1]
0%
get_property STATS.ELAPSED [get_runs temac_gbe_v9_0_impl_1]
00:00:00
get_property STATUS [get_runs temac_gbe_v9_0_synth_1]
Queued...
get_property NEEDS_REFRESH [get_runs temac_gbe_v9_0_synth_1]
0
get_property PROGRESS [get_runs temac_gbe_v9_0_synth_1]
0%
get_property STATS.ELAPSED [get_runs temac_gbe_v9_0_synth_1]
00:00:00
get_property STATUS [get_runs thFMch_input_fifo_impl_1]
Not started
get_property NEEDS_REFRESH [get_runs thFMch_input_fifo_impl_1]
0
get_property PROGRESS [get_runs thFMch_input_fifo_impl_1]
0%
get_property STATS.ELAPSED [get_runs thFMch_input_fifo_impl_1]
00:00:00
get_property STATUS [get_runs thFMch_input_fifo_synth_1]
synth_design ERROR
get_property NEEDS_REFRESH [get_runs thFMch_input_fifo_synth_1]
0
get_property PROGRESS [get_runs thFMch_input_fifo_synth_1]
0%
get_property STATS.ELAPSED [get_runs thFMch_input_fifo_synth_1]
00:00:31
quit
INFO: [Common 17-206] Exiting Vivado at Tue Dec  1 12:03:11 2020...
