#-----------------------------------------------------------
# Vivado v2018.3 (64-bit)
# SW Build 2405991 on Thu Dec  6 23:36:41 MST 2018
# IP Build 2404404 on Fri Dec  7 01:43:56 MST 2018
# Start of session at: Tue Dec  8 18:32:13 2020
# Process ID: 20576
# Current directory: /net/home/ppd/hmo31799/Documents/dune_project/ped_sub/tpg_core/proj/dataflowZCU102
# Command line: vivado -mode tcl -log vivado_synth.log -journal vivado_synth.jou
# Log file: /net/home/ppd/hmo31799/Documents/dune_project/ped_sub/tpg_core/proj/dataflowZCU102/vivado_synth.log
# Journal file: /net/home/ppd/hmo31799/Documents/dune_project/ped_sub/tpg_core/proj/dataflowZCU102/vivado_synth.jou
#-----------------------------------------------------------
current_project -quiet
open_project /net/home/ppd/hmo31799/Documents/dune_project/ped_sub/tpg_core/proj/dataflowZCU102/dataflowZCU102/dataflowZCU102.xpr
Scanning sources...
Finished scanning sources
INFO: [IP_Flow 19-234] Refreshing IP repositories
INFO: [IP_Flow 19-1704] No user IP repositories specified
INFO: [IP_Flow 19-2313] Loaded Vivado IP repository '/opt/ppd/tools/xilinx/Vivado/2018.3/data/ip'.
INFO: [Device 21-403] Loading part xczu9eg-ffvb1156-2-e
open_project: Time (s): cpu = 00:00:31 ; elapsed = 00:01:25 . Memory (MB): peak = 2491.094 ; gain = 1049.531 ; free physical = 340 ; free virtual = 4748
dataflowZCU102
get_runs
synth_1 thFMch_input_fifo_synth_1 fmc0_8chan_9g6_synth_1 fmc0_8chan_9g6_vio_0_synth_1 crif_fifo_synth_1 axis_register_slice_fr_synth_1 RAM_2048x12_synth_1 distRAM_64x12_synth_1 Median_distRAM_64x12_synth_1 fir_compiler_0_synth_1 axis_data_fifo_0_synth_1 address_LUT_synth_1 gig_ethernet_pcs_pma_basex_156_25_synth_1 temac_gbe_v9_0_synth_1 impl_1 thFMch_input_fifo_impl_1 fmc0_8chan_9g6_impl_1 fmc0_8chan_9g6_vio_0_impl_1 crif_fifo_impl_1 axis_register_slice_fr_impl_1 RAM_2048x12_impl_1 distRAM_64x12_impl_1 Median_distRAM_64x12_impl_1 fir_compiler_0_impl_1 axis_data_fifo_0_impl_1 address_LUT_impl_1 gig_ethernet_pcs_pma_basex_156_25_impl_1 temac_gbe_v9_0_impl_1
get_property STATUS [get_runs Median_distRAM_64x12_impl_1]
Not started
get_property NEEDS_REFRESH [get_runs Median_distRAM_64x12_impl_1]
0
get_property PROGRESS [get_runs Median_distRAM_64x12_impl_1]
0%
get_property STATS.ELAPSED [get_runs Median_distRAM_64x12_impl_1]
00:00:00
get_property STATUS [get_runs Median_distRAM_64x12_synth_1]
Not started
get_property NEEDS_REFRESH [get_runs Median_distRAM_64x12_synth_1]
0
get_property PROGRESS [get_runs Median_distRAM_64x12_synth_1]
0%
get_property STATS.ELAPSED [get_runs Median_distRAM_64x12_synth_1]
00:00:00
get_property STATUS [get_runs RAM_2048x12_impl_1]
Not started
get_property NEEDS_REFRESH [get_runs RAM_2048x12_impl_1]
0
get_property PROGRESS [get_runs RAM_2048x12_impl_1]
0%
get_property STATS.ELAPSED [get_runs RAM_2048x12_impl_1]
00:00:00
get_property STATUS [get_runs RAM_2048x12_synth_1]
Not started
get_property NEEDS_REFRESH [get_runs RAM_2048x12_synth_1]
0
get_property PROGRESS [get_runs RAM_2048x12_synth_1]
0%
get_property STATS.ELAPSED [get_runs RAM_2048x12_synth_1]
00:00:00
get_property STATUS [get_runs address_LUT_impl_1]
Not started
get_property NEEDS_REFRESH [get_runs address_LUT_impl_1]
0
get_property PROGRESS [get_runs address_LUT_impl_1]
0%
get_property STATS.ELAPSED [get_runs address_LUT_impl_1]
00:00:00
get_property STATUS [get_runs address_LUT_synth_1]
Not started
get_property NEEDS_REFRESH [get_runs address_LUT_synth_1]
0
get_property PROGRESS [get_runs address_LUT_synth_1]
0%
get_property STATS.ELAPSED [get_runs address_LUT_synth_1]
00:00:00
get_property STATUS [get_runs axis_data_fifo_0_impl_1]
Not started
get_property NEEDS_REFRESH [get_runs axis_data_fifo_0_impl_1]
0
get_property PROGRESS [get_runs axis_data_fifo_0_impl_1]
0%
get_property STATS.ELAPSED [get_runs axis_data_fifo_0_impl_1]
00:00:00
get_property STATUS [get_runs axis_data_fifo_0_synth_1]
Not started
get_property NEEDS_REFRESH [get_runs axis_data_fifo_0_synth_1]
0
get_property PROGRESS [get_runs axis_data_fifo_0_synth_1]
0%
get_property STATS.ELAPSED [get_runs axis_data_fifo_0_synth_1]
00:00:00
get_property STATUS [get_runs axis_register_slice_fr_impl_1]
Not started
get_property NEEDS_REFRESH [get_runs axis_register_slice_fr_impl_1]
0
get_property PROGRESS [get_runs axis_register_slice_fr_impl_1]
0%
get_property STATS.ELAPSED [get_runs axis_register_slice_fr_impl_1]
00:00:00
get_property STATUS [get_runs axis_register_slice_fr_synth_1]
Not started
get_property NEEDS_REFRESH [get_runs axis_register_slice_fr_synth_1]
0
get_property PROGRESS [get_runs axis_register_slice_fr_synth_1]
0%
get_property STATS.ELAPSED [get_runs axis_register_slice_fr_synth_1]
00:00:00
get_property STATUS [get_runs crif_fifo_impl_1]
Not started
get_property NEEDS_REFRESH [get_runs crif_fifo_impl_1]
0
get_property PROGRESS [get_runs crif_fifo_impl_1]
0%
get_property STATS.ELAPSED [get_runs crif_fifo_impl_1]
00:00:00
get_property STATUS [get_runs crif_fifo_synth_1]
Not started
get_property NEEDS_REFRESH [get_runs crif_fifo_synth_1]
0
get_property PROGRESS [get_runs crif_fifo_synth_1]
0%
get_property STATS.ELAPSED [get_runs crif_fifo_synth_1]
00:00:00
get_property STATUS [get_runs distRAM_64x12_impl_1]
Not started
get_property NEEDS_REFRESH [get_runs distRAM_64x12_impl_1]
0
get_property PROGRESS [get_runs distRAM_64x12_impl_1]
0%
get_property STATS.ELAPSED [get_runs distRAM_64x12_impl_1]
00:00:00
get_property STATUS [get_runs distRAM_64x12_synth_1]
Not started
get_property NEEDS_REFRESH [get_runs distRAM_64x12_synth_1]
0
get_property PROGRESS [get_runs distRAM_64x12_synth_1]
0%
get_property STATS.ELAPSED [get_runs distRAM_64x12_synth_1]
00:00:00
get_property STATUS [get_runs fir_compiler_0_impl_1]
Not started
get_property NEEDS_REFRESH [get_runs fir_compiler_0_impl_1]
0
get_property PROGRESS [get_runs fir_compiler_0_impl_1]
0%
get_property STATS.ELAPSED [get_runs fir_compiler_0_impl_1]
00:00:00
get_property STATUS [get_runs fir_compiler_0_synth_1]
Not started
get_property NEEDS_REFRESH [get_runs fir_compiler_0_synth_1]
0
get_property PROGRESS [get_runs fir_compiler_0_synth_1]
0%
get_property STATS.ELAPSED [get_runs fir_compiler_0_synth_1]
00:00:00
get_property STATUS [get_runs fmc0_8chan_9g6_impl_1]
Not started
get_property NEEDS_REFRESH [get_runs fmc0_8chan_9g6_impl_1]
0
get_property PROGRESS [get_runs fmc0_8chan_9g6_impl_1]
0%
get_property STATS.ELAPSED [get_runs fmc0_8chan_9g6_impl_1]
00:00:00
get_property STATUS [get_runs fmc0_8chan_9g6_synth_1]
Not started
get_property NEEDS_REFRESH [get_runs fmc0_8chan_9g6_synth_1]
0
get_property PROGRESS [get_runs fmc0_8chan_9g6_synth_1]
0%
get_property STATS.ELAPSED [get_runs fmc0_8chan_9g6_synth_1]
00:00:00
get_property STATUS [get_runs fmc0_8chan_9g6_vio_0_impl_1]
Not started
get_property NEEDS_REFRESH [get_runs fmc0_8chan_9g6_vio_0_impl_1]
0
get_property PROGRESS [get_runs fmc0_8chan_9g6_vio_0_impl_1]
0%
get_property STATS.ELAPSED [get_runs fmc0_8chan_9g6_vio_0_impl_1]
00:00:00
get_property STATUS [get_runs fmc0_8chan_9g6_vio_0_synth_1]
Not started
get_property NEEDS_REFRESH [get_runs fmc0_8chan_9g6_vio_0_synth_1]
0
get_property PROGRESS [get_runs fmc0_8chan_9g6_vio_0_synth_1]
0%
get_property STATS.ELAPSED [get_runs fmc0_8chan_9g6_vio_0_synth_1]
00:00:00
get_property STATUS [get_runs gig_ethernet_pcs_pma_basex_156_25_impl_1]
Not started
get_property NEEDS_REFRESH [get_runs gig_ethernet_pcs_pma_basex_156_25_impl_1]
0
get_property PROGRESS [get_runs gig_ethernet_pcs_pma_basex_156_25_impl_1]
0%
get_property STATS.ELAPSED [get_runs gig_ethernet_pcs_pma_basex_156_25_impl_1]
00:00:00
get_property STATUS [get_runs gig_ethernet_pcs_pma_basex_156_25_synth_1]
Not started
get_property NEEDS_REFRESH [get_runs gig_ethernet_pcs_pma_basex_156_25_synth_1]
0
get_property PROGRESS [get_runs gig_ethernet_pcs_pma_basex_156_25_synth_1]
0%
get_property STATS.ELAPSED [get_runs gig_ethernet_pcs_pma_basex_156_25_synth_1]
00:00:00
get_property STATUS [get_runs impl_1]
Not started
get_property NEEDS_REFRESH [get_runs impl_1]
0
get_property PROGRESS [get_runs impl_1]
0%
get_property STATS.ELAPSED [get_runs impl_1]
00:00:00
get_property STATUS [get_runs synth_1]
Not started
get_property NEEDS_REFRESH [get_runs synth_1]
0
get_property PROGRESS [get_runs synth_1]
0%
get_property STATS.ELAPSED [get_runs synth_1]
00:00:00
get_property STATUS [get_runs temac_gbe_v9_0_impl_1]
Not started
get_property NEEDS_REFRESH [get_runs temac_gbe_v9_0_impl_1]
0
get_property PROGRESS [get_runs temac_gbe_v9_0_impl_1]
0%
get_property STATS.ELAPSED [get_runs temac_gbe_v9_0_impl_1]
00:00:00
get_property STATUS [get_runs temac_gbe_v9_0_synth_1]
Not started
get_property NEEDS_REFRESH [get_runs temac_gbe_v9_0_synth_1]
0
get_property PROGRESS [get_runs temac_gbe_v9_0_synth_1]
0%
get_property STATS.ELAPSED [get_runs temac_gbe_v9_0_synth_1]
00:00:00
get_property STATUS [get_runs thFMch_input_fifo_impl_1]
Not started
get_property NEEDS_REFRESH [get_runs thFMch_input_fifo_impl_1]
0
get_property PROGRESS [get_runs thFMch_input_fifo_impl_1]
0%
get_property STATS.ELAPSED [get_runs thFMch_input_fifo_impl_1]
00:00:00
get_property STATUS [get_runs thFMch_input_fifo_synth_1]
Not started
get_property NEEDS_REFRESH [get_runs thFMch_input_fifo_synth_1]
0
get_property PROGRESS [get_runs thFMch_input_fifo_synth_1]
0%
get_property STATS.ELAPSED [get_runs thFMch_input_fifo_synth_1]
00:00:00
reset_run synth_1
launch_runs synth_1 -jobs 4
INFO: [IP_Flow 19-1686] Generating 'Synthesis' target for IP 'thFMch_input_fifo'...
INFO: [IP_Flow 19-1686] Generating 'Synthesis' target for IP 'fmc0_8chan_9g6'...
INFO: [IP_Flow 19-1686] Generating 'Synthesis' target for IP 'fmc0_8chan_9g6_vio_0'...
INFO: [IP_Flow 19-1686] Generating 'Synthesis' target for IP 'crif_fifo'...
INFO: [IP_Flow 19-1686] Generating 'Synthesis' target for IP 'axis_register_slice_fr'...
INFO: [IP_Flow 19-1686] Generating 'Implementation' target for IP 'axis_register_slice_fr'...
INFO: [IP_Flow 19-1686] Generating 'Synthesis' target for IP 'RAM_2048x12'...
INFO: [IP_Flow 19-1686] Generating 'Synthesis' target for IP 'distRAM_64x12'...
INFO: [IP_Flow 19-1686] Generating 'Synthesis' target for IP 'Median_distRAM_64x12'...
INFO: [IP_Flow 19-1686] Generating 'Synthesis' target for IP 'fir_compiler_0'...
INFO: [IP_Flow 19-1686] Generating 'Synthesis' target for IP 'axis_data_fifo_0'...
INFO: [IP_Flow 19-1686] Generating 'Synthesis' target for IP 'address_LUT'...
INFO: [IP_Flow 19-1686] Generating 'Synthesis' target for IP 'gig_ethernet_pcs_pma_basex_156_25'...
INFO: [IP_Flow 19-1686] Generating 'Implementation' target for IP 'gig_ethernet_pcs_pma_basex_156_25'...
INFO: [IP_Flow 19-1686] Generating 'Synthesis' target for IP 'temac_gbe_v9_0'...
WARNING: [IP_Flow 19-650] IP license key 'eth_avb_endpoint@2015.04' is enabled with a Design_Linking license.
WARNING: [IP_Flow 19-650] IP license key 'eth_avb_endpoint@2015.04' is enabled with a Design_Linking license.
INFO: [IP_Flow 19-1686] Generating 'Implementation' target for IP 'temac_gbe_v9_0'...
[Tue Dec  8 18:34:44 2020] Launched thFMch_input_fifo_synth_1, fmc0_8chan_9g6_synth_1, fmc0_8chan_9g6_vio_0_synth_1, crif_fifo_synth_1, axis_register_slice_fr_synth_1, RAM_2048x12_synth_1, distRAM_64x12_synth_1, Median_distRAM_64x12_synth_1, fir_compiler_0_synth_1, axis_data_fifo_0_synth_1, address_LUT_synth_1, gig_ethernet_pcs_pma_basex_156_25_synth_1, temac_gbe_v9_0_synth_1...
Run output will be captured here:
thFMch_input_fifo_synth_1: /net/home/ppd/hmo31799/Documents/dune_project/ped_sub/tpg_core/proj/dataflowZCU102/dataflowZCU102/dataflowZCU102.runs/thFMch_input_fifo_synth_1/runme.log
fmc0_8chan_9g6_synth_1: /net/home/ppd/hmo31799/Documents/dune_project/ped_sub/tpg_core/proj/dataflowZCU102/dataflowZCU102/dataflowZCU102.runs/fmc0_8chan_9g6_synth_1/runme.log
fmc0_8chan_9g6_vio_0_synth_1: /net/home/ppd/hmo31799/Documents/dune_project/ped_sub/tpg_core/proj/dataflowZCU102/dataflowZCU102/dataflowZCU102.runs/fmc0_8chan_9g6_vio_0_synth_1/runme.log
crif_fifo_synth_1: /net/home/ppd/hmo31799/Documents/dune_project/ped_sub/tpg_core/proj/dataflowZCU102/dataflowZCU102/dataflowZCU102.runs/crif_fifo_synth_1/runme.log
axis_register_slice_fr_synth_1: /net/home/ppd/hmo31799/Documents/dune_project/ped_sub/tpg_core/proj/dataflowZCU102/dataflowZCU102/dataflowZCU102.runs/axis_register_slice_fr_synth_1/runme.log
RAM_2048x12_synth_1: /net/home/ppd/hmo31799/Documents/dune_project/ped_sub/tpg_core/proj/dataflowZCU102/dataflowZCU102/dataflowZCU102.runs/RAM_2048x12_synth_1/runme.log
distRAM_64x12_synth_1: /net/home/ppd/hmo31799/Documents/dune_project/ped_sub/tpg_core/proj/dataflowZCU102/dataflowZCU102/dataflowZCU102.runs/distRAM_64x12_synth_1/runme.log
Median_distRAM_64x12_synth_1: /net/home/ppd/hmo31799/Documents/dune_project/ped_sub/tpg_core/proj/dataflowZCU102/dataflowZCU102/dataflowZCU102.runs/Median_distRAM_64x12_synth_1/runme.log
fir_compiler_0_synth_1: /net/home/ppd/hmo31799/Documents/dune_project/ped_sub/tpg_core/proj/dataflowZCU102/dataflowZCU102/dataflowZCU102.runs/fir_compiler_0_synth_1/runme.log
axis_data_fifo_0_synth_1: /net/home/ppd/hmo31799/Documents/dune_project/ped_sub/tpg_core/proj/dataflowZCU102/dataflowZCU102/dataflowZCU102.runs/axis_data_fifo_0_synth_1/runme.log
address_LUT_synth_1: /net/home/ppd/hmo31799/Documents/dune_project/ped_sub/tpg_core/proj/dataflowZCU102/dataflowZCU102/dataflowZCU102.runs/address_LUT_synth_1/runme.log
gig_ethernet_pcs_pma_basex_156_25_synth_1: /net/home/ppd/hmo31799/Documents/dune_project/ped_sub/tpg_core/proj/dataflowZCU102/dataflowZCU102/dataflowZCU102.runs/gig_ethernet_pcs_pma_basex_156_25_synth_1/runme.log
temac_gbe_v9_0_synth_1: /net/home/ppd/hmo31799/Documents/dune_project/ped_sub/tpg_core/proj/dataflowZCU102/dataflowZCU102/dataflowZCU102.runs/temac_gbe_v9_0_synth_1/runme.log
[Tue Dec  8 18:34:45 2020] Launched synth_1...
Run output will be captured here: /net/home/ppd/hmo31799/Documents/dune_project/ped_sub/tpg_core/proj/dataflowZCU102/dataflowZCU102/dataflowZCU102.runs/synth_1/runme.log
launch_runs: Time (s): cpu = 00:00:17 ; elapsed = 00:00:51 . Memory (MB): peak = 2603.117 ; gain = 112.023 ; free physical = 160 ; free virtual = 4709
get_runs
synth_1 thFMch_input_fifo_synth_1 fmc0_8chan_9g6_synth_1 fmc0_8chan_9g6_vio_0_synth_1 crif_fifo_synth_1 axis_register_slice_fr_synth_1 RAM_2048x12_synth_1 distRAM_64x12_synth_1 Median_distRAM_64x12_synth_1 fir_compiler_0_synth_1 axis_data_fifo_0_synth_1 address_LUT_synth_1 gig_ethernet_pcs_pma_basex_156_25_synth_1 temac_gbe_v9_0_synth_1 impl_1 thFMch_input_fifo_impl_1 fmc0_8chan_9g6_impl_1 fmc0_8chan_9g6_vio_0_impl_1 crif_fifo_impl_1 axis_register_slice_fr_impl_1 RAM_2048x12_impl_1 distRAM_64x12_impl_1 Median_distRAM_64x12_impl_1 fir_compiler_0_impl_1 axis_data_fifo_0_impl_1 address_LUT_impl_1 gig_ethernet_pcs_pma_basex_156_25_impl_1 temac_gbe_v9_0_impl_1
get_property STATUS [get_runs Median_distRAM_64x12_impl_1]
Not started
get_property NEEDS_REFRESH [get_runs Median_distRAM_64x12_impl_1]
0
get_property PROGRESS [get_runs Median_distRAM_64x12_impl_1]
0%
get_property STATS.ELAPSED [get_runs Median_distRAM_64x12_impl_1]
00:00:00
get_property STATUS [get_runs Median_distRAM_64x12_synth_1]
Queued...
get_property NEEDS_REFRESH [get_runs Median_distRAM_64x12_synth_1]
0
get_property PROGRESS [get_runs Median_distRAM_64x12_synth_1]
0%
get_property STATS.ELAPSED [get_runs Median_distRAM_64x12_synth_1]
00:00:00
get_property STATUS [get_runs RAM_2048x12_impl_1]
Not started
get_property NEEDS_REFRESH [get_runs RAM_2048x12_impl_1]
0
get_property PROGRESS [get_runs RAM_2048x12_impl_1]
0%
get_property STATS.ELAPSED [get_runs RAM_2048x12_impl_1]
00:00:00
get_property STATUS [get_runs RAM_2048x12_synth_1]
Queued...
get_property NEEDS_REFRESH [get_runs RAM_2048x12_synth_1]
0
get_property PROGRESS [get_runs RAM_2048x12_synth_1]
0%
get_property STATS.ELAPSED [get_runs RAM_2048x12_synth_1]
00:00:00
get_property STATUS [get_runs address_LUT_impl_1]
Not started
get_property NEEDS_REFRESH [get_runs address_LUT_impl_1]
0
get_property PROGRESS [get_runs address_LUT_impl_1]
0%
get_property STATS.ELAPSED [get_runs address_LUT_impl_1]
00:00:00
get_property STATUS [get_runs address_LUT_synth_1]
Queued...
get_property NEEDS_REFRESH [get_runs address_LUT_synth_1]
0
get_property PROGRESS [get_runs address_LUT_synth_1]
0%
get_property STATS.ELAPSED [get_runs address_LUT_synth_1]
00:00:00
get_property STATUS [get_runs axis_data_fifo_0_impl_1]
Not started
get_property NEEDS_REFRESH [get_runs axis_data_fifo_0_impl_1]
0
get_property PROGRESS [get_runs axis_data_fifo_0_impl_1]
0%
get_property STATS.ELAPSED [get_runs axis_data_fifo_0_impl_1]
00:00:00
get_property STATUS [get_runs axis_data_fifo_0_synth_1]
Queued...
get_property NEEDS_REFRESH [get_runs axis_data_fifo_0_synth_1]
0
get_property PROGRESS [get_runs axis_data_fifo_0_synth_1]
0%
get_property STATS.ELAPSED [get_runs axis_data_fifo_0_synth_1]
00:00:00
get_property STATUS [get_runs axis_register_slice_fr_impl_1]
Not started
get_property NEEDS_REFRESH [get_runs axis_register_slice_fr_impl_1]
0
get_property PROGRESS [get_runs axis_register_slice_fr_impl_1]
0%
get_property STATS.ELAPSED [get_runs axis_register_slice_fr_impl_1]
00:00:00
get_property STATUS [get_runs axis_register_slice_fr_synth_1]
Queued...
get_property NEEDS_REFRESH [get_runs axis_register_slice_fr_synth_1]
0
get_property PROGRESS [get_runs axis_register_slice_fr_synth_1]
0%
get_property STATS.ELAPSED [get_runs axis_register_slice_fr_synth_1]
00:00:00
get_property STATUS [get_runs crif_fifo_impl_1]
Not started
get_property NEEDS_REFRESH [get_runs crif_fifo_impl_1]
0
get_property PROGRESS [get_runs crif_fifo_impl_1]
0%
get_property STATS.ELAPSED [get_runs crif_fifo_impl_1]
00:00:00
get_property STATUS [get_runs crif_fifo_synth_1]
Running synth_design...
get_property NEEDS_REFRESH [get_runs crif_fifo_synth_1]
0
get_property PROGRESS [get_runs crif_fifo_synth_1]
0%
get_property STATS.ELAPSED [get_runs crif_fifo_synth_1]
00:00:00
get_property STATUS [get_runs distRAM_64x12_impl_1]
Not started
get_property NEEDS_REFRESH [get_runs distRAM_64x12_impl_1]
0
get_property PROGRESS [get_runs distRAM_64x12_impl_1]
0%
get_property STATS.ELAPSED [get_runs distRAM_64x12_impl_1]
00:00:00
get_property STATUS [get_runs distRAM_64x12_synth_1]
Queued...
get_property NEEDS_REFRESH [get_runs distRAM_64x12_synth_1]
0
get_property PROGRESS [get_runs distRAM_64x12_synth_1]
0%
get_property STATS.ELAPSED [get_runs distRAM_64x12_synth_1]
00:00:00
get_property STATUS [get_runs fir_compiler_0_impl_1]
Not started
get_property NEEDS_REFRESH [get_runs fir_compiler_0_impl_1]
0
get_property PROGRESS [get_runs fir_compiler_0_impl_1]
0%
get_property STATS.ELAPSED [get_runs fir_compiler_0_impl_1]
00:00:00
get_property STATUS [get_runs fir_compiler_0_synth_1]
Queued...
get_property NEEDS_REFRESH [get_runs fir_compiler_0_synth_1]
0
get_property PROGRESS [get_runs fir_compiler_0_synth_1]
0%
get_property STATS.ELAPSED [get_runs fir_compiler_0_synth_1]
00:00:00
get_property STATUS [get_runs fmc0_8chan_9g6_impl_1]
Not started
get_property NEEDS_REFRESH [get_runs fmc0_8chan_9g6_impl_1]
0
get_property PROGRESS [get_runs fmc0_8chan_9g6_impl_1]
0%
get_property STATS.ELAPSED [get_runs fmc0_8chan_9g6_impl_1]
00:00:00
get_property STATUS [get_runs fmc0_8chan_9g6_synth_1]
Running synth_design...
get_property NEEDS_REFRESH [get_runs fmc0_8chan_9g6_synth_1]
0
get_property PROGRESS [get_runs fmc0_8chan_9g6_synth_1]
0%
get_property STATS.ELAPSED [get_runs fmc0_8chan_9g6_synth_1]
00:00:00
get_property STATUS [get_runs fmc0_8chan_9g6_vio_0_impl_1]
Not started
get_property NEEDS_REFRESH [get_runs fmc0_8chan_9g6_vio_0_impl_1]
0
get_property PROGRESS [get_runs fmc0_8chan_9g6_vio_0_impl_1]
0%
get_property STATS.ELAPSED [get_runs fmc0_8chan_9g6_vio_0_impl_1]
00:00:00
get_property STATUS [get_runs fmc0_8chan_9g6_vio_0_synth_1]
Running synth_design...
get_property NEEDS_REFRESH [get_runs fmc0_8chan_9g6_vio_0_synth_1]
0
get_property PROGRESS [get_runs fmc0_8chan_9g6_vio_0_synth_1]
0%
get_property STATS.ELAPSED [get_runs fmc0_8chan_9g6_vio_0_synth_1]
00:00:00
get_property STATUS [get_runs gig_ethernet_pcs_pma_basex_156_25_impl_1]
Not started
get_property NEEDS_REFRESH [get_runs gig_ethernet_pcs_pma_basex_156_25_impl_1]
0
get_property PROGRESS [get_runs gig_ethernet_pcs_pma_basex_156_25_impl_1]
0%
get_property STATS.ELAPSED [get_runs gig_ethernet_pcs_pma_basex_156_25_impl_1]
00:00:00
get_property STATUS [get_runs gig_ethernet_pcs_pma_basex_156_25_synth_1]
Queued...
get_property NEEDS_REFRESH [get_runs gig_ethernet_pcs_pma_basex_156_25_synth_1]
0
get_property PROGRESS [get_runs gig_ethernet_pcs_pma_basex_156_25_synth_1]
0%
get_property STATS.ELAPSED [get_runs gig_ethernet_pcs_pma_basex_156_25_synth_1]
00:00:00
get_property STATUS [get_runs impl_1]
Not started
get_property NEEDS_REFRESH [get_runs impl_1]
0
get_property PROGRESS [get_runs impl_1]
0%
get_property STATS.ELAPSED [get_runs impl_1]
00:00:00
get_property STATUS [get_runs synth_1]
Queued...
get_property NEEDS_REFRESH [get_runs synth_1]
0
get_property PROGRESS [get_runs synth_1]
0%
get_property STATS.ELAPSED [get_runs synth_1]
00:00:00
get_property STATUS [get_runs temac_gbe_v9_0_impl_1]
Not started
get_property NEEDS_REFRESH [get_runs temac_gbe_v9_0_impl_1]
0
get_property PROGRESS [get_runs temac_gbe_v9_0_impl_1]
0%
get_property STATS.ELAPSED [get_runs temac_gbe_v9_0_impl_1]
00:00:00
get_property STATUS [get_runs temac_gbe_v9_0_synth_1]
Queued...
get_property NEEDS_REFRESH [get_runs temac_gbe_v9_0_synth_1]
0
get_property PROGRESS [get_runs temac_gbe_v9_0_synth_1]
0%
get_property STATS.ELAPSED [get_runs temac_gbe_v9_0_synth_1]
00:00:00
get_property STATUS [get_runs thFMch_input_fifo_impl_1]
Not started
get_property NEEDS_REFRESH [get_runs thFMch_input_fifo_impl_1]
0
get_property PROGRESS [get_runs thFMch_input_fifo_impl_1]
0%
get_property STATS.ELAPSED [get_runs thFMch_input_fifo_impl_1]
00:00:00
get_property STATUS [get_runs thFMch_input_fifo_synth_1]
Running synth_design...
get_property NEEDS_REFRESH [get_runs thFMch_input_fifo_synth_1]
0
get_property PROGRESS [get_runs thFMch_input_fifo_synth_1]
0%
get_property STATS.ELAPSED [get_runs thFMch_input_fifo_synth_1]
00:00:00
wait_on_run synth_1 -timeout 1
[Tue Dec  8 18:34:47 2020] Waiting for synth_1 to finish (timeout in 1 minute)...
[Tue Dec  8 18:35:50 2020] synth_1 timed out after 1 minute.
wait_on_run: Time (s): cpu = 00:00:00.12 ; elapsed = 00:01:02 . Memory (MB): peak = 2603.117 ; gain = 0.000 ; free physical = 125 ; free virtual = 3773
get_runs
synth_1 thFMch_input_fifo_synth_1 fmc0_8chan_9g6_synth_1 fmc0_8chan_9g6_vio_0_synth_1 crif_fifo_synth_1 axis_register_slice_fr_synth_1 RAM_2048x12_synth_1 distRAM_64x12_synth_1 Median_distRAM_64x12_synth_1 fir_compiler_0_synth_1 axis_data_fifo_0_synth_1 address_LUT_synth_1 gig_ethernet_pcs_pma_basex_156_25_synth_1 temac_gbe_v9_0_synth_1 impl_1 thFMch_input_fifo_impl_1 fmc0_8chan_9g6_impl_1 fmc0_8chan_9g6_vio_0_impl_1 crif_fifo_impl_1 axis_register_slice_fr_impl_1 RAM_2048x12_impl_1 distRAM_64x12_impl_1 Median_distRAM_64x12_impl_1 fir_compiler_0_impl_1 axis_data_fifo_0_impl_1 address_LUT_impl_1 gig_ethernet_pcs_pma_basex_156_25_impl_1 temac_gbe_v9_0_impl_1
get_property STATUS [get_runs Median_distRAM_64x12_impl_1]
Not started
get_property NEEDS_REFRESH [get_runs Median_distRAM_64x12_impl_1]
0
get_property PROGRESS [get_runs Median_distRAM_64x12_impl_1]
0%
get_property STATS.ELAPSED [get_runs Median_distRAM_64x12_impl_1]
00:00:00
get_property STATUS [get_runs Median_distRAM_64x12_synth_1]
Queued...
get_property NEEDS_REFRESH [get_runs Median_distRAM_64x12_synth_1]
0
get_property PROGRESS [get_runs Median_distRAM_64x12_synth_1]
0%
get_property STATS.ELAPSED [get_runs Median_distRAM_64x12_synth_1]
00:00:00
get_property STATUS [get_runs RAM_2048x12_impl_1]
Not started
get_property NEEDS_REFRESH [get_runs RAM_2048x12_impl_1]
0
get_property PROGRESS [get_runs RAM_2048x12_impl_1]
0%
get_property STATS.ELAPSED [get_runs RAM_2048x12_impl_1]
00:00:00
get_property STATUS [get_runs RAM_2048x12_synth_1]
Queued...
get_property NEEDS_REFRESH [get_runs RAM_2048x12_synth_1]
0
get_property PROGRESS [get_runs RAM_2048x12_synth_1]
0%
get_property STATS.ELAPSED [get_runs RAM_2048x12_synth_1]
00:00:00
get_property STATUS [get_runs address_LUT_impl_1]
Not started
get_property NEEDS_REFRESH [get_runs address_LUT_impl_1]
0
get_property PROGRESS [get_runs address_LUT_impl_1]
0%
get_property STATS.ELAPSED [get_runs address_LUT_impl_1]
00:00:00
get_property STATUS [get_runs address_LUT_synth_1]
Queued...
get_property NEEDS_REFRESH [get_runs address_LUT_synth_1]
0
get_property PROGRESS [get_runs address_LUT_synth_1]
0%
get_property STATS.ELAPSED [get_runs address_LUT_synth_1]
00:00:00
get_property STATUS [get_runs axis_data_fifo_0_impl_1]
Not started
get_property NEEDS_REFRESH [get_runs axis_data_fifo_0_impl_1]
0
get_property PROGRESS [get_runs axis_data_fifo_0_impl_1]
0%
get_property STATS.ELAPSED [get_runs axis_data_fifo_0_impl_1]
00:00:00
get_property STATUS [get_runs axis_data_fifo_0_synth_1]
Queued...
get_property NEEDS_REFRESH [get_runs axis_data_fifo_0_synth_1]
0
get_property PROGRESS [get_runs axis_data_fifo_0_synth_1]
0%
get_property STATS.ELAPSED [get_runs axis_data_fifo_0_synth_1]
00:00:00
get_property STATUS [get_runs axis_register_slice_fr_impl_1]
Not started
get_property NEEDS_REFRESH [get_runs axis_register_slice_fr_impl_1]
0
get_property PROGRESS [get_runs axis_register_slice_fr_impl_1]
0%
get_property STATS.ELAPSED [get_runs axis_register_slice_fr_impl_1]
00:00:00
get_property STATUS [get_runs axis_register_slice_fr_synth_1]
Queued...
get_property NEEDS_REFRESH [get_runs axis_register_slice_fr_synth_1]
0
get_property PROGRESS [get_runs axis_register_slice_fr_synth_1]
0%
get_property STATS.ELAPSED [get_runs axis_register_slice_fr_synth_1]
00:00:00
get_property STATUS [get_runs crif_fifo_impl_1]
Not started
get_property NEEDS_REFRESH [get_runs crif_fifo_impl_1]
0
get_property PROGRESS [get_runs crif_fifo_impl_1]
0%
get_property STATS.ELAPSED [get_runs crif_fifo_impl_1]
00:00:00
get_property STATUS [get_runs crif_fifo_synth_1]
Running synth_design...
get_property NEEDS_REFRESH [get_runs crif_fifo_synth_1]
0
get_property PROGRESS [get_runs crif_fifo_synth_1]
0%
get_property STATS.ELAPSED [get_runs crif_fifo_synth_1]
00:00:49
get_property STATUS [get_runs distRAM_64x12_impl_1]
Not started
get_property NEEDS_REFRESH [get_runs distRAM_64x12_impl_1]
0
get_property PROGRESS [get_runs distRAM_64x12_impl_1]
0%
get_property STATS.ELAPSED [get_runs distRAM_64x12_impl_1]
00:00:00
get_property STATUS [get_runs distRAM_64x12_synth_1]
Queued...
get_property NEEDS_REFRESH [get_runs distRAM_64x12_synth_1]
0
get_property PROGRESS [get_runs distRAM_64x12_synth_1]
0%
get_property STATS.ELAPSED [get_runs distRAM_64x12_synth_1]
00:00:00
get_property STATUS [get_runs fir_compiler_0_impl_1]
Not started
get_property NEEDS_REFRESH [get_runs fir_compiler_0_impl_1]
0
get_property PROGRESS [get_runs fir_compiler_0_impl_1]
0%
get_property STATS.ELAPSED [get_runs fir_compiler_0_impl_1]
00:00:00
get_property STATUS [get_runs fir_compiler_0_synth_1]
Queued...
get_property NEEDS_REFRESH [get_runs fir_compiler_0_synth_1]
0
get_property PROGRESS [get_runs fir_compiler_0_synth_1]
0%
get_property STATS.ELAPSED [get_runs fir_compiler_0_synth_1]
00:00:00
get_property STATUS [get_runs fmc0_8chan_9g6_impl_1]
Not started
get_property NEEDS_REFRESH [get_runs fmc0_8chan_9g6_impl_1]
0
get_property PROGRESS [get_runs fmc0_8chan_9g6_impl_1]
0%
get_property STATS.ELAPSED [get_runs fmc0_8chan_9g6_impl_1]
00:00:00
get_property STATUS [get_runs fmc0_8chan_9g6_synth_1]
Running synth_design...
get_property NEEDS_REFRESH [get_runs fmc0_8chan_9g6_synth_1]
0
get_property PROGRESS [get_runs fmc0_8chan_9g6_synth_1]
0%
get_property STATS.ELAPSED [get_runs fmc0_8chan_9g6_synth_1]
00:00:49
get_property STATUS [get_runs fmc0_8chan_9g6_vio_0_impl_1]
Not started
get_property NEEDS_REFRESH [get_runs fmc0_8chan_9g6_vio_0_impl_1]
0
get_property PROGRESS [get_runs fmc0_8chan_9g6_vio_0_impl_1]
0%
get_property STATS.ELAPSED [get_runs fmc0_8chan_9g6_vio_0_impl_1]
00:00:00
get_property STATUS [get_runs fmc0_8chan_9g6_vio_0_synth_1]
Running synth_design...
get_property NEEDS_REFRESH [get_runs fmc0_8chan_9g6_vio_0_synth_1]
0
get_property PROGRESS [get_runs fmc0_8chan_9g6_vio_0_synth_1]
0%
get_property STATS.ELAPSED [get_runs fmc0_8chan_9g6_vio_0_synth_1]
00:00:49
get_property STATUS [get_runs gig_ethernet_pcs_pma_basex_156_25_impl_1]
Not started
get_property NEEDS_REFRESH [get_runs gig_ethernet_pcs_pma_basex_156_25_impl_1]
0
get_property PROGRESS [get_runs gig_ethernet_pcs_pma_basex_156_25_impl_1]
0%
get_property STATS.ELAPSED [get_runs gig_ethernet_pcs_pma_basex_156_25_impl_1]
00:00:00
get_property STATUS [get_runs gig_ethernet_pcs_pma_basex_156_25_synth_1]
Queued...
get_property NEEDS_REFRESH [get_runs gig_ethernet_pcs_pma_basex_156_25_synth_1]
0
get_property PROGRESS [get_runs gig_ethernet_pcs_pma_basex_156_25_synth_1]
0%
get_property STATS.ELAPSED [get_runs gig_ethernet_pcs_pma_basex_156_25_synth_1]
00:00:00
get_property STATUS [get_runs impl_1]
Not started
get_property NEEDS_REFRESH [get_runs impl_1]
0
get_property PROGRESS [get_runs impl_1]
0%
get_property STATS.ELAPSED [get_runs impl_1]
00:00:00
get_property STATUS [get_runs synth_1]
Queued...
get_property NEEDS_REFRESH [get_runs synth_1]
0
get_property PROGRESS [get_runs synth_1]
0%
get_property STATS.ELAPSED [get_runs synth_1]
00:00:00
get_property STATUS [get_runs temac_gbe_v9_0_impl_1]
Not started
get_property NEEDS_REFRESH [get_runs temac_gbe_v9_0_impl_1]
0
get_property PROGRESS [get_runs temac_gbe_v9_0_impl_1]
0%
get_property STATS.ELAPSED [get_runs temac_gbe_v9_0_impl_1]
00:00:00
get_property STATUS [get_runs temac_gbe_v9_0_synth_1]
Queued...
get_property NEEDS_REFRESH [get_runs temac_gbe_v9_0_synth_1]
0
get_property PROGRESS [get_runs temac_gbe_v9_0_synth_1]
0%
get_property STATS.ELAPSED [get_runs temac_gbe_v9_0_synth_1]
00:00:00
get_property STATUS [get_runs thFMch_input_fifo_impl_1]
Not started
get_property NEEDS_REFRESH [get_runs thFMch_input_fifo_impl_1]
0
get_property PROGRESS [get_runs thFMch_input_fifo_impl_1]
0%
get_property STATS.ELAPSED [get_runs thFMch_input_fifo_impl_1]
00:00:00
get_property STATUS [get_runs thFMch_input_fifo_synth_1]
Running synth_design...
get_property NEEDS_REFRESH [get_runs thFMch_input_fifo_synth_1]
0
get_property PROGRESS [get_runs thFMch_input_fifo_synth_1]
0%
get_property STATS.ELAPSED [get_runs thFMch_input_fifo_synth_1]
00:00:49
wait_on_run synth_1 -timeout 1
[Tue Dec  8 18:35:54 2020] Waiting for synth_1 to finish (timeout in 1 minute)...
[Tue Dec  8 18:36:58 2020] synth_1 timed out after 1 minute.
wait_on_run: Time (s): cpu = 00:00:00.14 ; elapsed = 00:01:04 . Memory (MB): peak = 2603.117 ; gain = 0.000 ; free physical = 114 ; free virtual = 3101
get_runs
synth_1 thFMch_input_fifo_synth_1 fmc0_8chan_9g6_synth_1 fmc0_8chan_9g6_vio_0_synth_1 crif_fifo_synth_1 axis_register_slice_fr_synth_1 RAM_2048x12_synth_1 distRAM_64x12_synth_1 Median_distRAM_64x12_synth_1 fir_compiler_0_synth_1 axis_data_fifo_0_synth_1 address_LUT_synth_1 gig_ethernet_pcs_pma_basex_156_25_synth_1 temac_gbe_v9_0_synth_1 impl_1 thFMch_input_fifo_impl_1 fmc0_8chan_9g6_impl_1 fmc0_8chan_9g6_vio_0_impl_1 crif_fifo_impl_1 axis_register_slice_fr_impl_1 RAM_2048x12_impl_1 distRAM_64x12_impl_1 Median_distRAM_64x12_impl_1 fir_compiler_0_impl_1 axis_data_fifo_0_impl_1 address_LUT_impl_1 gig_ethernet_pcs_pma_basex_156_25_impl_1 temac_gbe_v9_0_impl_1
get_property STATUS [get_runs Median_distRAM_64x12_impl_1]
Not started
get_property NEEDS_REFRESH [get_runs Median_distRAM_64x12_impl_1]
0
get_property PROGRESS [get_runs Median_distRAM_64x12_impl_1]
0%
get_property STATS.ELAPSED [get_runs Median_distRAM_64x12_impl_1]
00:00:00
get_property STATUS [get_runs Median_distRAM_64x12_synth_1]
Queued...
get_property NEEDS_REFRESH [get_runs Median_distRAM_64x12_synth_1]
0
get_property PROGRESS [get_runs Median_distRAM_64x12_synth_1]
0%
get_property STATS.ELAPSED [get_runs Median_distRAM_64x12_synth_1]
00:00:00
get_property STATUS [get_runs RAM_2048x12_impl_1]
Not started
get_property NEEDS_REFRESH [get_runs RAM_2048x12_impl_1]
0
get_property PROGRESS [get_runs RAM_2048x12_impl_1]
0%
get_property STATS.ELAPSED [get_runs RAM_2048x12_impl_1]
00:00:00
get_property STATUS [get_runs RAM_2048x12_synth_1]
Queued...
get_property NEEDS_REFRESH [get_runs RAM_2048x12_synth_1]
0
get_property PROGRESS [get_runs RAM_2048x12_synth_1]
0%
get_property STATS.ELAPSED [get_runs RAM_2048x12_synth_1]
00:00:00
get_property STATUS [get_runs address_LUT_impl_1]
Not started
get_property NEEDS_REFRESH [get_runs address_LUT_impl_1]
0
get_property PROGRESS [get_runs address_LUT_impl_1]
0%
get_property STATS.ELAPSED [get_runs address_LUT_impl_1]
00:00:00
get_property STATUS [get_runs address_LUT_synth_1]
Queued...
get_property NEEDS_REFRESH [get_runs address_LUT_synth_1]
0
get_property PROGRESS [get_runs address_LUT_synth_1]
0%
get_property STATS.ELAPSED [get_runs address_LUT_synth_1]
00:00:00
get_property STATUS [get_runs axis_data_fifo_0_impl_1]
Not started
get_property NEEDS_REFRESH [get_runs axis_data_fifo_0_impl_1]
0
get_property PROGRESS [get_runs axis_data_fifo_0_impl_1]
0%
get_property STATS.ELAPSED [get_runs axis_data_fifo_0_impl_1]
00:00:00
get_property STATUS [get_runs axis_data_fifo_0_synth_1]
Queued...
get_property NEEDS_REFRESH [get_runs axis_data_fifo_0_synth_1]
0
get_property PROGRESS [get_runs axis_data_fifo_0_synth_1]
0%
get_property STATS.ELAPSED [get_runs axis_data_fifo_0_synth_1]
00:00:00
get_property STATUS [get_runs axis_register_slice_fr_impl_1]
Not started
get_property NEEDS_REFRESH [get_runs axis_register_slice_fr_impl_1]
0
get_property PROGRESS [get_runs axis_register_slice_fr_impl_1]
0%
get_property STATS.ELAPSED [get_runs axis_register_slice_fr_impl_1]
00:00:00
get_property STATUS [get_runs axis_register_slice_fr_synth_1]
Queued...
get_property NEEDS_REFRESH [get_runs axis_register_slice_fr_synth_1]
0
get_property PROGRESS [get_runs axis_register_slice_fr_synth_1]
0%
get_property STATS.ELAPSED [get_runs axis_register_slice_fr_synth_1]
00:00:00
get_property STATUS [get_runs crif_fifo_impl_1]
Not started
get_property NEEDS_REFRESH [get_runs crif_fifo_impl_1]
0
get_property PROGRESS [get_runs crif_fifo_impl_1]
0%
get_property STATS.ELAPSED [get_runs crif_fifo_impl_1]
00:00:00
get_property STATUS [get_runs crif_fifo_synth_1]
Running synth_design...
get_property NEEDS_REFRESH [get_runs crif_fifo_synth_1]
0
get_property PROGRESS [get_runs crif_fifo_synth_1]
0%
get_property STATS.ELAPSED [get_runs crif_fifo_synth_1]
00:01:48
get_property STATUS [get_runs distRAM_64x12_impl_1]
Not started
get_property NEEDS_REFRESH [get_runs distRAM_64x12_impl_1]
0
get_property PROGRESS [get_runs distRAM_64x12_impl_1]
0%
get_property STATS.ELAPSED [get_runs distRAM_64x12_impl_1]
00:00:00
get_property STATUS [get_runs distRAM_64x12_synth_1]
Queued...
get_property NEEDS_REFRESH [get_runs distRAM_64x12_synth_1]
0
get_property PROGRESS [get_runs distRAM_64x12_synth_1]
0%
get_property STATS.ELAPSED [get_runs distRAM_64x12_synth_1]
00:00:00
get_property STATUS [get_runs fir_compiler_0_impl_1]
Not started
get_property NEEDS_REFRESH [get_runs fir_compiler_0_impl_1]
0
get_property PROGRESS [get_runs fir_compiler_0_impl_1]
0%
get_property STATS.ELAPSED [get_runs fir_compiler_0_impl_1]
00:00:00
get_property STATUS [get_runs fir_compiler_0_synth_1]
Queued...
get_property NEEDS_REFRESH [get_runs fir_compiler_0_synth_1]
0
get_property PROGRESS [get_runs fir_compiler_0_synth_1]
0%
get_property STATS.ELAPSED [get_runs fir_compiler_0_synth_1]
00:00:00
get_property STATUS [get_runs fmc0_8chan_9g6_impl_1]
Not started
get_property NEEDS_REFRESH [get_runs fmc0_8chan_9g6_impl_1]
0
get_property PROGRESS [get_runs fmc0_8chan_9g6_impl_1]
0%
get_property STATS.ELAPSED [get_runs fmc0_8chan_9g6_impl_1]
00:00:00
get_property STATUS [get_runs fmc0_8chan_9g6_synth_1]
Running synth_design...
get_property NEEDS_REFRESH [get_runs fmc0_8chan_9g6_synth_1]
0
get_property PROGRESS [get_runs fmc0_8chan_9g6_synth_1]
0%
get_property STATS.ELAPSED [get_runs fmc0_8chan_9g6_synth_1]
00:02:17
get_property STATUS [get_runs fmc0_8chan_9g6_vio_0_impl_1]
Not started
get_property NEEDS_REFRESH [get_runs fmc0_8chan_9g6_vio_0_impl_1]
0
get_property PROGRESS [get_runs fmc0_8chan_9g6_vio_0_impl_1]
0%
get_property STATS.ELAPSED [get_runs fmc0_8chan_9g6_vio_0_impl_1]
00:00:00
get_property STATUS [get_runs fmc0_8chan_9g6_vio_0_synth_1]
Running synth_design...
get_property NEEDS_REFRESH [get_runs fmc0_8chan_9g6_vio_0_synth_1]
0
get_property PROGRESS [get_runs fmc0_8chan_9g6_vio_0_synth_1]
0%
get_property STATS.ELAPSED [get_runs fmc0_8chan_9g6_vio_0_synth_1]
00:02:19
get_property STATUS [get_runs gig_ethernet_pcs_pma_basex_156_25_impl_1]
Not started
get_property NEEDS_REFRESH [get_runs gig_ethernet_pcs_pma_basex_156_25_impl_1]
0
get_property PROGRESS [get_runs gig_ethernet_pcs_pma_basex_156_25_impl_1]
0%
get_property STATS.ELAPSED [get_runs gig_ethernet_pcs_pma_basex_156_25_impl_1]
00:00:00
get_property STATUS [get_runs gig_ethernet_pcs_pma_basex_156_25_synth_1]
Queued...
get_property NEEDS_REFRESH [get_runs gig_ethernet_pcs_pma_basex_156_25_synth_1]
0
get_property PROGRESS [get_runs gig_ethernet_pcs_pma_basex_156_25_synth_1]
0%
get_property STATS.ELAPSED [get_runs gig_ethernet_pcs_pma_basex_156_25_synth_1]
00:00:00
get_property STATUS [get_runs impl_1]
Not started
get_property NEEDS_REFRESH [get_runs impl_1]
0
get_property PROGRESS [get_runs impl_1]
0%
get_property STATS.ELAPSED [get_runs impl_1]
00:00:00
get_property STATUS [get_runs synth_1]
Queued...
get_property NEEDS_REFRESH [get_runs synth_1]
0
get_property PROGRESS [get_runs synth_1]
0%
get_property STATS.ELAPSED [get_runs synth_1]
00:00:00
get_property STATUS [get_runs temac_gbe_v9_0_impl_1]
Not started
get_property NEEDS_REFRESH [get_runs temac_gbe_v9_0_impl_1]
0
get_property PROGRESS [get_runs temac_gbe_v9_0_impl_1]
0%
get_property STATS.ELAPSED [get_runs temac_gbe_v9_0_impl_1]
00:00:00
get_property STATUS [get_runs temac_gbe_v9_0_synth_1]
Queued...
get_property NEEDS_REFRESH [get_runs temac_gbe_v9_0_synth_1]
0
get_property PROGRESS [get_runs temac_gbe_v9_0_synth_1]
0%
get_property STATS.ELAPSED [get_runs temac_gbe_v9_0_synth_1]
00:00:00
get_property STATUS [get_runs thFMch_input_fifo_impl_1]
Not started
get_property NEEDS_REFRESH [get_runs thFMch_input_fifo_impl_1]
0
get_property PROGRESS [get_runs thFMch_input_fifo_impl_1]
0%
get_property STATS.ELAPSED [get_runs thFMch_input_fifo_impl_1]
00:00:00
get_property STATUS [get_runs thFMch_input_fifo_synth_1]
Running synth_design...
get_property NEEDS_REFRESH [get_runs thFMch_input_fifo_synth_1]
0
get_property PROGRESS [get_runs thFMch_input_fifo_synth_1]
0%
get_property STATS.ELAPSED [get_runs thFMch_input_fifo_synth_1]
00:01:48
wait_on_run synth_1 -timeout 1
[Tue Dec  8 18:37:09 2020] Waiting for synth_1 to finish (timeout in 1 minute)...
[Tue Dec  8 18:38:16 2020] synth_1 timed out after 1 minute.
wait_on_run: Time (s): cpu = 00:00:00.13 ; elapsed = 00:01:09 . Memory (MB): peak = 2603.117 ; gain = 0.000 ; free physical = 108 ; free virtual = 2628
get_runs
synth_1 thFMch_input_fifo_synth_1 fmc0_8chan_9g6_synth_1 fmc0_8chan_9g6_vio_0_synth_1 crif_fifo_synth_1 axis_register_slice_fr_synth_1 RAM_2048x12_synth_1 distRAM_64x12_synth_1 Median_distRAM_64x12_synth_1 fir_compiler_0_synth_1 axis_data_fifo_0_synth_1 address_LUT_synth_1 gig_ethernet_pcs_pma_basex_156_25_synth_1 temac_gbe_v9_0_synth_1 impl_1 thFMch_input_fifo_impl_1 fmc0_8chan_9g6_impl_1 fmc0_8chan_9g6_vio_0_impl_1 crif_fifo_impl_1 axis_register_slice_fr_impl_1 RAM_2048x12_impl_1 distRAM_64x12_impl_1 Median_distRAM_64x12_impl_1 fir_compiler_0_impl_1 axis_data_fifo_0_impl_1 address_LUT_impl_1 gig_ethernet_pcs_pma_basex_156_25_impl_1 temac_gbe_v9_0_impl_1
get_property STATUS [get_runs Median_distRAM_64x12_impl_1]
Not started
get_property NEEDS_REFRESH [get_runs Median_distRAM_64x12_impl_1]
0
get_property PROGRESS [get_runs Median_distRAM_64x12_impl_1]
0%
get_property STATS.ELAPSED [get_runs Median_distRAM_64x12_impl_1]
00:00:00
get_property STATUS [get_runs Median_distRAM_64x12_synth_1]
Queued...
get_property NEEDS_REFRESH [get_runs Median_distRAM_64x12_synth_1]
0
get_property PROGRESS [get_runs Median_distRAM_64x12_synth_1]
0%
get_property STATS.ELAPSED [get_runs Median_distRAM_64x12_synth_1]
00:00:00
get_property STATUS [get_runs RAM_2048x12_impl_1]
Not started
get_property NEEDS_REFRESH [get_runs RAM_2048x12_impl_1]
0
get_property PROGRESS [get_runs RAM_2048x12_impl_1]
0%
get_property STATS.ELAPSED [get_runs RAM_2048x12_impl_1]
00:00:00
get_property STATUS [get_runs RAM_2048x12_synth_1]
Queued...
get_property NEEDS_REFRESH [get_runs RAM_2048x12_synth_1]
0
get_property PROGRESS [get_runs RAM_2048x12_synth_1]
0%
get_property STATS.ELAPSED [get_runs RAM_2048x12_synth_1]
00:00:00
get_property STATUS [get_runs address_LUT_impl_1]
Not started
get_property NEEDS_REFRESH [get_runs address_LUT_impl_1]
0
get_property PROGRESS [get_runs address_LUT_impl_1]
0%
get_property STATS.ELAPSED [get_runs address_LUT_impl_1]
00:00:00
get_property STATUS [get_runs address_LUT_synth_1]
Queued...
get_property NEEDS_REFRESH [get_runs address_LUT_synth_1]
0
get_property PROGRESS [get_runs address_LUT_synth_1]
0%
get_property STATS.ELAPSED [get_runs address_LUT_synth_1]
00:00:00
get_property STATUS [get_runs axis_data_fifo_0_impl_1]
Not started
get_property NEEDS_REFRESH [get_runs axis_data_fifo_0_impl_1]
0
get_property PROGRESS [get_runs axis_data_fifo_0_impl_1]
0%
get_property STATS.ELAPSED [get_runs axis_data_fifo_0_impl_1]
00:00:00
get_property STATUS [get_runs axis_data_fifo_0_synth_1]
Queued...
get_property NEEDS_REFRESH [get_runs axis_data_fifo_0_synth_1]
0
get_property PROGRESS [get_runs axis_data_fifo_0_synth_1]
0%
get_property STATS.ELAPSED [get_runs axis_data_fifo_0_synth_1]
00:00:00
get_property STATUS [get_runs axis_register_slice_fr_impl_1]
Not started
get_property NEEDS_REFRESH [get_runs axis_register_slice_fr_impl_1]
0
get_property PROGRESS [get_runs axis_register_slice_fr_impl_1]
0%
get_property STATS.ELAPSED [get_runs axis_register_slice_fr_impl_1]
00:00:00
get_property STATUS [get_runs axis_register_slice_fr_synth_1]
Queued...
get_property NEEDS_REFRESH [get_runs axis_register_slice_fr_synth_1]
0
get_property PROGRESS [get_runs axis_register_slice_fr_synth_1]
0%
get_property STATS.ELAPSED [get_runs axis_register_slice_fr_synth_1]
00:00:00
get_property STATUS [get_runs crif_fifo_impl_1]
Not started
get_property NEEDS_REFRESH [get_runs crif_fifo_impl_1]
0
get_property PROGRESS [get_runs crif_fifo_impl_1]
0%
get_property STATS.ELAPSED [get_runs crif_fifo_impl_1]
00:00:00
get_property STATUS [get_runs crif_fifo_synth_1]
Running synth_design...
get_property NEEDS_REFRESH [get_runs crif_fifo_synth_1]
0
get_property PROGRESS [get_runs crif_fifo_synth_1]
0%
get_property STATS.ELAPSED [get_runs crif_fifo_synth_1]
00:01:48
get_property STATUS [get_runs distRAM_64x12_impl_1]
Not started
get_property NEEDS_REFRESH [get_runs distRAM_64x12_impl_1]
0
get_property PROGRESS [get_runs distRAM_64x12_impl_1]
0%
get_property STATS.ELAPSED [get_runs distRAM_64x12_impl_1]
00:00:00
get_property STATUS [get_runs distRAM_64x12_synth_1]
Queued...
get_property NEEDS_REFRESH [get_runs distRAM_64x12_synth_1]
0
get_property PROGRESS [get_runs distRAM_64x12_synth_1]
0%
get_property STATS.ELAPSED [get_runs distRAM_64x12_synth_1]
00:00:00
get_property STATUS [get_runs fir_compiler_0_impl_1]
Not started
get_property NEEDS_REFRESH [get_runs fir_compiler_0_impl_1]
0
get_property PROGRESS [get_runs fir_compiler_0_impl_1]
0%
get_property STATS.ELAPSED [get_runs fir_compiler_0_impl_1]
00:00:00
get_property STATUS [get_runs fir_compiler_0_synth_1]
Queued...
get_property NEEDS_REFRESH [get_runs fir_compiler_0_synth_1]
0
get_property PROGRESS [get_runs fir_compiler_0_synth_1]
0%
get_property STATS.ELAPSED [get_runs fir_compiler_0_synth_1]
00:00:00
get_property STATUS [get_runs fmc0_8chan_9g6_impl_1]
Not started
get_property NEEDS_REFRESH [get_runs fmc0_8chan_9g6_impl_1]
0
get_property PROGRESS [get_runs fmc0_8chan_9g6_impl_1]
0%
get_property STATS.ELAPSED [get_runs fmc0_8chan_9g6_impl_1]
00:00:00
get_property STATUS [get_runs fmc0_8chan_9g6_synth_1]
Running synth_design...
get_property NEEDS_REFRESH [get_runs fmc0_8chan_9g6_synth_1]
0
get_property PROGRESS [get_runs fmc0_8chan_9g6_synth_1]
0%
get_property STATS.ELAPSED [get_runs fmc0_8chan_9g6_synth_1]
00:02:17
get_property STATUS [get_runs fmc0_8chan_9g6_vio_0_impl_1]
Not started
get_property NEEDS_REFRESH [get_runs fmc0_8chan_9g6_vio_0_impl_1]
0
get_property PROGRESS [get_runs fmc0_8chan_9g6_vio_0_impl_1]
0%
get_property STATS.ELAPSED [get_runs fmc0_8chan_9g6_vio_0_impl_1]
00:00:00
get_property STATUS [get_runs fmc0_8chan_9g6_vio_0_synth_1]
Running synth_design...
get_property NEEDS_REFRESH [get_runs fmc0_8chan_9g6_vio_0_synth_1]
0
get_property PROGRESS [get_runs fmc0_8chan_9g6_vio_0_synth_1]
0%
get_property STATS.ELAPSED [get_runs fmc0_8chan_9g6_vio_0_synth_1]
00:02:43
get_property STATUS [get_runs gig_ethernet_pcs_pma_basex_156_25_impl_1]
Not started
get_property NEEDS_REFRESH [get_runs gig_ethernet_pcs_pma_basex_156_25_impl_1]
0
get_property PROGRESS [get_runs gig_ethernet_pcs_pma_basex_156_25_impl_1]
0%
get_property STATS.ELAPSED [get_runs gig_ethernet_pcs_pma_basex_156_25_impl_1]
00:00:00
get_property STATUS [get_runs gig_ethernet_pcs_pma_basex_156_25_synth_1]
Queued...
get_property NEEDS_REFRESH [get_runs gig_ethernet_pcs_pma_basex_156_25_synth_1]
0
get_property PROGRESS [get_runs gig_ethernet_pcs_pma_basex_156_25_synth_1]
0%
get_property STATS.ELAPSED [get_runs gig_ethernet_pcs_pma_basex_156_25_synth_1]
00:00:00
get_property STATUS [get_runs impl_1]
Not started
get_property NEEDS_REFRESH [get_runs impl_1]
0
get_property PROGRESS [get_runs impl_1]
0%
get_property STATS.ELAPSED [get_runs impl_1]
00:00:00
get_property STATUS [get_runs synth_1]
Queued...
get_property NEEDS_REFRESH [get_runs synth_1]
0
get_property PROGRESS [get_runs synth_1]
0%
get_property STATS.ELAPSED [get_runs synth_1]
00:00:00
get_property STATUS [get_runs temac_gbe_v9_0_impl_1]
Not started
get_property NEEDS_REFRESH [get_runs temac_gbe_v9_0_impl_1]
0
get_property PROGRESS [get_runs temac_gbe_v9_0_impl_1]
0%
get_property STATS.ELAPSED [get_runs temac_gbe_v9_0_impl_1]
00:00:00
get_property STATUS [get_runs temac_gbe_v9_0_synth_1]
Queued...
get_property NEEDS_REFRESH [get_runs temac_gbe_v9_0_synth_1]
0
get_property PROGRESS [get_runs temac_gbe_v9_0_synth_1]
0%
get_property STATS.ELAPSED [get_runs temac_gbe_v9_0_synth_1]
00:00:00
get_property STATUS [get_runs thFMch_input_fifo_impl_1]
Not started
get_property NEEDS_REFRESH [get_runs thFMch_input_fifo_impl_1]
0
get_property PROGRESS [get_runs thFMch_input_fifo_impl_1]
0%
get_property STATS.ELAPSED [get_runs thFMch_input_fifo_impl_1]
00:00:00
get_property STATUS [get_runs thFMch_input_fifo_synth_1]
Running synth_design...
get_property NEEDS_REFRESH [get_runs thFMch_input_fifo_synth_1]
0
get_property PROGRESS [get_runs thFMch_input_fifo_synth_1]
0%
get_property STATS.ELAPSED [get_runs thFMch_input_fifo_synth_1]
00:01:48
wait_on_run synth_1 -timeout 1
[Tue Dec  8 18:38:27 2020] Waiting for synth_1 to finish (timeout in 1 minute)...
[Tue Dec  8 18:39:32 2020] synth_1 timed out after 1 minute.
wait_on_run: Time (s): cpu = 00:00:00.14 ; elapsed = 00:01:07 . Memory (MB): peak = 2603.117 ; gain = 0.000 ; free physical = 103 ; free virtual = 2110
get_runs
synth_1 thFMch_input_fifo_synth_1 fmc0_8chan_9g6_synth_1 fmc0_8chan_9g6_vio_0_synth_1 crif_fifo_synth_1 axis_register_slice_fr_synth_1 RAM_2048x12_synth_1 distRAM_64x12_synth_1 Median_distRAM_64x12_synth_1 fir_compiler_0_synth_1 axis_data_fifo_0_synth_1 address_LUT_synth_1 gig_ethernet_pcs_pma_basex_156_25_synth_1 temac_gbe_v9_0_synth_1 impl_1 thFMch_input_fifo_impl_1 fmc0_8chan_9g6_impl_1 fmc0_8chan_9g6_vio_0_impl_1 crif_fifo_impl_1 axis_register_slice_fr_impl_1 RAM_2048x12_impl_1 distRAM_64x12_impl_1 Median_distRAM_64x12_impl_1 fir_compiler_0_impl_1 axis_data_fifo_0_impl_1 address_LUT_impl_1 gig_ethernet_pcs_pma_basex_156_25_impl_1 temac_gbe_v9_0_impl_1
get_property STATUS [get_runs Median_distRAM_64x12_impl_1]
Not started
get_property NEEDS_REFRESH [get_runs Median_distRAM_64x12_impl_1]
0
get_property PROGRESS [get_runs Median_distRAM_64x12_impl_1]
0%
get_property STATS.ELAPSED [get_runs Median_distRAM_64x12_impl_1]
00:00:00
get_property STATUS [get_runs Median_distRAM_64x12_synth_1]
get_runs: Time (s): cpu = 00:00:00.02 ; elapsed = 00:00:17 . Memory (MB): peak = 2603.117 ; gain = 0.000 ; free physical = 127 ; free virtual = 1787
Queued...
get_property NEEDS_REFRESH [get_runs Median_distRAM_64x12_synth_1]
0
get_property PROGRESS [get_runs Median_distRAM_64x12_synth_1]
0%
get_property STATS.ELAPSED [get_runs Median_distRAM_64x12_synth_1]
00:00:00
get_property STATUS [get_runs RAM_2048x12_impl_1]
Not started
get_property NEEDS_REFRESH [get_runs RAM_2048x12_impl_1]
0
get_property PROGRESS [get_runs RAM_2048x12_impl_1]
0%
get_property STATS.ELAPSED [get_runs RAM_2048x12_impl_1]
00:00:00
get_property STATUS [get_runs RAM_2048x12_synth_1]
Queued...
get_property NEEDS_REFRESH [get_runs RAM_2048x12_synth_1]
0
get_property PROGRESS [get_runs RAM_2048x12_synth_1]
0%
get_property STATS.ELAPSED [get_runs RAM_2048x12_synth_1]
00:00:00
get_property STATUS [get_runs address_LUT_impl_1]
Not started
get_property NEEDS_REFRESH [get_runs address_LUT_impl_1]
0
get_property PROGRESS [get_runs address_LUT_impl_1]
0%
get_property STATS.ELAPSED [get_runs address_LUT_impl_1]
00:00:00
get_property STATUS [get_runs address_LUT_synth_1]
Queued...
get_property NEEDS_REFRESH [get_runs address_LUT_synth_1]
0
get_property PROGRESS [get_runs address_LUT_synth_1]
0%
get_property STATS.ELAPSED [get_runs address_LUT_synth_1]
00:00:00
get_property STATUS [get_runs axis_data_fifo_0_impl_1]
Not started
get_property NEEDS_REFRESH [get_runs axis_data_fifo_0_impl_1]
0
get_property PROGRESS [get_runs axis_data_fifo_0_impl_1]
0%
get_property STATS.ELAPSED [get_runs axis_data_fifo_0_impl_1]
00:00:00
get_property STATUS [get_runs axis_data_fifo_0_synth_1]
Queued...
get_property NEEDS_REFRESH [get_runs axis_data_fifo_0_synth_1]
0
get_property PROGRESS [get_runs axis_data_fifo_0_synth_1]
0%
get_property STATS.ELAPSED [get_runs axis_data_fifo_0_synth_1]
00:00:00
get_property STATUS [get_runs axis_register_slice_fr_impl_1]
Not started
get_property NEEDS_REFRESH [get_runs axis_register_slice_fr_impl_1]
0
get_property PROGRESS [get_runs axis_register_slice_fr_impl_1]
0%
get_property STATS.ELAPSED [get_runs axis_register_slice_fr_impl_1]
00:00:00
get_property STATUS [get_runs axis_register_slice_fr_synth_1]
Queued...
get_property NEEDS_REFRESH [get_runs axis_register_slice_fr_synth_1]
0
get_property PROGRESS [get_runs axis_register_slice_fr_synth_1]
0%
get_property STATS.ELAPSED [get_runs axis_register_slice_fr_synth_1]
00:00:00
get_property STATUS [get_runs crif_fifo_impl_1]
Not started
get_property NEEDS_REFRESH [get_runs crif_fifo_impl_1]
0
get_property PROGRESS [get_runs crif_fifo_impl_1]
0%
get_property STATS.ELAPSED [get_runs crif_fifo_impl_1]
00:00:00
get_property STATUS [get_runs crif_fifo_synth_1]
Running synth_design...
get_property NEEDS_REFRESH [get_runs crif_fifo_synth_1]
0
get_property PROGRESS [get_runs crif_fifo_synth_1]
0%
get_property STATS.ELAPSED [get_runs crif_fifo_synth_1]
00:03:57
get_property STATUS [get_runs distRAM_64x12_impl_1]
Not started
get_property NEEDS_REFRESH [get_runs distRAM_64x12_impl_1]
0
get_property PROGRESS [get_runs distRAM_64x12_impl_1]
0%
get_property STATS.ELAPSED [get_runs distRAM_64x12_impl_1]
00:00:00
get_property STATUS [get_runs distRAM_64x12_synth_1]
Queued...
get_property NEEDS_REFRESH [get_runs distRAM_64x12_synth_1]
0
get_property PROGRESS [get_runs distRAM_64x12_synth_1]
0%
get_property STATS.ELAPSED [get_runs distRAM_64x12_synth_1]
00:00:00
get_property STATUS [get_runs fir_compiler_0_impl_1]
Not started
get_property NEEDS_REFRESH [get_runs fir_compiler_0_impl_1]
0
get_property PROGRESS [get_runs fir_compiler_0_impl_1]
0%
get_property STATS.ELAPSED [get_runs fir_compiler_0_impl_1]
00:00:00
get_property STATUS [get_runs fir_compiler_0_synth_1]
Queued...
get_property NEEDS_REFRESH [get_runs fir_compiler_0_synth_1]
0
get_property PROGRESS [get_runs fir_compiler_0_synth_1]
0%
get_property STATS.ELAPSED [get_runs fir_compiler_0_synth_1]
00:00:00
get_property STATUS [get_runs fmc0_8chan_9g6_impl_1]
Not started
get_property NEEDS_REFRESH [get_runs fmc0_8chan_9g6_impl_1]
0
get_property PROGRESS [get_runs fmc0_8chan_9g6_impl_1]
0%
get_property STATS.ELAPSED [get_runs fmc0_8chan_9g6_impl_1]
00:00:00
get_property STATUS [get_runs fmc0_8chan_9g6_synth_1]
Running synth_design...
get_property NEEDS_REFRESH [get_runs fmc0_8chan_9g6_synth_1]
0
get_property PROGRESS [get_runs fmc0_8chan_9g6_synth_1]
0%
get_property STATS.ELAPSED [get_runs fmc0_8chan_9g6_synth_1]
00:04:20
get_property STATUS [get_runs fmc0_8chan_9g6_vio_0_impl_1]
Not started
get_property NEEDS_REFRESH [get_runs fmc0_8chan_9g6_vio_0_impl_1]
0
get_property PROGRESS [get_runs fmc0_8chan_9g6_vio_0_impl_1]
0%
get_property STATS.ELAPSED [get_runs fmc0_8chan_9g6_vio_0_impl_1]
00:00:00
get_property STATUS [get_runs fmc0_8chan_9g6_vio_0_synth_1]
Running synth_design...
get_property NEEDS_REFRESH [get_runs fmc0_8chan_9g6_vio_0_synth_1]
0
get_property PROGRESS [get_runs fmc0_8chan_9g6_vio_0_synth_1]
0%
get_property STATS.ELAPSED [get_runs fmc0_8chan_9g6_vio_0_synth_1]
00:02:43
get_property STATUS [get_runs gig_ethernet_pcs_pma_basex_156_25_impl_1]
Not started
get_property NEEDS_REFRESH [get_runs gig_ethernet_pcs_pma_basex_156_25_impl_1]
0
get_property PROGRESS [get_runs gig_ethernet_pcs_pma_basex_156_25_impl_1]
0%
get_property STATS.ELAPSED [get_runs gig_ethernet_pcs_pma_basex_156_25_impl_1]
00:00:00
get_property STATUS [get_runs gig_ethernet_pcs_pma_basex_156_25_synth_1]
Queued...
get_property NEEDS_REFRESH [get_runs gig_ethernet_pcs_pma_basex_156_25_synth_1]
0
get_property PROGRESS [get_runs gig_ethernet_pcs_pma_basex_156_25_synth_1]
0%
get_property STATS.ELAPSED [get_runs gig_ethernet_pcs_pma_basex_156_25_synth_1]
00:00:00
get_property STATUS [get_runs impl_1]
Not started
get_property NEEDS_REFRESH [get_runs impl_1]
0
get_property PROGRESS [get_runs impl_1]
0%
get_property STATS.ELAPSED [get_runs impl_1]
00:00:00
get_property STATUS [get_runs synth_1]
Queued...
get_property NEEDS_REFRESH [get_runs synth_1]
0
get_property PROGRESS [get_runs synth_1]
0%
get_property STATS.ELAPSED [get_runs synth_1]
00:00:00
get_property STATUS [get_runs temac_gbe_v9_0_impl_1]
Not started
get_property NEEDS_REFRESH [get_runs temac_gbe_v9_0_impl_1]
0
get_property PROGRESS [get_runs temac_gbe_v9_0_impl_1]
0%
get_property STATS.ELAPSED [get_runs temac_gbe_v9_0_impl_1]
00:00:00
get_property STATUS [get_runs temac_gbe_v9_0_synth_1]
Queued...
get_property NEEDS_REFRESH [get_runs temac_gbe_v9_0_synth_1]
0
get_property PROGRESS [get_runs temac_gbe_v9_0_synth_1]
0%
get_property STATS.ELAPSED [get_runs temac_gbe_v9_0_synth_1]
00:00:00
get_property STATUS [get_runs thFMch_input_fifo_impl_1]
Not started
get_property NEEDS_REFRESH [get_runs thFMch_input_fifo_impl_1]
0
get_property PROGRESS [get_runs thFMch_input_fifo_impl_1]
0%
get_property STATS.ELAPSED [get_runs thFMch_input_fifo_impl_1]
00:00:00
get_property STATUS [get_runs thFMch_input_fifo_synth_1]
Running synth_design...
get_property NEEDS_REFRESH [get_runs thFMch_input_fifo_synth_1]
0
get_property PROGRESS [get_runs thFMch_input_fifo_synth_1]
0%
get_property STATS.ELAPSED [get_runs thFMch_input_fifo_synth_1]
00:03:57
wait_on_run synth_1 -timeout 1
[Tue Dec  8 18:40:30 2020] Waiting for synth_1 to finish (timeout in 1 minute)...
[Tue Dec  8 18:41:32 2020] synth_1 timed out after 1 minute.
wait_on_run: Time (s): cpu = 00:00:00.12 ; elapsed = 00:01:02 . Memory (MB): peak = 2603.117 ; gain = 0.000 ; free physical = 105 ; free virtual = 2063
get_runs
synth_1 thFMch_input_fifo_synth_1 fmc0_8chan_9g6_synth_1 fmc0_8chan_9g6_vio_0_synth_1 crif_fifo_synth_1 axis_register_slice_fr_synth_1 RAM_2048x12_synth_1 distRAM_64x12_synth_1 Median_distRAM_64x12_synth_1 fir_compiler_0_synth_1 axis_data_fifo_0_synth_1 address_LUT_synth_1 gig_ethernet_pcs_pma_basex_156_25_synth_1 temac_gbe_v9_0_synth_1 impl_1 thFMch_input_fifo_impl_1 fmc0_8chan_9g6_impl_1 fmc0_8chan_9g6_vio_0_impl_1 crif_fifo_impl_1 axis_register_slice_fr_impl_1 RAM_2048x12_impl_1 distRAM_64x12_impl_1 Median_distRAM_64x12_impl_1 fir_compiler_0_impl_1 axis_data_fifo_0_impl_1 address_LUT_impl_1 gig_ethernet_pcs_pma_basex_156_25_impl_1 temac_gbe_v9_0_impl_1
get_property STATUS [get_runs Median_distRAM_64x12_impl_1]
Not started
get_property NEEDS_REFRESH [get_runs Median_distRAM_64x12_impl_1]
0
get_property PROGRESS [get_runs Median_distRAM_64x12_impl_1]
0%
get_property STATS.ELAPSED [get_runs Median_distRAM_64x12_impl_1]
00:00:00
get_property STATUS [get_runs Median_distRAM_64x12_synth_1]
Queued...
get_property NEEDS_REFRESH [get_runs Median_distRAM_64x12_synth_1]
0
get_property PROGRESS [get_runs Median_distRAM_64x12_synth_1]
0%
get_property STATS.ELAPSED [get_runs Median_distRAM_64x12_synth_1]
00:00:00
get_property STATUS [get_runs RAM_2048x12_impl_1]
Not started
get_property NEEDS_REFRESH [get_runs RAM_2048x12_impl_1]
0
get_property PROGRESS [get_runs RAM_2048x12_impl_1]
0%
get_property STATS.ELAPSED [get_runs RAM_2048x12_impl_1]
00:00:00
get_property STATUS [get_runs RAM_2048x12_synth_1]
Queued...
get_property NEEDS_REFRESH [get_runs RAM_2048x12_synth_1]
0
get_property PROGRESS [get_runs RAM_2048x12_synth_1]
0%
get_property STATS.ELAPSED [get_runs RAM_2048x12_synth_1]
00:00:00
get_property STATUS [get_runs address_LUT_impl_1]
Not started
get_property NEEDS_REFRESH [get_runs address_LUT_impl_1]
0
get_property PROGRESS [get_runs address_LUT_impl_1]
0%
get_property STATS.ELAPSED [get_runs address_LUT_impl_1]
00:00:00
get_property STATUS [get_runs address_LUT_synth_1]
Queued...
get_property NEEDS_REFRESH [get_runs address_LUT_synth_1]
0
get_property PROGRESS [get_runs address_LUT_synth_1]
0%
get_property STATS.ELAPSED [get_runs address_LUT_synth_1]
00:00:00
get_property STATUS [get_runs axis_data_fifo_0_impl_1]
Not started
get_property NEEDS_REFRESH [get_runs axis_data_fifo_0_impl_1]
0
get_property PROGRESS [get_runs axis_data_fifo_0_impl_1]
0%
get_property STATS.ELAPSED [get_runs axis_data_fifo_0_impl_1]
00:00:00
get_property STATUS [get_runs axis_data_fifo_0_synth_1]
Queued...
get_property NEEDS_REFRESH [get_runs axis_data_fifo_0_synth_1]
0
get_property PROGRESS [get_runs axis_data_fifo_0_synth_1]
0%
get_property STATS.ELAPSED [get_runs axis_data_fifo_0_synth_1]
00:00:00
get_property STATUS [get_runs axis_register_slice_fr_impl_1]
Not started
get_property NEEDS_REFRESH [get_runs axis_register_slice_fr_impl_1]
0
get_property PROGRESS [get_runs axis_register_slice_fr_impl_1]
0%
get_property STATS.ELAPSED [get_runs axis_register_slice_fr_impl_1]
00:00:00
get_property STATUS [get_runs axis_register_slice_fr_synth_1]
Queued...
get_property NEEDS_REFRESH [get_runs axis_register_slice_fr_synth_1]
0
get_property PROGRESS [get_runs axis_register_slice_fr_synth_1]
0%
get_property STATS.ELAPSED [get_runs axis_register_slice_fr_synth_1]
00:00:00
get_property STATUS [get_runs crif_fifo_impl_1]
Not started
get_property NEEDS_REFRESH [get_runs crif_fifo_impl_1]
0
get_property PROGRESS [get_runs crif_fifo_impl_1]
0%
get_property STATS.ELAPSED [get_runs crif_fifo_impl_1]
00:00:00
get_property STATUS [get_runs crif_fifo_synth_1]
Running synth_design...
get_property NEEDS_REFRESH [get_runs crif_fifo_synth_1]
0
get_property PROGRESS [get_runs crif_fifo_synth_1]
0%
get_property STATS.ELAPSED [get_runs crif_fifo_synth_1]
00:03:57
get_property STATUS [get_runs distRAM_64x12_impl_1]
Not started
get_property NEEDS_REFRESH [get_runs distRAM_64x12_impl_1]
0
get_property PROGRESS [get_runs distRAM_64x12_impl_1]
0%
get_property STATS.ELAPSED [get_runs distRAM_64x12_impl_1]
00:00:00
get_property STATUS [get_runs distRAM_64x12_synth_1]
Queued...
get_property NEEDS_REFRESH [get_runs distRAM_64x12_synth_1]
0
get_property PROGRESS [get_runs distRAM_64x12_synth_1]
0%
get_property STATS.ELAPSED [get_runs distRAM_64x12_synth_1]
00:00:00
get_property STATUS [get_runs fir_compiler_0_impl_1]
Not started
get_property NEEDS_REFRESH [get_runs fir_compiler_0_impl_1]
0
get_property PROGRESS [get_runs fir_compiler_0_impl_1]
0%
get_property STATS.ELAPSED [get_runs fir_compiler_0_impl_1]
00:00:00
get_property STATUS [get_runs fir_compiler_0_synth_1]
Queued...
get_property NEEDS_REFRESH [get_runs fir_compiler_0_synth_1]
0
get_property PROGRESS [get_runs fir_compiler_0_synth_1]
0%
get_property STATS.ELAPSED [get_runs fir_compiler_0_synth_1]
00:00:00
get_property STATUS [get_runs fmc0_8chan_9g6_impl_1]
Not started
get_property NEEDS_REFRESH [get_runs fmc0_8chan_9g6_impl_1]
0
get_property PROGRESS [get_runs fmc0_8chan_9g6_impl_1]
0%
get_property STATS.ELAPSED [get_runs fmc0_8chan_9g6_impl_1]
00:00:00
get_property STATUS [get_runs fmc0_8chan_9g6_synth_1]
Running synth_design...
get_property NEEDS_REFRESH [get_runs fmc0_8chan_9g6_synth_1]
0
get_property PROGRESS [get_runs fmc0_8chan_9g6_synth_1]
0%
get_property STATS.ELAPSED [get_runs fmc0_8chan_9g6_synth_1]
00:06:26
get_property STATUS [get_runs fmc0_8chan_9g6_vio_0_impl_1]
Not started
get_property NEEDS_REFRESH [get_runs fmc0_8chan_9g6_vio_0_impl_1]
0
get_property PROGRESS [get_runs fmc0_8chan_9g6_vio_0_impl_1]
0%
get_property STATS.ELAPSED [get_runs fmc0_8chan_9g6_vio_0_impl_1]
00:00:00
get_property STATUS [get_runs fmc0_8chan_9g6_vio_0_synth_1]
Running synth_design...
get_property NEEDS_REFRESH [get_runs fmc0_8chan_9g6_vio_0_synth_1]
0
get_property PROGRESS [get_runs fmc0_8chan_9g6_vio_0_synth_1]
0%
get_property STATS.ELAPSED [get_runs fmc0_8chan_9g6_vio_0_synth_1]
00:06:38
get_property STATUS [get_runs gig_ethernet_pcs_pma_basex_156_25_impl_1]
Not started
get_property NEEDS_REFRESH [get_runs gig_ethernet_pcs_pma_basex_156_25_impl_1]
0
get_property PROGRESS [get_runs gig_ethernet_pcs_pma_basex_156_25_impl_1]
0%
get_property STATS.ELAPSED [get_runs gig_ethernet_pcs_pma_basex_156_25_impl_1]
00:00:00
get_property STATUS [get_runs gig_ethernet_pcs_pma_basex_156_25_synth_1]
Queued...
get_property NEEDS_REFRESH [get_runs gig_ethernet_pcs_pma_basex_156_25_synth_1]
0
get_property PROGRESS [get_runs gig_ethernet_pcs_pma_basex_156_25_synth_1]
0%
get_property STATS.ELAPSED [get_runs gig_ethernet_pcs_pma_basex_156_25_synth_1]
00:00:00
get_property STATUS [get_runs impl_1]
Not started
get_property NEEDS_REFRESH [get_runs impl_1]
0
get_property PROGRESS [get_runs impl_1]
0%
get_property STATS.ELAPSED [get_runs impl_1]
00:00:00
get_property STATUS [get_runs synth_1]
Queued...
get_property NEEDS_REFRESH [get_runs synth_1]
0
get_property PROGRESS [get_runs synth_1]
0%
get_property STATS.ELAPSED [get_runs synth_1]
00:00:00
get_property STATUS [get_runs temac_gbe_v9_0_impl_1]
Not started
get_property NEEDS_REFRESH [get_runs temac_gbe_v9_0_impl_1]
0
get_property PROGRESS [get_runs temac_gbe_v9_0_impl_1]
0%
get_property STATS.ELAPSED [get_runs temac_gbe_v9_0_impl_1]
00:00:00
get_property STATUS [get_runs temac_gbe_v9_0_synth_1]
Queued...
get_property NEEDS_REFRESH [get_runs temac_gbe_v9_0_synth_1]
0
get_property PROGRESS [get_runs temac_gbe_v9_0_synth_1]
0%
get_property STATS.ELAPSED [get_runs temac_gbe_v9_0_synth_1]
00:00:00
get_property STATUS [get_runs thFMch_input_fifo_impl_1]
Not started
get_property NEEDS_REFRESH [get_runs thFMch_input_fifo_impl_1]
0
get_property PROGRESS [get_runs thFMch_input_fifo_impl_1]
0%
get_property STATS.ELAPSED [get_runs thFMch_input_fifo_impl_1]
00:00:00
get_property STATUS [get_runs thFMch_input_fifo_synth_1]
Running synth_design...
get_property NEEDS_REFRESH [get_runs thFMch_input_fifo_synth_1]
0
get_property PROGRESS [get_runs thFMch_input_fifo_synth_1]
0%
get_property STATS.ELAPSED [get_runs thFMch_input_fifo_synth_1]
00:03:57
wait_on_run synth_1 -timeout 1
[Tue Dec  8 18:41:35 2020] Waiting for synth_1 to finish (timeout in 1 minute)...
[Tue Dec  8 18:42:36 2020] synth_1 timed out after 1 minute.
wait_on_run: Time (s): cpu = 00:00:00.12 ; elapsed = 00:01:01 . Memory (MB): peak = 2603.117 ; gain = 0.000 ; free physical = 114 ; free virtual = 1816
get_runs
synth_1 thFMch_input_fifo_synth_1 fmc0_8chan_9g6_synth_1 fmc0_8chan_9g6_vio_0_synth_1 crif_fifo_synth_1 axis_register_slice_fr_synth_1 RAM_2048x12_synth_1 distRAM_64x12_synth_1 Median_distRAM_64x12_synth_1 fir_compiler_0_synth_1 axis_data_fifo_0_synth_1 address_LUT_synth_1 gig_ethernet_pcs_pma_basex_156_25_synth_1 temac_gbe_v9_0_synth_1 impl_1 thFMch_input_fifo_impl_1 fmc0_8chan_9g6_impl_1 fmc0_8chan_9g6_vio_0_impl_1 crif_fifo_impl_1 axis_register_slice_fr_impl_1 RAM_2048x12_impl_1 distRAM_64x12_impl_1 Median_distRAM_64x12_impl_1 fir_compiler_0_impl_1 axis_data_fifo_0_impl_1 address_LUT_impl_1 gig_ethernet_pcs_pma_basex_156_25_impl_1 temac_gbe_v9_0_impl_1
get_property STATUS [get_runs Median_distRAM_64x12_impl_1]
Not started
get_property NEEDS_REFRESH [get_runs Median_distRAM_64x12_impl_1]
0
get_property PROGRESS [get_runs Median_distRAM_64x12_impl_1]
0%
get_property STATS.ELAPSED [get_runs Median_distRAM_64x12_impl_1]
00:00:00
get_property STATUS [get_runs Median_distRAM_64x12_synth_1]
Queued...
get_property NEEDS_REFRESH [get_runs Median_distRAM_64x12_synth_1]
0
get_property PROGRESS [get_runs Median_distRAM_64x12_synth_1]
0%
get_property STATS.ELAPSED [get_runs Median_distRAM_64x12_synth_1]
00:00:00
get_property STATUS [get_runs RAM_2048x12_impl_1]
Not started
get_property NEEDS_REFRESH [get_runs RAM_2048x12_impl_1]
0
get_property PROGRESS [get_runs RAM_2048x12_impl_1]
0%
get_property STATS.ELAPSED [get_runs RAM_2048x12_impl_1]
00:00:00
get_property STATUS [get_runs RAM_2048x12_synth_1]
Queued...
get_property NEEDS_REFRESH [get_runs RAM_2048x12_synth_1]
0
get_property PROGRESS [get_runs RAM_2048x12_synth_1]
0%
get_property STATS.ELAPSED [get_runs RAM_2048x12_synth_1]
00:00:00
get_property STATUS [get_runs address_LUT_impl_1]
Not started
get_property NEEDS_REFRESH [get_runs address_LUT_impl_1]
0
get_property PROGRESS [get_runs address_LUT_impl_1]
0%
get_property STATS.ELAPSED [get_runs address_LUT_impl_1]
00:00:00
get_property STATUS [get_runs address_LUT_synth_1]
Queued...
get_property NEEDS_REFRESH [get_runs address_LUT_synth_1]
0
get_property PROGRESS [get_runs address_LUT_synth_1]
0%
get_property STATS.ELAPSED [get_runs address_LUT_synth_1]
00:00:00
get_property STATUS [get_runs axis_data_fifo_0_impl_1]
Not started
get_property NEEDS_REFRESH [get_runs axis_data_fifo_0_impl_1]
0
get_property PROGRESS [get_runs axis_data_fifo_0_impl_1]
0%
get_property STATS.ELAPSED [get_runs axis_data_fifo_0_impl_1]
00:00:00
get_property STATUS [get_runs axis_data_fifo_0_synth_1]
Queued...
get_property NEEDS_REFRESH [get_runs axis_data_fifo_0_synth_1]
0
get_property PROGRESS [get_runs axis_data_fifo_0_synth_1]
0%
get_property STATS.ELAPSED [get_runs axis_data_fifo_0_synth_1]
00:00:00
get_property STATUS [get_runs axis_register_slice_fr_impl_1]
Not started
get_property NEEDS_REFRESH [get_runs axis_register_slice_fr_impl_1]
0
get_property PROGRESS [get_runs axis_register_slice_fr_impl_1]
0%
get_property STATS.ELAPSED [get_runs axis_register_slice_fr_impl_1]
00:00:00
get_property STATUS [get_runs axis_register_slice_fr_synth_1]
Queued...
get_property NEEDS_REFRESH [get_runs axis_register_slice_fr_synth_1]
0
get_property PROGRESS [get_runs axis_register_slice_fr_synth_1]
0%
get_property STATS.ELAPSED [get_runs axis_register_slice_fr_synth_1]
00:00:00
get_property STATUS [get_runs crif_fifo_impl_1]
Not started
get_property NEEDS_REFRESH [get_runs crif_fifo_impl_1]
0
get_property PROGRESS [get_runs crif_fifo_impl_1]
0%
get_property STATS.ELAPSED [get_runs crif_fifo_impl_1]
00:00:00
get_property STATUS [get_runs crif_fifo_synth_1]
Running synth_design...
get_property NEEDS_REFRESH [get_runs crif_fifo_synth_1]
0
get_property PROGRESS [get_runs crif_fifo_synth_1]
0%
get_property STATS.ELAPSED [get_runs crif_fifo_synth_1]
00:07:10
get_property STATUS [get_runs distRAM_64x12_impl_1]
Not started
get_property NEEDS_REFRESH [get_runs distRAM_64x12_impl_1]
0
get_property PROGRESS [get_runs distRAM_64x12_impl_1]
0%
get_property STATS.ELAPSED [get_runs distRAM_64x12_impl_1]
00:00:00
get_property STATUS [get_runs distRAM_64x12_synth_1]
Queued...
get_property NEEDS_REFRESH [get_runs distRAM_64x12_synth_1]
0
get_property PROGRESS [get_runs distRAM_64x12_synth_1]
0%
get_property STATS.ELAPSED [get_runs distRAM_64x12_synth_1]
00:00:00
get_property STATUS [get_runs fir_compiler_0_impl_1]
Not started
get_property NEEDS_REFRESH [get_runs fir_compiler_0_impl_1]
0
get_property PROGRESS [get_runs fir_compiler_0_impl_1]
0%
get_property STATS.ELAPSED [get_runs fir_compiler_0_impl_1]
00:00:00
get_property STATUS [get_runs fir_compiler_0_synth_1]
Queued...
get_property NEEDS_REFRESH [get_runs fir_compiler_0_synth_1]
0
get_property PROGRESS [get_runs fir_compiler_0_synth_1]
0%
get_property STATS.ELAPSED [get_runs fir_compiler_0_synth_1]
00:00:00
get_property STATUS [get_runs fmc0_8chan_9g6_impl_1]
Not started
get_property NEEDS_REFRESH [get_runs fmc0_8chan_9g6_impl_1]
0
get_property PROGRESS [get_runs fmc0_8chan_9g6_impl_1]
0%
get_property STATS.ELAPSED [get_runs fmc0_8chan_9g6_impl_1]
00:00:00
get_property STATUS [get_runs fmc0_8chan_9g6_synth_1]
Running synth_design...
get_property NEEDS_REFRESH [get_runs fmc0_8chan_9g6_synth_1]
0
get_property PROGRESS [get_runs fmc0_8chan_9g6_synth_1]
0%
get_property STATS.ELAPSED [get_runs fmc0_8chan_9g6_synth_1]
00:06:26
get_property STATUS [get_runs fmc0_8chan_9g6_vio_0_impl_1]
Not started
get_property NEEDS_REFRESH [get_runs fmc0_8chan_9g6_vio_0_impl_1]
0
get_property PROGRESS [get_runs fmc0_8chan_9g6_vio_0_impl_1]
0%
get_property STATS.ELAPSED [get_runs fmc0_8chan_9g6_vio_0_impl_1]
00:00:00
get_property STATUS [get_runs fmc0_8chan_9g6_vio_0_synth_1]
Running synth_design...
get_property NEEDS_REFRESH [get_runs fmc0_8chan_9g6_vio_0_synth_1]
0
get_property PROGRESS [get_runs fmc0_8chan_9g6_vio_0_synth_1]
0%
get_property STATS.ELAPSED [get_runs fmc0_8chan_9g6_vio_0_synth_1]
00:06:38
get_property STATUS [get_runs gig_ethernet_pcs_pma_basex_156_25_impl_1]
Not started
get_property NEEDS_REFRESH [get_runs gig_ethernet_pcs_pma_basex_156_25_impl_1]
0
get_property PROGRESS [get_runs gig_ethernet_pcs_pma_basex_156_25_impl_1]
0%
get_property STATS.ELAPSED [get_runs gig_ethernet_pcs_pma_basex_156_25_impl_1]
00:00:00
get_property STATUS [get_runs gig_ethernet_pcs_pma_basex_156_25_synth_1]
Queued...
get_property NEEDS_REFRESH [get_runs gig_ethernet_pcs_pma_basex_156_25_synth_1]
0
get_property PROGRESS [get_runs gig_ethernet_pcs_pma_basex_156_25_synth_1]
0%
get_property STATS.ELAPSED [get_runs gig_ethernet_pcs_pma_basex_156_25_synth_1]
00:00:00
get_property STATUS [get_runs impl_1]
Not started
get_property NEEDS_REFRESH [get_runs impl_1]
0
get_property PROGRESS [get_runs impl_1]
0%
get_property STATS.ELAPSED [get_runs impl_1]
00:00:00
get_property STATUS [get_runs synth_1]
Queued...
get_property NEEDS_REFRESH [get_runs synth_1]
0
get_property PROGRESS [get_runs synth_1]
0%
get_property STATS.ELAPSED [get_runs synth_1]
00:00:00
get_property STATUS [get_runs temac_gbe_v9_0_impl_1]
Not started
get_property NEEDS_REFRESH [get_runs temac_gbe_v9_0_impl_1]
0
get_property PROGRESS [get_runs temac_gbe_v9_0_impl_1]
0%
get_property STATS.ELAPSED [get_runs temac_gbe_v9_0_impl_1]
00:00:00
get_property STATUS [get_runs temac_gbe_v9_0_synth_1]
Queued...
get_property NEEDS_REFRESH [get_runs temac_gbe_v9_0_synth_1]
0
get_property PROGRESS [get_runs temac_gbe_v9_0_synth_1]
0%
get_property STATS.ELAPSED [get_runs temac_gbe_v9_0_synth_1]
00:00:00
get_property STATUS [get_runs thFMch_input_fifo_impl_1]
Not started
get_property NEEDS_REFRESH [get_runs thFMch_input_fifo_impl_1]
0
get_property PROGRESS [get_runs thFMch_input_fifo_impl_1]
0%
get_property STATS.ELAPSED [get_runs thFMch_input_fifo_impl_1]
00:00:00
get_property STATUS [get_runs thFMch_input_fifo_synth_1]
Running synth_design...
get_property NEEDS_REFRESH [get_runs thFMch_input_fifo_synth_1]
0
get_property PROGRESS [get_runs thFMch_input_fifo_synth_1]
0%
get_property STATS.ELAPSED [get_runs thFMch_input_fifo_synth_1]
00:07:06
wait_on_run synth_1 -timeout 1
[Tue Dec  8 18:42:39 2020] Waiting for synth_1 to finish (timeout in 1 minute)...
[Tue Dec  8 18:43:42 2020] synth_1 timed out after 1 minute.
wait_on_run: Time (s): cpu = 00:00:00.10 ; elapsed = 00:01:03 . Memory (MB): peak = 2603.117 ; gain = 0.000 ; free physical = 327 ; free virtual = 1258
get_runs
synth_1 thFMch_input_fifo_synth_1 fmc0_8chan_9g6_synth_1 fmc0_8chan_9g6_vio_0_synth_1 crif_fifo_synth_1 axis_register_slice_fr_synth_1 RAM_2048x12_synth_1 distRAM_64x12_synth_1 Median_distRAM_64x12_synth_1 fir_compiler_0_synth_1 axis_data_fifo_0_synth_1 address_LUT_synth_1 gig_ethernet_pcs_pma_basex_156_25_synth_1 temac_gbe_v9_0_synth_1 impl_1 thFMch_input_fifo_impl_1 fmc0_8chan_9g6_impl_1 fmc0_8chan_9g6_vio_0_impl_1 crif_fifo_impl_1 axis_register_slice_fr_impl_1 RAM_2048x12_impl_1 distRAM_64x12_impl_1 Median_distRAM_64x12_impl_1 fir_compiler_0_impl_1 axis_data_fifo_0_impl_1 address_LUT_impl_1 gig_ethernet_pcs_pma_basex_156_25_impl_1 temac_gbe_v9_0_impl_1
get_property STATUS [get_runs Median_distRAM_64x12_impl_1]
Not started
get_property NEEDS_REFRESH [get_runs Median_distRAM_64x12_impl_1]
0
get_property PROGRESS [get_runs Median_distRAM_64x12_impl_1]
0%
get_property STATS.ELAPSED [get_runs Median_distRAM_64x12_impl_1]
00:00:00
get_property STATUS [get_runs Median_distRAM_64x12_synth_1]
Queued...
get_property NEEDS_REFRESH [get_runs Median_distRAM_64x12_synth_1]
0
get_property PROGRESS [get_runs Median_distRAM_64x12_synth_1]
0%
get_property STATS.ELAPSED [get_runs Median_distRAM_64x12_synth_1]
00:00:00
get_property STATUS [get_runs RAM_2048x12_impl_1]
Not started
get_property NEEDS_REFRESH [get_runs RAM_2048x12_impl_1]
0
get_property PROGRESS [get_runs RAM_2048x12_impl_1]
0%
get_property STATS.ELAPSED [get_runs RAM_2048x12_impl_1]
00:00:00
get_property STATUS [get_runs RAM_2048x12_synth_1]
Queued...
get_property NEEDS_REFRESH [get_runs RAM_2048x12_synth_1]
0
get_property PROGRESS [get_runs RAM_2048x12_synth_1]
0%
get_property STATS.ELAPSED [get_runs RAM_2048x12_synth_1]
00:00:00
get_property STATUS [get_runs address_LUT_impl_1]
Not started
get_property NEEDS_REFRESH [get_runs address_LUT_impl_1]
0
get_property PROGRESS [get_runs address_LUT_impl_1]
0%
get_property STATS.ELAPSED [get_runs address_LUT_impl_1]
00:00:00
get_property STATUS [get_runs address_LUT_synth_1]
Queued...
get_property NEEDS_REFRESH [get_runs address_LUT_synth_1]
0
get_property PROGRESS [get_runs address_LUT_synth_1]
0%
get_property STATS.ELAPSED [get_runs address_LUT_synth_1]
00:00:00
get_property STATUS [get_runs axis_data_fifo_0_impl_1]
Not started
get_property NEEDS_REFRESH [get_runs axis_data_fifo_0_impl_1]
0
get_property PROGRESS [get_runs axis_data_fifo_0_impl_1]
0%
get_property STATS.ELAPSED [get_runs axis_data_fifo_0_impl_1]
00:00:00
get_property STATUS [get_runs axis_data_fifo_0_synth_1]
Queued...
get_property NEEDS_REFRESH [get_runs axis_data_fifo_0_synth_1]
0
get_property PROGRESS [get_runs axis_data_fifo_0_synth_1]
0%
get_property STATS.ELAPSED [get_runs axis_data_fifo_0_synth_1]
00:00:00
get_property STATUS [get_runs axis_register_slice_fr_impl_1]
Not started
get_property NEEDS_REFRESH [get_runs axis_register_slice_fr_impl_1]
0
get_property PROGRESS [get_runs axis_register_slice_fr_impl_1]
0%
get_property STATS.ELAPSED [get_runs axis_register_slice_fr_impl_1]
00:00:00
get_property STATUS [get_runs axis_register_slice_fr_synth_1]
Queued...
get_property NEEDS_REFRESH [get_runs axis_register_slice_fr_synth_1]
0
get_property PROGRESS [get_runs axis_register_slice_fr_synth_1]
0%
get_property STATS.ELAPSED [get_runs axis_register_slice_fr_synth_1]
00:00:00
get_property STATUS [get_runs crif_fifo_impl_1]
Not started
get_property NEEDS_REFRESH [get_runs crif_fifo_impl_1]
0
get_property PROGRESS [get_runs crif_fifo_impl_1]
0%
get_property STATS.ELAPSED [get_runs crif_fifo_impl_1]
00:00:00
get_property STATUS [get_runs crif_fifo_synth_1]
Running synth_design...
get_property NEEDS_REFRESH [get_runs crif_fifo_synth_1]
0
get_property PROGRESS [get_runs crif_fifo_synth_1]
0%
get_property STATS.ELAPSED [get_runs crif_fifo_synth_1]
00:08:56
get_property STATUS [get_runs distRAM_64x12_impl_1]
Not started
get_property NEEDS_REFRESH [get_runs distRAM_64x12_impl_1]
0
get_property PROGRESS [get_runs distRAM_64x12_impl_1]
0%
get_property STATS.ELAPSED [get_runs distRAM_64x12_impl_1]
00:00:00
get_property STATUS [get_runs distRAM_64x12_synth_1]
Queued...
get_property NEEDS_REFRESH [get_runs distRAM_64x12_synth_1]
0
get_property PROGRESS [get_runs distRAM_64x12_synth_1]
0%
get_property STATS.ELAPSED [get_runs distRAM_64x12_synth_1]
00:00:00
get_property STATUS [get_runs fir_compiler_0_impl_1]
Not started
get_property NEEDS_REFRESH [get_runs fir_compiler_0_impl_1]
0
get_property PROGRESS [get_runs fir_compiler_0_impl_1]
0%
get_property STATS.ELAPSED [get_runs fir_compiler_0_impl_1]
00:00:00
get_property STATUS [get_runs fir_compiler_0_synth_1]
Queued...
get_property NEEDS_REFRESH [get_runs fir_compiler_0_synth_1]
0
get_property PROGRESS [get_runs fir_compiler_0_synth_1]
0%
get_property STATS.ELAPSED [get_runs fir_compiler_0_synth_1]
00:00:00
get_property STATUS [get_runs fmc0_8chan_9g6_impl_1]
Not started
get_property NEEDS_REFRESH [get_runs fmc0_8chan_9g6_impl_1]
0
get_property PROGRESS [get_runs fmc0_8chan_9g6_impl_1]
0%
get_property STATS.ELAPSED [get_runs fmc0_8chan_9g6_impl_1]
00:00:00
get_property STATUS [get_runs fmc0_8chan_9g6_synth_1]
Running synth_design...
get_property NEEDS_REFRESH [get_runs fmc0_8chan_9g6_synth_1]
0
get_property PROGRESS [get_runs fmc0_8chan_9g6_synth_1]
0%
get_property STATS.ELAPSED [get_runs fmc0_8chan_9g6_synth_1]
00:06:26
get_property STATUS [get_runs fmc0_8chan_9g6_vio_0_impl_1]
Not started
get_property NEEDS_REFRESH [get_runs fmc0_8chan_9g6_vio_0_impl_1]
0
get_property PROGRESS [get_runs fmc0_8chan_9g6_vio_0_impl_1]
0%
get_property STATS.ELAPSED [get_runs fmc0_8chan_9g6_vio_0_impl_1]
00:00:00
get_property STATUS [get_runs fmc0_8chan_9g6_vio_0_synth_1]
Running synth_design...
get_property NEEDS_REFRESH [get_runs fmc0_8chan_9g6_vio_0_synth_1]
0
get_property PROGRESS [get_runs fmc0_8chan_9g6_vio_0_synth_1]
0%
get_property STATS.ELAPSED [get_runs fmc0_8chan_9g6_vio_0_synth_1]
00:06:38
get_property STATUS [get_runs gig_ethernet_pcs_pma_basex_156_25_impl_1]
Not started
get_property NEEDS_REFRESH [get_runs gig_ethernet_pcs_pma_basex_156_25_impl_1]
0
get_property PROGRESS [get_runs gig_ethernet_pcs_pma_basex_156_25_impl_1]
0%
get_property STATS.ELAPSED [get_runs gig_ethernet_pcs_pma_basex_156_25_impl_1]
00:00:00
get_property STATUS [get_runs gig_ethernet_pcs_pma_basex_156_25_synth_1]
Queued...
get_property NEEDS_REFRESH [get_runs gig_ethernet_pcs_pma_basex_156_25_synth_1]
0
get_property PROGRESS [get_runs gig_ethernet_pcs_pma_basex_156_25_synth_1]
0%
get_property STATS.ELAPSED [get_runs gig_ethernet_pcs_pma_basex_156_25_synth_1]
00:00:00
get_property STATUS [get_runs impl_1]
Not started
get_property NEEDS_REFRESH [get_runs impl_1]
0
get_property PROGRESS [get_runs impl_1]
0%
get_property STATS.ELAPSED [get_runs impl_1]
00:00:00
get_property STATUS [get_runs synth_1]
Queued...
get_property NEEDS_REFRESH [get_runs synth_1]
0
get_property PROGRESS [get_runs synth_1]
0%
get_property STATS.ELAPSED [get_runs synth_1]
00:00:00
get_property STATUS [get_runs temac_gbe_v9_0_impl_1]
Not started
get_property NEEDS_REFRESH [get_runs temac_gbe_v9_0_impl_1]
0
get_property PROGRESS [get_runs temac_gbe_v9_0_impl_1]
0%
get_property STATS.ELAPSED [get_runs temac_gbe_v9_0_impl_1]
00:00:00
get_property STATUS [get_runs temac_gbe_v9_0_synth_1]
Queued...
get_property NEEDS_REFRESH [get_runs temac_gbe_v9_0_synth_1]
0
get_property PROGRESS [get_runs temac_gbe_v9_0_synth_1]
0%
get_property STATS.ELAPSED [get_runs temac_gbe_v9_0_synth_1]
00:00:00
get_property STATUS [get_runs thFMch_input_fifo_impl_1]
Not started
get_property NEEDS_REFRESH [get_runs thFMch_input_fifo_impl_1]
0
get_property PROGRESS [get_runs thFMch_input_fifo_impl_1]
0%
get_property STATS.ELAPSED [get_runs thFMch_input_fifo_impl_1]
00:00:00
get_property STATUS [get_runs thFMch_input_fifo_synth_1]
Running synth_design...
get_property NEEDS_REFRESH [get_runs thFMch_input_fifo_synth_1]
0
get_property PROGRESS [get_runs thFMch_input_fifo_synth_1]
0%
get_property STATS.ELAPSED [get_runs thFMch_input_fifo_synth_1]
00:09:01
wait_on_run synth_1 -timeout 1
[Tue Dec  8 18:43:50 2020] Waiting for synth_1 to finish (timeout in 1 minute)...
[Tue Dec  8 18:44:50 2020] synth_1 timed out after 1 minute.
wait_on_run: Time (s): cpu = 00:00:00.12 ; elapsed = 00:01:01 . Memory (MB): peak = 2603.117 ; gain = 0.000 ; free physical = 105 ; free virtual = 1157
get_runs
synth_1 thFMch_input_fifo_synth_1 fmc0_8chan_9g6_synth_1 fmc0_8chan_9g6_vio_0_synth_1 crif_fifo_synth_1 axis_register_slice_fr_synth_1 RAM_2048x12_synth_1 distRAM_64x12_synth_1 Median_distRAM_64x12_synth_1 fir_compiler_0_synth_1 axis_data_fifo_0_synth_1 address_LUT_synth_1 gig_ethernet_pcs_pma_basex_156_25_synth_1 temac_gbe_v9_0_synth_1 impl_1 thFMch_input_fifo_impl_1 fmc0_8chan_9g6_impl_1 fmc0_8chan_9g6_vio_0_impl_1 crif_fifo_impl_1 axis_register_slice_fr_impl_1 RAM_2048x12_impl_1 distRAM_64x12_impl_1 Median_distRAM_64x12_impl_1 fir_compiler_0_impl_1 axis_data_fifo_0_impl_1 address_LUT_impl_1 gig_ethernet_pcs_pma_basex_156_25_impl_1 temac_gbe_v9_0_impl_1
get_property STATUS [get_runs Median_distRAM_64x12_impl_1]
Not started
get_property NEEDS_REFRESH [get_runs Median_distRAM_64x12_impl_1]
0
get_property PROGRESS [get_runs Median_distRAM_64x12_impl_1]
0%
get_property STATS.ELAPSED [get_runs Median_distRAM_64x12_impl_1]
00:00:00
get_property STATUS [get_runs Median_distRAM_64x12_synth_1]
Queued...
get_property NEEDS_REFRESH [get_runs Median_distRAM_64x12_synth_1]
0
get_property PROGRESS [get_runs Median_distRAM_64x12_synth_1]
0%
get_property STATS.ELAPSED [get_runs Median_distRAM_64x12_synth_1]
00:00:00
get_property STATUS [get_runs RAM_2048x12_impl_1]
Not started
get_property NEEDS_REFRESH [get_runs RAM_2048x12_impl_1]
0
get_property PROGRESS [get_runs RAM_2048x12_impl_1]
0%
get_property STATS.ELAPSED [get_runs RAM_2048x12_impl_1]
00:00:00
get_property STATUS [get_runs RAM_2048x12_synth_1]
Queued...
get_property NEEDS_REFRESH [get_runs RAM_2048x12_synth_1]
0
get_property PROGRESS [get_runs RAM_2048x12_synth_1]
0%
get_property STATS.ELAPSED [get_runs RAM_2048x12_synth_1]
00:00:00
get_property STATUS [get_runs address_LUT_impl_1]
Not started
get_property NEEDS_REFRESH [get_runs address_LUT_impl_1]
0
get_property PROGRESS [get_runs address_LUT_impl_1]
0%
get_property STATS.ELAPSED [get_runs address_LUT_impl_1]
00:00:00
get_property STATUS [get_runs address_LUT_synth_1]
Queued...
get_property NEEDS_REFRESH [get_runs address_LUT_synth_1]
0
get_property PROGRESS [get_runs address_LUT_synth_1]
0%
get_property STATS.ELAPSED [get_runs address_LUT_synth_1]
00:00:00
get_property STATUS [get_runs axis_data_fifo_0_impl_1]
Not started
get_property NEEDS_REFRESH [get_runs axis_data_fifo_0_impl_1]
0
get_property PROGRESS [get_runs axis_data_fifo_0_impl_1]
0%
get_property STATS.ELAPSED [get_runs axis_data_fifo_0_impl_1]
00:00:00
get_property STATUS [get_runs axis_data_fifo_0_synth_1]
Queued...
get_property NEEDS_REFRESH [get_runs axis_data_fifo_0_synth_1]
0
get_property PROGRESS [get_runs axis_data_fifo_0_synth_1]
0%
get_property STATS.ELAPSED [get_runs axis_data_fifo_0_synth_1]
00:00:00
get_property STATUS [get_runs axis_register_slice_fr_impl_1]
Not started
get_property NEEDS_REFRESH [get_runs axis_register_slice_fr_impl_1]
0
get_property PROGRESS [get_runs axis_register_slice_fr_impl_1]
0%
get_property STATS.ELAPSED [get_runs axis_register_slice_fr_impl_1]
00:00:00
get_property STATUS [get_runs axis_register_slice_fr_synth_1]
Queued...
get_property NEEDS_REFRESH [get_runs axis_register_slice_fr_synth_1]
0
get_property PROGRESS [get_runs axis_register_slice_fr_synth_1]
0%
get_property STATS.ELAPSED [get_runs axis_register_slice_fr_synth_1]
00:00:00
get_property STATUS [get_runs crif_fifo_impl_1]
Not started
get_property NEEDS_REFRESH [get_runs crif_fifo_impl_1]
0
get_property PROGRESS [get_runs crif_fifo_impl_1]
0%
get_property STATS.ELAPSED [get_runs crif_fifo_impl_1]
00:00:00
get_property STATUS [get_runs crif_fifo_synth_1]
Running synth_design...
get_property NEEDS_REFRESH [get_runs crif_fifo_synth_1]
0
get_property PROGRESS [get_runs crif_fifo_synth_1]
0%
get_property STATS.ELAPSED [get_runs crif_fifo_synth_1]
00:09:53
get_property STATUS [get_runs distRAM_64x12_impl_1]
Not started
get_property NEEDS_REFRESH [get_runs distRAM_64x12_impl_1]
0
get_property PROGRESS [get_runs distRAM_64x12_impl_1]
0%
get_property STATS.ELAPSED [get_runs distRAM_64x12_impl_1]
00:00:00
get_property STATUS [get_runs distRAM_64x12_synth_1]
Queued...
get_property NEEDS_REFRESH [get_runs distRAM_64x12_synth_1]
0
get_property PROGRESS [get_runs distRAM_64x12_synth_1]
0%
get_property STATS.ELAPSED [get_runs distRAM_64x12_synth_1]
00:00:00
get_property STATUS [get_runs fir_compiler_0_impl_1]
Not started
get_property NEEDS_REFRESH [get_runs fir_compiler_0_impl_1]
0
get_property PROGRESS [get_runs fir_compiler_0_impl_1]
0%
get_property STATS.ELAPSED [get_runs fir_compiler_0_impl_1]
00:00:00
get_property STATUS [get_runs fir_compiler_0_synth_1]
Queued...
get_property NEEDS_REFRESH [get_runs fir_compiler_0_synth_1]
0
get_property PROGRESS [get_runs fir_compiler_0_synth_1]
0%
get_property STATS.ELAPSED [get_runs fir_compiler_0_synth_1]
00:00:00
get_property STATUS [get_runs fmc0_8chan_9g6_impl_1]
Not started
get_property NEEDS_REFRESH [get_runs fmc0_8chan_9g6_impl_1]
0
get_property PROGRESS [get_runs fmc0_8chan_9g6_impl_1]
0%
get_property STATS.ELAPSED [get_runs fmc0_8chan_9g6_impl_1]
00:00:00
get_property STATUS [get_runs fmc0_8chan_9g6_synth_1]
Running synth_design...
get_property NEEDS_REFRESH [get_runs fmc0_8chan_9g6_synth_1]
0
get_property PROGRESS [get_runs fmc0_8chan_9g6_synth_1]
0%
get_property STATS.ELAPSED [get_runs fmc0_8chan_9g6_synth_1]
00:09:43
get_property STATUS [get_runs fmc0_8chan_9g6_vio_0_impl_1]
Not started
get_property NEEDS_REFRESH [get_runs fmc0_8chan_9g6_vio_0_impl_1]
0
get_property PROGRESS [get_runs fmc0_8chan_9g6_vio_0_impl_1]
0%
get_property STATS.ELAPSED [get_runs fmc0_8chan_9g6_vio_0_impl_1]
00:00:00
get_property STATUS [get_runs fmc0_8chan_9g6_vio_0_synth_1]
Running synth_design...
get_property NEEDS_REFRESH [get_runs fmc0_8chan_9g6_vio_0_synth_1]
0
get_property PROGRESS [get_runs fmc0_8chan_9g6_vio_0_synth_1]
0%
get_property STATS.ELAPSED [get_runs fmc0_8chan_9g6_vio_0_synth_1]
00:06:38
get_property STATUS [get_runs gig_ethernet_pcs_pma_basex_156_25_impl_1]
Not started
get_property NEEDS_REFRESH [get_runs gig_ethernet_pcs_pma_basex_156_25_impl_1]
0
get_property PROGRESS [get_runs gig_ethernet_pcs_pma_basex_156_25_impl_1]
0%
get_property STATS.ELAPSED [get_runs gig_ethernet_pcs_pma_basex_156_25_impl_1]
00:00:00
get_property STATUS [get_runs gig_ethernet_pcs_pma_basex_156_25_synth_1]
Queued...
get_property NEEDS_REFRESH [get_runs gig_ethernet_pcs_pma_basex_156_25_synth_1]
0
get_property PROGRESS [get_runs gig_ethernet_pcs_pma_basex_156_25_synth_1]
0%
get_property STATS.ELAPSED [get_runs gig_ethernet_pcs_pma_basex_156_25_synth_1]
00:00:00
get_property STATUS [get_runs impl_1]
Not started
get_property NEEDS_REFRESH [get_runs impl_1]
0
get_property PROGRESS [get_runs impl_1]
0%
get_property STATS.ELAPSED [get_runs impl_1]
00:00:00
get_property STATUS [get_runs synth_1]
Queued...
get_property NEEDS_REFRESH [get_runs synth_1]
0
get_property PROGRESS [get_runs synth_1]
0%
get_property STATS.ELAPSED [get_runs synth_1]
00:00:00
get_property STATUS [get_runs temac_gbe_v9_0_impl_1]
Not started
get_property NEEDS_REFRESH [get_runs temac_gbe_v9_0_impl_1]
0
get_property PROGRESS [get_runs temac_gbe_v9_0_impl_1]
0%
get_property STATS.ELAPSED [get_runs temac_gbe_v9_0_impl_1]
00:00:00
get_property STATUS [get_runs temac_gbe_v9_0_synth_1]
Queued...
get_property NEEDS_REFRESH [get_runs temac_gbe_v9_0_synth_1]
0
get_property PROGRESS [get_runs temac_gbe_v9_0_synth_1]
0%
get_property STATS.ELAPSED [get_runs temac_gbe_v9_0_synth_1]
00:00:00
get_property STATUS [get_runs thFMch_input_fifo_impl_1]
Not started
get_property NEEDS_REFRESH [get_runs thFMch_input_fifo_impl_1]
0
get_property PROGRESS [get_runs thFMch_input_fifo_impl_1]
0%
get_property STATS.ELAPSED [get_runs thFMch_input_fifo_impl_1]
00:00:00
get_property STATUS [get_runs thFMch_input_fifo_synth_1]
Running synth_design...
get_property NEEDS_REFRESH [get_runs thFMch_input_fifo_synth_1]
0
get_property PROGRESS [get_runs thFMch_input_fifo_synth_1]
0%
get_property STATS.ELAPSED [get_runs thFMch_input_fifo_synth_1]
00:09:53
wait_on_run synth_1 -timeout 1
[Tue Dec  8 18:44:56 2020] Waiting for synth_1 to finish (timeout in 1 minute)...
[Tue Dec  8 18:45:56 2020] synth_1 timed out after 1 minute.
wait_on_run: Time (s): cpu = 00:00:00.07 ; elapsed = 00:01:02 . Memory (MB): peak = 2603.117 ; gain = 0.000 ; free physical = 83 ; free virtual = 549
get_runs
synth_1 thFMch_input_fifo_synth_1 fmc0_8chan_9g6_synth_1 fmc0_8chan_9g6_vio_0_synth_1 crif_fifo_synth_1 axis_register_slice_fr_synth_1 RAM_2048x12_synth_1 distRAM_64x12_synth_1 Median_distRAM_64x12_synth_1 fir_compiler_0_synth_1 axis_data_fifo_0_synth_1 address_LUT_synth_1 gig_ethernet_pcs_pma_basex_156_25_synth_1 temac_gbe_v9_0_synth_1 impl_1 thFMch_input_fifo_impl_1 fmc0_8chan_9g6_impl_1 fmc0_8chan_9g6_vio_0_impl_1 crif_fifo_impl_1 axis_register_slice_fr_impl_1 RAM_2048x12_impl_1 distRAM_64x12_impl_1 Median_distRAM_64x12_impl_1 fir_compiler_0_impl_1 axis_data_fifo_0_impl_1 address_LUT_impl_1 gig_ethernet_pcs_pma_basex_156_25_impl_1 temac_gbe_v9_0_impl_1
get_property STATUS [get_runs Median_distRAM_64x12_impl_1]
Not started
get_property NEEDS_REFRESH [get_runs Median_distRAM_64x12_impl_1]
0
get_property PROGRESS [get_runs Median_distRAM_64x12_impl_1]
0%
get_property STATS.ELAPSED [get_runs Median_distRAM_64x12_impl_1]
00:00:00
get_property STATUS [get_runs Median_distRAM_64x12_synth_1]
Queued...
get_property NEEDS_REFRESH [get_runs Median_distRAM_64x12_synth_1]
0
get_property PROGRESS [get_runs Median_distRAM_64x12_synth_1]
0%
get_property STATS.ELAPSED [get_runs Median_distRAM_64x12_synth_1]
00:00:00
get_property STATUS [get_runs RAM_2048x12_impl_1]
Not started
get_property NEEDS_REFRESH [get_runs RAM_2048x12_impl_1]
0
get_property PROGRESS [get_runs RAM_2048x12_impl_1]
0%
get_property STATS.ELAPSED [get_runs RAM_2048x12_impl_1]
00:00:00
get_property STATUS [get_runs RAM_2048x12_synth_1]
Queued...
get_property NEEDS_REFRESH [get_runs RAM_2048x12_synth_1]
0
get_property PROGRESS [get_runs RAM_2048x12_synth_1]
0%
get_property STATS.ELAPSED [get_runs RAM_2048x12_synth_1]
00:00:00
get_property STATUS [get_runs address_LUT_impl_1]
Not started
get_property NEEDS_REFRESH [get_runs address_LUT_impl_1]
0
get_property PROGRESS [get_runs address_LUT_impl_1]
0%
get_property STATS.ELAPSED [get_runs address_LUT_impl_1]
00:00:00
get_property STATUS [get_runs address_LUT_synth_1]
Queued...
get_property NEEDS_REFRESH [get_runs address_LUT_synth_1]
0
get_property PROGRESS [get_runs address_LUT_synth_1]
0%
get_property STATS.ELAPSED [get_runs address_LUT_synth_1]
00:00:00
get_property STATUS [get_runs axis_data_fifo_0_impl_1]
Not started
get_property NEEDS_REFRESH [get_runs axis_data_fifo_0_impl_1]
0
get_property PROGRESS [get_runs axis_data_fifo_0_impl_1]
0%
get_property STATS.ELAPSED [get_runs axis_data_fifo_0_impl_1]
00:00:00
get_property STATUS [get_runs axis_data_fifo_0_synth_1]
Queued...
get_property NEEDS_REFRESH [get_runs axis_data_fifo_0_synth_1]
0
get_property PROGRESS [get_runs axis_data_fifo_0_synth_1]
0%
get_property STATS.ELAPSED [get_runs axis_data_fifo_0_synth_1]
00:00:00
get_property STATUS [get_runs axis_register_slice_fr_impl_1]
Not started
get_property NEEDS_REFRESH [get_runs axis_register_slice_fr_impl_1]
0
get_property PROGRESS [get_runs axis_register_slice_fr_impl_1]
0%
get_property STATS.ELAPSED [get_runs axis_register_slice_fr_impl_1]
00:00:00
get_property STATUS [get_runs axis_register_slice_fr_synth_1]
Queued...
get_property NEEDS_REFRESH [get_runs axis_register_slice_fr_synth_1]
0
get_property PROGRESS [get_runs axis_register_slice_fr_synth_1]
0%
get_property STATS.ELAPSED [get_runs axis_register_slice_fr_synth_1]
00:00:00
get_property STATUS [get_runs crif_fifo_impl_1]
Not started
get_property NEEDS_REFRESH [get_runs crif_fifo_impl_1]
0
get_property PROGRESS [get_runs crif_fifo_impl_1]
0%
get_property STATS.ELAPSED [get_runs crif_fifo_impl_1]
00:00:00
get_property STATUS [get_runs crif_fifo_synth_1]
Running synth_design...
get_property NEEDS_REFRESH [get_runs crif_fifo_synth_1]
0
get_property PROGRESS [get_runs crif_fifo_synth_1]
0%
get_property STATS.ELAPSED [get_runs crif_fifo_synth_1]
00:09:53
get_property STATUS [get_runs distRAM_64x12_impl_1]
Not started
get_property NEEDS_REFRESH [get_runs distRAM_64x12_impl_1]
0
get_property PROGRESS [get_runs distRAM_64x12_impl_1]
0%
get_property STATS.ELAPSED [get_runs distRAM_64x12_impl_1]
00:00:00
get_property STATUS [get_runs distRAM_64x12_synth_1]
Queued...
get_property NEEDS_REFRESH [get_runs distRAM_64x12_synth_1]
0
get_property PROGRESS [get_runs distRAM_64x12_synth_1]
0%
get_property STATS.ELAPSED [get_runs distRAM_64x12_synth_1]
00:00:00
get_property STATUS [get_runs fir_compiler_0_impl_1]
Not started
get_property NEEDS_REFRESH [get_runs fir_compiler_0_impl_1]
0
get_property PROGRESS [get_runs fir_compiler_0_impl_1]
0%
get_property STATS.ELAPSED [get_runs fir_compiler_0_impl_1]
00:00:00
get_property STATUS [get_runs fir_compiler_0_synth_1]
Queued...
get_property NEEDS_REFRESH [get_runs fir_compiler_0_synth_1]
0
get_property PROGRESS [get_runs fir_compiler_0_synth_1]
0%
get_property STATS.ELAPSED [get_runs fir_compiler_0_synth_1]
00:00:00
get_property STATUS [get_runs fmc0_8chan_9g6_impl_1]
Not started
get_property NEEDS_REFRESH [get_runs fmc0_8chan_9g6_impl_1]
0
get_property PROGRESS [get_runs fmc0_8chan_9g6_impl_1]
0%
get_property STATS.ELAPSED [get_runs fmc0_8chan_9g6_impl_1]
00:00:00
get_property STATUS [get_runs fmc0_8chan_9g6_synth_1]
Running synth_design...
get_property NEEDS_REFRESH [get_runs fmc0_8chan_9g6_synth_1]
0
get_property PROGRESS [get_runs fmc0_8chan_9g6_synth_1]
0%
get_property STATS.ELAPSED [get_runs fmc0_8chan_9g6_synth_1]
00:11:31
get_property STATUS [get_runs fmc0_8chan_9g6_vio_0_impl_1]
Not started
get_property NEEDS_REFRESH [get_runs fmc0_8chan_9g6_vio_0_impl_1]
0
get_property PROGRESS [get_runs fmc0_8chan_9g6_vio_0_impl_1]
0%
get_property STATS.ELAPSED [get_runs fmc0_8chan_9g6_vio_0_impl_1]
00:00:00
get_property STATUS [get_runs fmc0_8chan_9g6_vio_0_synth_1]
synth_design ERROR
get_property NEEDS_REFRESH [get_runs fmc0_8chan_9g6_vio_0_synth_1]
0
quit
INFO: [Common 17-206] Exiting Vivado at Tue Dec  8 18:49:03 2020...
