datapath__1: 
case__55: 
logic__162: 
reg__4: 
logic__2: 
reg__2: 
reg__33: 
reg__12: 
case__84: 
reg__13: 
case__52: 
keep__21: 
case__57: 
gtwizard_ultrascale_v1_7_5_gthe4_common: 
logic__155: 
logic__3: 
keep__20: 
keep__5: 
logic__47: 
logic__49: 
reg__42: 
case: 
case__54: 
reg__51: 
case__50: 
case__15: 
logic__63: 
logic__13: 
logic__53: 
case__81: 
counter__1: 
logic__150: 
case__86: 
reg__48: 
reg__20: 
logic__152: 
gtwizard_ultrascale_v1_7_5_gtwiz_userdata_tx: 
keep__25: 
fmc0_8chan_9g6: 
keep__2: 
fmc0_8chan_9g6_gthe4_channel_wrapper: 
logic__58: 
logic__50: 
reg__41: 
case__58: 
keep__22: 
reg__6: 
logic__112: 
reg__36: 
reg__16: 
reg__31: 
case__25: 
gtwizard_ultrascale_v1_7_5_gtwiz_reset: 
keep__9: 
case__17: 
logic__60: 
case__22: 
keep__12: 
gtwizard_ultrascale_v1_7_5_gthe4_channel: 
case__51: 
logic__57: 
keep__24: 
reg__47: 
reg__7: 
reg__52: 
reg__14: 
case__49: 
logic__111: 
fmc0_8chan_9g6_gtwizard_gthe4: 
reg__40: 
case__21: 
case__93: 
keep__6: 
reg__25: 
logic__66: 
case__28: 
reg__15: 
reg__43: 
case__16: 
logic__67: 
keep__16: 
logic__56: 
reg__38: 
logic__153: 
keep__10: 
reg__18: 
reg__44: 
fmc0_8chan_9g6_gthe4_common_wrapper: 
case__61: 
logic__8: 
case__18: 
case__53: 
logic__159: 
reg__9: 
keep__15: 
datapath__5: 
case__89: 
logic__7: 
keep__11: 
reg__1: 
case__85: 
case__90: 
reg__27: 
logic__116: 
logic__166: 
gtwizard_ultrascale_v1_7_5_gtwiz_userdata_rx: 
keep: 
case__19: 
logic__154: 
reg__30: 
case__60: 
logic__14: 
keep__7: 
keep__3: 
case__87: 
logic__9: 
case__92: 
logic__61: 
gtwizard_ultrascale_v1_7_5_reset_synchronizer: 
logic__51: 
case__59: 
case__23: 
case__97: 
counter__2: 
logic__165: 
fmc0_8chan_9g6_gtwizard_top: 
logic__110: 
reg__28: 
logic__161: 
reg__3: 
reg__49: 
reg__32: 
logic: 
reg__50: 
datapath: 
case__88: 
case__94: 
case__82: 
case__26: 
datapath__3: 
case__63: 
reg__26: 
reg__8: 
logic__164: 
gtwizard_ultrascale_v1_7_5_gthe4_delay_powergood: 
case__14: 
logic__59: 
logic__48: 
case__56: 
logic__1: 
keep__8: 
reg__24: 
logic__62: 
logic__163: 
logic__151: 
keep__4: 
gtwizard_ultrascale_v1_7_5_reset_inv_synchronizer: 
reg: 
case__47: 
logic__160: 
reg__17: 
keep__19: 
reg__10: 
keep__27: 
reg__37: 
reg__39: 
logic__119: 
keep__18: 
datapath__4: 
gtwizard_ultrascale_v1_7_5_bit_synchronizer: 
keep__23: 
logic__52: 
case__20: 
keep__17: 
keep__29: 
logic__113: 
logic__115: 
case__83: 
case__27: 
case__95: 
keep__13: 
case__96: 
datapath__2: 
keep__28: 
logic__10: 
case__62: 
logic__114: 
reg__23: 
keep__1: 
counter: 
keep__14: 
reg__11: 
logic__120: 
case__24: 
case__64: 
logic__6: 
reg__19: 
case__48: 
keep__26: 
reg__29: 
logic__156: 
reg__5: 
