

================================================================
== Vivado HLS Report for 'ped_alg'
================================================================
* Date:           Wed Nov 11 13:22:26 2020

* Version:        2019.2 (Build 2704478 on Wed Nov 06 22:10:23 MST 2019)
* Project:        ped_sub_prj
* Solution:       new_testbench
* Product family: zynquplus
* Target device:  xczu9eg-ffvb1156-2-e


================================================================
== Performance Estimates
================================================================
+ Timing: 
    * Summary: 
    +--------+---------+----------+------------+
    |  Clock |  Target | Estimated| Uncertainty|
    +--------+---------+----------+------------+
    |ap_clk  | 4.00 ns | 3.019 ns |   0.50 ns  |
    +--------+---------+----------+------------+

+ Latency: 
    * Summary: 
    +---------+---------+----------+-----------+-----+-----+---------+
    |  Latency (cycles) |  Latency (absolute)  |  Interval | Pipeline|
    |   min   |   max   |    min   |    max    | min | max |   Type  |
    +---------+---------+----------+-----------+-----+-----+---------+
    |        1|        4| 4.000 ns | 16.000 ns |    1|    4|   none  |
    +---------+---------+----------+-----------+-----+-----+---------+

    + Detail: 
        * Instance: 
        N/A

        * Loop: 
        N/A



================================================================
== Utilization Estimates
================================================================
* Summary: 
+-----------------+---------+-------+--------+--------+-----+
|       Name      | BRAM_18K| DSP48E|   FF   |   LUT  | URAM|
+-----------------+---------+-------+--------+--------+-----+
|DSP              |        -|      -|       -|       -|    -|
|Expression       |        -|      -|       0|     186|    -|
|FIFO             |        -|      -|       -|       -|    -|
|Instance         |        -|      -|       -|       -|    -|
|Memory           |        -|      -|       -|       -|    -|
|Multiplexer      |        -|      -|       -|      90|    -|
|Register         |        -|      -|      55|       -|    -|
+-----------------+---------+-------+--------+--------+-----+
|Total            |        0|      0|      55|     276|    0|
+-----------------+---------+-------+--------+--------+-----+
|Available        |     1824|   2520|  548160|  274080|    0|
+-----------------+---------+-------+--------+--------+-----+
|Utilization (%)  |        0|      0|   ~0   |   ~0   |    0|
+-----------------+---------+-------+--------+--------+-----+

+ Detail: 
    * Instance: 
    N/A

    * DSP48E: 
    N/A

    * Memory: 
    N/A

    * FIFO: 
    N/A

    * Expression: 
    +-----------------------+----------+-------+---+----+------------+------------+
    |     Variable Name     | Operation| DSP48E| FF| LUT| Bitwidth P0| Bitwidth P1|
    +-----------------------+----------+-------+---+----+------------+------------+
    |add_ln40_fu_214_p2     |     +    |      0|  0|  15|           1|           8|
    |add_ln44_fu_226_p2     |     +    |      0|  0|  15|           2|           8|
    |add_ln50_fu_273_p2     |     +    |      0|  0|  23|          16|           1|
    |add_ln55_fu_266_p2     |     +    |      0|  0|  23|          16|           2|
    |ADC                    |     -    |      0|  0|  23|          16|          16|
    |and_ln28_fu_183_p2     |    and   |      0|  0|   2|           1|           1|
    |icmp_ln39_1_fu_240_p2  |   icmp   |      0|  0|  13|          16|          16|
    |icmp_ln39_fu_208_p2    |   icmp   |      0|  0|  13|          16|          16|
    |icmp_ln43_fu_220_p2    |   icmp   |      0|  0|  13|          16|          16|
    |icmp_ln49_fu_254_p2    |   icmp   |      0|  0|  11|           8|           4|
    |icmp_ln54_fu_260_p2    |   icmp   |      0|  0|  11|           8|           5|
    |or_ln28_1_fu_195_p2    |    or    |      0|  0|   2|           1|           1|
    |or_ln28_fu_177_p2      |    or    |      0|  0|   2|           1|           1|
    |select_ln39_fu_246_p3  |  select  |      0|  0|   8|           1|           8|
    |select_ln43_fu_232_p3  |  select  |      0|  0|   8|           1|           8|
    |xor_ln28_1_fu_189_p2   |    xor   |      0|  0|   2|           2|           1|
    |xor_ln28_fu_171_p2     |    xor   |      0|  0|   2|           1|           2|
    +-----------------------+----------+-------+---+----+------------+------------+
    |Total                  |          |      0|  0| 186|         123|         114|
    +-----------------------+----------+-------+---+----+------------+------------+

    * Multiplexer: 
    +------------------------+----+-----------+-----+-----------+
    |          Name          | LUT| Input Size| Bits| Total Bits|
    +------------------------+----+-----------+-----+-----------+
    |accum_flag_2_reg_142    |   9|          2|    1|          2|
    |accum_new_2_reg_156     |   9|          2|    8|         16|
    |accum_o                 |   9|          2|    8|         16|
    |ap_NS_fsm               |  33|          6|    1|          6|
    |ped_val_load_3_reg_131  |  15|          3|   16|         48|
    |ped_val_o               |  15|          3|   16|         48|
    +------------------------+----+-----------+-----+-----------+
    |Total                   |  90|         18|   50|        136|
    +------------------------+----+-----------+-----+-----------+

    * Register: 
    +------------------------+----+----+-----+-----------+
    |          Name          | FF | LUT| Bits| Const Bits|
    +------------------------+----+----+-----+-----------+
    |accum_flag_2_reg_142    |   1|   0|    1|          0|
    |accum_new_2_reg_156     |   8|   0|    8|          0|
    |ap_CS_fsm               |   5|   0|    5|          0|
    |or_ln28_1_reg_286       |   1|   0|    1|          0|
    |ped_val_load_3_reg_131  |  16|   0|   16|          0|
    |trunc_reg_290           |  12|   0|   12|          0|
    |zext_ln33_reg_295       |  12|   0|   16|          4|
    +------------------------+----+----+-----+-----------+
    |Total                   |  55|   0|   59|          4|
    +------------------------+----+----+-----+-----------+



================================================================
== Interface
================================================================
* Summary: 
+------------------+-----+-----+------------+--------------+--------------+
|     RTL Ports    | Dir | Bits|  Protocol  | Source Object|    C Type    |
+------------------+-----+-----+------------+--------------+--------------+
|ap_clk            |  in |    1| ap_ctrl_hs |    ped_alg   | return value |
|ap_rst            |  in |    1| ap_ctrl_hs |    ped_alg   | return value |
|ap_start          |  in |    1| ap_ctrl_hs |    ped_alg   | return value |
|ap_done           | out |    1| ap_ctrl_hs |    ped_alg   | return value |
|ap_idle           | out |    1| ap_ctrl_hs |    ped_alg   | return value |
|ap_ready          | out |    1| ap_ctrl_hs |    ped_alg   | return value |
|ped_val_i         |  in |   16|   ap_ovld  |    ped_val   |    pointer   |
|ped_val_o         | out |   16|   ap_ovld  |    ped_val   |    pointer   |
|ped_val_o_ap_vld  | out |    1|   ap_ovld  |    ped_val   |    pointer   |
|accum_i           |  in |    8|   ap_ovld  |     accum    |    pointer   |
|accum_o           | out |    8|   ap_ovld  |     accum    |    pointer   |
|accum_o_ap_vld    | out |    1|   ap_ovld  |     accum    |    pointer   |
|ADC               | out |   16|   ap_vld   |      ADC     |    pointer   |
|ADC_ap_vld        | out |    1|   ap_vld   |      ADC     |    pointer   |
|tdata             |  in |   16|   ap_none  |     tdata    |    scalar    |
|tvalid            |  in |    1|   ap_none  |    tvalid    |    scalar    |
|tkeep0            |  in |    1|   ap_none  |    tkeep0    |    scalar    |
|tkeep1            |  in |    1|   ap_none  |    tkeep1    |    scalar    |
|tready            |  in |    1|   ap_none  |    tready    |    scalar    |
+------------------+-----+-----+------------+--------------+--------------+

