This is pdfTeX, Version 3.14159265-2.6-1.40.20 (TeX Live 2019/Debian) (preloaded format=pdflatex 2020.6.8)  18 MAY 2021 18:44
entering extended mode
 restricted \write18 enabled.
 %&-line parsing enabled.
**DUNE_project_report.tex
(./DUNE_project_report.tex
LaTeX2e <2020-02-02> patch level 2
L3 programming layer <2020-02-14>
(/usr/share/texlive/texmf-dist/tex/latex/base/article.cls
Document Class: article 2019/12/20 v1.4l Standard LaTeX document class
(/usr/share/texlive/texmf-dist/tex/latex/base/size10.clo
File: size10.clo 2019/12/20 v1.4l Standard LaTeX file (size option)
)
\c@part=\count167
\c@section=\count168
\c@subsection=\count169
\c@subsubsection=\count170
\c@paragraph=\count171
\c@subparagraph=\count172
\c@figure=\count173
\c@table=\count174
\abovecaptionskip=\skip47
\belowcaptionskip=\skip48
\bibindent=\dimen134
)
(/usr/share/texlive/texmf-dist/tex/latex/amsmath/amsmath.sty
Package: amsmath 2020/01/20 v2.17e AMS math features
\@mathmargin=\skip49

For additional information on amsmath, use the `?' option.
(/usr/share/texlive/texmf-dist/tex/latex/amsmath/amstext.sty
Package: amstext 2000/06/29 v2.01 AMS text

(/usr/share/texlive/texmf-dist/tex/latex/amsmath/amsgen.sty
File: amsgen.sty 1999/11/30 v2.0 generic functions
\@emptytoks=\toks14
\ex@=\dimen135
))
(/usr/share/texlive/texmf-dist/tex/latex/amsmath/amsbsy.sty
Package: amsbsy 1999/11/29 v1.2d Bold Symbols
\pmbraise@=\dimen136
)
(/usr/share/texlive/texmf-dist/tex/latex/amsmath/amsopn.sty
Package: amsopn 2016/03/08 v2.02 operator names
)
\inf@bad=\count175
LaTeX Info: Redefining \frac on input line 227.
\uproot@=\count176
\leftroot@=\count177
LaTeX Info: Redefining \overline on input line 389.
\classnum@=\count178
\DOTSCASE@=\count179
LaTeX Info: Redefining \ldots on input line 486.
LaTeX Info: Redefining \dots on input line 489.
LaTeX Info: Redefining \cdots on input line 610.
\Mathstrutbox@=\box45
\strutbox@=\box46
\big@size=\dimen137
LaTeX Font Info:    Redeclaring font encoding OML on input line 733.
LaTeX Font Info:    Redeclaring font encoding OMS on input line 734.
\macc@depth=\count180
\c@MaxMatrixCols=\count181
\dotsspace@=\muskip16
\c@parentequation=\count182
\dspbrk@lvl=\count183
\tag@help=\toks15
\row@=\count184
\column@=\count185
\maxfields@=\count186
\andhelp@=\toks16
\eqnshift@=\dimen138
\alignsep@=\dimen139
\tagshift@=\dimen140
\tagwidth@=\dimen141
\totwidth@=\dimen142
\lineht@=\dimen143
\@envbody=\toks17
\multlinegap=\skip50
\multlinetaggap=\skip51
\mathdisplay@stack=\toks18
LaTeX Info: Redefining \[ on input line 2859.
LaTeX Info: Redefining \] on input line 2860.
)
(/usr/share/texlive/texmf-dist/tex/latex/amsfonts/amsfonts.sty
Package: amsfonts 2013/01/14 v3.01 Basic AMSFonts support
\symAMSa=\mathgroup4
\symAMSb=\mathgroup5
LaTeX Font Info:    Redeclaring math symbol \hbar on input line 98.
LaTeX Font Info:    Overwriting math alphabet `\mathfrak' in version `bold'
(Font)                  U/euf/m/n --> U/euf/b/n on input line 106.
)
(/usr/share/texlive/texmf-dist/tex/latex/amsfonts/amssymb.sty
Package: amssymb 2013/01/14 v3.01 AMS font symbols
)
(/usr/share/texlive/texmf-dist/tex/latex/graphics/graphicx.sty
Package: graphicx 2019/11/30 v1.2a Enhanced LaTeX Graphics (DPC,SPQR)

(/usr/share/texlive/texmf-dist/tex/latex/graphics/keyval.sty
Package: keyval 2014/10/28 v1.15 key=value parser (DPC)
\KV@toks@=\toks19
)
(/usr/share/texlive/texmf-dist/tex/latex/graphics/graphics.sty
Package: graphics 2019/11/30 v1.4a Standard LaTeX Graphics (DPC,SPQR)

(/usr/share/texlive/texmf-dist/tex/latex/graphics/trig.sty
Package: trig 2016/01/03 v1.10 sin cos tan (DPC)
)
(/usr/share/texlive/texmf-dist/tex/latex/graphics-cfg/graphics.cfg
File: graphics.cfg 2016/06/04 v1.11 sample graphics configuration
)
Package graphics Info: Driver file: pdftex.def on input line 105.

(/usr/share/texlive/texmf-dist/tex/latex/graphics-def/pdftex.def
File: pdftex.def 2018/01/08 v1.0l Graphics/color driver for pdftex
))
\Gin@req@height=\dimen144
\Gin@req@width=\dimen145
)
(/usr/share/texlive/texmf-dist/tex/latex/hyperref/hyperref.sty
Package: hyperref 2020/01/14 v7.00d Hypertext links for LaTeX

(/usr/share/texlive/texmf-dist/tex/generic/ltxcmds/ltxcmds.sty
Package: ltxcmds 2019/12/15 v1.24 LaTeX kernel commands for general use (HO)
)
(/usr/share/texlive/texmf-dist/tex/generic/iftex/iftex.sty
Package: iftex 2019/11/07 v1.0c TeX engine tests
)
(/usr/share/texlive/texmf-dist/tex/latex/pdftexcmds/pdftexcmds.sty
Package: pdftexcmds 2019/11/24 v0.31 Utility functions of pdfTeX for LuaTeX (HO
)

(/usr/share/texlive/texmf-dist/tex/generic/infwarerr/infwarerr.sty
Package: infwarerr 2019/12/03 v1.5 Providing info/warning/error messages (HO)
)
Package pdftexcmds Info: \pdf@primitive is available.
Package pdftexcmds Info: \pdf@ifprimitive is available.
Package pdftexcmds Info: \pdfdraftmode found.
)
(/usr/share/texlive/texmf-dist/tex/generic/kvsetkeys/kvsetkeys.sty
Package: kvsetkeys 2019/12/15 v1.18 Key value parser (HO)
)
(/usr/share/texlive/texmf-dist/tex/generic/kvdefinekeys/kvdefinekeys.sty
Package: kvdefinekeys 2019-12-19 v1.6 Define keys (HO)
)
(/usr/share/texlive/texmf-dist/tex/generic/pdfescape/pdfescape.sty
Package: pdfescape 2019/12/09 v1.15 Implements pdfTeX's escape features (HO)
)
(/usr/share/texlive/texmf-dist/tex/latex/hycolor/hycolor.sty
Package: hycolor 2020-01-27 v1.10 Color options for hyperref/bookmark (HO)
)
(/usr/share/texlive/texmf-dist/tex/latex/letltxmacro/letltxmacro.sty
Package: letltxmacro 2019/12/03 v1.6 Let assignment for LaTeX macros (HO)
)
(/usr/share/texlive/texmf-dist/tex/latex/auxhook/auxhook.sty
Package: auxhook 2019-12-17 v1.6 Hooks for auxiliary files (HO)
)
(/usr/share/texlive/texmf-dist/tex/latex/kvoptions/kvoptions.sty
Package: kvoptions 2019/11/29 v3.13 Key value format for package options (HO)
)
\@linkdim=\dimen146
\Hy@linkcounter=\count187
\Hy@pagecounter=\count188

(/usr/share/texlive/texmf-dist/tex/latex/hyperref/pd1enc.def
File: pd1enc.def 2020/01/14 v7.00d Hyperref: PDFDocEncoding definition (HO)
Now handling font encoding PD1 ...
... no UTF-8 mapping file for font encoding PD1
)
(/usr/share/texlive/texmf-dist/tex/generic/intcalc/intcalc.sty
Package: intcalc 2019/12/15 v1.3 Expandable calculations with integers (HO)
)
(/usr/share/texlive/texmf-dist/tex/generic/etexcmds/etexcmds.sty
Package: etexcmds 2019/12/15 v1.7 Avoid name clashes with e-TeX commands (HO)
)
\Hy@SavedSpaceFactor=\count189
\pdfmajorversion=\count190
Package hyperref Info: Hyper figures OFF on input line 4547.
Package hyperref Info: Link nesting OFF on input line 4552.
Package hyperref Info: Hyper index ON on input line 4555.
Package hyperref Info: Plain pages OFF on input line 4562.
Package hyperref Info: Backreferencing OFF on input line 4567.
Package hyperref Info: Implicit mode ON; LaTeX internals redefined.
Package hyperref Info: Bookmarks ON on input line 4800.
\c@Hy@tempcnt=\count191

(/usr/share/texlive/texmf-dist/tex/latex/url/url.sty
\Urlmuskip=\muskip17
Package: url 2013/09/16  ver 3.4  Verb mode for urls, etc.
)
LaTeX Info: Redefining \url on input line 5159.
\XeTeXLinkMargin=\dimen147

(/usr/share/texlive/texmf-dist/tex/generic/bitset/bitset.sty
Package: bitset 2019/12/09 v1.3 Handle bit-vector datatype (HO)

(/usr/share/texlive/texmf-dist/tex/generic/bigintcalc/bigintcalc.sty
Package: bigintcalc 2019/12/15 v1.5 Expandable calculations on big integers (HO
)
))
\Fld@menulength=\count192
\Field@Width=\dimen148
\Fld@charsize=\dimen149
Package hyperref Info: Hyper figures OFF on input line 6430.
Package hyperref Info: Link nesting OFF on input line 6435.
Package hyperref Info: Hyper index ON on input line 6438.
Package hyperref Info: backreferencing OFF on input line 6445.
Package hyperref Info: Link coloring OFF on input line 6450.
Package hyperref Info: Link coloring with OCG OFF on input line 6455.
Package hyperref Info: PDF/A mode OFF on input line 6460.
LaTeX Info: Redefining \ref on input line 6500.
LaTeX Info: Redefining \pageref on input line 6504.

(/usr/share/texlive/texmf-dist/tex/generic/atbegshi/atbegshi.sty
Package: atbegshi 2019/12/05 v1.19 At begin shipout hook (HO)
)
\Hy@abspage=\count193
\c@Item=\count194
\c@Hfootnote=\count195
)
Package hyperref Info: Driver (autodetected): hpdftex.

(/usr/share/texlive/texmf-dist/tex/latex/hyperref/hpdftex.def
File: hpdftex.def 2020/01/14 v7.00d Hyperref driver for pdfTeX

(/usr/share/texlive/texmf-dist/tex/latex/atveryend/atveryend.sty
Package: atveryend 2019-12-11 v1.11 Hooks at the very end of document (HO)
Package atveryend Info: \enddocument detected (standard20110627).
)
\Fld@listcount=\count196
\c@bookmark@seq@number=\count197

(/usr/share/texlive/texmf-dist/tex/latex/rerunfilecheck/rerunfilecheck.sty
Package: rerunfilecheck 2019/12/05 v1.9 Rerun checks for auxiliary files (HO)

(/usr/share/texlive/texmf-dist/tex/generic/uniquecounter/uniquecounter.sty
Package: uniquecounter 2019/12/15 v1.4 Provide unlimited unique counter (HO)
)
Package uniquecounter Info: New unique counter `rerunfilecheck' on input line 2
86.
)
\Hy@SectionHShift=\skip52
)
(/usr/share/texlive/texmf-dist/tex/latex/listings/listings.sty
\lst@mode=\count198
\lst@gtempboxa=\box47
\lst@token=\toks20
\lst@length=\count199
\lst@currlwidth=\dimen150
\lst@column=\count266
\lst@pos=\count267
\lst@lostspace=\dimen151
\lst@width=\dimen152
\lst@newlines=\count268
\lst@lineno=\count269
\lst@maxwidth=\dimen153

(/usr/share/texlive/texmf-dist/tex/latex/listings/lstmisc.sty
File: lstmisc.sty 2019/09/10 1.8c (Carsten Heinz)
\c@lstnumber=\count270
\lst@skipnumbers=\count271
\lst@framebox=\box48
)
(/usr/share/texlive/texmf-dist/tex/latex/listings/listings.cfg
File: listings.cfg 2019/09/10 1.8c listings configuration
))
Package: listings 2019/09/10 1.8c (Carsten Heinz)

(/usr/share/texlive/texmf-dist/tex/latex/lstaddons/lstautogobble.sty
Package: lstautogobble 2012/05/03 v0.1 Implements 'autogobble' option for 'list
ings'
\lstag@spacecount=\count272
)
(/usr/share/texlive/texmf-dist/tex/latex/xcolor/xcolor.sty
Package: xcolor 2016/05/11 v2.12 LaTeX color extensions (UK)

(/usr/share/texlive/texmf-dist/tex/latex/graphics-cfg/color.cfg
File: color.cfg 2016/01/02 v1.6 sample color configuration
)
Package xcolor Info: Driver file: pdftex.def on input line 225.
Package xcolor Info: Model `cmy' substituted by `cmy0' on input line 1348.
Package xcolor Info: Model `hsb' substituted by `rgb' on input line 1352.
Package xcolor Info: Model `RGB' extended on input line 1364.
Package xcolor Info: Model `HTML' substituted by `rgb' on input line 1366.
Package xcolor Info: Model `Hsb' substituted by `hsb' on input line 1367.
Package xcolor Info: Model `tHsb' substituted by `hsb' on input line 1368.
Package xcolor Info: Model `HSB' substituted by `hsb' on input line 1369.
Package xcolor Info: Model `Gray' substituted by `gray' on input line 1370.
Package xcolor Info: Model `wave' substituted by `hsb' on input line 1371.
)
(/usr/share/texlive/texmf-dist/tex/latex/cite/cite.sty
LaTeX Info: Redefining \cite on input line 302.
LaTeX Info: Redefining \nocite on input line 332.
Package: cite 2015/02/27  v 5.5
)
(/usr/share/texlive/texmf-dist/tex/latex/listings/lstlang1.sty
File: lstlang1.sty 2019/09/10 1.8c listings language file
)
(/usr/share/texlive/texmf-dist/tex/latex/listings/lstlang1.sty
File: lstlang1.sty 2019/09/10 1.8c listings language file
)
(/usr/share/texlive/texmf-dist/tex/latex/listings/lstmisc.sty
File: lstmisc.sty 2019/09/10 1.8c (Carsten Heinz)
)
(/usr/share/texlive/texmf-dist/tex/latex/l3backend/l3backend-pdfmode.def
File: l3backend-pdfmode.def 2020-02-03 L3 backend support: PDF mode
\l__kernel_color_stack_int=\count273
\l__pdf_internal_box=\box49
)
(./DUNE_project_report.aux)
\openout1 = `DUNE_project_report.aux'.

LaTeX Font Info:    Checking defaults for OML/cmm/m/it on input line 27.
LaTeX Font Info:    ... okay on input line 27.
LaTeX Font Info:    Checking defaults for OMS/cmsy/m/n on input line 27.
LaTeX Font Info:    ... okay on input line 27.
LaTeX Font Info:    Checking defaults for OT1/cmr/m/n on input line 27.
LaTeX Font Info:    ... okay on input line 27.
LaTeX Font Info:    Checking defaults for T1/cmr/m/n on input line 27.
LaTeX Font Info:    ... okay on input line 27.
LaTeX Font Info:    Checking defaults for TS1/cmr/m/n on input line 27.
LaTeX Font Info:    ... okay on input line 27.
LaTeX Font Info:    Checking defaults for OMX/cmex/m/n on input line 27.
LaTeX Font Info:    ... okay on input line 27.
LaTeX Font Info:    Checking defaults for U/cmr/m/n on input line 27.
LaTeX Font Info:    ... okay on input line 27.
LaTeX Font Info:    Checking defaults for PD1/pdf/m/n on input line 27.
LaTeX Font Info:    ... okay on input line 27.

(/usr/share/texlive/texmf-dist/tex/context/base/mkii/supp-pdf.mkii
[Loading MPS to PDF converter (version 2006.09.02).]
\scratchcounter=\count274
\scratchdimen=\dimen154
\scratchbox=\box50
\nofMPsegments=\count275
\nofMParguments=\count276
\everyMPshowfont=\toks21
\MPscratchCnt=\count277
\MPscratchDim=\dimen155
\MPnumerator=\count278
\makeMPintoPDFobject=\count279
\everyMPtoPDFconversion=\toks22
) (/usr/share/texlive/texmf-dist/tex/latex/epstopdf-pkg/epstopdf-base.sty
Package: epstopdf-base 2020-01-24 v2.11 Base part for package epstopdf
Package epstopdf-base Info: Redefining graphics rule for `.eps' on input line 4
85.

(/usr/share/texlive/texmf-dist/tex/latex/latexconfig/epstopdf-sys.cfg
File: epstopdf-sys.cfg 2010/07/13 v1.3 Configuration of (r)epstopdf for TeX Liv
e
))
\AtBeginShipoutBox=\box51
Package hyperref Info: Link coloring OFF on input line 27.

(/usr/share/texlive/texmf-dist/tex/latex/hyperref/nameref.sty
Package: nameref 2019/09/16 v2.46 Cross-referencing by name of section

(/usr/share/texlive/texmf-dist/tex/latex/refcount/refcount.sty
Package: refcount 2019/12/15 v3.6 Data extraction from label references (HO)
)
(/usr/share/texlive/texmf-dist/tex/generic/gettitlestring/gettitlestring.sty
Package: gettitlestring 2019/12/15 v1.6 Cleanup title references (HO)
)
\c@section@level=\count280
)
LaTeX Info: Redefining \ref on input line 27.
LaTeX Info: Redefining \pageref on input line 27.
LaTeX Info: Redefining \nameref on input line 27.

(./DUNE_project_report.out) (./DUNE_project_report.out)
\@outlinefile=\write3
\openout3 = `DUNE_project_report.out'.

\c@lstlisting=\count281
 (./titlepage.tex
<figures/southampton_crest.jpg, id=156, 401.5pt x 680.5425pt>
File: figures/southampton_crest.jpg Graphic file (type jpg)
<use figures/southampton_crest.jpg>
Package pdftex.def Info: figures/southampton_crest.jpg  used on input line 40.
(pdftex.def)             Requested size: 145.10905pt x 245.96085pt.

[1


{/var/lib/texmf/fonts/map/pdftex/updmap/pdftex.map} <./figures/southampton_cres
t.jpg>] [2]) (./DUNE_project_report.toc
LaTeX Font Info:    Trying to load font information for U+msa on input line 2.

(/usr/share/texlive/texmf-dist/tex/latex/amsfonts/umsa.fd
File: umsa.fd 2013/01/14 v3.01 AMS symbols A
)
LaTeX Font Info:    Trying to load font information for U+msb on input line 2.

(/usr/share/texlive/texmf-dist/tex/latex/amsfonts/umsb.fd
File: umsb.fd 2013/01/14 v3.01 AMS symbols B
))
\tf@toc=\write4
\openout4 = `DUNE_project_report.toc'.

 [3]
(./DUNE_project_report.lof)
\tf@lof=\write5
\openout5 = `DUNE_project_report.lof'.

 [4] [5] [6] [7] [8] [9]

LaTeX Font Warning: Command \large invalid in math mode on input line 119.

[10]
<figures/CP_mirror_process.jpg, id=389, 637.38126pt x 398.48875pt>
File: figures/CP_mirror_process.jpg Graphic file (type jpg)
<use figures/CP_mirror_process.jpg>
Package pdftex.def Info: figures/CP_mirror_process.jpg  used on input line 154.

(pdftex.def)             Requested size: 241.49895pt x 150.98343pt.
 [11 <./figures/CP_mirror_process.jpg>]

LaTeX Font Warning: Command \large invalid in math mode on input line 167.

[12]
<figures/oscillation_prob.png, id=415, 481.8pt x 978.65625pt>
File: figures/oscillation_prob.png Graphic file (type png)
<use figures/oscillation_prob.png>
Package pdftex.def Info: figures/oscillation_prob.png  used on input line 216.
(pdftex.def)             Requested size: 207.0021pt x 420.47054pt.
 [13] [14 <./figures/oscillation_prob.png>] [15]
<figures/The-major-components-of-the-ProtoDUNE-SP-TPC.png, id=443, 853.1875pt x
 919.435pt>
File: figures/The-major-components-of-the-ProtoDUNE-SP-TPC.png Graphic file (ty
pe png)
<use figures/The-major-components-of-the-ProtoDUNE-SP-TPC.png>
Package pdftex.def Info: figures/The-major-components-of-the-ProtoDUNE-SP-TPC.p
ng  used on input line 255.
(pdftex.def)             Requested size: 172.5pt x 185.88994pt.
 [16 <./figures/The-major-components-of-the-ProtoDUNE-SP-TPC.png>] [17]
<figures/FE_arch.jpg, id=470, 497.60907pt x 434.37282pt>
File: figures/FE_arch.jpg Graphic file (type jpg)
<use figures/FE_arch.jpg>
Package pdftex.def Info: figures/FE_arch.jpg  used on input line 286.
(pdftex.def)             Requested size: 241.49895pt x 210.80974pt.
 [18 <./figures/FE_arch.jpg>]
<figures/data_router_visual.png, id=483, 1806.75pt x 649.42625pt>
File: figures/data_router_visual.png Graphic file (type png)
<use figures/data_router_visual.png>
Package pdftex.def Info: figures/data_router_visual.png  used on input line 297
.
(pdftex.def)             Requested size: 345.0pt x 124.00665pt.

[19 <./figures/data_router_visual.png>]
<figures/HSC.jpg, id=499, 310.15875pt x 141.52875pt>
File: figures/HSC.jpg Graphic file (type jpg)
<use figures/HSC.jpg>
Package pdftex.def Info: figures/HSC.jpg  used on input line 324.
(pdftex.def)             Requested size: 241.49895pt x 110.19762pt.
 [20 <./figures/HSC.jpg>]
<figures/HF_processor.jpg, id=519, 784.43062pt x 385.44pt>
File: figures/HF_processor.jpg Graphic file (type jpg)
<use figures/HF_processor.jpg>
Package pdftex.def Info: figures/HF_processor.jpg  used on input line 339.
(pdftex.def)             Requested size: 552.0021pt x 271.24709pt.
 [21 <./figures/HF_processor.jpg>] [22] [23] [24]
<figures/pipeline_example.png, id=577, 925.4575pt x 495.8525pt>
File: figures/pipeline_example.png Graphic file (type png)
<use figures/pipeline_example.png>
Package pdftex.def Info: figures/pipeline_example.png  used on input line 407.
(pdftex.def)             Requested size: 241.49895pt x 129.3877pt.
 [25 <./figures/pipeline_example.png>]
[26] [27]
<figures/PedSub_Alg.png, id=610, 705.63625pt x 798.985pt>
File: figures/PedSub_Alg.png Graphic file (type png)
<use figures/PedSub_Alg.png>
Package pdftex.def Info: figures/PedSub_Alg.png  used on input line 457.
(pdftex.def)             Requested size: 345.0pt x 390.64047pt.
 [28] [29] [30 <./figures/PedSub_Alg.png>] [31]
<figures/pedestal_subtraction_Kostas_stats.png, id=635, 860.21375pt x 445.665pt
>
File: figures/pedestal_subtraction_Kostas_stats.png Graphic file (type png)
<use figures/pedestal_subtraction_Kostas_stats.png>
Package pdftex.def Info: figures/pedestal_subtraction_Kostas_stats.png  used on
 input line 497.
(pdftex.def)             Requested size: 345.0pt x 178.73886pt.
<figures/pedsub_HLS_stats.png, id=636, 851.18pt x 433.62pt>
File: figures/pedsub_HLS_stats.png Graphic file (type png)
<use figures/pedsub_HLS_stats.png>
Package pdftex.def Info: figures/pedsub_HLS_stats.png  used on input line 504.
(pdftex.def)             Requested size: 345.0pt x 175.75407pt.
 [32 <./figures/pedestal_subtraction_Kostas_stats.png>] [33 <./figures/pedsub_H
LS_stats.png>] [34]
<figures/PedSub_SSR_kostas_stats.png, id=666, 853.1875pt x 493.845pt>
File: figures/PedSub_SSR_kostas_stats.png Graphic file (type png)
<use figures/PedSub_SSR_kostas_stats.png>
Package pdftex.def Info: figures/PedSub_SSR_kostas_stats.png  used on input lin
e 540.
(pdftex.def)             Requested size: 345.0pt x 199.69717pt.
<figures/pedsub_HLS_SSR_stats.png, id=667, 845.1575pt x 458.71375pt>
File: figures/pedsub_HLS_SSR_stats.png Graphic file (type png)
<use figures/pedsub_HLS_SSR_stats.png>
Package pdftex.def Info: figures/pedsub_HLS_SSR_stats.png  used on input line 5
48.
(pdftex.def)             Requested size: 345.0pt x 187.25493pt.

[35 <./figures/PedSub_SSR_kostas_stats.png>]
<figures/pedsub_FIR_block_diagram.png, id=681, 1124.2pt x 383.4325pt>
File: figures/pedsub_FIR_block_diagram.png Graphic file (type png)
<use figures/pedsub_FIR_block_diagram.png>
Package pdftex.def Info: figures/pedsub_FIR_block_diagram.png  used on input li
ne 564.
(pdftex.def)             Requested size: 448.50105pt x 152.96658pt.
<figures/FIR_analogue_waveform.png, id=682, 1572.87625pt x 732.7375pt>
File: figures/FIR_analogue_waveform.png Graphic file (type png)
<use figures/FIR_analogue_waveform.png>
Package pdftex.def Info: figures/FIR_analogue_waveform.png  used on input line 
570.
(pdftex.def)             Requested size: 413.99895pt x 192.86638pt.
 [36 <./figures/pedsub_HLS_SSR_stats.png>] [37 <./figures/pedsub_FIR_block_diag
ram.png> <./figures/FIR_analogue_waveform.png>]
<figures/FIR_block_diagram.png, id=698, 962.59625pt x 678.535pt>
File: figures/FIR_block_diagram.png Graphic file (type png)
<use figures/FIR_block_diagram.png>
Package pdftex.def Info: figures/FIR_block_diagram.png  used on input line 582.

(pdftex.def)             Requested size: 345.0pt x 243.18529pt.
 [38 <./figures/FIR_block_diagram.png>] [39]
Package hyperref Info: bookmark level for unknown lstlisting defaults to 0 on i
nput line 612.

Overfull \hbox (1.8382pt too wide) in paragraph at lines 630--631
\OT1/cmr/m/n/10 from and writ-ten to, i.e., \OT1/cmtt/m/n/10 tap[]array0[i] = t
ap[]array1[i-1] \OT1/cmr/m/n/10 or \OT1/cmtt/m/n/10 tap[]array1[i]
 []

[40]
<figures/fir32_v0_stats.png, id=740, 865.2325pt x 560.0925pt>
File: figures/fir32_v0_stats.png Graphic file (type png)
<use figures/fir32_v0_stats.png>
Package pdftex.def Info: figures/fir32_v0_stats.png  used on input line 641.
(pdftex.def)             Requested size: 345.0pt x 223.33223pt.
<figures/fir_HLS_stats.png, id=741, 855.195pt x 479.7925pt>
File: figures/fir_HLS_stats.png Graphic file (type png)
<use figures/fir_HLS_stats.png>
Package pdftex.def Info: figures/fir_HLS_stats.png  used on input line 648.
(pdftex.def)             Requested size: 345.0pt x 193.5535pt.
 [41 <./figures/fir32_v0_stats.png>] [42 <./figures/fir_HLS_stats.png>]
<figures/FIR_StateSR_stats.png, id=757, 836.12375pt x 532.99126pt>
File: figures/FIR_StateSR_stats.png Graphic file (type png)
<use figures/FIR_StateSR_stats.png>
Package pdftex.def Info: figures/FIR_StateSR_stats.png  used on input line 671.

(pdftex.def)             Requested size: 345.0pt x 219.92667pt.
<figures/fir_HLS_SSR_stats.png, id=758, 863.225pt x 548.0475pt>
File: figures/fir_HLS_SSR_stats.png Graphic file (type png)
<use figures/fir_HLS_SSR_stats.png>
Package pdftex.def Info: figures/fir_HLS_SSR_stats.png  used on input line 678.

(pdftex.def)             Requested size: 345.0pt x 219.03113pt.

[43 <./figures/FIR_StateSR_stats.png>] [44 <./figures/fir_HLS_SSR_stats.png>]
<figures/fir_HLS_SSR_waveform_comb.png, id=779, 1212.53pt x 644.4075pt>
File: figures/fir_HLS_SSR_waveform_comb.png Graphic file (type png)
<use figures/fir_HLS_SSR_waveform_comb.png>
Package pdftex.def Info: figures/fir_HLS_SSR_waveform_comb.png  used on input l
ine 702.
(pdftex.def)             Requested size: 552.0021pt x 293.36319pt.

[45] [46 <./figures/fir_HLS_SSR_waveform_comb.png>] [47] [48] [49] [50]
(./DUNE_project_report.bbl
Underfull \hbox (badness 5939) in paragraph at lines 45--47
[]\OT1/cmr/m/n/10 P. S. Cooper, ``The masses of the neu-tri-nos,'' \OT1/cmr/m/i
t/10 arXiv preprint
 []

[51] [52] [53]
Underfull \hbox (badness 10000) in paragraph at lines 222--225
[]\OT1/cmr/m/n/10 K. Manolopou-los, ``Trig-ger prim-i-tive gen-er-a-tion - firm
ware.''
 []


Underfull \hbox (badness 10000) in paragraph at lines 222--225
[]$\OT1/cmtt/m/n/10 https : / / indico . fnal . gov / event / 44240 / contribut
ions / 190328 /
 []


Underfull \hbox (badness 10000) in paragraph at lines 238--242
[]\OT1/cmr/m/n/10 ``Vivado de-sign suite user guide 2018.'' []$\OT1/cmtt/m/n/10
 https : / / www . xilinx .
 []


Underfull \hbox (badness 10000) in paragraph at lines 238--242
\OT1/cmtt/m/n/10 com / support / documentation / sw _ manuals / xilinx2017 _ 4 
/
 []

[54]
Underfull \hbox (badness 6893) in paragraph at lines 267--270
[]\OT1/cmr/m/n/10 ``Xilinx axi ref-er-ence guide (ug1037).'' []$\OT1/cmtt/m/n/1
0 https : / / www . xilinx . com /
 []


Underfull \hbox (badness 10000) in paragraph at lines 267--270
\OT1/cmtt/m/n/10 support / documentation / ip _ documentation / axi _ ref _ gui
de / latest /
 []


Underfull \hbox (badness 1112) in paragraph at lines 313--317
\OT1/cmr/m/n/10 Y. Xia, A. Jyoth-ish-wara, and M. Hansen, ``Soft-ware and firmw
are
 []

[55])
Package atveryend Info: Empty hook `BeforeClearDocument' on input line 784.
 [56]
Package atveryend Info: Empty hook `AfterLastShipout' on input line 784.
 (./DUNE_project_report.aux)
Package atveryend Info: Executing hook `AtVeryEndDocument' on input line 784.
Package atveryend Info: Executing hook `AtEndAfterFileList' on input line 784.
Package rerunfilecheck Info: File `DUNE_project_report.out' has not changed.
(rerunfilecheck)             Checksum: 70D7D58F56FD033A0E60EBA986A7948F;2990.
Package atveryend Info: Empty hook `AtVeryVeryEnd' on input line 784.
 ) 
Here is how much of TeX's memory you used:
 9200 strings out of 481239
 134202 string characters out of 5920378
 610533 words of memory out of 5000000
 24043 multiletter control sequences out of 15000+600000
 542468 words of font info for 64 fonts, out of 8000000 for 9000
 1141 hyphenation exceptions out of 8191
 34i,10n,60p,1670b,1314s stack positions out of 5000i,500n,10000p,200000b,80000s
{/usr/share/texmf/fonts/enc/dvips/cm-super/cm-super-ts1.enc}</usr/share/texli
ve/texmf-dist/fonts/type1/public/amsfonts/cm/cmbx10.pfb></usr/share/texlive/tex
mf-dist/fonts/type1/public/amsfonts/cm/cmbx12.pfb></usr/share/texlive/texmf-dis
t/fonts/type1/public/amsfonts/cm/cmbx9.pfb></usr/share/texlive/texmf-dist/fonts
/type1/public/amsfonts/cm/cmex10.pfb></usr/share/texlive/texmf-dist/fonts/type1
/public/amsfonts/cm/cmitt10.pfb></usr/share/texlive/texmf-dist/fonts/type1/publ
ic/amsfonts/cm/cmmi10.pfb></usr/share/texlive/texmf-dist/fonts/type1/public/ams
fonts/cm/cmmi12.pfb></usr/share/texlive/texmf-dist/fonts/type1/public/amsfonts/
cm/cmmi7.pfb></usr/share/texlive/texmf-dist/fonts/type1/public/amsfonts/cm/cmmi
8.pfb></usr/share/texlive/texmf-dist/fonts/type1/public/amsfonts/cm/cmr10.pfb><
/usr/share/texlive/texmf-dist/fonts/type1/public/amsfonts/cm/cmr12.pfb></usr/sh
are/texlive/texmf-dist/fonts/type1/public/amsfonts/cm/cmr6.pfb></usr/share/texl
ive/texmf-dist/fonts/type1/public/amsfonts/cm/cmr7.pfb></usr/share/texlive/texm
f-dist/fonts/type1/public/amsfonts/cm/cmr8.pfb></usr/share/texlive/texmf-dist/f
onts/type1/public/amsfonts/cm/cmr9.pfb></usr/share/texlive/texmf-dist/fonts/typ
e1/public/amsfonts/cm/cmsy10.pfb></usr/share/texlive/texmf-dist/fonts/type1/pub
lic/amsfonts/cm/cmsy6.pfb></usr/share/texlive/texmf-dist/fonts/type1/public/ams
fonts/cm/cmsy7.pfb></usr/share/texlive/texmf-dist/fonts/type1/public/amsfonts/c
m/cmsy8.pfb></usr/share/texlive/texmf-dist/fonts/type1/public/amsfonts/cm/cmti1
0.pfb></usr/share/texlive/texmf-dist/fonts/type1/public/amsfonts/cm/cmtt10.pfb>
</usr/share/texlive/texmf-dist/fonts/type1/public/amsfonts/cm/cmtt8.pfb></usr/s
hare/texmf/fonts/type1/public/cm-super/sfrm1000.pfb>
Output written on DUNE_project_report.pdf (56 pages, 2162730 bytes).
PDF statistics:
 1006 PDF objects out of 1200 (max. 8388607)
 869 compressed objects within 9 object streams
 244 named destinations out of 1000 (max. 500000)
 415 words of extra memory for PDF output out of 10000 (max. 10000000)

