\BOOKMARK [1][-]{section.1}{Introduction}{}% 1
\BOOKMARK [2][-]{subsection.1.1}{DUNE Experiment Goals and Context}{section.1}% 2
\BOOKMARK [2][-]{subsection.1.2}{The Importance of Neutrinos in the Standard Model}{section.1}% 3
\BOOKMARK [2][-]{subsection.1.3}{ProtoDUNE DAQ System}{section.1}% 4
\BOOKMARK [3][-]{subsubsection.1.3.1}{Single and Dual Phase LAr TPCs}{subsection.1.3}% 5
\BOOKMARK [2][-]{subsection.1.4}{FELIX}{section.1}% 6
\BOOKMARK [2][-]{subsection.1.5}{The TPG Core}{section.1}% 7
\BOOKMARK [1][-]{section.2}{HLS}{}% 8
\BOOKMARK [2][-]{subsection.2.1}{Background}{section.2}% 9
\BOOKMARK [2][-]{subsection.2.2}{Vivado HLS Design Flow}{section.2}% 10
\BOOKMARK [3][-]{subsubsection.2.2.1}{Optimisations and Analysis}{subsection.2.2}% 11
\BOOKMARK [1][-]{section.3}{Development and Findings}{}% 12
\BOOKMARK [2][-]{subsection.3.1}{Pedestal Subtraction Algorithm}{section.3}% 13
\BOOKMARK [3][-]{subsubsection.3.1.1}{Algorithm Operations}{subsection.3.1}% 14
\BOOKMARK [3][-]{subsubsection.3.1.2}{Redesign of Pedestal Subtraction with External SSR}{subsection.3.1}% 15
\BOOKMARK [3][-]{subsubsection.3.1.3}{Performance and Resource Utilization Comparison}{subsection.3.1}% 16
\BOOKMARK [3][-]{subsubsection.3.1.4}{Pedestal Subtraction with Implemented SSR}{subsection.3.1}% 17
\BOOKMARK [3][-]{subsubsection.3.1.5}{BRAM Utilisation for the SSR Mechanism}{subsection.3.1}% 18
\BOOKMARK [3][-]{subsubsection.3.1.6}{Performance and Resource Utilization Comparison}{subsection.3.1}% 19
\BOOKMARK [2][-]{subsection.3.2}{Finite Impulse Response Filter}{section.3}% 20
\BOOKMARK [3][-]{subsubsection.3.2.1}{Algorithm Operations}{subsection.3.2}% 21
\BOOKMARK [3][-]{subsubsection.3.2.2}{AXI4 Stream Protocol Directive Method for Back Pressure Behaviour}{subsection.3.2}% 22
\BOOKMARK [3][-]{subsubsection.3.2.3}{Redesign of FIR with External SSR}{subsection.3.2}% 23
\BOOKMARK [3][-]{subsubsection.3.2.4}{Timing and Accommodating the Tap Restoration}{subsection.3.2}% 24
\BOOKMARK [3][-]{subsubsection.3.2.5}{Performance and Resource Utilization Comparison}{subsection.3.2}% 25
\BOOKMARK [3][-]{subsubsection.3.2.6}{FIR with Implemented SSR}{subsection.3.2}% 26
\BOOKMARK [3][-]{subsubsection.3.2.7}{Optimising for Back Pressure Functionality}{subsection.3.2}% 27
\BOOKMARK [3][-]{subsubsection.3.2.8}{Performance and Resource Utilization Comparison}{subsection.3.2}% 28
\BOOKMARK [1][-]{section.4}{Design Processs Conclusions}{}% 29
\BOOKMARK [2][-]{subsection.4.1}{Simulation using Questasim}{section.4}% 30
\BOOKMARK [2][-]{subsection.4.2}{Timeline analysis}{section.4}% 31
\BOOKMARK [1][-]{section.5}{Future of High Level Synthesis and the DUNE Experiment}{}% 32
