

================================================================
== Vivado HLS Report for 'ped_alg'
================================================================
* Date:           Fri Oct 30 15:48:30 2020

* Version:        2020.1 (Build 2897737 on Wed May 27 20:21:37 MDT 2020)
* Project:        ped_sub_prj
* Solution:       solution1
* Product family: zynquplus
* Target device:  xczu9eg-ffvb1156-2-e


================================================================
== Performance Estimates
================================================================
+ Timing: 
    * Summary: 
    +--------+---------+----------+------------+
    |  Clock |  Target | Estimated| Uncertainty|
    +--------+---------+----------+------------+
    |ap_clk  | 4.00 ns | 3.131 ns |   0.50 ns  |
    +--------+---------+----------+------------+

+ Latency: 
    * Summary: 
    +---------+---------+----------+----------+-----+-----+---------+
    |  Latency (cycles) |  Latency (absolute) |  Interval | Pipeline|
    |   min   |   max   |    min   |    max   | min | max |   Type  |
    +---------+---------+----------+----------+-----+-----+---------+
    |        2|        2| 8.000 ns | 8.000 ns |    2|    2|   none  |
    +---------+---------+----------+----------+-----+-----+---------+

    + Detail: 
        * Instance: 
        N/A

        * Loop: 
        N/A



================================================================
== Utilization Estimates
================================================================
* Summary: 
+-----------------+---------+-------+--------+--------+-----+
|       Name      | BRAM_18K| DSP48E|   FF   |   LUT  | URAM|
+-----------------+---------+-------+--------+--------+-----+
|DSP              |        -|      -|       -|       -|    -|
|Expression       |        -|      -|       0|     359|    -|
|FIFO             |        -|      -|       -|       -|    -|
|Instance         |        -|      -|       -|       -|    -|
|Memory           |        -|      -|       -|       -|    -|
|Multiplexer      |        -|      -|       -|      78|    -|
|Register         |        -|      -|     100|       -|    -|
+-----------------+---------+-------+--------+--------+-----+
|Total            |        0|      0|     100|     437|    0|
+-----------------+---------+-------+--------+--------+-----+
|Available        |     1824|   2520|  548160|  274080|    0|
+-----------------+---------+-------+--------+--------+-----+
|Utilization (%)  |        0|      0|   ~0   |   ~0   |    0|
+-----------------+---------+-------+--------+--------+-----+

+ Detail: 
    * Instance: 
    N/A

    * DSP48E: 
    N/A

    * Memory: 
    N/A

    * FIFO: 
    N/A

    * Expression: 
    +-----------------------+----------+-------+---+----+------------+------------+
    |     Variable Name     | Operation| DSP48E| FF| LUT| Bitwidth P0| Bitwidth P1|
    +-----------------------+----------+-------+---+----+------------+------------+
    |add_ln18_fu_121_p2     |     +    |      0|  0|  39|          32|           1|
    |add_ln22_fu_133_p2     |     +    |      0|  0|  39|          32|           2|
    |add_ln27_fu_180_p2     |     +    |      0|  0|  39|          32|           1|
    |add_ln32_fu_173_p2     |     +    |      0|  0|  39|          32|           2|
    |ADC_o                  |     -    |      0|  0|  39|          32|          32|
    |icmp_ln17_1_fu_147_p2  |   icmp   |      0|  0|  20|          32|          32|
    |icmp_ln17_fu_115_p2    |   icmp   |      0|  0|  20|          32|          32|
    |icmp_ln21_fu_127_p2    |   icmp   |      0|  0|  20|          32|          32|
    |icmp_ln26_fu_161_p2    |   icmp   |      0|  0|  20|          32|           4|
    |icmp_ln31_fu_167_p2    |   icmp   |      0|  0|  20|          32|           5|
    |select_ln17_fu_153_p3  |  select  |      0|  0|  32|           1|          32|
    |select_ln21_fu_139_p3  |  select  |      0|  0|  32|           1|          32|
    +-----------------------+----------+-------+---+----+------------+------------+
    |Total                  |          |      0|  0| 359|         322|         207|
    +-----------------------+----------+-------+---+----+------------+------------+

    * Multiplexer: 
    +------------------------+----+-----------+-----+-----------+
    |          Name          | LUT| Input Size| Bits| Total Bits|
    +------------------------+----+-----------+-----+-----------+
    |accum_flag_2_reg_75     |   9|          2|    1|          2|
    |accum_new_2_reg_89      |   9|          2|   32|         64|
    |accum_o                 |   9|          2|   32|         64|
    |ap_NS_fsm               |  21|          4|    1|          4|
    |ped_val_load_3_reg_104  |  15|          3|   32|         96|
    |ped_val_o               |  15|          3|   32|         96|
    +------------------------+----+-----------+-----+-----------+
    |Total                   |  78|         16|  130|        326|
    +------------------------+----+-----------+-----+-----------+

    * Register: 
    +------------------------+----+----+-----+-----------+
    |          Name          | FF | LUT| Bits| Const Bits|
    +------------------------+----+----+-----+-----------+
    |ADC_read_reg_193        |  32|   0|   32|          0|
    |accum_flag_2_reg_75     |   1|   0|    1|          0|
    |accum_new_2_reg_89      |  32|   0|   32|          0|
    |ap_CS_fsm               |   3|   0|    3|          0|
    |ped_val_load_3_reg_104  |  32|   0|   32|          0|
    +------------------------+----+----+-----+-----------+
    |Total                   | 100|   0|  100|          0|
    +------------------------+----+----+-----+-----------+



================================================================
== Interface
================================================================
* Summary: 
+------------------+-----+-----+------------+--------------+--------------+
|     RTL Ports    | Dir | Bits|  Protocol  | Source Object|    C Type    |
+------------------+-----+-----+------------+--------------+--------------+
|ap_clk            |  in |    1| ap_ctrl_hs |    ped_alg   | return value |
|ap_rst            |  in |    1| ap_ctrl_hs |    ped_alg   | return value |
|ap_start          |  in |    1| ap_ctrl_hs |    ped_alg   | return value |
|ap_done           | out |    1| ap_ctrl_hs |    ped_alg   | return value |
|ap_idle           | out |    1| ap_ctrl_hs |    ped_alg   | return value |
|ap_ready          | out |    1| ap_ctrl_hs |    ped_alg   | return value |
|ped_val_i         |  in |   32|   ap_ovld  |    ped_val   |    pointer   |
|ped_val_o         | out |   32|   ap_ovld  |    ped_val   |    pointer   |
|ped_val_o_ap_vld  | out |    1|   ap_ovld  |    ped_val   |    pointer   |
|accum_i           |  in |   32|   ap_ovld  |     accum    |    pointer   |
|accum_o           | out |   32|   ap_ovld  |     accum    |    pointer   |
|accum_o_ap_vld    | out |    1|   ap_ovld  |     accum    |    pointer   |
|ADC_i             |  in |   32|   ap_ovld  |      ADC     |    pointer   |
|ADC_o             | out |   32|   ap_ovld  |      ADC     |    pointer   |
|ADC_o_ap_vld      | out |    1|   ap_ovld  |      ADC     |    pointer   |
+------------------+-----+-----+------------+--------------+--------------+

