

================================================================
== Vivado HLS Report for 'ped_alg'
================================================================
* Date:           Thu Nov 19 18:16:44 2020

* Version:        2020.1 (Build 2897737 on Wed May 27 20:21:37 MDT 2020)
* Project:        ped_sub_prj
* Solution:       state_save_restore
* Product family: zynquplus
* Target device:  xczu9eg-ffvb1156-2-e


================================================================
== Performance Estimates
================================================================
+ Timing: 
    * Summary: 
    +--------+---------+----------+------------+
    |  Clock |  Target | Estimated| Uncertainty|
    +--------+---------+----------+------------+
    |ap_clk  | 4.00 ns | 3.019 ns |   0.50 ns  |
    +--------+---------+----------+------------+

+ Latency: 
    * Summary: 
    +---------+---------+----------+-----------+-----+-----+---------+
    |  Latency (cycles) |  Latency (absolute)  |  Interval | Pipeline|
    |   min   |   max   |    min   |    max    | min | max |   Type  |
    +---------+---------+----------+-----------+-----+-----+---------+
    |        1|        4| 4.000 ns | 16.000 ns |    1|    4|   none  |
    +---------+---------+----------+-----------+-----+-----+---------+

    + Detail: 
        * Instance: 
        N/A

        * Loop: 
        N/A

============================================================
+ Verbose Summary: Synthesis Manager
============================================================
InlineROM: 1
ExposeGlobal: 0
============================================================
+ Verbose Summary: CDFG Model
============================================================
IsTopModel: 1
ResetActiveHigh: 1
IsCombinational: 0
IsDatapathOnly: 0
HasWiredReturn: 1
HasMFsm: 0
HasVarLatency: 1
IsPipeline: 0
IsRtlPipelined: 0
IsInstanceOverlapped: 0
IsDontTouch: 0
HasImplIP: 0
IsGatedGlobalClock: 0


============================================================
+ Verbose Summary: Schedule
============================================================
* Number of FSM states : 5
* Pipeline : 0
* Dataflow Pipeline: 0

* FSM state transitions: 
1 --> 2 5 
2 --> 3 
3 --> 4 
4 --> 5 
5 --> 

* FSM state operations: 

State 1 <SV = 0> <Delay = 0.28>
ST_1 : Operation 6 [1/1] (0.00ns)   --->   "call void (...)* @_ssdm_op_SpecBitsMap(i16* %ped_val) nounwind, !map !90"   --->   Operation 6 'specbitsmap' <Predicate = true> <Delay = 0.00>
ST_1 : Operation 7 [1/1] (0.00ns)   --->   "call void (...)* @_ssdm_op_SpecBitsMap(i8* %accum) nounwind, !map !94"   --->   Operation 7 'specbitsmap' <Predicate = true> <Delay = 0.00>
ST_1 : Operation 8 [1/1] (0.00ns)   --->   "call void (...)* @_ssdm_op_SpecBitsMap(i16* %ADC) nounwind, !map !98"   --->   Operation 8 'specbitsmap' <Predicate = true> <Delay = 0.00>
ST_1 : Operation 9 [1/1] (0.00ns)   --->   "call void (...)* @_ssdm_op_SpecBitsMap(i16 %tdata) nounwind, !map !102"   --->   Operation 9 'specbitsmap' <Predicate = true> <Delay = 0.00>
ST_1 : Operation 10 [1/1] (0.00ns)   --->   "call void (...)* @_ssdm_op_SpecBitsMap(i1 %tvalid) nounwind, !map !108"   --->   Operation 10 'specbitsmap' <Predicate = true> <Delay = 0.00>
ST_1 : Operation 11 [1/1] (0.00ns)   --->   "call void (...)* @_ssdm_op_SpecBitsMap(i1 %tkeep0) nounwind, !map !112"   --->   Operation 11 'specbitsmap' <Predicate = true> <Delay = 0.00>
ST_1 : Operation 12 [1/1] (0.00ns)   --->   "call void (...)* @_ssdm_op_SpecBitsMap(i1 %tkeep1) nounwind, !map !116"   --->   Operation 12 'specbitsmap' <Predicate = true> <Delay = 0.00>
ST_1 : Operation 13 [1/1] (0.00ns)   --->   "call void (...)* @_ssdm_op_SpecBitsMap(i1 %tready) nounwind, !map !120"   --->   Operation 13 'specbitsmap' <Predicate = true> <Delay = 0.00>
ST_1 : Operation 14 [1/1] (0.00ns)   --->   "call void (...)* @_ssdm_op_SpecBitsMap(i1 %treset) nounwind, !map !124"   --->   Operation 14 'specbitsmap' <Predicate = true> <Delay = 0.00>
ST_1 : Operation 15 [1/1] (0.00ns)   --->   "call void (...)* @_ssdm_op_SpecTopModule([8 x i8]* @ped_alg_str) nounwind"   --->   Operation 15 'spectopmodule' <Predicate = true> <Delay = 0.00>
ST_1 : Operation 16 [1/1] (0.00ns)   --->   "%treset_read = call i1 @_ssdm_op_Read.ap_auto.i1(i1 %treset) nounwind" [functions.cpp:9]   --->   Operation 16 'read' 'treset_read' <Predicate = true> <Delay = 0.00>
ST_1 : Operation 17 [1/1] (0.00ns)   --->   "%tready_read = call i1 @_ssdm_op_Read.ap_auto.i1(i1 %tready) nounwind" [functions.cpp:9]   --->   Operation 17 'read' 'tready_read' <Predicate = true> <Delay = 0.00>
ST_1 : Operation 18 [1/1] (0.00ns)   --->   "%tkeep1_read = call i1 @_ssdm_op_Read.ap_auto.i1(i1 %tkeep1) nounwind" [functions.cpp:9]   --->   Operation 18 'read' 'tkeep1_read' <Predicate = true> <Delay = 0.00>
ST_1 : Operation 19 [1/1] (0.00ns)   --->   "%tkeep0_read = call i1 @_ssdm_op_Read.ap_auto.i1(i1 %tkeep0) nounwind" [functions.cpp:9]   --->   Operation 19 'read' 'tkeep0_read' <Predicate = true> <Delay = 0.00>
ST_1 : Operation 20 [1/1] (0.00ns)   --->   "%tvalid_read = call i1 @_ssdm_op_Read.ap_auto.i1(i1 %tvalid) nounwind" [functions.cpp:9]   --->   Operation 20 'read' 'tvalid_read' <Predicate = true> <Delay = 0.00>
ST_1 : Operation 21 [1/1] (0.00ns)   --->   "%tdata_read = call i16 @_ssdm_op_Read.ap_auto.i16(i16 %tdata) nounwind" [functions.cpp:9]   --->   Operation 21 'read' 'tdata_read' <Predicate = true> <Delay = 0.00>
ST_1 : Operation 22 [1/1] (0.00ns) (grouped into LUT with out node or_ln29_3)   --->   "%xor_ln29 = xor i1 %tvalid_read, true" [functions.cpp:29]   --->   Operation 22 'xor' 'xor_ln29' <Predicate = true> <Delay = 0.00> <Core = "LogicGate">   --->   Core 27 'LogicGate' <Latency = 0> <II = 1> <Delay = 0.28> <FuncUnit> <Opcode : 'and' 'or' 'xor'> <InPorts = 2> <OutPorts = 1>
ST_1 : Operation 23 [1/1] (0.00ns) (grouped into LUT with out node or_ln29_3)   --->   "%xor_ln29_1 = xor i1 %tkeep0_read, true" [functions.cpp:29]   --->   Operation 23 'xor' 'xor_ln29_1' <Predicate = true> <Delay = 0.00> <Core = "LogicGate">   --->   Core 27 'LogicGate' <Latency = 0> <II = 1> <Delay = 0.28> <FuncUnit> <Opcode : 'and' 'or' 'xor'> <InPorts = 2> <OutPorts = 1>
ST_1 : Operation 24 [1/1] (0.00ns) (grouped into LUT with out node or_ln29_3)   --->   "%xor_ln29_2 = xor i1 %tkeep1_read, true" [functions.cpp:29]   --->   Operation 24 'xor' 'xor_ln29_2' <Predicate = true> <Delay = 0.00> <Core = "LogicGate">   --->   Core 27 'LogicGate' <Latency = 0> <II = 1> <Delay = 0.28> <FuncUnit> <Opcode : 'and' 'or' 'xor'> <InPorts = 2> <OutPorts = 1>
ST_1 : Operation 25 [1/1] (0.00ns) (grouped into LUT with out node or_ln29_3)   --->   "%or_ln29 = or i1 %tready_read, %xor_ln29" [functions.cpp:29]   --->   Operation 25 'or' 'or_ln29' <Predicate = true> <Delay = 0.00> <Core = "LogicGate">   --->   Core 27 'LogicGate' <Latency = 0> <II = 1> <Delay = 0.28> <FuncUnit> <Opcode : 'and' 'or' 'xor'> <InPorts = 2> <OutPorts = 1>
ST_1 : Operation 26 [1/1] (0.00ns) (grouped into LUT with out node or_ln29_3)   --->   "%or_ln29_1 = or i1 %treset_read, %xor_ln29_2" [functions.cpp:29]   --->   Operation 26 'or' 'or_ln29_1' <Predicate = true> <Delay = 0.00> <Core = "LogicGate">   --->   Core 27 'LogicGate' <Latency = 0> <II = 1> <Delay = 0.28> <FuncUnit> <Opcode : 'and' 'or' 'xor'> <InPorts = 2> <OutPorts = 1>
ST_1 : Operation 27 [1/1] (0.00ns) (grouped into LUT with out node or_ln29_3)   --->   "%or_ln29_2 = or i1 %or_ln29_1, %xor_ln29_1" [functions.cpp:29]   --->   Operation 27 'or' 'or_ln29_2' <Predicate = true> <Delay = 0.00> <Core = "LogicGate">   --->   Core 27 'LogicGate' <Latency = 0> <II = 1> <Delay = 0.28> <FuncUnit> <Opcode : 'and' 'or' 'xor'> <InPorts = 2> <OutPorts = 1>
ST_1 : Operation 28 [1/1] (0.28ns) (out node of the LUT)   --->   "%or_ln29_3 = or i1 %or_ln29_2, %or_ln29" [functions.cpp:29]   --->   Operation 28 'or' 'or_ln29_3' <Predicate = true> <Delay = 0.28> <Core = "LogicGate">   --->   Core 27 'LogicGate' <Latency = 0> <II = 1> <Delay = 0.28> <FuncUnit> <Opcode : 'and' 'or' 'xor'> <InPorts = 2> <OutPorts = 1>
ST_1 : Operation 29 [1/1] (0.00ns)   --->   "br i1 %or_ln29_3, label %._crit_edge, label %accumulator_condition" [functions.cpp:29]   --->   Operation 29 'br' <Predicate = true> <Delay = 0.00>
ST_1 : Operation 30 [1/1] (0.00ns)   --->   "%trunc = trunc i16 %tdata_read to i12" [functions.cpp:34]   --->   Operation 30 'trunc' 'trunc' <Predicate = (!or_ln29_3)> <Delay = 0.00>
ST_1 : Operation 31 [1/1] (0.00ns)   --->   "%tmp = call i32 (...)* @_ssdm_op_SpecRegionBegin([22 x i8]* @p_str) nounwind" [functions.cpp:39]   --->   Operation 31 'specregionbegin' 'tmp' <Predicate = (!or_ln29_3)> <Delay = 0.00>

State 2 <SV = 1> <Delay = 0.00>

State 3 <SV = 2> <Delay = 3.01>
ST_3 : Operation 32 [1/1] (0.00ns)   --->   "%zext_ln34 = zext i12 %trunc to i16" [functions.cpp:34]   --->   Operation 32 'zext' 'zext_ln34' <Predicate = true> <Delay = 0.00>
ST_3 : Operation 33 [1/1] (0.00ns)   --->   "call void (...)* @_ssdm_op_SpecLatency(i32 2, i32 65535, [1 x i8]* @p_str1) nounwind" [functions.cpp:40]   --->   Operation 33 'speclatency' <Predicate = true> <Delay = 0.00>
ST_3 : Operation 34 [1/1] (0.00ns)   --->   "%ped_val_read = call i16 @_ssdm_op_Read.ap_auto.i16P(i16* %ped_val) nounwind" [functions.cpp:40]   --->   Operation 34 'read' 'ped_val_read' <Predicate = true> <Delay = 0.00>
ST_3 : Operation 35 [1/1] (1.10ns)   --->   "%icmp_ln40 = icmp sgt i16 %zext_ln34, %ped_val_read" [functions.cpp:40]   --->   Operation 35 'icmp' 'icmp_ln40' <Predicate = true> <Delay = 1.10> <Core = "Cmp">   --->   Core 25 'Cmp' <Latency = 0> <II = 1> <Delay = 0.84> <FuncUnit> <Opcode : 'icmp'> <InPorts = 2> <OutPorts = 1>
ST_3 : Operation 36 [1/1] (0.00ns)   --->   "%accum_read = call i8 @_ssdm_op_Read.ap_auto.i8P(i8* %accum) nounwind" [functions.cpp:41]   --->   Operation 36 'read' 'accum_read' <Predicate = true> <Delay = 0.00>
ST_3 : Operation 37 [1/1] (0.76ns)   --->   "%add_ln41 = add i8 1, %accum_read" [functions.cpp:41]   --->   Operation 37 'add' 'add_ln41' <Predicate = true> <Delay = 0.76> <Core = "AddSub">   --->   Core 14 'AddSub' <Latency = 0> <II = 1> <Delay = 0.85> <FuncUnit> <Opcode : 'add' 'sub'> <InPorts = 2> <OutPorts = 1>
ST_3 : Operation 38 [1/1] (1.10ns)   --->   "%icmp_ln44 = icmp slt i16 %zext_ln34, %ped_val_read" [functions.cpp:44]   --->   Operation 38 'icmp' 'icmp_ln44' <Predicate = true> <Delay = 1.10> <Core = "Cmp">   --->   Core 25 'Cmp' <Latency = 0> <II = 1> <Delay = 0.84> <FuncUnit> <Opcode : 'icmp'> <InPorts = 2> <OutPorts = 1>
ST_3 : Operation 39 [1/1] (0.76ns)   --->   "%add_ln45 = add i8 -1, %accum_read" [functions.cpp:45]   --->   Operation 39 'add' 'add_ln45' <Predicate = true> <Delay = 0.76> <Core = "AddSub">   --->   Core 14 'AddSub' <Latency = 0> <II = 1> <Delay = 0.85> <FuncUnit> <Opcode : 'add' 'sub'> <InPorts = 2> <OutPorts = 1>
ST_3 : Operation 40 [1/1] (0.00ns) (grouped into LUT with out node select_ln40)   --->   "%select_ln44 = select i1 %icmp_ln44, i8 %add_ln45, i8 %accum_read" [functions.cpp:44]   --->   Operation 40 'select' 'select_ln44' <Predicate = true> <Delay = 0.00> <Core = "Sel">   --->   Core 26 'Sel' <Latency = 0> <II = 1> <Delay = 0.39> <FuncUnit> <Opcode : 'select'> <InPorts = 3> <OutPorts = 1>
ST_3 : Operation 41 [1/1] (1.10ns)   --->   "%icmp_ln40_1 = icmp ne i16 %zext_ln34, %ped_val_read" [functions.cpp:40]   --->   Operation 41 'icmp' 'icmp_ln40_1' <Predicate = true> <Delay = 1.10> <Core = "Cmp">   --->   Core 25 'Cmp' <Latency = 0> <II = 1> <Delay = 0.84> <FuncUnit> <Opcode : 'icmp'> <InPorts = 2> <OutPorts = 1>
ST_3 : Operation 42 [1/1] (0.39ns) (out node of the LUT)   --->   "%select_ln40 = select i1 %icmp_ln40, i8 %add_ln41, i8 %select_ln44" [functions.cpp:40]   --->   Operation 42 'select' 'select_ln40' <Predicate = true> <Delay = 0.39> <Core = "Sel">   --->   Core 26 'Sel' <Latency = 0> <II = 1> <Delay = 0.39> <FuncUnit> <Opcode : 'select'> <InPorts = 3> <OutPorts = 1>
ST_3 : Operation 43 [1/1] (0.00ns)   --->   "%empty = call i32 (...)* @_ssdm_op_SpecRegionEnd([22 x i8]* @p_str, i32 %tmp) nounwind" [functions.cpp:47]   --->   Operation 43 'specregionend' 'empty' <Predicate = true> <Delay = 0.00>
ST_3 : Operation 44 [1/1] (0.00ns)   --->   "%tmp_1 = call i32 (...)* @_ssdm_op_SpecRegionBegin([19 x i8]* @p_str2) nounwind" [functions.cpp:49]   --->   Operation 44 'specregionbegin' 'tmp_1' <Predicate = true> <Delay = 0.00>
ST_3 : Operation 45 [1/1] (0.00ns)   --->   "call void (...)* @_ssdm_op_SpecLatency(i32 2, i32 65535, [1 x i8]* @p_str1) nounwind" [functions.cpp:50]   --->   Operation 45 'speclatency' <Predicate = true> <Delay = 0.00>
ST_3 : Operation 46 [1/1] (0.84ns)   --->   "%icmp_ln50 = icmp sgt i8 %select_ln40, 9" [functions.cpp:50]   --->   Operation 46 'icmp' 'icmp_ln50' <Predicate = true> <Delay = 0.84> <Core = "Cmp">   --->   Core 25 'Cmp' <Latency = 0> <II = 1> <Delay = 0.84> <FuncUnit> <Opcode : 'icmp'> <InPorts = 2> <OutPorts = 1>
ST_3 : Operation 47 [1/1] (0.00ns)   --->   "br i1 %icmp_ln50, label %1, label %2" [functions.cpp:50]   --->   Operation 47 'br' <Predicate = true> <Delay = 0.00>
ST_3 : Operation 48 [1/1] (0.84ns)   --->   "%icmp_ln55 = icmp slt i8 %select_ln40, -9" [functions.cpp:55]   --->   Operation 48 'icmp' 'icmp_ln55' <Predicate = (!icmp_ln50)> <Delay = 0.84> <Core = "Cmp">   --->   Core 25 'Cmp' <Latency = 0> <II = 1> <Delay = 0.84> <FuncUnit> <Opcode : 'icmp'> <InPorts = 2> <OutPorts = 1>
ST_3 : Operation 49 [1/1] (0.67ns)   --->   "br i1 %icmp_ln55, label %3, label %ped_subtraction_begin" [functions.cpp:55]   --->   Operation 49 'br' <Predicate = (!icmp_ln50)> <Delay = 0.67>
ST_3 : Operation 50 [1/1] (0.85ns)   --->   "%add_ln56 = add i16 %ped_val_read, -1" [functions.cpp:56]   --->   Operation 50 'add' 'add_ln56' <Predicate = (!icmp_ln50 & icmp_ln55)> <Delay = 0.85> <Core = "AddSub">   --->   Core 14 'AddSub' <Latency = 0> <II = 1> <Delay = 0.85> <FuncUnit> <Opcode : 'add' 'sub'> <InPorts = 2> <OutPorts = 1>
ST_3 : Operation 51 [1/1] (0.00ns)   --->   "call void @_ssdm_op_Write.ap_auto.i16P(i16* %ped_val, i16 %add_ln56) nounwind" [functions.cpp:56]   --->   Operation 51 'write' <Predicate = (!icmp_ln50 & icmp_ln55)> <Delay = 0.00>
ST_3 : Operation 52 [1/1] (0.67ns)   --->   "br label %ped_subtraction_begin" [functions.cpp:58]   --->   Operation 52 'br' <Predicate = (!icmp_ln50 & icmp_ln55)> <Delay = 0.67>
ST_3 : Operation 53 [1/1] (0.85ns)   --->   "%add_ln51 = add i16 %ped_val_read, 1" [functions.cpp:51]   --->   Operation 53 'add' 'add_ln51' <Predicate = (icmp_ln50)> <Delay = 0.85> <Core = "AddSub">   --->   Core 14 'AddSub' <Latency = 0> <II = 1> <Delay = 0.85> <FuncUnit> <Opcode : 'add' 'sub'> <InPorts = 2> <OutPorts = 1>
ST_3 : Operation 54 [1/1] (0.00ns)   --->   "call void @_ssdm_op_Write.ap_auto.i16P(i16* %ped_val, i16 %add_ln51) nounwind" [functions.cpp:51]   --->   Operation 54 'write' <Predicate = (icmp_ln50)> <Delay = 0.00>
ST_3 : Operation 55 [1/1] (0.67ns)   --->   "br label %ped_subtraction_begin" [functions.cpp:53]   --->   Operation 55 'br' <Predicate = (icmp_ln50)> <Delay = 0.67>
ST_3 : Operation 56 [1/1] (0.00ns)   --->   "%tmp_2 = call i32 (...)* @_ssdm_op_SpecRegionBegin([16 x i8]* @p_str3) nounwind" [functions.cpp:64]   --->   Operation 56 'specregionbegin' 'tmp_2' <Predicate = true> <Delay = 0.00>

State 4 <SV = 3> <Delay = 0.85>
ST_4 : Operation 57 [1/1] (0.00ns)   --->   "%ped_val_load_3 = phi i16 [ %add_ln51, %1 ], [ %add_ln56, %3 ], [ %ped_val_read, %2 ]" [functions.cpp:51]   --->   Operation 57 'phi' 'ped_val_load_3' <Predicate = true> <Delay = 0.00>
ST_4 : Operation 58 [1/1] (0.85ns)   --->   "%sub_ln65 = sub i16 %zext_ln34, %ped_val_load_3" [functions.cpp:65]   --->   Operation 58 'sub' 'sub_ln65' <Predicate = true> <Delay = 0.85> <Core = "AddSub">   --->   Core 14 'AddSub' <Latency = 0> <II = 1> <Delay = 0.85> <FuncUnit> <Opcode : 'add' 'sub'> <InPorts = 2> <OutPorts = 1>
ST_4 : Operation 59 [1/1] (0.00ns)   --->   "call void @_ssdm_op_Write.ap_auto.i16P(i16* %ADC, i16 %sub_ln65) nounwind" [functions.cpp:65]   --->   Operation 59 'write' <Predicate = true> <Delay = 0.00>

State 5 <SV = 4> <Delay = 0.00>
ST_5 : Operation 60 [1/1] (0.00ns)   --->   "%accum_flag_2 = phi i1 [ true, %1 ], [ true, %3 ], [ %icmp_ln40_1, %2 ]" [functions.cpp:40]   --->   Operation 60 'phi' 'accum_flag_2' <Predicate = (!or_ln29_3)> <Delay = 0.00>
ST_5 : Operation 61 [1/1] (0.00ns)   --->   "%accum_new_2 = phi i8 [ 0, %1 ], [ 0, %3 ], [ %select_ln40, %2 ]" [functions.cpp:40]   --->   Operation 61 'phi' 'accum_new_2' <Predicate = (!or_ln29_3)> <Delay = 0.00>
ST_5 : Operation 62 [1/1] (0.00ns)   --->   "%empty_2 = call i32 (...)* @_ssdm_op_SpecRegionEnd([19 x i8]* @p_str2, i32 %tmp_1) nounwind" [functions.cpp:59]   --->   Operation 62 'specregionend' 'empty_2' <Predicate = (!or_ln29_3)> <Delay = 0.00>
ST_5 : Operation 63 [1/1] (0.00ns)   --->   "call void (...)* @_ssdm_op_SpecLatency(i32 2, i32 65535, [1 x i8]* @p_str1) nounwind" [functions.cpp:65]   --->   Operation 63 'speclatency' <Predicate = (!or_ln29_3)> <Delay = 0.00>
ST_5 : Operation 64 [1/1] (0.00ns)   --->   "%empty_3 = call i32 (...)* @_ssdm_op_SpecRegionEnd([16 x i8]* @p_str3, i32 %tmp_2) nounwind" [functions.cpp:66]   --->   Operation 64 'specregionend' 'empty_3' <Predicate = (!or_ln29_3)> <Delay = 0.00>
ST_5 : Operation 65 [1/1] (0.00ns)   --->   "br i1 %accum_flag_2, label %mergeST, label %._crit_edge5.new" [functions.cpp:40]   --->   Operation 65 'br' <Predicate = (!or_ln29_3)> <Delay = 0.00>
ST_5 : Operation 66 [1/1] (0.00ns)   --->   "call void @_ssdm_op_Write.ap_auto.i8P(i8* %accum, i8 %accum_new_2) nounwind" [functions.cpp:41]   --->   Operation 66 'write' <Predicate = (!or_ln29_3 & accum_flag_2)> <Delay = 0.00>
ST_5 : Operation 67 [1/1] (0.00ns)   --->   "br label %._crit_edge5.new"   --->   Operation 67 'br' <Predicate = (!or_ln29_3 & accum_flag_2)> <Delay = 0.00>
ST_5 : Operation 68 [1/1] (0.00ns)   --->   "br label %._crit_edge" [functions.cpp:67]   --->   Operation 68 'br' <Predicate = (!or_ln29_3)> <Delay = 0.00>
ST_5 : Operation 69 [1/1] (0.00ns)   --->   "ret void" [functions.cpp:68]   --->   Operation 69 'ret' <Predicate = true> <Delay = 0.00>


============================================================
+ Verbose Summary: Binding
============================================================
STG Binding: 
---------------- STG Properties BEGIN ----------------
- Is combinational: 0
- Is one-state seq: 0
- Is datapath-only: 0
- Is pipelined: 0
- Is top level: 1
Port [ Return ] is wired: 1; IO mode=ap_ctrl_hs:ce=0
Port [ ped_val]:  wired=1; compound=0; hidden=0; nouse=0; global=0; static=0; extern=0; dir=2; type=0; pingpong=0; private_global=0; IO mode=ap_ovld:ce=0
Port [ accum]:  wired=1; compound=0; hidden=0; nouse=0; global=0; static=0; extern=0; dir=2; type=0; pingpong=0; private_global=0; IO mode=ap_ovld:ce=0
Port [ ADC]:  wired=1; compound=0; hidden=0; nouse=0; global=0; static=0; extern=0; dir=1; type=0; pingpong=0; private_global=0; IO mode=ap_vld:ce=0
Port [ tdata]:  wired=1; compound=0; hidden=0; nouse=0; global=0; static=0; extern=0; dir=0; type=0; pingpong=0; private_global=0; IO mode=ap_none:ce=0
Port [ tvalid]:  wired=1; compound=0; hidden=0; nouse=0; global=0; static=0; extern=0; dir=0; type=0; pingpong=0; private_global=0; IO mode=ap_none:ce=0
Port [ tkeep0]:  wired=1; compound=0; hidden=0; nouse=0; global=0; static=0; extern=0; dir=0; type=0; pingpong=0; private_global=0; IO mode=ap_none:ce=0
Port [ tkeep1]:  wired=1; compound=0; hidden=0; nouse=0; global=0; static=0; extern=0; dir=0; type=0; pingpong=0; private_global=0; IO mode=ap_none:ce=0
Port [ tready]:  wired=1; compound=0; hidden=0; nouse=0; global=0; static=0; extern=0; dir=0; type=0; pingpong=0; private_global=0; IO mode=ap_none:ce=0
Port [ treset]:  wired=1; compound=0; hidden=0; nouse=0; global=0; static=0; extern=0; dir=0; type=0; pingpong=0; private_global=0; IO mode=ap_none:ce=0
---------------- STG Properties END ------------------

---------------- Datapath Model BEGIN ----------------

<LifeTime>
<method=bitvector/>
specbitsmap_ln0   (specbitsmap    ) [ 000000]
specbitsmap_ln0   (specbitsmap    ) [ 000000]
specbitsmap_ln0   (specbitsmap    ) [ 000000]
specbitsmap_ln0   (specbitsmap    ) [ 000000]
specbitsmap_ln0   (specbitsmap    ) [ 000000]
specbitsmap_ln0   (specbitsmap    ) [ 000000]
specbitsmap_ln0   (specbitsmap    ) [ 000000]
specbitsmap_ln0   (specbitsmap    ) [ 000000]
specbitsmap_ln0   (specbitsmap    ) [ 000000]
spectopmodule_ln0 (spectopmodule  ) [ 000000]
treset_read       (read           ) [ 000000]
tready_read       (read           ) [ 000000]
tkeep1_read       (read           ) [ 000000]
tkeep0_read       (read           ) [ 000000]
tvalid_read       (read           ) [ 000000]
tdata_read        (read           ) [ 000000]
xor_ln29          (xor            ) [ 000000]
xor_ln29_1        (xor            ) [ 000000]
xor_ln29_2        (xor            ) [ 000000]
or_ln29           (or             ) [ 000000]
or_ln29_1         (or             ) [ 000000]
or_ln29_2         (or             ) [ 000000]
or_ln29_3         (or             ) [ 011111]
br_ln29           (br             ) [ 000000]
trunc             (trunc          ) [ 001100]
tmp               (specregionbegin) [ 001100]
zext_ln34         (zext           ) [ 000010]
speclatency_ln40  (speclatency    ) [ 000000]
ped_val_read      (read           ) [ 000110]
icmp_ln40         (icmp           ) [ 000000]
accum_read        (read           ) [ 000000]
add_ln41          (add            ) [ 000000]
icmp_ln44         (icmp           ) [ 000000]
add_ln45          (add            ) [ 000000]
select_ln44       (select         ) [ 000000]
icmp_ln40_1       (icmp           ) [ 000111]
select_ln40       (select         ) [ 000111]
empty             (specregionend  ) [ 000000]
tmp_1             (specregionbegin) [ 000011]
speclatency_ln50  (speclatency    ) [ 000000]
icmp_ln50         (icmp           ) [ 000100]
br_ln50           (br             ) [ 000000]
icmp_ln55         (icmp           ) [ 000100]
br_ln55           (br             ) [ 000111]
add_ln56          (add            ) [ 000110]
write_ln56        (write          ) [ 000000]
br_ln58           (br             ) [ 000111]
add_ln51          (add            ) [ 000110]
write_ln51        (write          ) [ 000000]
br_ln53           (br             ) [ 000111]
tmp_2             (specregionbegin) [ 000011]
ped_val_load_3    (phi            ) [ 000010]
sub_ln65          (sub            ) [ 000000]
write_ln65        (write          ) [ 000000]
accum_flag_2      (phi            ) [ 000001]
accum_new_2       (phi            ) [ 000001]
empty_2           (specregionend  ) [ 000000]
speclatency_ln65  (speclatency    ) [ 000000]
empty_3           (specregionend  ) [ 000000]
br_ln40           (br             ) [ 000000]
write_ln41        (write          ) [ 000000]
br_ln0            (br             ) [ 000000]
br_ln67           (br             ) [ 000000]
ret_ln68          (ret            ) [ 000000]
</LifeTime>

<model>

<comp_list>
<comp id="0" class="1000" name="ped_val">
<pin_list>
<pin id="1" dir="1" index="0" bw="1" slack="0"/>
</pin_list>
<bind>
<StgValue><ssdm name="ped_val"/></StgValue>
</bind>
</comp>

<comp id="2" class="1000" name="accum">
<pin_list>
<pin id="3" dir="1" index="0" bw="1" slack="0"/>
</pin_list>
<bind>
<StgValue><ssdm name="accum"/></StgValue>
</bind>
</comp>

<comp id="4" class="1000" name="ADC">
<pin_list>
<pin id="5" dir="1" index="0" bw="1" slack="0"/>
</pin_list>
<bind>
<StgValue><ssdm name="ADC"/></StgValue>
</bind>
</comp>

<comp id="6" class="1000" name="tdata">
<pin_list>
<pin id="7" dir="1" index="0" bw="1" slack="0"/>
</pin_list>
<bind>
<StgValue><ssdm name="tdata"/></StgValue>
</bind>
</comp>

<comp id="8" class="1000" name="tvalid">
<pin_list>
<pin id="9" dir="1" index="0" bw="1" slack="0"/>
</pin_list>
<bind>
<StgValue><ssdm name="tvalid"/></StgValue>
</bind>
</comp>

<comp id="10" class="1000" name="tkeep0">
<pin_list>
<pin id="11" dir="1" index="0" bw="1" slack="0"/>
</pin_list>
<bind>
<StgValue><ssdm name="tkeep0"/></StgValue>
</bind>
</comp>

<comp id="12" class="1000" name="tkeep1">
<pin_list>
<pin id="13" dir="1" index="0" bw="1" slack="0"/>
</pin_list>
<bind>
<StgValue><ssdm name="tkeep1"/></StgValue>
</bind>
</comp>

<comp id="14" class="1000" name="tready">
<pin_list>
<pin id="15" dir="1" index="0" bw="1" slack="0"/>
</pin_list>
<bind>
<StgValue><ssdm name="tready"/></StgValue>
</bind>
</comp>

<comp id="16" class="1000" name="treset">
<pin_list>
<pin id="17" dir="1" index="0" bw="1" slack="0"/>
</pin_list>
<bind>
<StgValue><ssdm name="treset"/></StgValue>
</bind>
</comp>

<comp id="18" class="1001" name="const_18">
<pin_list>
<pin id="19" dir="1" index="0" bw="1" slack="2147483647"/>
</pin_list>
<bind>
<StgValue><ssdm name="_ssdm_op_SpecBitsMap"/></StgValue>
</bind>
</comp>

<comp id="20" class="1001" name="const_20">
<pin_list>
<pin id="21" dir="1" index="0" bw="1" slack="2147483647"/>
</pin_list>
<bind>
<StgValue><ssdm name="_ssdm_op_SpecTopModule"/></StgValue>
</bind>
</comp>

<comp id="22" class="1001" name="const_22">
<pin_list>
<pin id="23" dir="1" index="0" bw="1" slack="2147483647"/>
</pin_list>
<bind>
<StgValue><ssdm name="ped_alg_str"/></StgValue>
</bind>
</comp>

<comp id="24" class="1001" name="const_24">
<pin_list>
<pin id="25" dir="1" index="0" bw="1" slack="0"/>
</pin_list>
<bind>
<StgValue><ssdm name="_ssdm_op_Read.ap_auto.i1"/></StgValue>
</bind>
</comp>

<comp id="26" class="1001" name="const_26">
<pin_list>
<pin id="27" dir="1" index="0" bw="1" slack="0"/>
</pin_list>
<bind>
<StgValue><ssdm name="_ssdm_op_Read.ap_auto.i16"/></StgValue>
</bind>
</comp>

<comp id="28" class="1001" name="const_28">
<pin_list>
<pin id="29" dir="1" index="0" bw="1" slack="0"/>
</pin_list>
<bind>
<StgValue><ssdm name=""/></StgValue>
</bind>
</comp>

<comp id="30" class="1001" name="const_30">
<pin_list>
<pin id="31" dir="1" index="0" bw="1" slack="2147483647"/>
</pin_list>
<bind>
<StgValue><ssdm name="_ssdm_op_SpecRegionBegin"/></StgValue>
</bind>
</comp>

<comp id="32" class="1001" name="const_32">
<pin_list>
<pin id="33" dir="1" index="0" bw="1" slack="2147483647"/>
</pin_list>
<bind>
<StgValue><ssdm name="p_str"/></StgValue>
</bind>
</comp>

<comp id="34" class="1001" name="const_34">
<pin_list>
<pin id="35" dir="1" index="0" bw="1" slack="2147483647"/>
</pin_list>
<bind>
<StgValue><ssdm name="_ssdm_op_SpecLatency"/></StgValue>
</bind>
</comp>

<comp id="36" class="1001" name="const_36">
<pin_list>
<pin id="37" dir="1" index="0" bw="1" slack="2147483647"/>
</pin_list>
<bind>
<StgValue><ssdm name=""/></StgValue>
</bind>
</comp>

<comp id="38" class="1001" name="const_38">
<pin_list>
<pin id="39" dir="1" index="0" bw="1" slack="2147483647"/>
</pin_list>
<bind>
<StgValue><ssdm name=""/></StgValue>
</bind>
</comp>

<comp id="40" class="1001" name="const_40">
<pin_list>
<pin id="41" dir="1" index="0" bw="1" slack="2147483647"/>
</pin_list>
<bind>
<StgValue><ssdm name="p_str1"/></StgValue>
</bind>
</comp>

<comp id="42" class="1001" name="const_42">
<pin_list>
<pin id="43" dir="1" index="0" bw="1" slack="0"/>
</pin_list>
<bind>
<StgValue><ssdm name="_ssdm_op_Read.ap_auto.i16P"/></StgValue>
</bind>
</comp>

<comp id="44" class="1001" name="const_44">
<pin_list>
<pin id="45" dir="1" index="0" bw="1" slack="0"/>
</pin_list>
<bind>
<StgValue><ssdm name="_ssdm_op_Read.ap_auto.i8P"/></StgValue>
</bind>
</comp>

<comp id="46" class="1001" name="const_46">
<pin_list>
<pin id="47" dir="1" index="0" bw="1" slack="0"/>
</pin_list>
<bind>
<StgValue><ssdm name=""/></StgValue>
</bind>
</comp>

<comp id="48" class="1001" name="const_48">
<pin_list>
<pin id="49" dir="1" index="0" bw="1" slack="0"/>
</pin_list>
<bind>
<StgValue><ssdm name=""/></StgValue>
</bind>
</comp>

<comp id="50" class="1001" name="const_50">
<pin_list>
<pin id="51" dir="1" index="0" bw="1" slack="2147483647"/>
</pin_list>
<bind>
<StgValue><ssdm name="_ssdm_op_SpecRegionEnd"/></StgValue>
</bind>
</comp>

<comp id="52" class="1001" name="const_52">
<pin_list>
<pin id="53" dir="1" index="0" bw="1" slack="2147483647"/>
</pin_list>
<bind>
<StgValue><ssdm name="p_str2"/></StgValue>
</bind>
</comp>

<comp id="54" class="1001" name="const_54">
<pin_list>
<pin id="55" dir="1" index="0" bw="1" slack="0"/>
</pin_list>
<bind>
<StgValue><ssdm name=""/></StgValue>
</bind>
</comp>

<comp id="56" class="1001" name="const_56">
<pin_list>
<pin id="57" dir="1" index="0" bw="1" slack="0"/>
</pin_list>
<bind>
<StgValue><ssdm name=""/></StgValue>
</bind>
</comp>

<comp id="58" class="1001" name="const_58">
<pin_list>
<pin id="59" dir="1" index="0" bw="1" slack="0"/>
</pin_list>
<bind>
<StgValue><ssdm name=""/></StgValue>
</bind>
</comp>

<comp id="60" class="1001" name="const_60">
<pin_list>
<pin id="61" dir="1" index="0" bw="1" slack="0"/>
</pin_list>
<bind>
<StgValue><ssdm name="_ssdm_op_Write.ap_auto.i16P"/></StgValue>
</bind>
</comp>

<comp id="62" class="1001" name="const_62">
<pin_list>
<pin id="63" dir="1" index="0" bw="1" slack="0"/>
</pin_list>
<bind>
<StgValue><ssdm name=""/></StgValue>
</bind>
</comp>

<comp id="64" class="1001" name="const_64">
<pin_list>
<pin id="65" dir="1" index="0" bw="1" slack="2147483647"/>
</pin_list>
<bind>
<StgValue><ssdm name="p_str3"/></StgValue>
</bind>
</comp>

<comp id="66" class="1001" name="const_66">
<pin_list>
<pin id="67" dir="1" index="0" bw="1" slack="2"/>
</pin_list>
<bind>
<StgValue><ssdm name=""/></StgValue>
</bind>
</comp>

<comp id="68" class="1001" name="const_68">
<pin_list>
<pin id="69" dir="1" index="0" bw="1" slack="0"/>
</pin_list>
<bind>
<StgValue><ssdm name="_ssdm_op_Write.ap_auto.i8P"/></StgValue>
</bind>
</comp>

<comp id="70" class="1004" name="treset_read_read_fu_70">
<pin_list>
<pin id="71" dir="0" index="0" bw="1" slack="0"/>
<pin id="72" dir="0" index="1" bw="1" slack="0"/>
<pin id="73" dir="1" index="2" bw="1" slack="0"/>
</pin_list>
<bind>
<opcode="read(1150) " fcode="read"/>
<opset="treset_read/1 "/>
</bind>
</comp>

<comp id="76" class="1004" name="tready_read_read_fu_76">
<pin_list>
<pin id="77" dir="0" index="0" bw="1" slack="0"/>
<pin id="78" dir="0" index="1" bw="1" slack="0"/>
<pin id="79" dir="1" index="2" bw="1" slack="0"/>
</pin_list>
<bind>
<opcode="read(1150) " fcode="read"/>
<opset="tready_read/1 "/>
</bind>
</comp>

<comp id="82" class="1004" name="tkeep1_read_read_fu_82">
<pin_list>
<pin id="83" dir="0" index="0" bw="1" slack="0"/>
<pin id="84" dir="0" index="1" bw="1" slack="0"/>
<pin id="85" dir="1" index="2" bw="1" slack="0"/>
</pin_list>
<bind>
<opcode="read(1150) " fcode="read"/>
<opset="tkeep1_read/1 "/>
</bind>
</comp>

<comp id="88" class="1004" name="tkeep0_read_read_fu_88">
<pin_list>
<pin id="89" dir="0" index="0" bw="1" slack="0"/>
<pin id="90" dir="0" index="1" bw="1" slack="0"/>
<pin id="91" dir="1" index="2" bw="1" slack="0"/>
</pin_list>
<bind>
<opcode="read(1150) " fcode="read"/>
<opset="tkeep0_read/1 "/>
</bind>
</comp>

<comp id="94" class="1004" name="tvalid_read_read_fu_94">
<pin_list>
<pin id="95" dir="0" index="0" bw="1" slack="0"/>
<pin id="96" dir="0" index="1" bw="1" slack="0"/>
<pin id="97" dir="1" index="2" bw="1" slack="0"/>
</pin_list>
<bind>
<opcode="read(1150) " fcode="read"/>
<opset="tvalid_read/1 "/>
</bind>
</comp>

<comp id="100" class="1004" name="tdata_read_read_fu_100">
<pin_list>
<pin id="101" dir="0" index="0" bw="16" slack="0"/>
<pin id="102" dir="0" index="1" bw="16" slack="0"/>
<pin id="103" dir="1" index="2" bw="16" slack="0"/>
</pin_list>
<bind>
<opcode="read(1150) " fcode="read"/>
<opset="tdata_read/1 "/>
</bind>
</comp>

<comp id="106" class="1004" name="ped_val_read_read_fu_106">
<pin_list>
<pin id="107" dir="0" index="0" bw="16" slack="0"/>
<pin id="108" dir="0" index="1" bw="16" slack="0"/>
<pin id="109" dir="1" index="2" bw="16" slack="0"/>
</pin_list>
<bind>
<opcode="read(1150) " fcode="read"/>
<opset="ped_val_read/3 "/>
</bind>
</comp>

<comp id="112" class="1004" name="accum_read_read_fu_112">
<pin_list>
<pin id="113" dir="0" index="0" bw="8" slack="0"/>
<pin id="114" dir="0" index="1" bw="8" slack="0"/>
<pin id="115" dir="1" index="2" bw="8" slack="0"/>
</pin_list>
<bind>
<opcode="read(1150) " fcode="read"/>
<opset="accum_read/3 "/>
</bind>
</comp>

<comp id="118" class="1004" name="grp_write_fu_118">
<pin_list>
<pin id="119" dir="0" index="0" bw="0" slack="0"/>
<pin id="120" dir="0" index="1" bw="16" slack="0"/>
<pin id="121" dir="0" index="2" bw="16" slack="0"/>
<pin id="122" dir="1" index="3" bw="0" slack="2147483647"/>
</pin_list>
<bind>
<opcode="write(1151) " fcode="write"/>
<opset="write_ln56/3 write_ln51/3 "/>
</bind>
</comp>

<comp id="125" class="1004" name="write_ln65_write_fu_125">
<pin_list>
<pin id="126" dir="0" index="0" bw="0" slack="0"/>
<pin id="127" dir="0" index="1" bw="16" slack="0"/>
<pin id="128" dir="0" index="2" bw="16" slack="0"/>
<pin id="129" dir="1" index="3" bw="0" slack="2147483647"/>
</pin_list>
<bind>
<opcode="write(1151) " fcode="write"/>
<opset="write_ln65/4 "/>
</bind>
</comp>

<comp id="132" class="1004" name="write_ln41_write_fu_132">
<pin_list>
<pin id="133" dir="0" index="0" bw="0" slack="0"/>
<pin id="134" dir="0" index="1" bw="8" slack="0"/>
<pin id="135" dir="0" index="2" bw="8" slack="0"/>
<pin id="136" dir="1" index="3" bw="0" slack="2147483647"/>
</pin_list>
<bind>
<opcode="write(1151) " fcode="write"/>
<opset="write_ln41/5 "/>
</bind>
</comp>

<comp id="139" class="1005" name="ped_val_load_3_reg_139">
<pin_list>
<pin id="140" dir="0" index="0" bw="16" slack="2147483647"/>
<pin id="141" dir="1" index="1" bw="16" slack="2147483647"/>
</pin_list>
<bind>
<opset="ped_val_load_3 (phireg) "/>
</bind>
</comp>

<comp id="142" class="1004" name="ped_val_load_3_phi_fu_142">
<pin_list>
<pin id="143" dir="0" index="0" bw="16" slack="1"/>
<pin id="144" dir="0" index="1" bw="0" slack="2147483647"/>
<pin id="145" dir="0" index="2" bw="16" slack="1"/>
<pin id="146" dir="0" index="3" bw="0" slack="2147483647"/>
<pin id="147" dir="0" index="4" bw="16" slack="1"/>
<pin id="148" dir="0" index="5" bw="0" slack="2147483647"/>
<pin id="149" dir="1" index="6" bw="16" slack="0"/>
</pin_list>
<bind>
<opcode="phi(47) " fcode="phi"/>
<opset="ped_val_load_3/4 "/>
</bind>
</comp>

<comp id="150" class="1005" name="accum_flag_2_reg_150">
<pin_list>
<pin id="151" dir="0" index="0" bw="1" slack="2"/>
<pin id="152" dir="1" index="1" bw="1" slack="2"/>
</pin_list>
<bind>
<opset="accum_flag_2 (phireg) "/>
</bind>
</comp>

<comp id="154" class="1004" name="accum_flag_2_phi_fu_154">
<pin_list>
<pin id="155" dir="0" index="0" bw="1" slack="2"/>
<pin id="156" dir="0" index="1" bw="0" slack="2147483647"/>
<pin id="157" dir="0" index="2" bw="1" slack="2"/>
<pin id="158" dir="0" index="3" bw="0" slack="2147483647"/>
<pin id="159" dir="0" index="4" bw="1" slack="2"/>
<pin id="160" dir="0" index="5" bw="0" slack="2147483647"/>
<pin id="161" dir="1" index="6" bw="1" slack="2147483647"/>
</pin_list>
<bind>
<opcode="phi(47) " fcode="phi"/>
<opset="accum_flag_2/5 "/>
</bind>
</comp>

<comp id="164" class="1005" name="accum_new_2_reg_164">
<pin_list>
<pin id="165" dir="0" index="0" bw="8" slack="2"/>
<pin id="166" dir="1" index="1" bw="8" slack="2"/>
</pin_list>
<bind>
<opset="accum_new_2 (phireg) "/>
</bind>
</comp>

<comp id="168" class="1004" name="accum_new_2_phi_fu_168">
<pin_list>
<pin id="169" dir="0" index="0" bw="1" slack="2"/>
<pin id="170" dir="0" index="1" bw="0" slack="2147483647"/>
<pin id="171" dir="0" index="2" bw="1" slack="2"/>
<pin id="172" dir="0" index="3" bw="0" slack="2147483647"/>
<pin id="173" dir="0" index="4" bw="8" slack="2"/>
<pin id="174" dir="0" index="5" bw="0" slack="2147483647"/>
<pin id="175" dir="1" index="6" bw="8" slack="0"/>
</pin_list>
<bind>
<opcode="phi(47) " fcode="phi"/>
<opset="accum_new_2/5 "/>
</bind>
</comp>

<comp id="179" class="1004" name="xor_ln29_fu_179">
<pin_list>
<pin id="180" dir="0" index="0" bw="1" slack="0"/>
<pin id="181" dir="0" index="1" bw="1" slack="0"/>
<pin id="182" dir="1" index="2" bw="1" slack="0"/>
</pin_list>
<bind>
<opcode="xor(25) " fcode="xor"/>
<opset="xor_ln29/1 "/>
</bind>
</comp>

<comp id="185" class="1004" name="xor_ln29_1_fu_185">
<pin_list>
<pin id="186" dir="0" index="0" bw="1" slack="0"/>
<pin id="187" dir="0" index="1" bw="1" slack="0"/>
<pin id="188" dir="1" index="2" bw="1" slack="0"/>
</pin_list>
<bind>
<opcode="xor(25) " fcode="xor"/>
<opset="xor_ln29_1/1 "/>
</bind>
</comp>

<comp id="191" class="1004" name="xor_ln29_2_fu_191">
<pin_list>
<pin id="192" dir="0" index="0" bw="1" slack="0"/>
<pin id="193" dir="0" index="1" bw="1" slack="0"/>
<pin id="194" dir="1" index="2" bw="1" slack="0"/>
</pin_list>
<bind>
<opcode="xor(25) " fcode="xor"/>
<opset="xor_ln29_2/1 "/>
</bind>
</comp>

<comp id="197" class="1004" name="or_ln29_fu_197">
<pin_list>
<pin id="198" dir="0" index="0" bw="1" slack="0"/>
<pin id="199" dir="0" index="1" bw="1" slack="0"/>
<pin id="200" dir="1" index="2" bw="1" slack="0"/>
</pin_list>
<bind>
<opcode="or(24) " fcode="or"/>
<opset="or_ln29/1 "/>
</bind>
</comp>

<comp id="203" class="1004" name="or_ln29_1_fu_203">
<pin_list>
<pin id="204" dir="0" index="0" bw="1" slack="0"/>
<pin id="205" dir="0" index="1" bw="1" slack="0"/>
<pin id="206" dir="1" index="2" bw="1" slack="0"/>
</pin_list>
<bind>
<opcode="or(24) " fcode="or"/>
<opset="or_ln29_1/1 "/>
</bind>
</comp>

<comp id="209" class="1004" name="or_ln29_2_fu_209">
<pin_list>
<pin id="210" dir="0" index="0" bw="1" slack="0"/>
<pin id="211" dir="0" index="1" bw="1" slack="0"/>
<pin id="212" dir="1" index="2" bw="1" slack="0"/>
</pin_list>
<bind>
<opcode="or(24) " fcode="or"/>
<opset="or_ln29_2/1 "/>
</bind>
</comp>

<comp id="215" class="1004" name="or_ln29_3_fu_215">
<pin_list>
<pin id="216" dir="0" index="0" bw="1" slack="0"/>
<pin id="217" dir="0" index="1" bw="1" slack="0"/>
<pin id="218" dir="1" index="2" bw="1" slack="4"/>
</pin_list>
<bind>
<opcode="or(24) " fcode="or"/>
<opset="or_ln29_3/1 "/>
</bind>
</comp>

<comp id="221" class="1004" name="trunc_fu_221">
<pin_list>
<pin id="222" dir="0" index="0" bw="16" slack="0"/>
<pin id="223" dir="1" index="1" bw="12" slack="2"/>
</pin_list>
<bind>
<opcode="trunc(33) " fcode="trunc"/>
<opset="trunc/1 "/>
</bind>
</comp>

<comp id="225" class="1004" name="zext_ln34_fu_225">
<pin_list>
<pin id="226" dir="0" index="0" bw="12" slack="2"/>
<pin id="227" dir="1" index="1" bw="16" slack="0"/>
</pin_list>
<bind>
<opcode="zext(34) " fcode="zext"/>
<opset="zext_ln34/3 "/>
</bind>
</comp>

<comp id="228" class="1004" name="icmp_ln40_fu_228">
<pin_list>
<pin id="229" dir="0" index="0" bw="12" slack="0"/>
<pin id="230" dir="0" index="1" bw="16" slack="0"/>
<pin id="231" dir="1" index="2" bw="1" slack="0"/>
</pin_list>
<bind>
<opcode="icmp(45) " fcode="icmp"/>
<opset="icmp_ln40/3 "/>
</bind>
</comp>

<comp id="234" class="1004" name="add_ln41_fu_234">
<pin_list>
<pin id="235" dir="0" index="0" bw="1" slack="0"/>
<pin id="236" dir="0" index="1" bw="8" slack="0"/>
<pin id="237" dir="1" index="2" bw="8" slack="0"/>
</pin_list>
<bind>
<opcode="add(8) " fcode="add"/>
<opset="add_ln41/3 "/>
</bind>
</comp>

<comp id="240" class="1004" name="icmp_ln44_fu_240">
<pin_list>
<pin id="241" dir="0" index="0" bw="12" slack="0"/>
<pin id="242" dir="0" index="1" bw="16" slack="0"/>
<pin id="243" dir="1" index="2" bw="1" slack="0"/>
</pin_list>
<bind>
<opcode="icmp(45) " fcode="icmp"/>
<opset="icmp_ln44/3 "/>
</bind>
</comp>

<comp id="246" class="1004" name="add_ln45_fu_246">
<pin_list>
<pin id="247" dir="0" index="0" bw="1" slack="0"/>
<pin id="248" dir="0" index="1" bw="8" slack="0"/>
<pin id="249" dir="1" index="2" bw="8" slack="0"/>
</pin_list>
<bind>
<opcode="add(8) " fcode="add"/>
<opset="add_ln45/3 "/>
</bind>
</comp>

<comp id="252" class="1004" name="select_ln44_fu_252">
<pin_list>
<pin id="253" dir="0" index="0" bw="1" slack="0"/>
<pin id="254" dir="0" index="1" bw="8" slack="0"/>
<pin id="255" dir="0" index="2" bw="8" slack="0"/>
<pin id="256" dir="1" index="3" bw="8" slack="0"/>
</pin_list>
<bind>
<opcode="select(49) " fcode="select"/>
<opset="select_ln44/3 "/>
</bind>
</comp>

<comp id="260" class="1004" name="icmp_ln40_1_fu_260">
<pin_list>
<pin id="261" dir="0" index="0" bw="12" slack="0"/>
<pin id="262" dir="0" index="1" bw="16" slack="0"/>
<pin id="263" dir="1" index="2" bw="1" slack="2"/>
</pin_list>
<bind>
<opcode="icmp(45) " fcode="icmp"/>
<opset="icmp_ln40_1/3 "/>
</bind>
</comp>

<comp id="266" class="1004" name="select_ln40_fu_266">
<pin_list>
<pin id="267" dir="0" index="0" bw="1" slack="0"/>
<pin id="268" dir="0" index="1" bw="8" slack="0"/>
<pin id="269" dir="0" index="2" bw="8" slack="0"/>
<pin id="270" dir="1" index="3" bw="8" slack="0"/>
</pin_list>
<bind>
<opcode="select(49) " fcode="select"/>
<opset="select_ln40/3 "/>
</bind>
</comp>

<comp id="274" class="1004" name="icmp_ln50_fu_274">
<pin_list>
<pin id="275" dir="0" index="0" bw="8" slack="0"/>
<pin id="276" dir="0" index="1" bw="5" slack="0"/>
<pin id="277" dir="1" index="2" bw="1" slack="2147483647"/>
</pin_list>
<bind>
<opcode="icmp(45) " fcode="icmp"/>
<opset="icmp_ln50/3 "/>
</bind>
</comp>

<comp id="280" class="1004" name="icmp_ln55_fu_280">
<pin_list>
<pin id="281" dir="0" index="0" bw="8" slack="0"/>
<pin id="282" dir="0" index="1" bw="5" slack="0"/>
<pin id="283" dir="1" index="2" bw="1" slack="2147483647"/>
</pin_list>
<bind>
<opcode="icmp(45) " fcode="icmp"/>
<opset="icmp_ln55/3 "/>
</bind>
</comp>

<comp id="286" class="1004" name="add_ln56_fu_286">
<pin_list>
<pin id="287" dir="0" index="0" bw="16" slack="0"/>
<pin id="288" dir="0" index="1" bw="1" slack="0"/>
<pin id="289" dir="1" index="2" bw="16" slack="0"/>
</pin_list>
<bind>
<opcode="add(8) " fcode="add"/>
<opset="add_ln56/3 "/>
</bind>
</comp>

<comp id="293" class="1004" name="add_ln51_fu_293">
<pin_list>
<pin id="294" dir="0" index="0" bw="16" slack="0"/>
<pin id="295" dir="0" index="1" bw="1" slack="0"/>
<pin id="296" dir="1" index="2" bw="16" slack="0"/>
</pin_list>
<bind>
<opcode="add(8) " fcode="add"/>
<opset="add_ln51/3 "/>
</bind>
</comp>

<comp id="300" class="1004" name="sub_ln65_fu_300">
<pin_list>
<pin id="301" dir="0" index="0" bw="12" slack="1"/>
<pin id="302" dir="0" index="1" bw="16" slack="0"/>
<pin id="303" dir="1" index="2" bw="16" slack="0"/>
</pin_list>
<bind>
<opcode="sub(10) " fcode="sub"/>
<opset="sub_ln65/4 "/>
</bind>
</comp>

<comp id="306" class="1005" name="or_ln29_3_reg_306">
<pin_list>
<pin id="307" dir="0" index="0" bw="1" slack="4"/>
<pin id="308" dir="1" index="1" bw="1" slack="2147483647"/>
</pin_list>
<bind>
<opset="or_ln29_3 "/>
</bind>
</comp>

<comp id="310" class="1005" name="trunc_reg_310">
<pin_list>
<pin id="311" dir="0" index="0" bw="12" slack="2"/>
<pin id="312" dir="1" index="1" bw="12" slack="2"/>
</pin_list>
<bind>
<opset="trunc "/>
</bind>
</comp>

<comp id="315" class="1005" name="zext_ln34_reg_315">
<pin_list>
<pin id="316" dir="0" index="0" bw="16" slack="1"/>
<pin id="317" dir="1" index="1" bw="16" slack="1"/>
</pin_list>
<bind>
<opset="zext_ln34 "/>
</bind>
</comp>

<comp id="320" class="1005" name="ped_val_read_reg_320">
<pin_list>
<pin id="321" dir="0" index="0" bw="16" slack="1"/>
<pin id="322" dir="1" index="1" bw="16" slack="1"/>
</pin_list>
<bind>
<opset="ped_val_read "/>
</bind>
</comp>

<comp id="325" class="1005" name="icmp_ln40_1_reg_325">
<pin_list>
<pin id="326" dir="0" index="0" bw="1" slack="2"/>
<pin id="327" dir="1" index="1" bw="1" slack="2"/>
</pin_list>
<bind>
<opset="icmp_ln40_1 "/>
</bind>
</comp>

<comp id="330" class="1005" name="select_ln40_reg_330">
<pin_list>
<pin id="331" dir="0" index="0" bw="8" slack="2"/>
<pin id="332" dir="1" index="1" bw="8" slack="2"/>
</pin_list>
<bind>
<opset="select_ln40 "/>
</bind>
</comp>

<comp id="341" class="1005" name="add_ln56_reg_341">
<pin_list>
<pin id="342" dir="0" index="0" bw="16" slack="1"/>
<pin id="343" dir="1" index="1" bw="16" slack="1"/>
</pin_list>
<bind>
<opset="add_ln56 "/>
</bind>
</comp>

<comp id="346" class="1005" name="add_ln51_reg_346">
<pin_list>
<pin id="347" dir="0" index="0" bw="16" slack="1"/>
<pin id="348" dir="1" index="1" bw="16" slack="1"/>
</pin_list>
<bind>
<opset="add_ln51 "/>
</bind>
</comp>

</comp_list>

<net_list>
<net id="74"><net_src comp="24" pin="0"/><net_sink comp="70" pin=0"/></net>

<net id="75"><net_src comp="16" pin="0"/><net_sink comp="70" pin=1"/></net>

<net id="80"><net_src comp="24" pin="0"/><net_sink comp="76" pin=0"/></net>

<net id="81"><net_src comp="14" pin="0"/><net_sink comp="76" pin=1"/></net>

<net id="86"><net_src comp="24" pin="0"/><net_sink comp="82" pin=0"/></net>

<net id="87"><net_src comp="12" pin="0"/><net_sink comp="82" pin=1"/></net>

<net id="92"><net_src comp="24" pin="0"/><net_sink comp="88" pin=0"/></net>

<net id="93"><net_src comp="10" pin="0"/><net_sink comp="88" pin=1"/></net>

<net id="98"><net_src comp="24" pin="0"/><net_sink comp="94" pin=0"/></net>

<net id="99"><net_src comp="8" pin="0"/><net_sink comp="94" pin=1"/></net>

<net id="104"><net_src comp="26" pin="0"/><net_sink comp="100" pin=0"/></net>

<net id="105"><net_src comp="6" pin="0"/><net_sink comp="100" pin=1"/></net>

<net id="110"><net_src comp="42" pin="0"/><net_sink comp="106" pin=0"/></net>

<net id="111"><net_src comp="0" pin="0"/><net_sink comp="106" pin=1"/></net>

<net id="116"><net_src comp="44" pin="0"/><net_sink comp="112" pin=0"/></net>

<net id="117"><net_src comp="2" pin="0"/><net_sink comp="112" pin=1"/></net>

<net id="123"><net_src comp="60" pin="0"/><net_sink comp="118" pin=0"/></net>

<net id="124"><net_src comp="0" pin="0"/><net_sink comp="118" pin=1"/></net>

<net id="130"><net_src comp="60" pin="0"/><net_sink comp="125" pin=0"/></net>

<net id="131"><net_src comp="4" pin="0"/><net_sink comp="125" pin=1"/></net>

<net id="137"><net_src comp="68" pin="0"/><net_sink comp="132" pin=0"/></net>

<net id="138"><net_src comp="2" pin="0"/><net_sink comp="132" pin=1"/></net>

<net id="153"><net_src comp="28" pin="0"/><net_sink comp="150" pin=0"/></net>

<net id="162"><net_src comp="150" pin="1"/><net_sink comp="154" pin=0"/></net>

<net id="163"><net_src comp="150" pin="1"/><net_sink comp="154" pin=2"/></net>

<net id="167"><net_src comp="66" pin="0"/><net_sink comp="164" pin=0"/></net>

<net id="176"><net_src comp="164" pin="1"/><net_sink comp="168" pin=0"/></net>

<net id="177"><net_src comp="164" pin="1"/><net_sink comp="168" pin=2"/></net>

<net id="178"><net_src comp="168" pin="6"/><net_sink comp="132" pin=2"/></net>

<net id="183"><net_src comp="94" pin="2"/><net_sink comp="179" pin=0"/></net>

<net id="184"><net_src comp="28" pin="0"/><net_sink comp="179" pin=1"/></net>

<net id="189"><net_src comp="88" pin="2"/><net_sink comp="185" pin=0"/></net>

<net id="190"><net_src comp="28" pin="0"/><net_sink comp="185" pin=1"/></net>

<net id="195"><net_src comp="82" pin="2"/><net_sink comp="191" pin=0"/></net>

<net id="196"><net_src comp="28" pin="0"/><net_sink comp="191" pin=1"/></net>

<net id="201"><net_src comp="76" pin="2"/><net_sink comp="197" pin=0"/></net>

<net id="202"><net_src comp="179" pin="2"/><net_sink comp="197" pin=1"/></net>

<net id="207"><net_src comp="70" pin="2"/><net_sink comp="203" pin=0"/></net>

<net id="208"><net_src comp="191" pin="2"/><net_sink comp="203" pin=1"/></net>

<net id="213"><net_src comp="203" pin="2"/><net_sink comp="209" pin=0"/></net>

<net id="214"><net_src comp="185" pin="2"/><net_sink comp="209" pin=1"/></net>

<net id="219"><net_src comp="209" pin="2"/><net_sink comp="215" pin=0"/></net>

<net id="220"><net_src comp="197" pin="2"/><net_sink comp="215" pin=1"/></net>

<net id="224"><net_src comp="100" pin="2"/><net_sink comp="221" pin=0"/></net>

<net id="232"><net_src comp="225" pin="1"/><net_sink comp="228" pin=0"/></net>

<net id="233"><net_src comp="106" pin="2"/><net_sink comp="228" pin=1"/></net>

<net id="238"><net_src comp="46" pin="0"/><net_sink comp="234" pin=0"/></net>

<net id="239"><net_src comp="112" pin="2"/><net_sink comp="234" pin=1"/></net>

<net id="244"><net_src comp="225" pin="1"/><net_sink comp="240" pin=0"/></net>

<net id="245"><net_src comp="106" pin="2"/><net_sink comp="240" pin=1"/></net>

<net id="250"><net_src comp="48" pin="0"/><net_sink comp="246" pin=0"/></net>

<net id="251"><net_src comp="112" pin="2"/><net_sink comp="246" pin=1"/></net>

<net id="257"><net_src comp="240" pin="2"/><net_sink comp="252" pin=0"/></net>

<net id="258"><net_src comp="246" pin="2"/><net_sink comp="252" pin=1"/></net>

<net id="259"><net_src comp="112" pin="2"/><net_sink comp="252" pin=2"/></net>

<net id="264"><net_src comp="225" pin="1"/><net_sink comp="260" pin=0"/></net>

<net id="265"><net_src comp="106" pin="2"/><net_sink comp="260" pin=1"/></net>

<net id="271"><net_src comp="228" pin="2"/><net_sink comp="266" pin=0"/></net>

<net id="272"><net_src comp="234" pin="2"/><net_sink comp="266" pin=1"/></net>

<net id="273"><net_src comp="252" pin="3"/><net_sink comp="266" pin=2"/></net>

<net id="278"><net_src comp="266" pin="3"/><net_sink comp="274" pin=0"/></net>

<net id="279"><net_src comp="54" pin="0"/><net_sink comp="274" pin=1"/></net>

<net id="284"><net_src comp="266" pin="3"/><net_sink comp="280" pin=0"/></net>

<net id="285"><net_src comp="56" pin="0"/><net_sink comp="280" pin=1"/></net>

<net id="290"><net_src comp="106" pin="2"/><net_sink comp="286" pin=0"/></net>

<net id="291"><net_src comp="58" pin="0"/><net_sink comp="286" pin=1"/></net>

<net id="292"><net_src comp="286" pin="2"/><net_sink comp="118" pin=2"/></net>

<net id="297"><net_src comp="106" pin="2"/><net_sink comp="293" pin=0"/></net>

<net id="298"><net_src comp="62" pin="0"/><net_sink comp="293" pin=1"/></net>

<net id="299"><net_src comp="293" pin="2"/><net_sink comp="118" pin=2"/></net>

<net id="304"><net_src comp="142" pin="6"/><net_sink comp="300" pin=1"/></net>

<net id="305"><net_src comp="300" pin="2"/><net_sink comp="125" pin=2"/></net>

<net id="309"><net_src comp="215" pin="2"/><net_sink comp="306" pin=0"/></net>

<net id="313"><net_src comp="221" pin="1"/><net_sink comp="310" pin=0"/></net>

<net id="314"><net_src comp="310" pin="1"/><net_sink comp="225" pin=0"/></net>

<net id="318"><net_src comp="225" pin="1"/><net_sink comp="315" pin=0"/></net>

<net id="319"><net_src comp="315" pin="1"/><net_sink comp="300" pin=0"/></net>

<net id="323"><net_src comp="106" pin="2"/><net_sink comp="320" pin=0"/></net>

<net id="324"><net_src comp="320" pin="1"/><net_sink comp="142" pin=4"/></net>

<net id="328"><net_src comp="260" pin="2"/><net_sink comp="325" pin=0"/></net>

<net id="329"><net_src comp="325" pin="1"/><net_sink comp="154" pin=4"/></net>

<net id="333"><net_src comp="266" pin="3"/><net_sink comp="330" pin=0"/></net>

<net id="334"><net_src comp="330" pin="1"/><net_sink comp="168" pin=4"/></net>

<net id="344"><net_src comp="286" pin="2"/><net_sink comp="341" pin=0"/></net>

<net id="345"><net_src comp="341" pin="1"/><net_sink comp="142" pin=2"/></net>

<net id="349"><net_src comp="293" pin="2"/><net_sink comp="346" pin=0"/></net>

<net id="350"><net_src comp="346" pin="1"/><net_sink comp="142" pin=0"/></net>

</net_list>

</model> 
---------------- Datapath Model END ------------------

* FSMD analyzer results:
  - Output states:
	Port: ped_val | {3 }
	Port: accum | {5 }
	Port: ADC | {4 }
 - Input state : 
	Port: ped_alg : ped_val | {3 }
	Port: ped_alg : accum | {3 }
	Port: ped_alg : tdata | {1 }
	Port: ped_alg : tvalid | {1 }
	Port: ped_alg : tkeep0 | {1 }
	Port: ped_alg : tkeep1 | {1 }
	Port: ped_alg : tready | {1 }
	Port: ped_alg : treset | {1 }
  - Chain level:
	State 1
	State 2
	State 3
		select_ln44 : 1
		select_ln40 : 2
		icmp_ln50 : 3
		br_ln50 : 4
		icmp_ln55 : 3
		br_ln55 : 4
		write_ln56 : 1
		write_ln51 : 1
	State 4
		sub_ln65 : 1
		write_ln65 : 2
	State 5
		br_ln40 : 1
		write_ln41 : 1


============================================================
+ Verbose Summary: Datapath Resource usage 
============================================================

* Functional unit list:
|----------|--------------------------|---------|---------|
| Operation|      Functional Unit     |    FF   |   LUT   |
|----------|--------------------------|---------|---------|
|          |      add_ln41_fu_234     |    0    |    15   |
|    add   |      add_ln45_fu_246     |    0    |    15   |
|          |      add_ln56_fu_286     |    0    |    23   |
|          |      add_ln51_fu_293     |    0    |    23   |
|----------|--------------------------|---------|---------|
|          |     icmp_ln40_fu_228     |    0    |    13   |
|          |     icmp_ln44_fu_240     |    0    |    13   |
|   icmp   |    icmp_ln40_1_fu_260    |    0    |    13   |
|          |     icmp_ln50_fu_274     |    0    |    11   |
|          |     icmp_ln55_fu_280     |    0    |    11   |
|----------|--------------------------|---------|---------|
|    sub   |      sub_ln65_fu_300     |    0    |    23   |
|----------|--------------------------|---------|---------|
|  select  |    select_ln44_fu_252    |    0    |    8    |
|          |    select_ln40_fu_266    |    0    |    8    |
|----------|--------------------------|---------|---------|
|          |      or_ln29_fu_197      |    0    |    2    |
|    or    |     or_ln29_1_fu_203     |    0    |    2    |
|          |     or_ln29_2_fu_209     |    0    |    2    |
|          |     or_ln29_3_fu_215     |    0    |    2    |
|----------|--------------------------|---------|---------|
|          |      xor_ln29_fu_179     |    0    |    2    |
|    xor   |     xor_ln29_1_fu_185    |    0    |    2    |
|          |     xor_ln29_2_fu_191    |    0    |    2    |
|----------|--------------------------|---------|---------|
|          |  treset_read_read_fu_70  |    0    |    0    |
|          |  tready_read_read_fu_76  |    0    |    0    |
|          |  tkeep1_read_read_fu_82  |    0    |    0    |
|   read   |  tkeep0_read_read_fu_88  |    0    |    0    |
|          |  tvalid_read_read_fu_94  |    0    |    0    |
|          |  tdata_read_read_fu_100  |    0    |    0    |
|          | ped_val_read_read_fu_106 |    0    |    0    |
|          |  accum_read_read_fu_112  |    0    |    0    |
|----------|--------------------------|---------|---------|
|          |     grp_write_fu_118     |    0    |    0    |
|   write  |  write_ln65_write_fu_125 |    0    |    0    |
|          |  write_ln41_write_fu_132 |    0    |    0    |
|----------|--------------------------|---------|---------|
|   trunc  |       trunc_fu_221       |    0    |    0    |
|----------|--------------------------|---------|---------|
|   zext   |     zext_ln34_fu_225     |    0    |    0    |
|----------|--------------------------|---------|---------|
|   Total  |                          |    0    |   190   |
|----------|--------------------------|---------|---------|

Memories:
N/A

* Register list:
+----------------------+--------+
|                      |   FF   |
+----------------------+--------+
| accum_flag_2_reg_150 |    1   |
|  accum_new_2_reg_164 |    8   |
|   add_ln51_reg_346   |   16   |
|   add_ln56_reg_341   |   16   |
|  icmp_ln40_1_reg_325 |    1   |
|   or_ln29_3_reg_306  |    1   |
|ped_val_load_3_reg_139|   16   |
| ped_val_read_reg_320 |   16   |
|  select_ln40_reg_330 |    8   |
|     trunc_reg_310    |   12   |
|   zext_ln34_reg_315  |   16   |
+----------------------+--------+
|         Total        |   111  |
+----------------------+--------+

* Multiplexer (MUX) list: 
|------------------|------|------|------|--------||---------||---------|
|       Comp       |  Pin | Size |  BW  | S x BW ||  Delay  ||   LUT   |
|------------------|------|------|------|--------||---------||---------|
| grp_write_fu_118 |  p2  |   2  |  16  |   32   ||    9    |
|------------------|------|------|------|--------||---------||---------|
|       Total      |      |      |      |   32   ||  0.656  ||    9    |
|------------------|------|------|------|--------||---------||---------|



* Summary:
+-----------+--------+--------+--------+
|           |  Delay |   FF   |   LUT  |
+-----------+--------+--------+--------+
|  Function |    -   |    0   |   190  |
|   Memory  |    -   |    -   |    -   |
|Multiplexer|    0   |    -   |    9   |
|  Register |    -   |   111  |    -   |
+-----------+--------+--------+--------+
|   Total   |    0   |   111  |   199  |
+-----------+--------+--------+--------+
