#-----------------------------------------------------------
# xsim v2020.1 (64-bit)
# SW Build 2902540 on Wed May 27 19:54:35 MDT 2020
# IP Build 2902112 on Wed May 27 22:43:36 MDT 2020
# Start of session at: Tue Nov 24 11:50:47 2020
# Process ID: 32462
# Current directory: /net/home/ppd/hmo31799/Documents/dune_project/ped_sub/ped_sub_prj/array_memory_allocation/sim/vhdl
# Command line: xsim -mode tcl -source {xsim.dir/ped_alg/xsim_script.tcl}
# Log file: /net/home/ppd/hmo31799/Documents/dune_project/ped_sub/ped_sub_prj/array_memory_allocation/sim/vhdl/xsim.log
# Journal file: /net/home/ppd/hmo31799/Documents/dune_project/ped_sub/ped_sub_prj/array_memory_allocation/sim/vhdl/xsim.jou
#-----------------------------------------------------------
source xsim.dir/ped_alg/xsim_script.tcl
# xsim {ped_alg} -autoloadwcfg -tclbatch {ped_alg.tcl}
Vivado Simulator 2020.1
Time resolution is 1 ps
source ped_alg.tcl
## run all
Note: simulation done!
Time: 14958970 ns  Iteration: 1  Process: /apatb_ped_alg_top/generate_sim_done_proc  File: /net/home/ppd/hmo31799/Documents/dune_project/ped_sub/ped_sub_prj/array_memory_allocation/sim/vhdl/ped_alg.autotb.vhd
Failure: NORMAL EXIT (note: failure is to force the simulator to stop)
Time: 14958970 ns  Iteration: 1  Process: /apatb_ped_alg_top/generate_sim_done_proc  File: /net/home/ppd/hmo31799/Documents/dune_project/ped_sub/ped_sub_prj/array_memory_allocation/sim/vhdl/ped_alg.autotb.vhd
$finish called at time : 14958970 ns
run: Time (s): cpu = 00:00:02 ; elapsed = 00:01:49 . Memory (MB): peak = 2254.328 ; gain = 0.000 ; free physical = 1249 ; free virtual = 109851
## quit
INFO: [Common 17-206] Exiting xsim at Tue Nov 24 11:52:51 2020...
